[0.014s] Invoking command in '/home/vinayak/ws_moveit2/build/ur_controllers': CMAKE_PREFIX_PATH=/home/vinayak/ws_moveit2/install/ur_dashboard_msgs:/home/vinayak/ws_moveit2/install/ur:/home/vinayak/ws_moveit2/install/ur_calibration:/home/vinayak/ws_moveit2/install/ur_robot_driver:/home/vinayak/ws_moveit2/install/ur_moveit_config:/home/vinayak/ws_moveit2/install/ur_bringup:/home/vinayak/ws_moveit2/install/ur_controllers:/home/vinayak/ws_moveit2/install/new_configuration:/home/vinayak/ws_moveit2/install/ur3e:/home/vinayak/ws_moveit2/install/pilz_industrial_motion_planner_testutils:/home/vinayak/ws_moveit2/install/moveit_runtime:/home/vinayak/ws_moveit2/install/moveit2_tutorials:/home/vinayak/ws_moveit2/install/moveit:/home/vinayak/ws_moveit2/install/moveit_planners:/home/vinayak/ws_moveit2/install/pilz_industrial_motion_planner:/home/vinayak/ws_moveit2/install/moveit_visual_tools:/home/vinayak/ws_moveit2/install/moveit_task_constructor_visualization:/home/vinayak/ws_moveit2/install/moveit_task_constructor_demo:/home/vinayak/ws_moveit2/install/moveit_task_constructor_capabilities:/home/vinayak/ws_moveit2/install/moveit_task_constructor_core:/home/vinayak/ws_moveit2/install/moveit_ros_control_interface:/home/vinayak/ws_moveit2/install/moveit_plugins:/home/vinayak/ws_moveit2/install/moveit_simple_controller_manager:/home/vinayak/ws_moveit2/install/moveit_setup_assistant:/home/vinayak/ws_moveit2/install/moveit_setup_srdf_plugins:/home/vinayak/ws_moveit2/install/moveit_setup_core_plugins:/home/vinayak/ws_moveit2/install/moveit_setup_controllers:/home/vinayak/ws_moveit2/install/moveit_setup_app_plugins:/home/vinayak/ws_moveit2/install/moveit_setup_framework:/home/vinayak/ws_moveit2/install/moveit_servo:/home/vinayak/ws_moveit2/install/moveit_ros:/home/vinayak/ws_moveit2/install/moveit_ros_visualization:/home/vinayak/ws_moveit2/install/moveit_hybrid_planning:/home/vinayak/ws_moveit2/install/moveit_ros_planning_interface:/home/vinayak/ws_moveit2/install/moveit_ros_benchmarks:/home/vinayak/ws_moveit2/install/moveit_ros_warehouse:/home/vinayak/ws_moveit2/install/moveit_ros_robot_interaction:/home/vinayak/ws_moveit2/install/moveit_ros_perception:/home/vinayak/ws_moveit2/install/moveit_resources_prbt_pg70_support:/home/vinayak/ws_moveit2/install/moveit_resources_prbt_moveit_config:/home/vinayak/ws_moveit2/install/moveit_ros_move_group:/home/vinayak/ws_moveit2/install/moveit_planners_ompl:/home/vinayak/ws_moveit2/install/moveit_ros_planning:/home/vinayak/ws_moveit2/install/moveit_ros_occupancy_map_monitor:/home/vinayak/ws_moveit2/install/moveit_resources_prbt_ikfast_manipulator_plugin:/home/vinayak/ws_moveit2/install/moveit_planners_chomp:/home/vinayak/ws_moveit2/install/moveit_kinematics:/home/vinayak/ws_moveit2/install/moveit_chomp_optimizer_adapter:/home/vinayak/ws_moveit2/install/chomp_motion_planner:/home/vinayak/ws_moveit2/install/moveit_core:/home/vinayak/ws_moveit2/install/srdfdom:/home/vinayak/ws_moveit2/install/rviz_marker_tools:/home/vinayak/ws_moveit2/install/rosparam_shortcuts:/home/vinayak/ws_moveit2/install/moveit_task_constructor_msgs:/home/vinayak/ws_moveit2/install/moveit_resources_prbt_support:/home/vinayak/ws_moveit2/install/moveit_resources:/home/vinayak/ws_moveit2/install/moveit_resources_pr2_description:/home/vinayak/ws_moveit2/install/moveit_resources_panda_moveit_config:/home/vinayak/ws_moveit2/install/moveit_resources_panda_description:/home/vinayak/ws_moveit2/install/moveit_resources_fanuc_moveit_config:/home/vinayak/ws_moveit2/install/moveit_resources_fanuc_description:/home/vinayak/ws_moveit2/install/moveit_common:/home/vinayak/ws_moveit2/install/ur3e_rl:/home/vinayak/ws_moveit2/install/ur3e_motion_package:/home/vinayak/ws_moveit2/install/moveit_configs_utils:/home/vinayak/ws_moveit2/install/launch_param_builder:/opt/ros/humble LD_LIBRARY_PATH=/home/vinayak/ws_moveit2/install/ur_dashboard_msgs/lib:/home/vinayak/ws_moveit2/install/ur_robot_driver/lib:/home/vinayak/ws_moveit2/install/ur_controllers/lib:/home/vinayak/ws_moveit2/install/pilz_industrial_motion_planner_testutils/lib:/home/vinayak/ws_moveit2/install/pilz_industrial_motion_planner/lib:/home/vinayak/ws_moveit2/install/moveit_visual_tools/lib:/home/vinayak/ws_moveit2/install/moveit_task_constructor_visualization/lib:/home/vinayak/ws_moveit2/install/moveit_task_constructor_demo/lib:/home/vinayak/ws_moveit2/install/moveit_task_constructor_capabilities/lib:/home/vinayak/ws_moveit2/install/moveit_task_constructor_core/lib:/home/vinayak/ws_moveit2/install/moveit_ros_control_interface/lib:/home/vinayak/ws_moveit2/install/moveit_simple_controller_manager/lib:/home/vinayak/ws_moveit2/install/moveit_setup_assistant/lib:/home/vinayak/ws_moveit2/install/moveit_setup_srdf_plugins/lib:/home/vinayak/ws_moveit2/install/moveit_setup_core_plugins/lib:/home/vinayak/ws_moveit2/install/moveit_setup_controllers/lib:/home/vinayak/ws_moveit2/install/moveit_setup_app_plugins/lib:/home/vinayak/ws_moveit2/install/moveit_setup_framework/lib:/home/vinayak/ws_moveit2/install/moveit_servo/lib:/home/vinayak/ws_moveit2/install/moveit_ros_visualization/lib:/home/vinayak/ws_moveit2/install/moveit_hybrid_planning/lib:/home/vinayak/ws_moveit2/install/moveit_ros_planning_interface/lib:/home/vinayak/ws_moveit2/install/moveit_ros_benchmarks/lib:/home/vinayak/ws_moveit2/install/moveit_ros_warehouse/lib:/home/vinayak/ws_moveit2/install/moveit_ros_robot_interaction/lib:/home/vinayak/ws_moveit2/install/moveit_ros_perception/lib:/home/vinayak/ws_moveit2/install/moveit_ros_move_group/lib:/home/vinayak/ws_moveit2/install/moveit_planners_ompl/lib:/home/vinayak/ws_moveit2/install/moveit_ros_planning/lib:/home/vinayak/ws_moveit2/install/moveit_ros_occupancy_map_monitor/lib:/home/vinayak/ws_moveit2/install/moveit_resources_prbt_ikfast_manipulator_plugin/lib:/home/vinayak/ws_moveit2/install/moveit_planners_chomp/lib:/home/vinayak/ws_moveit2/install/moveit_kinematics/lib:/home/vinayak/ws_moveit2/install/moveit_chomp_optimizer_adapter/lib:/home/vinayak/ws_moveit2/install/chomp_motion_planner/lib:/home/vinayak/ws_moveit2/install/moveit_core/lib:/home/vinayak/ws_moveit2/install/srdfdom/lib:/home/vinayak/ws_moveit2/install/rviz_marker_tools/lib:/home/vinayak/ws_moveit2/install/rosparam_shortcuts/lib:/home/vinayak/ws_moveit2/install/moveit_task_constructor_msgs/lib:/usr/lib/x86_64-linux-gnu/gazebo-11/plugins:/opt/ros/humble/opt/rviz_ogre_vendor/lib:/opt/ros/humble/lib/x86_64-linux-gnu:/opt/ros/humble/lib:/usr/local/cuda-12.4/lib64 /usr/bin/cmake --build /home/vinayak/ws_moveit2/build/ur_controllers
[0.075s] [ 12%] Built target gpio_controller_parameters
[0.100s] [ 25%] Built target passthrough_trajectory_controller_parameters
[0.125s] [ 37%] Built target ur_configuration_controller_parameters
[0.149s] [ 50%] Built target scaled_joint_trajectory_controller_parameters
[0.174s] [ 62%] Built target speed_scaling_state_broadcaster_parameters
[0.200s] [ 68%] [32mBuilding CXX object CMakeFiles/ur_controllers.dir/src/scaled_joint_trajectory_controller.cpp.o[0m
[2.862s] In file included from [01m[K/home/vinayak/ws_moveit2/src/Universal_Robots_ROS2_Driver/ur_controllers/include/ur_controllers/scaled_joint_trajectory_controller.hpp:48[m[K,
[2.862s]                  from [01m[K/home/vinayak/ws_moveit2/src/Universal_Robots_ROS2_Driver/ur_controllers/src/scaled_joint_trajectory_controller.cpp:41[m[K:
[2.862s] [01m[K/home/vinayak/ws_moveit2/build/ur_controllers/include/scaled_joint_trajectory_controller_parameters.hpp:1:185:[m[K [01;36m[Knote: [m[K‘[01m[K#pragma message: #include "scaled_joint_trajectory_controller_parameters.hpp" is deprecated. Use #include <ur_controllers/scaled_joint_trajectory_controller_parameters.hpp> instead.[m[K’
[2.862s]     1 | ntrollers/scaled_joint_trajectory_controller_parameters.hpp> instead."[01;36m[K)[m[K
[2.862s]       |                                                                       [01;36m[K^[m[K
[2.862s] 
[4.454s] [ 75%] [32mBuilding CXX object CMakeFiles/ur_controllers.dir/src/passthrough_trajectory_controller.cpp.o[0m
[6.652s] In file included from [01m[K/home/vinayak/ws_moveit2/src/Universal_Robots_ROS2_Driver/ur_controllers/include/ur_controllers/passthrough_trajectory_controller.hpp:46[m[K,
[6.652s]                  from [01m[K/home/vinayak/ws_moveit2/src/Universal_Robots_ROS2_Driver/ur_controllers/src/passthrough_trajectory_controller.cpp:50[m[K:
[6.652s] [01m[K/opt/ros/humble/include/realtime_tools/realtime_tools/realtime_buffer.h:22:100:[m[K [01;36m[Knote: [m[K‘[01m[K#pragma message: This header include is deprecated. Please update your code to use 'realtime_buffer.hpp' header.[m[K’
[6.652s]    22 | lease update your code to use 'realtime_buffer.hpp' header."[01;36m[K)[m[K  //NOLINT
[6.652s]       |                                                             [01;36m[K^[m[K
[6.652s] 
[6.666s] In file included from [01m[K/home/vinayak/ws_moveit2/src/Universal_Robots_ROS2_Driver/ur_controllers/include/ur_controllers/passthrough_trajectory_controller.hpp:47[m[K,
[6.666s]                  from [01m[K/home/vinayak/ws_moveit2/src/Universal_Robots_ROS2_Driver/ur_controllers/src/passthrough_trajectory_controller.cpp:50[m[K:
[6.666s] [01m[K/opt/ros/humble/include/realtime_tools/realtime_tools/realtime_server_goal_handle.h:22:112:[m[K [01;36m[Knote: [m[K‘[01m[K#pragma message: This header include is deprecated. Please update your code to use 'realtime_server_goal_handle.hpp' header.[m[K’
[6.666s]    22 |  your code to use 'realtime_server_goal_handle.hpp' header."[01;36m[K)[m[K  //NOLINT
[6.666s]       |                                                             [01;36m[K^[m[K
[6.666s] 
[6.780s] In file included from [01m[K/home/vinayak/ws_moveit2/src/Universal_Robots_ROS2_Driver/ur_controllers/include/ur_controllers/passthrough_trajectory_controller.hpp:68[m[K,
[6.780s]                  from [01m[K/home/vinayak/ws_moveit2/src/Universal_Robots_ROS2_Driver/ur_controllers/src/passthrough_trajectory_controller.cpp:50[m[K:
[6.780s] [01m[K/home/vinayak/ws_moveit2/build/ur_controllers/include/passthrough_trajectory_controller_parameters.hpp:1:183:[m[K [01;36m[Knote: [m[K‘[01m[K#pragma message: #include "passthrough_trajectory_controller_parameters.hpp" is deprecated. Use #include <ur_controllers/passthrough_trajectory_controller_parameters.hpp> instead.[m[K’
[6.780s]     1 | ontrollers/passthrough_trajectory_controller_parameters.hpp> instead."[01;36m[K)[m[K
[6.780s]       |                                                                       [01;36m[K^[m[K
[6.780s] 
[10.176s] [ 81%] [32mBuilding CXX object CMakeFiles/ur_controllers.dir/src/ur_configuration_controller.cpp.o[0m
[10.906s] In file included from [01m[K/home/vinayak/ws_moveit2/src/Universal_Robots_ROS2_Driver/ur_controllers/include/ur_controllers/ur_configuration_controller.hpp:46[m[K,
[10.906s]                  from [01m[K/home/vinayak/ws_moveit2/src/Universal_Robots_ROS2_Driver/ur_controllers/src/ur_configuration_controller.cpp:41[m[K:
[10.906s] [01m[K/opt/ros/humble/include/realtime_tools/realtime_tools/realtime_box_best_effort.h:38:109:[m[K [01;36m[Knote: [m[K‘[01m[K#pragma message: This header include is deprecated. Please update your code to use 'realtime_box_best_effort.hpp' header.[m[K’
[10.906s]    38 | ate your code to use 'realtime_box_best_effort.hpp' header."[01;36m[K)[m[K  //NOLINT
[10.906s]       |                                                             [01;36m[K^[m[K
[10.906s] 
[12.405s] In file included from [01m[K/home/vinayak/ws_moveit2/src/Universal_Robots_ROS2_Driver/ur_controllers/include/ur_controllers/ur_configuration_controller.hpp:53[m[K,
[12.405s]                  from [01m[K/home/vinayak/ws_moveit2/src/Universal_Robots_ROS2_Driver/ur_controllers/src/ur_configuration_controller.cpp:41[m[K:
[12.405s] [01m[K/home/vinayak/ws_moveit2/build/ur_controllers/include/ur_configuration_controller_parameters.hpp:1:171:[m[K [01;36m[Knote: [m[K‘[01m[K#pragma message: #include "ur_configuration_controller_parameters.hpp" is deprecated. Use #include <ur_controllers/ur_configuration_controller_parameters.hpp> instead.[m[K’
[12.405s]     1 |  <ur_controllers/ur_configuration_controller_parameters.hpp> instead."[01;36m[K)[m[K
[12.405s]       |                                                                       [01;36m[K^[m[K
[12.405s] 
[12.502s] In file included from [01m[K/home/vinayak/ws_moveit2/src/Universal_Robots_ROS2_Driver/ur_controllers/src/ur_configuration_controller.cpp:42[m[K:
[12.503s] [01m[K/opt/ros/humble/include/realtime_tools/realtime_tools/realtime_box.h:22:97:[m[K [01;36m[Knote: [m[K‘[01m[K#pragma message: This header include is deprecated. Please update your code to use 'realtime_box.hpp' header.[m[K’
[12.503s]    22 | . Please update your code to use 'realtime_box.hpp' header."[01;36m[K)[m[K  //NOLINT
[12.503s]       |                                                             [01;36m[K^[m[K
[12.503s] 
[14.113s] [ 87%] [32mBuilding CXX object CMakeFiles/ur_controllers.dir/src/gpio_controller.cpp.o[0m
[17.182s] In file included from [01m[K/home/vinayak/ws_moveit2/src/Universal_Robots_ROS2_Driver/ur_controllers/include/ur_controllers/gpio_controller.hpp:60[m[K,
[17.182s]                  from [01m[K/home/vinayak/ws_moveit2/src/Universal_Robots_ROS2_Driver/ur_controllers/src/gpio_controller.cpp:38[m[K:
[17.182s] [01m[K/home/vinayak/ws_moveit2/build/ur_controllers/include/gpio_controller_parameters.hpp:1:147:[m[K [01;36m[Knote: [m[K‘[01m[K#pragma message: #include "gpio_controller_parameters.hpp" is deprecated. Use #include <ur_controllers/gpio_controller_parameters.hpp> instead.[m[K’
[17.182s]     1 | Use #include <ur_controllers/gpio_controller_parameters.hpp> instead."[01;36m[K)[m[K
[17.182s]       |                                                                       [01;36m[K^[m[K
[17.182s] 
[17.413s] [01m[K/home/vinayak/ws_moveit2/src/Universal_Robots_ROS2_Driver/ur_controllers/src/gpio_controller.cpp:[m[K In member function ‘[01m[Kbool ur_controllers::GPIOController::setAnalogOutput(ur_msgs::srv::SetAnalogOutput_Request_<std::allocator<void> >::SharedPtr, ur_msgs::srv::SetAnalogOutput_Response_<std::allocator<void> >::SharedPtr)[m[K’:
[17.413s] [01m[K/home/vinayak/ws_moveit2/src/Universal_Robots_ROS2_Driver/ur_controllers/src/gpio_controller.cpp:410:21:[m[K [01;35m[Kwarning: [m[Kcomparison is always false due to limited range of data type [[01;35m[K]8;;https://gcc.gnu.org/onlinedocs/gcc/Warning-Options.html#index-Wtype-limits-Wtype-limits]8;;[m[K]
[17.413s]   410 |   if ([01;35m[Kreq->data.pin < 0[m[K || req->data.pin > 1) {
[17.413s]       |       [01;35m[K~~~~~~~~~~~~~~^~~[m[K
[26.376s] [ 93%] [32mBuilding CXX object CMakeFiles/ur_controllers.dir/src/speed_scaling_state_broadcaster.cpp.o[0m
[28.547s] In file included from [01m[K/home/vinayak/ws_moveit2/src/Universal_Robots_ROS2_Driver/ur_controllers/include/ur_controllers/speed_scaling_state_broadcaster.hpp:51[m[K,
[28.547s]                  from [01m[K/home/vinayak/ws_moveit2/src/Universal_Robots_ROS2_Driver/ur_controllers/src/speed_scaling_state_broadcaster.cpp:38[m[K:
[28.547s] [01m[K/home/vinayak/ws_moveit2/build/ur_controllers/include/speed_scaling_state_broadcaster_parameters.hpp:1:179:[m[K [01;36m[Knote: [m[K‘[01m[K#pragma message: #include "speed_scaling_state_broadcaster_parameters.hpp" is deprecated. Use #include <ur_controllers/speed_scaling_state_broadcaster_parameters.hpp> instead.[m[K’
[28.547s]     1 | _controllers/speed_scaling_state_broadcaster_parameters.hpp> instead."[01;36m[K)[m[K
[28.547s]       |                                                                       [01;36m[K^[m[K
[28.547s] 
[30.813s] [100%] [32m[1mLinking CXX shared library libur_controllers.so[0m
[32.156s] [100%] Built target ur_controllers
[32.167s] Invoked command in '/home/vinayak/ws_moveit2/build/ur_controllers' returned '0': CMAKE_PREFIX_PATH=/home/vinayak/ws_moveit2/install/ur_dashboard_msgs:/home/vinayak/ws_moveit2/install/ur:/home/vinayak/ws_moveit2/install/ur_calibration:/home/vinayak/ws_moveit2/install/ur_robot_driver:/home/vinayak/ws_moveit2/install/ur_moveit_config:/home/vinayak/ws_moveit2/install/ur_bringup:/home/vinayak/ws_moveit2/install/ur_controllers:/home/vinayak/ws_moveit2/install/new_configuration:/home/vinayak/ws_moveit2/install/ur3e:/home/vinayak/ws_moveit2/install/pilz_industrial_motion_planner_testutils:/home/vinayak/ws_moveit2/install/moveit_runtime:/home/vinayak/ws_moveit2/install/moveit2_tutorials:/home/vinayak/ws_moveit2/install/moveit:/home/vinayak/ws_moveit2/install/moveit_planners:/home/vinayak/ws_moveit2/install/pilz_industrial_motion_planner:/home/vinayak/ws_moveit2/install/moveit_visual_tools:/home/vinayak/ws_moveit2/install/moveit_task_constructor_visualization:/home/vinayak/ws_moveit2/install/moveit_task_constructor_demo:/home/vinayak/ws_moveit2/install/moveit_task_constructor_capabilities:/home/vinayak/ws_moveit2/install/moveit_task_constructor_core:/home/vinayak/ws_moveit2/install/moveit_ros_control_interface:/home/vinayak/ws_moveit2/install/moveit_plugins:/home/vinayak/ws_moveit2/install/moveit_simple_controller_manager:/home/vinayak/ws_moveit2/install/moveit_setup_assistant:/home/vinayak/ws_moveit2/install/moveit_setup_srdf_plugins:/home/vinayak/ws_moveit2/install/moveit_setup_core_plugins:/home/vinayak/ws_moveit2/install/moveit_setup_controllers:/home/vinayak/ws_moveit2/install/moveit_setup_app_plugins:/home/vinayak/ws_moveit2/install/moveit_setup_framework:/home/vinayak/ws_moveit2/install/moveit_servo:/home/vinayak/ws_moveit2/install/moveit_ros:/home/vinayak/ws_moveit2/install/moveit_ros_visualization:/home/vinayak/ws_moveit2/install/moveit_hybrid_planning:/home/vinayak/ws_moveit2/install/moveit_ros_planning_interface:/home/vinayak/ws_moveit2/install/moveit_ros_benchmarks:/home/vinayak/ws_moveit2/install/moveit_ros_warehouse:/home/vinayak/ws_moveit2/install/moveit_ros_robot_interaction:/home/vinayak/ws_moveit2/install/moveit_ros_perception:/home/vinayak/ws_moveit2/install/moveit_resources_prbt_pg70_support:/home/vinayak/ws_moveit2/install/moveit_resources_prbt_moveit_config:/home/vinayak/ws_moveit2/install/moveit_ros_move_group:/home/vinayak/ws_moveit2/install/moveit_planners_ompl:/home/vinayak/ws_moveit2/install/moveit_ros_planning:/home/vinayak/ws_moveit2/install/moveit_ros_occupancy_map_monitor:/home/vinayak/ws_moveit2/install/moveit_resources_prbt_ikfast_manipulator_plugin:/home/vinayak/ws_moveit2/install/moveit_planners_chomp:/home/vinayak/ws_moveit2/install/moveit_kinematics:/home/vinayak/ws_moveit2/install/moveit_chomp_optimizer_adapter:/home/vinayak/ws_moveit2/install/chomp_motion_planner:/home/vinayak/ws_moveit2/install/moveit_core:/home/vinayak/ws_moveit2/install/srdfdom:/home/vinayak/ws_moveit2/install/rviz_marker_tools:/home/vinayak/ws_moveit2/install/rosparam_shortcuts:/home/vinayak/ws_moveit2/install/moveit_task_constructor_msgs:/home/vinayak/ws_moveit2/install/moveit_resources_prbt_support:/home/vinayak/ws_moveit2/install/moveit_resources:/home/vinayak/ws_moveit2/install/moveit_resources_pr2_description:/home/vinayak/ws_moveit2/install/moveit_resources_panda_moveit_config:/home/vinayak/ws_moveit2/install/moveit_resources_panda_description:/home/vinayak/ws_moveit2/install/moveit_resources_fanuc_moveit_config:/home/vinayak/ws_moveit2/install/moveit_resources_fanuc_description:/home/vinayak/ws_moveit2/install/moveit_common:/home/vinayak/ws_moveit2/install/ur3e_rl:/home/vinayak/ws_moveit2/install/ur3e_motion_package:/home/vinayak/ws_moveit2/install/moveit_configs_utils:/home/vinayak/ws_moveit2/install/launch_param_builder:/opt/ros/humble LD_LIBRARY_PATH=/home/vinayak/ws_moveit2/install/ur_dashboard_msgs/lib:/home/vinayak/ws_moveit2/install/ur_robot_driver/lib:/home/vinayak/ws_moveit2/install/ur_controllers/lib:/home/vinayak/ws_moveit2/install/pilz_industrial_motion_planner_testutils/lib:/home/vinayak/ws_moveit2/install/pilz_industrial_motion_planner/lib:/home/vinayak/ws_moveit2/install/moveit_visual_tools/lib:/home/vinayak/ws_moveit2/install/moveit_task_constructor_visualization/lib:/home/vinayak/ws_moveit2/install/moveit_task_constructor_demo/lib:/home/vinayak/ws_moveit2/install/moveit_task_constructor_capabilities/lib:/home/vinayak/ws_moveit2/install/moveit_task_constructor_core/lib:/home/vinayak/ws_moveit2/install/moveit_ros_control_interface/lib:/home/vinayak/ws_moveit2/install/moveit_simple_controller_manager/lib:/home/vinayak/ws_moveit2/install/moveit_setup_assistant/lib:/home/vinayak/ws_moveit2/install/moveit_setup_srdf_plugins/lib:/home/vinayak/ws_moveit2/install/moveit_setup_core_plugins/lib:/home/vinayak/ws_moveit2/install/moveit_setup_controllers/lib:/home/vinayak/ws_moveit2/install/moveit_setup_app_plugins/lib:/home/vinayak/ws_moveit2/install/moveit_setup_framework/lib:/home/vinayak/ws_moveit2/install/moveit_servo/lib:/home/vinayak/ws_moveit2/install/moveit_ros_visualization/lib:/home/vinayak/ws_moveit2/install/moveit_hybrid_planning/lib:/home/vinayak/ws_moveit2/install/moveit_ros_planning_interface/lib:/home/vinayak/ws_moveit2/install/moveit_ros_benchmarks/lib:/home/vinayak/ws_moveit2/install/moveit_ros_warehouse/lib:/home/vinayak/ws_moveit2/install/moveit_ros_robot_interaction/lib:/home/vinayak/ws_moveit2/install/moveit_ros_perception/lib:/home/vinayak/ws_moveit2/install/moveit_ros_move_group/lib:/home/vinayak/ws_moveit2/install/moveit_planners_ompl/lib:/home/vinayak/ws_moveit2/install/moveit_ros_planning/lib:/home/vinayak/ws_moveit2/install/moveit_ros_occupancy_map_monitor/lib:/home/vinayak/ws_moveit2/install/moveit_resources_prbt_ikfast_manipulator_plugin/lib:/home/vinayak/ws_moveit2/install/moveit_planners_chomp/lib:/home/vinayak/ws_moveit2/install/moveit_kinematics/lib:/home/vinayak/ws_moveit2/install/moveit_chomp_optimizer_adapter/lib:/home/vinayak/ws_moveit2/install/chomp_motion_planner/lib:/home/vinayak/ws_moveit2/install/moveit_core/lib:/home/vinayak/ws_moveit2/install/srdfdom/lib:/home/vinayak/ws_moveit2/install/rviz_marker_tools/lib:/home/vinayak/ws_moveit2/install/rosparam_shortcuts/lib:/home/vinayak/ws_moveit2/install/moveit_task_constructor_msgs/lib:/usr/lib/x86_64-linux-gnu/gazebo-11/plugins:/opt/ros/humble/opt/rviz_ogre_vendor/lib:/opt/ros/humble/lib/x86_64-linux-gnu:/opt/ros/humble/lib:/usr/local/cuda-12.4/lib64 /usr/bin/cmake --build /home/vinayak/ws_moveit2/build/ur_controllers
[32.168s] Invoking command in '/home/vinayak/ws_moveit2/build/ur_controllers': CMAKE_PREFIX_PATH=/home/vinayak/ws_moveit2/install/ur_dashboard_msgs:/home/vinayak/ws_moveit2/install/ur:/home/vinayak/ws_moveit2/install/ur_calibration:/home/vinayak/ws_moveit2/install/ur_robot_driver:/home/vinayak/ws_moveit2/install/ur_moveit_config:/home/vinayak/ws_moveit2/install/ur_bringup:/home/vinayak/ws_moveit2/install/ur_controllers:/home/vinayak/ws_moveit2/install/new_configuration:/home/vinayak/ws_moveit2/install/ur3e:/home/vinayak/ws_moveit2/install/pilz_industrial_motion_planner_testutils:/home/vinayak/ws_moveit2/install/moveit_runtime:/home/vinayak/ws_moveit2/install/moveit2_tutorials:/home/vinayak/ws_moveit2/install/moveit:/home/vinayak/ws_moveit2/install/moveit_planners:/home/vinayak/ws_moveit2/install/pilz_industrial_motion_planner:/home/vinayak/ws_moveit2/install/moveit_visual_tools:/home/vinayak/ws_moveit2/install/moveit_task_constructor_visualization:/home/vinayak/ws_moveit2/install/moveit_task_constructor_demo:/home/vinayak/ws_moveit2/install/moveit_task_constructor_capabilities:/home/vinayak/ws_moveit2/install/moveit_task_constructor_core:/home/vinayak/ws_moveit2/install/moveit_ros_control_interface:/home/vinayak/ws_moveit2/install/moveit_plugins:/home/vinayak/ws_moveit2/install/moveit_simple_controller_manager:/home/vinayak/ws_moveit2/install/moveit_setup_assistant:/home/vinayak/ws_moveit2/install/moveit_setup_srdf_plugins:/home/vinayak/ws_moveit2/install/moveit_setup_core_plugins:/home/vinayak/ws_moveit2/install/moveit_setup_controllers:/home/vinayak/ws_moveit2/install/moveit_setup_app_plugins:/home/vinayak/ws_moveit2/install/moveit_setup_framework:/home/vinayak/ws_moveit2/install/moveit_servo:/home/vinayak/ws_moveit2/install/moveit_ros:/home/vinayak/ws_moveit2/install/moveit_ros_visualization:/home/vinayak/ws_moveit2/install/moveit_hybrid_planning:/home/vinayak/ws_moveit2/install/moveit_ros_planning_interface:/home/vinayak/ws_moveit2/install/moveit_ros_benchmarks:/home/vinayak/ws_moveit2/install/moveit_ros_warehouse:/home/vinayak/ws_moveit2/install/moveit_ros_robot_interaction:/home/vinayak/ws_moveit2/install/moveit_ros_perception:/home/vinayak/ws_moveit2/install/moveit_resources_prbt_pg70_support:/home/vinayak/ws_moveit2/install/moveit_resources_prbt_moveit_config:/home/vinayak/ws_moveit2/install/moveit_ros_move_group:/home/vinayak/ws_moveit2/install/moveit_planners_ompl:/home/vinayak/ws_moveit2/install/moveit_ros_planning:/home/vinayak/ws_moveit2/install/moveit_ros_occupancy_map_monitor:/home/vinayak/ws_moveit2/install/moveit_resources_prbt_ikfast_manipulator_plugin:/home/vinayak/ws_moveit2/install/moveit_planners_chomp:/home/vinayak/ws_moveit2/install/moveit_kinematics:/home/vinayak/ws_moveit2/install/moveit_chomp_optimizer_adapter:/home/vinayak/ws_moveit2/install/chomp_motion_planner:/home/vinayak/ws_moveit2/install/moveit_core:/home/vinayak/ws_moveit2/install/srdfdom:/home/vinayak/ws_moveit2/install/rviz_marker_tools:/home/vinayak/ws_moveit2/install/rosparam_shortcuts:/home/vinayak/ws_moveit2/install/moveit_task_constructor_msgs:/home/vinayak/ws_moveit2/install/moveit_resources_prbt_support:/home/vinayak/ws_moveit2/install/moveit_resources:/home/vinayak/ws_moveit2/install/moveit_resources_pr2_description:/home/vinayak/ws_moveit2/install/moveit_resources_panda_moveit_config:/home/vinayak/ws_moveit2/install/moveit_resources_panda_description:/home/vinayak/ws_moveit2/install/moveit_resources_fanuc_moveit_config:/home/vinayak/ws_moveit2/install/moveit_resources_fanuc_description:/home/vinayak/ws_moveit2/install/moveit_common:/home/vinayak/ws_moveit2/install/ur3e_rl:/home/vinayak/ws_moveit2/install/ur3e_motion_package:/home/vinayak/ws_moveit2/install/moveit_configs_utils:/home/vinayak/ws_moveit2/install/launch_param_builder:/opt/ros/humble LD_LIBRARY_PATH=/home/vinayak/ws_moveit2/install/ur_dashboard_msgs/lib:/home/vinayak/ws_moveit2/install/ur_robot_driver/lib:/home/vinayak/ws_moveit2/install/ur_controllers/lib:/home/vinayak/ws_moveit2/install/pilz_industrial_motion_planner_testutils/lib:/home/vinayak/ws_moveit2/install/pilz_industrial_motion_planner/lib:/home/vinayak/ws_moveit2/install/moveit_visual_tools/lib:/home/vinayak/ws_moveit2/install/moveit_task_constructor_visualization/lib:/home/vinayak/ws_moveit2/install/moveit_task_constructor_demo/lib:/home/vinayak/ws_moveit2/install/moveit_task_constructor_capabilities/lib:/home/vinayak/ws_moveit2/install/moveit_task_constructor_core/lib:/home/vinayak/ws_moveit2/install/moveit_ros_control_interface/lib:/home/vinayak/ws_moveit2/install/moveit_simple_controller_manager/lib:/home/vinayak/ws_moveit2/install/moveit_setup_assistant/lib:/home/vinayak/ws_moveit2/install/moveit_setup_srdf_plugins/lib:/home/vinayak/ws_moveit2/install/moveit_setup_core_plugins/lib:/home/vinayak/ws_moveit2/install/moveit_setup_controllers/lib:/home/vinayak/ws_moveit2/install/moveit_setup_app_plugins/lib:/home/vinayak/ws_moveit2/install/moveit_setup_framework/lib:/home/vinayak/ws_moveit2/install/moveit_servo/lib:/home/vinayak/ws_moveit2/install/moveit_ros_visualization/lib:/home/vinayak/ws_moveit2/install/moveit_hybrid_planning/lib:/home/vinayak/ws_moveit2/install/moveit_ros_planning_interface/lib:/home/vinayak/ws_moveit2/install/moveit_ros_benchmarks/lib:/home/vinayak/ws_moveit2/install/moveit_ros_warehouse/lib:/home/vinayak/ws_moveit2/install/moveit_ros_robot_interaction/lib:/home/vinayak/ws_moveit2/install/moveit_ros_perception/lib:/home/vinayak/ws_moveit2/install/moveit_ros_move_group/lib:/home/vinayak/ws_moveit2/install/moveit_planners_ompl/lib:/home/vinayak/ws_moveit2/install/moveit_ros_planning/lib:/home/vinayak/ws_moveit2/install/moveit_ros_occupancy_map_monitor/lib:/home/vinayak/ws_moveit2/install/moveit_resources_prbt_ikfast_manipulator_plugin/lib:/home/vinayak/ws_moveit2/install/moveit_planners_chomp/lib:/home/vinayak/ws_moveit2/install/moveit_kinematics/lib:/home/vinayak/ws_moveit2/install/moveit_chomp_optimizer_adapter/lib:/home/vinayak/ws_moveit2/install/chomp_motion_planner/lib:/home/vinayak/ws_moveit2/install/moveit_core/lib:/home/vinayak/ws_moveit2/install/srdfdom/lib:/home/vinayak/ws_moveit2/install/rviz_marker_tools/lib:/home/vinayak/ws_moveit2/install/rosparam_shortcuts/lib:/home/vinayak/ws_moveit2/install/moveit_task_constructor_msgs/lib:/usr/lib/x86_64-linux-gnu/gazebo-11/plugins:/opt/ros/humble/opt/rviz_ogre_vendor/lib:/opt/ros/humble/lib/x86_64-linux-gnu:/opt/ros/humble/lib:/usr/local/cuda-12.4/lib64 /usr/bin/cmake --install /home/vinayak/ws_moveit2/build/ur_controllers
[32.177s] -- Install configuration: ""
[32.177s] -- Installing: /home/vinayak/ws_moveit2/install/ur_controllers/include/ur_controllers
[32.177s] -- Installing: /home/vinayak/ws_moveit2/install/ur_controllers/include/ur_controllers/speed_scaling_state_broadcaster_parameters.hpp
[32.177s] -- Installing: /home/vinayak/ws_moveit2/install/ur_controllers/include/ur_controllers/scaled_joint_trajectory_controller_parameters.hpp
[32.177s] -- Installing: /home/vinayak/ws_moveit2/install/ur_controllers/include/ur_controllers/gpio_controller_parameters.hpp
[32.177s] -- Installing: /home/vinayak/ws_moveit2/install/ur_controllers/include/ur_controllers/passthrough_trajectory_controller_parameters.hpp
[32.177s] -- Installing: /home/vinayak/ws_moveit2/install/ur_controllers/include/ur_controllers/ur_configuration_controller_parameters.hpp
[32.177s] -- Up-to-date: /home/vinayak/ws_moveit2/install/ur_controllers/include/ur_controllers
[32.178s] -- Up-to-date: /home/vinayak/ws_moveit2/install/ur_controllers/include/ur_controllers/speed_scaling_state_broadcaster_parameters.hpp
[32.178s] -- Up-to-date: /home/vinayak/ws_moveit2/install/ur_controllers/include/ur_controllers/scaled_joint_trajectory_controller_parameters.hpp
[32.178s] -- Up-to-date: /home/vinayak/ws_moveit2/install/ur_controllers/include/ur_controllers/gpio_controller_parameters.hpp
[32.178s] -- Up-to-date: /home/vinayak/ws_moveit2/install/ur_controllers/include/ur_controllers/passthrough_trajectory_controller_parameters.hpp
[32.178s] -- Up-to-date: /home/vinayak/ws_moveit2/install/ur_controllers/include/ur_controllers/ur_configuration_controller_parameters.hpp
[32.178s] -- Up-to-date: /home/vinayak/ws_moveit2/install/ur_controllers/include/ur_controllers
[32.178s] -- Up-to-date: /home/vinayak/ws_moveit2/install/ur_controllers/include/ur_controllers/speed_scaling_state_broadcaster_parameters.hpp
[32.178s] -- Up-to-date: /home/vinayak/ws_moveit2/install/ur_controllers/include/ur_controllers/scaled_joint_trajectory_controller_parameters.hpp
[32.178s] -- Up-to-date: /home/vinayak/ws_moveit2/install/ur_controllers/include/ur_controllers/gpio_controller_parameters.hpp
[32.178s] -- Up-to-date: /home/vinayak/ws_moveit2/install/ur_controllers/include/ur_controllers/passthrough_trajectory_controller_parameters.hpp
[32.178s] -- Up-to-date: /home/vinayak/ws_moveit2/install/ur_controllers/include/ur_controllers/ur_configuration_controller_parameters.hpp
[32.178s] -- Up-to-date: /home/vinayak/ws_moveit2/install/ur_controllers/include/ur_controllers
[32.178s] -- Up-to-date: /home/vinayak/ws_moveit2/install/ur_controllers/include/ur_controllers/speed_scaling_state_broadcaster_parameters.hpp
[32.178s] -- Up-to-date: /home/vinayak/ws_moveit2/install/ur_controllers/include/ur_controllers/scaled_joint_trajectory_controller_parameters.hpp
[32.178s] -- Up-to-date: /home/vinayak/ws_moveit2/install/ur_controllers/include/ur_controllers/gpio_controller_parameters.hpp
[32.178s] -- Up-to-date: /home/vinayak/ws_moveit2/install/ur_controllers/include/ur_controllers/passthrough_trajectory_controller_parameters.hpp
[32.178s] -- Up-to-date: /home/vinayak/ws_moveit2/install/ur_controllers/include/ur_controllers/ur_configuration_controller_parameters.hpp
[32.179s] -- Up-to-date: /home/vinayak/ws_moveit2/install/ur_controllers/include/ur_controllers
[32.179s] -- Up-to-date: /home/vinayak/ws_moveit2/install/ur_controllers/include/ur_controllers/speed_scaling_state_broadcaster_parameters.hpp
[32.179s] -- Up-to-date: /home/vinayak/ws_moveit2/install/ur_controllers/include/ur_controllers/scaled_joint_trajectory_controller_parameters.hpp
[32.179s] -- Up-to-date: /home/vinayak/ws_moveit2/install/ur_controllers/include/ur_controllers/gpio_controller_parameters.hpp
[32.179s] -- Up-to-date: /home/vinayak/ws_moveit2/install/ur_controllers/include/ur_controllers/passthrough_trajectory_controller_parameters.hpp
[32.179s] -- Up-to-date: /home/vinayak/ws_moveit2/install/ur_controllers/include/ur_controllers/ur_configuration_controller_parameters.hpp
[32.179s] -- Installing: /home/vinayak/ws_moveit2/install/ur_controllers/share/ur_controllers/controller_plugins.xml
[32.179s] -- Installing: /home/vinayak/ws_moveit2/install/ur_controllers/lib/libur_controllers.so
[32.187s] -- Set runtime path of "/home/vinayak/ws_moveit2/install/ur_controllers/lib/libur_controllers.so" to ""
[32.187s] -- Up-to-date: /home/vinayak/ws_moveit2/install/ur_controllers/include
[32.187s] -- Up-to-date: /home/vinayak/ws_moveit2/install/ur_controllers/include/ur_controllers
[32.187s] -- Installing: /home/vinayak/ws_moveit2/install/ur_controllers/include/ur_controllers/passthrough_trajectory_controller.hpp
[32.187s] -- Installing: /home/vinayak/ws_moveit2/install/ur_controllers/include/ur_controllers/scaled_joint_trajectory_controller.hpp
[32.187s] -- Installing: /home/vinayak/ws_moveit2/install/ur_controllers/include/ur_controllers/gpio_controller.hpp
[32.187s] -- Installing: /home/vinayak/ws_moveit2/install/ur_controllers/include/ur_controllers/ur_configuration_controller.hpp
[32.187s] -- Installing: /home/vinayak/ws_moveit2/install/ur_controllers/include/ur_controllers/speed_scaling_state_broadcaster.hpp
[32.187s] -- Up-to-date: /home/vinayak/ws_moveit2/install/ur_controllers/share/ur_controllers/controller_plugins.xml
[32.187s] -- Installing: /home/vinayak/ws_moveit2/install/ur_controllers/share/ur_controllers/environment/library_path.sh
[32.188s] -- Installing: /home/vinayak/ws_moveit2/install/ur_controllers/share/ur_controllers/environment/library_path.dsv
[32.188s] -- Installing: /home/vinayak/ws_moveit2/install/ur_controllers/share/ament_index/resource_index/package_run_dependencies/ur_controllers
[32.188s] -- Installing: /home/vinayak/ws_moveit2/install/ur_controllers/share/ament_index/resource_index/parent_prefix_path/ur_controllers
[32.188s] -- Installing: /home/vinayak/ws_moveit2/install/ur_controllers/share/ur_controllers/environment/ament_prefix_path.sh
[32.188s] -- Installing: /home/vinayak/ws_moveit2/install/ur_controllers/share/ur_controllers/environment/ament_prefix_path.dsv
[32.188s] -- Installing: /home/vinayak/ws_moveit2/install/ur_controllers/share/ur_controllers/environment/path.sh
[32.188s] -- Installing: /home/vinayak/ws_moveit2/install/ur_controllers/share/ur_controllers/environment/path.dsv
[32.189s] -- Installing: /home/vinayak/ws_moveit2/install/ur_controllers/share/ur_controllers/local_setup.bash
[32.189s] -- Installing: /home/vinayak/ws_moveit2/install/ur_controllers/share/ur_controllers/local_setup.sh
[32.189s] -- Installing: /home/vinayak/ws_moveit2/install/ur_controllers/share/ur_controllers/local_setup.zsh
[32.189s] -- Installing: /home/vinayak/ws_moveit2/install/ur_controllers/share/ur_controllers/local_setup.dsv
[32.189s] -- Installing: /home/vinayak/ws_moveit2/install/ur_controllers/share/ur_controllers/package.dsv
[32.189s] -- Installing: /home/vinayak/ws_moveit2/install/ur_controllers/share/ament_index/resource_index/packages/ur_controllers
[32.190s] -- Installing: /home/vinayak/ws_moveit2/install/ur_controllers/share/ament_index/resource_index/controller_interface__pluginlib__plugin/ur_controllers
[32.190s] -- Installing: /home/vinayak/ws_moveit2/install/ur_controllers/share/ur_controllers/cmake/ament_cmake_export_dependencies-extras.cmake
[32.190s] -- Installing: /home/vinayak/ws_moveit2/install/ur_controllers/share/ur_controllers/cmake/ament_cmake_export_include_directories-extras.cmake
[32.190s] -- Installing: /home/vinayak/ws_moveit2/install/ur_controllers/share/ur_controllers/cmake/ament_cmake_export_libraries-extras.cmake
[32.190s] -- Installing: /home/vinayak/ws_moveit2/install/ur_controllers/share/ur_controllers/cmake/ur_controllersConfig.cmake
[32.190s] -- Installing: /home/vinayak/ws_moveit2/install/ur_controllers/share/ur_controllers/cmake/ur_controllersConfig-version.cmake
[32.190s] -- Installing: /home/vinayak/ws_moveit2/install/ur_controllers/share/ur_controllers/package.xml
[32.193s] Invoked command in '/home/vinayak/ws_moveit2/build/ur_controllers' returned '0': CMAKE_PREFIX_PATH=/home/vinayak/ws_moveit2/install/ur_dashboard_msgs:/home/vinayak/ws_moveit2/install/ur:/home/vinayak/ws_moveit2/install/ur_calibration:/home/vinayak/ws_moveit2/install/ur_robot_driver:/home/vinayak/ws_moveit2/install/ur_moveit_config:/home/vinayak/ws_moveit2/install/ur_bringup:/home/vinayak/ws_moveit2/install/ur_controllers:/home/vinayak/ws_moveit2/install/new_configuration:/home/vinayak/ws_moveit2/install/ur3e:/home/vinayak/ws_moveit2/install/pilz_industrial_motion_planner_testutils:/home/vinayak/ws_moveit2/install/moveit_runtime:/home/vinayak/ws_moveit2/install/moveit2_tutorials:/home/vinayak/ws_moveit2/install/moveit:/home/vinayak/ws_moveit2/install/moveit_planners:/home/vinayak/ws_moveit2/install/pilz_industrial_motion_planner:/home/vinayak/ws_moveit2/install/moveit_visual_tools:/home/vinayak/ws_moveit2/install/moveit_task_constructor_visualization:/home/vinayak/ws_moveit2/install/moveit_task_constructor_demo:/home/vinayak/ws_moveit2/install/moveit_task_constructor_capabilities:/home/vinayak/ws_moveit2/install/moveit_task_constructor_core:/home/vinayak/ws_moveit2/install/moveit_ros_control_interface:/home/vinayak/ws_moveit2/install/moveit_plugins:/home/vinayak/ws_moveit2/install/moveit_simple_controller_manager:/home/vinayak/ws_moveit2/install/moveit_setup_assistant:/home/vinayak/ws_moveit2/install/moveit_setup_srdf_plugins:/home/vinayak/ws_moveit2/install/moveit_setup_core_plugins:/home/vinayak/ws_moveit2/install/moveit_setup_controllers:/home/vinayak/ws_moveit2/install/moveit_setup_app_plugins:/home/vinayak/ws_moveit2/install/moveit_setup_framework:/home/vinayak/ws_moveit2/install/moveit_servo:/home/vinayak/ws_moveit2/install/moveit_ros:/home/vinayak/ws_moveit2/install/moveit_ros_visualization:/home/vinayak/ws_moveit2/install/moveit_hybrid_planning:/home/vinayak/ws_moveit2/install/moveit_ros_planning_interface:/home/vinayak/ws_moveit2/install/moveit_ros_benchmarks:/home/vinayak/ws_moveit2/install/moveit_ros_warehouse:/home/vinayak/ws_moveit2/install/moveit_ros_robot_interaction:/home/vinayak/ws_moveit2/install/moveit_ros_perception:/home/vinayak/ws_moveit2/install/moveit_resources_prbt_pg70_support:/home/vinayak/ws_moveit2/install/moveit_resources_prbt_moveit_config:/home/vinayak/ws_moveit2/install/moveit_ros_move_group:/home/vinayak/ws_moveit2/install/moveit_planners_ompl:/home/vinayak/ws_moveit2/install/moveit_ros_planning:/home/vinayak/ws_moveit2/install/moveit_ros_occupancy_map_monitor:/home/vinayak/ws_moveit2/install/moveit_resources_prbt_ikfast_manipulator_plugin:/home/vinayak/ws_moveit2/install/moveit_planners_chomp:/home/vinayak/ws_moveit2/install/moveit_kinematics:/home/vinayak/ws_moveit2/install/moveit_chomp_optimizer_adapter:/home/vinayak/ws_moveit2/install/chomp_motion_planner:/home/vinayak/ws_moveit2/install/moveit_core:/home/vinayak/ws_moveit2/install/srdfdom:/home/vinayak/ws_moveit2/install/rviz_marker_tools:/home/vinayak/ws_moveit2/install/rosparam_shortcuts:/home/vinayak/ws_moveit2/install/moveit_task_constructor_msgs:/home/vinayak/ws_moveit2/install/moveit_resources_prbt_support:/home/vinayak/ws_moveit2/install/moveit_resources:/home/vinayak/ws_moveit2/install/moveit_resources_pr2_description:/home/vinayak/ws_moveit2/install/moveit_resources_panda_moveit_config:/home/vinayak/ws_moveit2/install/moveit_resources_panda_description:/home/vinayak/ws_moveit2/install/moveit_resources_fanuc_moveit_config:/home/vinayak/ws_moveit2/install/moveit_resources_fanuc_description:/home/vinayak/ws_moveit2/install/moveit_common:/home/vinayak/ws_moveit2/install/ur3e_rl:/home/vinayak/ws_moveit2/install/ur3e_motion_package:/home/vinayak/ws_moveit2/install/moveit_configs_utils:/home/vinayak/ws_moveit2/install/launch_param_builder:/opt/ros/humble LD_LIBRARY_PATH=/home/vinayak/ws_moveit2/install/ur_dashboard_msgs/lib:/home/vinayak/ws_moveit2/install/ur_robot_driver/lib:/home/vinayak/ws_moveit2/install/ur_controllers/lib:/home/vinayak/ws_moveit2/install/pilz_industrial_motion_planner_testutils/lib:/home/vinayak/ws_moveit2/install/pilz_industrial_motion_planner/lib:/home/vinayak/ws_moveit2/install/moveit_visual_tools/lib:/home/vinayak/ws_moveit2/install/moveit_task_constructor_visualization/lib:/home/vinayak/ws_moveit2/install/moveit_task_constructor_demo/lib:/home/vinayak/ws_moveit2/install/moveit_task_constructor_capabilities/lib:/home/vinayak/ws_moveit2/install/moveit_task_constructor_core/lib:/home/vinayak/ws_moveit2/install/moveit_ros_control_interface/lib:/home/vinayak/ws_moveit2/install/moveit_simple_controller_manager/lib:/home/vinayak/ws_moveit2/install/moveit_setup_assistant/lib:/home/vinayak/ws_moveit2/install/moveit_setup_srdf_plugins/lib:/home/vinayak/ws_moveit2/install/moveit_setup_core_plugins/lib:/home/vinayak/ws_moveit2/install/moveit_setup_controllers/lib:/home/vinayak/ws_moveit2/install/moveit_setup_app_plugins/lib:/home/vinayak/ws_moveit2/install/moveit_setup_framework/lib:/home/vinayak/ws_moveit2/install/moveit_servo/lib:/home/vinayak/ws_moveit2/install/moveit_ros_visualization/lib:/home/vinayak/ws_moveit2/install/moveit_hybrid_planning/lib:/home/vinayak/ws_moveit2/install/moveit_ros_planning_interface/lib:/home/vinayak/ws_moveit2/install/moveit_ros_benchmarks/lib:/home/vinayak/ws_moveit2/install/moveit_ros_warehouse/lib:/home/vinayak/ws_moveit2/install/moveit_ros_robot_interaction/lib:/home/vinayak/ws_moveit2/install/moveit_ros_perception/lib:/home/vinayak/ws_moveit2/install/moveit_ros_move_group/lib:/home/vinayak/ws_moveit2/install/moveit_planners_ompl/lib:/home/vinayak/ws_moveit2/install/moveit_ros_planning/lib:/home/vinayak/ws_moveit2/install/moveit_ros_occupancy_map_monitor/lib:/home/vinayak/ws_moveit2/install/moveit_resources_prbt_ikfast_manipulator_plugin/lib:/home/vinayak/ws_moveit2/install/moveit_planners_chomp/lib:/home/vinayak/ws_moveit2/install/moveit_kinematics/lib:/home/vinayak/ws_moveit2/install/moveit_chomp_optimizer_adapter/lib:/home/vinayak/ws_moveit2/install/chomp_motion_planner/lib:/home/vinayak/ws_moveit2/install/moveit_core/lib:/home/vinayak/ws_moveit2/install/srdfdom/lib:/home/vinayak/ws_moveit2/install/rviz_marker_tools/lib:/home/vinayak/ws_moveit2/install/rosparam_shortcuts/lib:/home/vinayak/ws_moveit2/install/moveit_task_constructor_msgs/lib:/usr/lib/x86_64-linux-gnu/gazebo-11/plugins:/opt/ros/humble/opt/rviz_ogre_vendor/lib:/opt/ros/humble/lib/x86_64-linux-gnu:/opt/ros/humble/lib:/usr/local/cuda-12.4/lib64 /usr/bin/cmake --install /home/vinayak/ws_moveit2/build/ur_controllers
