[0.017s] Invoking command in '/home/vinayak/ws_moveit2/build/ur_robot_driver': CMAKE_PREFIX_PATH=/home/vinayak/ws_moveit2/install/ur_controllers:/home/vinayak/ws_moveit2/install/ur_dashboard_msgs:/home/vinayak/ws_moveit2/install/ur_calibration:/home/vinayak/ws_moveit2/install/ur_robot_driver:/home/vinayak/ws_moveit2/install/ur_bringup:/home/vinayak/ws_moveit2/install/ur3e:/home/vinayak/ws_moveit2/install/pilz_industrial_motion_planner_testutils:/home/vinayak/ws_moveit2/install/moveit_ros_control_interface:/home/vinayak/ws_moveit2/install/moveit_plugins:/home/vinayak/ws_moveit2/install/moveit_simple_controller_manager:/home/vinayak/ws_moveit2/install/moveit_ros_planning:/home/vinayak/ws_moveit2/install/moveit_ros_occupancy_map_monitor:/home/vinayak/ws_moveit2/install/moveit_resources_prbt_ikfast_manipulator_plugin:/home/vinayak/ws_moveit2/install/moveit_planners_chomp:/home/vinayak/ws_moveit2/install/moveit_kinematics:/home/vinayak/ws_moveit2/install/moveit_chomp_optimizer_adapter:/home/vinayak/ws_moveit2/install/chomp_motion_planner:/home/vinayak/ws_moveit2/install/moveit_core:/home/vinayak/ws_moveit2/install/srdfdom:/home/vinayak/ws_moveit2/install/rviz_marker_tools:/home/vinayak/ws_moveit2/install/rosparam_shortcuts:/home/vinayak/ws_moveit2/install/moveit_task_constructor_msgs:/home/vinayak/ws_moveit2/install/moveit_resources_prbt_support:/home/vinayak/ws_moveit2/install/moveit_resources:/home/vinayak/ws_moveit2/install/moveit_resources_pr2_description:/home/vinayak/ws_moveit2/install/moveit_resources_panda_moveit_config:/home/vinayak/ws_moveit2/install/moveit_resources_panda_description:/home/vinayak/ws_moveit2/install/moveit_resources_fanuc_moveit_config:/home/vinayak/ws_moveit2/install/moveit_resources_fanuc_description:/home/vinayak/ws_moveit2/install/moveit_common:/home/vinayak/ws_moveit2/install/ur3e_motion_package:/home/vinayak/ws_moveit2/install/moveit_configs_utils:/home/vinayak/ws_moveit2/install/launch_param_builder:/opt/ros/humble LD_LIBRARY_PATH=/home/vinayak/ws_moveit2/install/ur_controllers/lib:/home/vinayak/ws_moveit2/install/ur_dashboard_msgs/lib:/home/vinayak/ws_moveit2/install/ur_robot_driver/lib:/home/vinayak/ws_moveit2/install/pilz_industrial_motion_planner_testutils/lib:/home/vinayak/ws_moveit2/install/moveit_ros_control_interface/lib:/home/vinayak/ws_moveit2/install/moveit_simple_controller_manager/lib:/home/vinayak/ws_moveit2/install/moveit_ros_planning/lib:/home/vinayak/ws_moveit2/install/moveit_ros_occupancy_map_monitor/lib:/home/vinayak/ws_moveit2/install/moveit_resources_prbt_ikfast_manipulator_plugin/lib:/home/vinayak/ws_moveit2/install/moveit_planners_chomp/lib:/home/vinayak/ws_moveit2/install/moveit_kinematics/lib:/home/vinayak/ws_moveit2/install/moveit_chomp_optimizer_adapter/lib:/home/vinayak/ws_moveit2/install/chomp_motion_planner/lib:/home/vinayak/ws_moveit2/install/moveit_core/lib:/home/vinayak/ws_moveit2/install/srdfdom/lib:/home/vinayak/ws_moveit2/install/rviz_marker_tools/lib:/home/vinayak/ws_moveit2/install/rosparam_shortcuts/lib:/home/vinayak/ws_moveit2/install/moveit_task_constructor_msgs/lib:/usr/lib/x86_64-linux-gnu/gazebo-11/plugins:/opt/ros/humble/opt/rviz_ogre_vendor/lib:/opt/ros/humble/lib/x86_64-linux-gnu:/opt/ros/humble/lib:/usr/local/cuda-12.4/lib64 /usr/bin/cmake --build /home/vinayak/ws_moveit2/build/ur_robot_driver
[0.078s] [35m[1mConsolidate compiler generated dependencies of target ur_robot_driver_plugin[0m
[0.108s] [ 26%] Built target ur_robot_driver_plugin
[0.125s] [35m[1mConsolidate compiler generated dependencies of target controller_stopper_node[0m
[0.152s] [ 46%] Built target controller_stopper_node
[0.168s] [35m[1mConsolidate compiler generated dependencies of target urscript_interface[0m
[0.194s] [ 60%] Built target urscript_interface
[0.231s] [ 60%] Built target ament_cmake_python_copy_ur_robot_driver
[0.246s] [35m[1mConsolidate compiler generated dependencies of target ur_ros2_control_node[0m
[0.270s] [ 73%] Built target ur_ros2_control_node
[0.619s] running egg_info
[0.620s] writing ur_robot_driver.egg-info/PKG-INFO
[0.620s] writing dependency_links to ur_robot_driver.egg-info/dependency_links.txt
[0.620s] writing top-level names to ur_robot_driver.egg-info/top_level.txt
[0.623s] reading manifest file 'ur_robot_driver.egg-info/SOURCES.txt'
[0.623s] writing manifest file 'ur_robot_driver.egg-info/SOURCES.txt'
[0.658s] [ 73%] Built target ament_cmake_python_build_ur_robot_driver_egg
[0.676s] [35m[1mConsolidate compiler generated dependencies of target dashboard_client[0m
[0.699s] [100%] Built target dashboard_client
[0.713s] Invoked command in '/home/vinayak/ws_moveit2/build/ur_robot_driver' returned '0': CMAKE_PREFIX_PATH=/home/vinayak/ws_moveit2/install/ur_controllers:/home/vinayak/ws_moveit2/install/ur_dashboard_msgs:/home/vinayak/ws_moveit2/install/ur_calibration:/home/vinayak/ws_moveit2/install/ur_robot_driver:/home/vinayak/ws_moveit2/install/ur_bringup:/home/vinayak/ws_moveit2/install/ur3e:/home/vinayak/ws_moveit2/install/pilz_industrial_motion_planner_testutils:/home/vinayak/ws_moveit2/install/moveit_ros_control_interface:/home/vinayak/ws_moveit2/install/moveit_plugins:/home/vinayak/ws_moveit2/install/moveit_simple_controller_manager:/home/vinayak/ws_moveit2/install/moveit_ros_planning:/home/vinayak/ws_moveit2/install/moveit_ros_occupancy_map_monitor:/home/vinayak/ws_moveit2/install/moveit_resources_prbt_ikfast_manipulator_plugin:/home/vinayak/ws_moveit2/install/moveit_planners_chomp:/home/vinayak/ws_moveit2/install/moveit_kinematics:/home/vinayak/ws_moveit2/install/moveit_chomp_optimizer_adapter:/home/vinayak/ws_moveit2/install/chomp_motion_planner:/home/vinayak/ws_moveit2/install/moveit_core:/home/vinayak/ws_moveit2/install/srdfdom:/home/vinayak/ws_moveit2/install/rviz_marker_tools:/home/vinayak/ws_moveit2/install/rosparam_shortcuts:/home/vinayak/ws_moveit2/install/moveit_task_constructor_msgs:/home/vinayak/ws_moveit2/install/moveit_resources_prbt_support:/home/vinayak/ws_moveit2/install/moveit_resources:/home/vinayak/ws_moveit2/install/moveit_resources_pr2_description:/home/vinayak/ws_moveit2/install/moveit_resources_panda_moveit_config:/home/vinayak/ws_moveit2/install/moveit_resources_panda_description:/home/vinayak/ws_moveit2/install/moveit_resources_fanuc_moveit_config:/home/vinayak/ws_moveit2/install/moveit_resources_fanuc_description:/home/vinayak/ws_moveit2/install/moveit_common:/home/vinayak/ws_moveit2/install/ur3e_motion_package:/home/vinayak/ws_moveit2/install/moveit_configs_utils:/home/vinayak/ws_moveit2/install/launch_param_builder:/opt/ros/humble LD_LIBRARY_PATH=/home/vinayak/ws_moveit2/install/ur_controllers/lib:/home/vinayak/ws_moveit2/install/ur_dashboard_msgs/lib:/home/vinayak/ws_moveit2/install/ur_robot_driver/lib:/home/vinayak/ws_moveit2/install/pilz_industrial_motion_planner_testutils/lib:/home/vinayak/ws_moveit2/install/moveit_ros_control_interface/lib:/home/vinayak/ws_moveit2/install/moveit_simple_controller_manager/lib:/home/vinayak/ws_moveit2/install/moveit_ros_planning/lib:/home/vinayak/ws_moveit2/install/moveit_ros_occupancy_map_monitor/lib:/home/vinayak/ws_moveit2/install/moveit_resources_prbt_ikfast_manipulator_plugin/lib:/home/vinayak/ws_moveit2/install/moveit_planners_chomp/lib:/home/vinayak/ws_moveit2/install/moveit_kinematics/lib:/home/vinayak/ws_moveit2/install/moveit_chomp_optimizer_adapter/lib:/home/vinayak/ws_moveit2/install/chomp_motion_planner/lib:/home/vinayak/ws_moveit2/install/moveit_core/lib:/home/vinayak/ws_moveit2/install/srdfdom/lib:/home/vinayak/ws_moveit2/install/rviz_marker_tools/lib:/home/vinayak/ws_moveit2/install/rosparam_shortcuts/lib:/home/vinayak/ws_moveit2/install/moveit_task_constructor_msgs/lib:/usr/lib/x86_64-linux-gnu/gazebo-11/plugins:/opt/ros/humble/opt/rviz_ogre_vendor/lib:/opt/ros/humble/lib/x86_64-linux-gnu:/opt/ros/humble/lib:/usr/local/cuda-12.4/lib64 /usr/bin/cmake --build /home/vinayak/ws_moveit2/build/ur_robot_driver
[0.715s] Invoking command in '/home/vinayak/ws_moveit2/build/ur_robot_driver': CMAKE_PREFIX_PATH=/home/vinayak/ws_moveit2/install/ur_controllers:/home/vinayak/ws_moveit2/install/ur_dashboard_msgs:/home/vinayak/ws_moveit2/install/ur_calibration:/home/vinayak/ws_moveit2/install/ur_robot_driver:/home/vinayak/ws_moveit2/install/ur_bringup:/home/vinayak/ws_moveit2/install/ur3e:/home/vinayak/ws_moveit2/install/pilz_industrial_motion_planner_testutils:/home/vinayak/ws_moveit2/install/moveit_ros_control_interface:/home/vinayak/ws_moveit2/install/moveit_plugins:/home/vinayak/ws_moveit2/install/moveit_simple_controller_manager:/home/vinayak/ws_moveit2/install/moveit_ros_planning:/home/vinayak/ws_moveit2/install/moveit_ros_occupancy_map_monitor:/home/vinayak/ws_moveit2/install/moveit_resources_prbt_ikfast_manipulator_plugin:/home/vinayak/ws_moveit2/install/moveit_planners_chomp:/home/vinayak/ws_moveit2/install/moveit_kinematics:/home/vinayak/ws_moveit2/install/moveit_chomp_optimizer_adapter:/home/vinayak/ws_moveit2/install/chomp_motion_planner:/home/vinayak/ws_moveit2/install/moveit_core:/home/vinayak/ws_moveit2/install/srdfdom:/home/vinayak/ws_moveit2/install/rviz_marker_tools:/home/vinayak/ws_moveit2/install/rosparam_shortcuts:/home/vinayak/ws_moveit2/install/moveit_task_constructor_msgs:/home/vinayak/ws_moveit2/install/moveit_resources_prbt_support:/home/vinayak/ws_moveit2/install/moveit_resources:/home/vinayak/ws_moveit2/install/moveit_resources_pr2_description:/home/vinayak/ws_moveit2/install/moveit_resources_panda_moveit_config:/home/vinayak/ws_moveit2/install/moveit_resources_panda_description:/home/vinayak/ws_moveit2/install/moveit_resources_fanuc_moveit_config:/home/vinayak/ws_moveit2/install/moveit_resources_fanuc_description:/home/vinayak/ws_moveit2/install/moveit_common:/home/vinayak/ws_moveit2/install/ur3e_motion_package:/home/vinayak/ws_moveit2/install/moveit_configs_utils:/home/vinayak/ws_moveit2/install/launch_param_builder:/opt/ros/humble LD_LIBRARY_PATH=/home/vinayak/ws_moveit2/install/ur_controllers/lib:/home/vinayak/ws_moveit2/install/ur_dashboard_msgs/lib:/home/vinayak/ws_moveit2/install/ur_robot_driver/lib:/home/vinayak/ws_moveit2/install/pilz_industrial_motion_planner_testutils/lib:/home/vinayak/ws_moveit2/install/moveit_ros_control_interface/lib:/home/vinayak/ws_moveit2/install/moveit_simple_controller_manager/lib:/home/vinayak/ws_moveit2/install/moveit_ros_planning/lib:/home/vinayak/ws_moveit2/install/moveit_ros_occupancy_map_monitor/lib:/home/vinayak/ws_moveit2/install/moveit_resources_prbt_ikfast_manipulator_plugin/lib:/home/vinayak/ws_moveit2/install/moveit_planners_chomp/lib:/home/vinayak/ws_moveit2/install/moveit_kinematics/lib:/home/vinayak/ws_moveit2/install/moveit_chomp_optimizer_adapter/lib:/home/vinayak/ws_moveit2/install/chomp_motion_planner/lib:/home/vinayak/ws_moveit2/install/moveit_core/lib:/home/vinayak/ws_moveit2/install/srdfdom/lib:/home/vinayak/ws_moveit2/install/rviz_marker_tools/lib:/home/vinayak/ws_moveit2/install/rosparam_shortcuts/lib:/home/vinayak/ws_moveit2/install/moveit_task_constructor_msgs/lib:/usr/lib/x86_64-linux-gnu/gazebo-11/plugins:/opt/ros/humble/opt/rviz_ogre_vendor/lib:/opt/ros/humble/lib/x86_64-linux-gnu:/opt/ros/humble/lib:/usr/local/cuda-12.4/lib64 /usr/bin/cmake --install /home/vinayak/ws_moveit2/build/ur_robot_driver
[0.726s] -- Install configuration: "RelWithDebInfo"
[0.726s] -- Up-to-date: /home/vinayak/ws_moveit2/install/ur_robot_driver/share/ur_robot_driver/hardware_interface_plugin.xml
[0.726s] -- Up-to-date: /home/vinayak/ws_moveit2/install/ur_robot_driver/lib/ur_robot_driver/dashboard_client
[0.727s] -- Up-to-date: /home/vinayak/ws_moveit2/install/ur_robot_driver/lib/ur_robot_driver/ur_ros2_control_node
[0.728s] -- Up-to-date: /home/vinayak/ws_moveit2/install/ur_robot_driver/lib/ur_robot_driver/controller_stopper_node
[0.729s] -- Up-to-date: /home/vinayak/ws_moveit2/install/ur_robot_driver/lib/ur_robot_driver/urscript_interface
[0.730s] -- Up-to-date: /home/vinayak/ws_moveit2/install/ur_robot_driver/lib/libur_robot_driver_plugin.so
[0.730s] -- Up-to-date: /home/vinayak/ws_moveit2/install/ur_robot_driver/include
[0.730s] -- Up-to-date: /home/vinayak/ws_moveit2/install/ur_robot_driver/include/ur_robot_driver
[0.730s] -- Up-to-date: /home/vinayak/ws_moveit2/install/ur_robot_driver/include/ur_robot_driver/hardware_interface.hpp
[0.730s] -- Up-to-date: /home/vinayak/ws_moveit2/install/ur_robot_driver/include/ur_robot_driver/urcl_log_handler.hpp
[0.730s] -- Up-to-date: /home/vinayak/ws_moveit2/install/ur_robot_driver/include/ur_robot_driver/controller_stopper.hpp
[0.730s] -- Up-to-date: /home/vinayak/ws_moveit2/install/ur_robot_driver/include/ur_robot_driver/dashboard_client_ros.hpp
[0.731s] -- Up-to-date: /home/vinayak/ws_moveit2/install/ur_robot_driver/share/ur_robot_driver/environment/library_path.sh
[0.731s] -- Up-to-date: /home/vinayak/ws_moveit2/install/ur_robot_driver/share/ur_robot_driver/environment/library_path.dsv
[0.731s] -- Up-to-date: /home/vinayak/ws_moveit2/install/ur_robot_driver/share/ur_robot_driver/resources
[0.731s] -- Up-to-date: /home/vinayak/ws_moveit2/install/ur_robot_driver/share/ur_robot_driver/resources/ros_control.urscript
[0.731s] -- Up-to-date: /home/vinayak/ws_moveit2/install/ur_robot_driver/share/ur_robot_driver/resources/externalcontrol-1.0.5.urcap
[0.731s] -- Up-to-date: /home/vinayak/ws_moveit2/install/ur_robot_driver/share/ur_robot_driver/resources/rs485-1.0.urcap
[0.731s] -- Up-to-date: /home/vinayak/ws_moveit2/install/ur_robot_driver/share/ur_robot_driver/resources/rtde_output_recipe.txt
[0.731s] -- Up-to-date: /home/vinayak/ws_moveit2/install/ur_robot_driver/share/ur_robot_driver/resources/rtde_input_recipe.txt
[0.732s] -- Up-to-date: /home/vinayak/ws_moveit2/install/ur_robot_driver/include
[0.732s] -- Up-to-date: /home/vinayak/ws_moveit2/install/ur_robot_driver/include/ur_robot_driver
[0.732s] -- Up-to-date: /home/vinayak/ws_moveit2/install/ur_robot_driver/include/ur_robot_driver/hardware_interface.hpp
[0.732s] -- Up-to-date: /home/vinayak/ws_moveit2/install/ur_robot_driver/include/ur_robot_driver/urcl_log_handler.hpp
[0.732s] -- Up-to-date: /home/vinayak/ws_moveit2/install/ur_robot_driver/include/ur_robot_driver/controller_stopper.hpp
[0.732s] -- Up-to-date: /home/vinayak/ws_moveit2/install/ur_robot_driver/include/ur_robot_driver/dashboard_client_ros.hpp
[0.732s] -- Up-to-date: /home/vinayak/ws_moveit2/install/ur_robot_driver/share/ur_robot_driver/environment/pythonpath.sh
[0.732s] -- Up-to-date: /home/vinayak/ws_moveit2/install/ur_robot_driver/share/ur_robot_driver/environment/pythonpath.dsv
[0.732s] -- Up-to-date: /home/vinayak/ws_moveit2/install/ur_robot_driver/local/lib/python3.10/dist-packages/ur_robot_driver-2.2.16-py3.10.egg-info
[0.732s] -- Installing: /home/vinayak/ws_moveit2/install/ur_robot_driver/local/lib/python3.10/dist-packages/ur_robot_driver-2.2.16-py3.10.egg-info/dependency_links.txt
[0.732s] -- Installing: /home/vinayak/ws_moveit2/install/ur_robot_driver/local/lib/python3.10/dist-packages/ur_robot_driver-2.2.16-py3.10.egg-info/top_level.txt
[0.733s] -- Installing: /home/vinayak/ws_moveit2/install/ur_robot_driver/local/lib/python3.10/dist-packages/ur_robot_driver-2.2.16-py3.10.egg-info/SOURCES.txt
[0.733s] -- Installing: /home/vinayak/ws_moveit2/install/ur_robot_driver/local/lib/python3.10/dist-packages/ur_robot_driver-2.2.16-py3.10.egg-info/PKG-INFO
[0.733s] -- Up-to-date: /home/vinayak/ws_moveit2/install/ur_robot_driver/local/lib/python3.10/dist-packages/ur_robot_driver
[0.733s] -- Up-to-date: /home/vinayak/ws_moveit2/install/ur_robot_driver/local/lib/python3.10/dist-packages/ur_robot_driver/__init__.py
[0.768s] Listing '/home/vinayak/ws_moveit2/install/ur_robot_driver/local/lib/python3.10/dist-packages/ur_robot_driver'...
[0.775s] -- Up-to-date: /home/vinayak/ws_moveit2/install/ur_robot_driver/lib/ur_robot_driver/tool_communication.py
[0.775s] -- Up-to-date: /home/vinayak/ws_moveit2/install/ur_robot_driver/lib/ur_robot_driver/example_move.py
[0.775s] -- Up-to-date: /home/vinayak/ws_moveit2/install/ur_robot_driver/bin/wait_dashboard_server.sh
[0.775s] -- Up-to-date: /home/vinayak/ws_moveit2/install/ur_robot_driver/lib/ur_robot_driver/start_ursim.sh
[0.775s] -- Up-to-date: /home/vinayak/ws_moveit2/install/ur_robot_driver/share/ur_robot_driver/config
[0.775s] -- Up-to-date: /home/vinayak/ws_moveit2/install/ur_robot_driver/share/ur_robot_driver/config/test_velocity_goal_publishers_config.yaml
[0.775s] -- Up-to-date: /home/vinayak/ws_moveit2/install/ur_robot_driver/share/ur_robot_driver/config/ur5e_update_rate.yaml
[0.776s] -- Up-to-date: /home/vinayak/ws_moveit2/install/ur_robot_driver/share/ur_robot_driver/config/ur3e_update_rate.yaml
[0.776s] -- Up-to-date: /home/vinayak/ws_moveit2/install/ur_robot_driver/share/ur_robot_driver/config/ur16e_update_rate.yaml
[0.776s] -- Up-to-date: /home/vinayak/ws_moveit2/install/ur_robot_driver/share/ur_robot_driver/config/ur5_update_rate.yaml
[0.776s] -- Up-to-date: /home/vinayak/ws_moveit2/install/ur_robot_driver/share/ur_robot_driver/config/ur_controllers.yaml
[0.776s] -- Up-to-date: /home/vinayak/ws_moveit2/install/ur_robot_driver/share/ur_robot_driver/config/ur20_update_rate.yaml
[0.776s] -- Up-to-date: /home/vinayak/ws_moveit2/install/ur_robot_driver/share/ur_robot_driver/config/ur10e_update_rate.yaml
[0.776s] -- Up-to-date: /home/vinayak/ws_moveit2/install/ur_robot_driver/share/ur_robot_driver/config/ur3_update_rate.yaml
[0.777s] -- Up-to-date: /home/vinayak/ws_moveit2/install/ur_robot_driver/share/ur_robot_driver/config/ur30_update_rate.yaml
[0.777s] -- Up-to-date: /home/vinayak/ws_moveit2/install/ur_robot_driver/share/ur_robot_driver/config/ur10_update_rate.yaml
[0.777s] -- Up-to-date: /home/vinayak/ws_moveit2/install/ur_robot_driver/share/ur_robot_driver/config/test_goal_publishers_config.yaml
[0.777s] -- Up-to-date: /home/vinayak/ws_moveit2/install/ur_robot_driver/share/ur_robot_driver/launch
[0.777s] -- Up-to-date: /home/vinayak/ws_moveit2/install/ur_robot_driver/share/ur_robot_driver/launch/ur5e.launch.py
[0.777s] -- Up-to-date: /home/vinayak/ws_moveit2/install/ur_robot_driver/share/ur_robot_driver/launch/test_forward_velocity_controller.launch.py
[0.777s] -- Up-to-date: /home/vinayak/ws_moveit2/install/ur_robot_driver/share/ur_robot_driver/launch/ur16e.launch.py
[0.777s] -- Up-to-date: /home/vinayak/ws_moveit2/install/ur_robot_driver/share/ur_robot_driver/launch/ur10.launch.py
[0.778s] -- Up-to-date: /home/vinayak/ws_moveit2/install/ur_robot_driver/share/ur_robot_driver/launch/ur_dashboard_client.launch.py
[0.778s] -- Up-to-date: /home/vinayak/ws_moveit2/install/ur_robot_driver/share/ur_robot_driver/launch/ur20.launch.py
[0.778s] -- Up-to-date: /home/vinayak/ws_moveit2/install/ur_robot_driver/share/ur_robot_driver/launch/ur10e.launch.py
[0.778s] -- Up-to-date: /home/vinayak/ws_moveit2/install/ur_robot_driver/share/ur_robot_driver/launch/ur5.launch.py
[0.778s] -- Up-to-date: /home/vinayak/ws_moveit2/install/ur_robot_driver/share/ur_robot_driver/launch/ur3e.launch.py
[0.778s] -- Up-to-date: /home/vinayak/ws_moveit2/install/ur_robot_driver/share/ur_robot_driver/launch/ur30.launch.py
[0.778s] -- Up-to-date: /home/vinayak/ws_moveit2/install/ur_robot_driver/share/ur_robot_driver/launch/ur3.launch.py
[0.778s] -- Up-to-date: /home/vinayak/ws_moveit2/install/ur_robot_driver/share/ur_robot_driver/launch/test_joint_trajectory_controller.launch.py
[0.778s] -- Up-to-date: /home/vinayak/ws_moveit2/install/ur_robot_driver/share/ur_robot_driver/launch/test_scaled_joint_trajectory_controller.launch.py
[0.778s] -- Up-to-date: /home/vinayak/ws_moveit2/install/ur_robot_driver/share/ur_robot_driver/launch/ur_control.launch.py
[0.779s] -- Up-to-date: /home/vinayak/ws_moveit2/install/ur_robot_driver/share/ament_index/resource_index/package_run_dependencies/ur_robot_driver
[0.779s] -- Up-to-date: /home/vinayak/ws_moveit2/install/ur_robot_driver/share/ament_index/resource_index/parent_prefix_path/ur_robot_driver
[0.779s] -- Up-to-date: /home/vinayak/ws_moveit2/install/ur_robot_driver/share/ur_robot_driver/environment/ament_prefix_path.sh
[0.779s] -- Up-to-date: /home/vinayak/ws_moveit2/install/ur_robot_driver/share/ur_robot_driver/environment/ament_prefix_path.dsv
[0.779s] -- Up-to-date: /home/vinayak/ws_moveit2/install/ur_robot_driver/share/ur_robot_driver/environment/path.sh
[0.779s] -- Up-to-date: /home/vinayak/ws_moveit2/install/ur_robot_driver/share/ur_robot_driver/environment/path.dsv
[0.779s] -- Up-to-date: /home/vinayak/ws_moveit2/install/ur_robot_driver/share/ur_robot_driver/local_setup.bash
[0.779s] -- Up-to-date: /home/vinayak/ws_moveit2/install/ur_robot_driver/share/ur_robot_driver/local_setup.sh
[0.779s] -- Up-to-date: /home/vinayak/ws_moveit2/install/ur_robot_driver/share/ur_robot_driver/local_setup.zsh
[0.780s] -- Up-to-date: /home/vinayak/ws_moveit2/install/ur_robot_driver/share/ur_robot_driver/local_setup.dsv
[0.780s] -- Installing: /home/vinayak/ws_moveit2/install/ur_robot_driver/share/ur_robot_driver/package.dsv
[0.780s] -- Up-to-date: /home/vinayak/ws_moveit2/install/ur_robot_driver/share/ament_index/resource_index/packages/ur_robot_driver
[0.780s] -- Up-to-date: /home/vinayak/ws_moveit2/install/ur_robot_driver/share/ament_index/resource_index/hardware_interface__pluginlib__plugin/ur_robot_driver
[0.780s] -- Up-to-date: /home/vinayak/ws_moveit2/install/ur_robot_driver/share/ur_robot_driver/cmake/ament_cmake_export_include_directories-extras.cmake
[0.780s] -- Up-to-date: /home/vinayak/ws_moveit2/install/ur_robot_driver/share/ur_robot_driver/cmake/ament_cmake_export_libraries-extras.cmake
[0.780s] -- Up-to-date: /home/vinayak/ws_moveit2/install/ur_robot_driver/share/ur_robot_driver/cmake/ament_cmake_export_dependencies-extras.cmake
[0.780s] -- Up-to-date: /home/vinayak/ws_moveit2/install/ur_robot_driver/share/ur_robot_driver/cmake/ur_robot_driverConfig.cmake
[0.780s] -- Up-to-date: /home/vinayak/ws_moveit2/install/ur_robot_driver/share/ur_robot_driver/cmake/ur_robot_driverConfig-version.cmake
[0.780s] -- Up-to-date: /home/vinayak/ws_moveit2/install/ur_robot_driver/share/ur_robot_driver/package.xml
[0.781s] Invoked command in '/home/vinayak/ws_moveit2/build/ur_robot_driver' returned '0': CMAKE_PREFIX_PATH=/home/vinayak/ws_moveit2/install/ur_controllers:/home/vinayak/ws_moveit2/install/ur_dashboard_msgs:/home/vinayak/ws_moveit2/install/ur_calibration:/home/vinayak/ws_moveit2/install/ur_robot_driver:/home/vinayak/ws_moveit2/install/ur_bringup:/home/vinayak/ws_moveit2/install/ur3e:/home/vinayak/ws_moveit2/install/pilz_industrial_motion_planner_testutils:/home/vinayak/ws_moveit2/install/moveit_ros_control_interface:/home/vinayak/ws_moveit2/install/moveit_plugins:/home/vinayak/ws_moveit2/install/moveit_simple_controller_manager:/home/vinayak/ws_moveit2/install/moveit_ros_planning:/home/vinayak/ws_moveit2/install/moveit_ros_occupancy_map_monitor:/home/vinayak/ws_moveit2/install/moveit_resources_prbt_ikfast_manipulator_plugin:/home/vinayak/ws_moveit2/install/moveit_planners_chomp:/home/vinayak/ws_moveit2/install/moveit_kinematics:/home/vinayak/ws_moveit2/install/moveit_chomp_optimizer_adapter:/home/vinayak/ws_moveit2/install/chomp_motion_planner:/home/vinayak/ws_moveit2/install/moveit_core:/home/vinayak/ws_moveit2/install/srdfdom:/home/vinayak/ws_moveit2/install/rviz_marker_tools:/home/vinayak/ws_moveit2/install/rosparam_shortcuts:/home/vinayak/ws_moveit2/install/moveit_task_constructor_msgs:/home/vinayak/ws_moveit2/install/moveit_resources_prbt_support:/home/vinayak/ws_moveit2/install/moveit_resources:/home/vinayak/ws_moveit2/install/moveit_resources_pr2_description:/home/vinayak/ws_moveit2/install/moveit_resources_panda_moveit_config:/home/vinayak/ws_moveit2/install/moveit_resources_panda_description:/home/vinayak/ws_moveit2/install/moveit_resources_fanuc_moveit_config:/home/vinayak/ws_moveit2/install/moveit_resources_fanuc_description:/home/vinayak/ws_moveit2/install/moveit_common:/home/vinayak/ws_moveit2/install/ur3e_motion_package:/home/vinayak/ws_moveit2/install/moveit_configs_utils:/home/vinayak/ws_moveit2/install/launch_param_builder:/opt/ros/humble LD_LIBRARY_PATH=/home/vinayak/ws_moveit2/install/ur_controllers/lib:/home/vinayak/ws_moveit2/install/ur_dashboard_msgs/lib:/home/vinayak/ws_moveit2/install/ur_robot_driver/lib:/home/vinayak/ws_moveit2/install/pilz_industrial_motion_planner_testutils/lib:/home/vinayak/ws_moveit2/install/moveit_ros_control_interface/lib:/home/vinayak/ws_moveit2/install/moveit_simple_controller_manager/lib:/home/vinayak/ws_moveit2/install/moveit_ros_planning/lib:/home/vinayak/ws_moveit2/install/moveit_ros_occupancy_map_monitor/lib:/home/vinayak/ws_moveit2/install/moveit_resources_prbt_ikfast_manipulator_plugin/lib:/home/vinayak/ws_moveit2/install/moveit_planners_chomp/lib:/home/vinayak/ws_moveit2/install/moveit_kinematics/lib:/home/vinayak/ws_moveit2/install/moveit_chomp_optimizer_adapter/lib:/home/vinayak/ws_moveit2/install/chomp_motion_planner/lib:/home/vinayak/ws_moveit2/install/moveit_core/lib:/home/vinayak/ws_moveit2/install/srdfdom/lib:/home/vinayak/ws_moveit2/install/rviz_marker_tools/lib:/home/vinayak/ws_moveit2/install/rosparam_shortcuts/lib:/home/vinayak/ws_moveit2/install/moveit_task_constructor_msgs/lib:/usr/lib/x86_64-linux-gnu/gazebo-11/plugins:/opt/ros/humble/opt/rviz_ogre_vendor/lib:/opt/ros/humble/lib/x86_64-linux-gnu:/opt/ros/humble/lib:/usr/local/cuda-12.4/lib64 /usr/bin/cmake --install /home/vinayak/ws_moveit2/build/ur_robot_driver
