[0.000000] (-) TimerEvent: {}
[0.000212] (-) JobUnselected: {'identifier': 'chomp_motion_planner'}
[0.000241] (-) JobUnselected: {'identifier': 'launch_param_builder'}
[0.000258] (-) JobUnselected: {'identifier': 'moveit'}
[0.000273] (-) JobUnselected: {'identifier': 'moveit2_tutorials'}
[0.000287] (-) JobUnselected: {'identifier': 'moveit_chomp_optimizer_adapter'}
[0.000299] (-) JobUnselected: {'identifier': 'moveit_common'}
[0.000311] (-) JobUnselected: {'identifier': 'moveit_configs_utils'}
[0.000323] (-) JobUnselected: {'identifier': 'moveit_core'}
[0.000336] (-) JobUnselected: {'identifier': 'moveit_hybrid_planning'}
[0.000349] (-) JobUnselected: {'identifier': 'moveit_kinematics'}
[0.000362] (-) JobUnselected: {'identifier': 'moveit_planners'}
[0.000374] (-) JobUnselected: {'identifier': 'moveit_planners_chomp'}
[0.000387] (-) JobUnselected: {'identifier': 'moveit_planners_ompl'}
[0.000402] (-) JobUnselected: {'identifier': 'moveit_plugins'}
[0.000417] (-) JobUnselected: {'identifier': 'moveit_resources'}
[0.000430] (-) JobUnselected: {'identifier': 'moveit_resources_fanuc_description'}
[0.000443] (-) JobUnselected: {'identifier': 'moveit_resources_fanuc_moveit_config'}
[0.000456] (-) JobUnselected: {'identifier': 'moveit_resources_panda_description'}
[0.000474] (-) JobUnselected: {'identifier': 'moveit_resources_panda_moveit_config'}
[0.000490] (-) JobUnselected: {'identifier': 'moveit_resources_pr2_description'}
[0.000503] (-) JobUnselected: {'identifier': 'moveit_resources_prbt_ikfast_manipulator_plugin'}
[0.000516] (-) JobUnselected: {'identifier': 'moveit_resources_prbt_moveit_config'}
[0.000529] (-) JobUnselected: {'identifier': 'moveit_resources_prbt_pg70_support'}
[0.000542] (-) JobUnselected: {'identifier': 'moveit_resources_prbt_support'}
[0.000556] (-) JobUnselected: {'identifier': 'moveit_ros'}
[0.000569] (-) JobUnselected: {'identifier': 'moveit_ros_benchmarks'}
[0.000582] (-) JobUnselected: {'identifier': 'moveit_ros_control_interface'}
[0.000594] (-) JobUnselected: {'identifier': 'moveit_ros_move_group'}
[0.000607] (-) JobUnselected: {'identifier': 'moveit_ros_occupancy_map_monitor'}
[0.000620] (-) JobUnselected: {'identifier': 'moveit_ros_perception'}
[0.000633] (-) JobUnselected: {'identifier': 'moveit_ros_planning'}
[0.000646] (-) JobUnselected: {'identifier': 'moveit_ros_planning_interface'}
[0.000659] (-) JobUnselected: {'identifier': 'moveit_ros_robot_interaction'}
[0.000672] (-) JobUnselected: {'identifier': 'moveit_ros_visualization'}
[0.000685] (-) JobUnselected: {'identifier': 'moveit_ros_warehouse'}
[0.000698] (-) JobUnselected: {'identifier': 'moveit_runtime'}
[0.000711] (-) JobUnselected: {'identifier': 'moveit_servo'}
[0.000724] (-) JobUnselected: {'identifier': 'moveit_setup_app_plugins'}
[0.000736] (-) JobUnselected: {'identifier': 'moveit_setup_assistant'}
[0.000749] (-) JobUnselected: {'identifier': 'moveit_setup_controllers'}
[0.000762] (-) JobUnselected: {'identifier': 'moveit_setup_core_plugins'}
[0.000775] (-) JobUnselected: {'identifier': 'moveit_setup_framework'}
[0.000787] (-) JobUnselected: {'identifier': 'moveit_setup_srdf_plugins'}
[0.000800] (-) JobUnselected: {'identifier': 'moveit_simple_controller_manager'}
[0.000813] (-) JobUnselected: {'identifier': 'moveit_task_constructor_capabilities'}
[0.000826] (-) JobUnselected: {'identifier': 'moveit_task_constructor_core'}
[0.000839] (-) JobUnselected: {'identifier': 'moveit_task_constructor_demo'}
[0.000852] (-) JobUnselected: {'identifier': 'moveit_task_constructor_msgs'}
[0.000865] (-) JobUnselected: {'identifier': 'moveit_task_constructor_visualization'}
[0.000878] (-) JobUnselected: {'identifier': 'moveit_visual_tools'}
[0.000890] (-) JobUnselected: {'identifier': 'new_configuration'}
[0.000903] (-) JobUnselected: {'identifier': 'pilz_industrial_motion_planner'}
[0.000916] (-) JobUnselected: {'identifier': 'pilz_industrial_motion_planner_testutils'}
[0.000929] (-) JobUnselected: {'identifier': 'rosparam_shortcuts'}
[0.000942] (-) JobUnselected: {'identifier': 'rviz_marker_tools'}
[0.000955] (-) JobUnselected: {'identifier': 'srdfdom'}
[0.000986] (-) JobUnselected: {'identifier': 'ur'}
[0.001001] (-) JobUnselected: {'identifier': 'ur3_rl'}
[0.001014] (-) JobUnselected: {'identifier': 'ur3e'}
[0.001027] (-) JobUnselected: {'identifier': 'ur3e_motion_package'}
[0.001040] (-) JobUnselected: {'identifier': 'ur_bringup'}
[0.001053] (-) JobUnselected: {'identifier': 'ur_calibration'}
[0.001066] (-) JobUnselected: {'identifier': 'ur_controllers'}
[0.001079] (-) JobUnselected: {'identifier': 'ur_dashboard_msgs'}
[0.001092] (-) JobUnselected: {'identifier': 'ur_moveit_config'}
[0.001105] (-) JobUnselected: {'identifier': 'ur_robot_driver'}
[0.001278] (-) EventReactorShutdown: {}
