[1.978s] Invoking command in '/home/vinayak/ws_moveit2/build/pilz_industrial_motion_planner': AMENT_PREFIX_PATH=/home/vinayak/ws_moveit2/install/moveit_resources_prbt_pg70_support:/home/vinayak/ws_moveit2/install/moveit_ros_planning_interface:/home/vinayak/ws_moveit2/install/moveit_resources_prbt_moveit_config:/home/vinayak/ws_moveit2/install/moveit_ros_move_group:/home/vinayak/ws_moveit2/install/moveit_ros_warehouse:/home/vinayak/ws_moveit2/install/moveit_planners_ompl:/home/vinayak/ws_moveit2/install/moveit_kinematics:/home/vinayak/ws_moveit2/install/moveit_ros_planning:/home/vinayak/ws_moveit2/install/pilz_industrial_motion_planner_testutils:/home/vinayak/ws_moveit2/install/moveit_simple_controller_manager:/home/vinayak/ws_moveit2/install/moveit_ros_occupancy_map_monitor:/home/vinayak/ws_moveit2/install/moveit_resources_prbt_ikfast_manipulator_plugin:/home/vinayak/ws_moveit2/install/moveit_core:/home/vinayak/ws_moveit2/install/moveit_resources_panda_moveit_config:/home/vinayak/ws_moveit2/install/moveit_resources_fanuc_moveit_config:/home/vinayak/ws_moveit2/install/moveit_configs_utils:/home/vinayak/ws_moveit2/install/srdfdom:/home/vinayak/ws_moveit2/install/moveit_resources_prbt_support:/home/vinayak/ws_moveit2/install/moveit_resources_pr2_description:/home/vinayak/ws_moveit2/install/moveit_resources_panda_description:/home/vinayak/ws_moveit2/install/moveit_resources_fanuc_description:/home/vinayak/ws_moveit2/install/moveit_common:/home/vinayak/ws_moveit2/install/launch_param_builder:${AMENT_PREFIX_PATH} CMAKE_PREFIX_PATH=/home/vinayak/ws_moveit2/install/moveit_resources_prbt_pg70_support:/home/vinayak/ws_moveit2/install/moveit_ros_planning_interface:/home/vinayak/ws_moveit2/install/moveit_resources_prbt_moveit_config:/home/vinayak/ws_moveit2/install/moveit_ros_move_group:/home/vinayak/ws_moveit2/install/moveit_ros_warehouse:/home/vinayak/ws_moveit2/install/moveit_planners_ompl:/home/vinayak/ws_moveit2/install/moveit_kinematics:/home/vinayak/ws_moveit2/install/moveit_ros_planning:/home/vinayak/ws_moveit2/install/pilz_industrial_motion_planner_testutils:/home/vinayak/ws_moveit2/install/moveit_simple_controller_manager:/home/vinayak/ws_moveit2/install/moveit_ros_occupancy_map_monitor:/home/vinayak/ws_moveit2/install/moveit_resources_prbt_ikfast_manipulator_plugin:/home/vinayak/ws_moveit2/install/moveit_core:/home/vinayak/ws_moveit2/install/moveit_resources_panda_moveit_config:/home/vinayak/ws_moveit2/install/moveit_resources_fanuc_moveit_config:/home/vinayak/ws_moveit2/install/srdfdom:/home/vinayak/ws_moveit2/install/moveit_resources_prbt_support:/home/vinayak/ws_moveit2/install/moveit_resources_pr2_description:/home/vinayak/ws_moveit2/install/moveit_resources_panda_description:/home/vinayak/ws_moveit2/install/moveit_resources_fanuc_description:/home/vinayak/ws_moveit2/install/moveit_common:/opt/ros/humble LD_LIBRARY_PATH=/home/vinayak/ws_moveit2/install/moveit_ros_planning_interface/lib:/home/vinayak/ws_moveit2/install/moveit_ros_move_group/lib:/home/vinayak/ws_moveit2/install/moveit_ros_warehouse/lib:/home/vinayak/ws_moveit2/install/moveit_planners_ompl/lib:/home/vinayak/ws_moveit2/install/moveit_kinematics/lib:/home/vinayak/ws_moveit2/install/moveit_ros_planning/lib:/home/vinayak/ws_moveit2/install/pilz_industrial_motion_planner_testutils/lib:/home/vinayak/ws_moveit2/install/moveit_simple_controller_manager/lib:/home/vinayak/ws_moveit2/install/moveit_ros_occupancy_map_monitor/lib:/home/vinayak/ws_moveit2/install/moveit_resources_prbt_ikfast_manipulator_plugin/lib:/home/vinayak/ws_moveit2/install/moveit_core/lib:/home/vinayak/ws_moveit2/install/srdfdom/lib:${LD_LIBRARY_PATH} PATH=/home/vinayak/ws_moveit2/install/moveit_core/bin:${PATH} PYTHONPATH=/home/vinayak/ws_moveit2/install/moveit_configs_utils/lib/python3.10/site-packages:/home/vinayak/ws_moveit2/install/srdfdom/local/lib/python3.10/dist-packages:/home/vinayak/ws_moveit2/install/launch_param_builder/lib/python3.10/site-packages:${PYTHONPATH} /usr/bin/cmake --build /home/vinayak/ws_moveit2/build/pilz_industrial_motion_planner -- -j8 -l8
[2.117s] [  2%] Built target gtest_main
[2.123s] [  4%] Built target gtest
[2.124s] [  7%] Built target gmock_main
[2.137s] [ 10%] Built target gmock
[2.154s] [ 13%] Built target planning_context_loader_base
[2.155s] [ 21%] Built target joint_limits_common
[2.201s] [ 26%] Built target trajectory_generation_common
[2.239s] [ 28%] Built target unittest_joint_limits_container
[2.248s] [ 31%] Built target unittest_joint_limit
[2.255s] [ 33%] Built target unittest_joint_limits_validator
[2.256s] [ 38%] Built target pilz_industrial_motion_planner
[2.256s] [ 38%] Built target unittest_cartesian_limits_aggregator
[2.261s] [ 40%] Built target unittest_joint_limits_aggregator
[2.316s] [ 44%] Built target command_list_manager
[2.327s] [ 49%] Built target planning_context_loader_ptp
[2.333s] [ 53%] Built target unittest_velocity_profile_atrap
[2.385s] [ 55%] Built target pilz_industrial_motion_planner_test_utils
[2.389s] [ 60%] Built target planning_context_loader_circ
[2.399s] [ 65%] Built target planning_context_loader_lin
[2.424s] [ 68%] Built target unittest_trajectory_generator
[2.437s] [ 71%] Built target unittest_pilz_industrial_motion_planner
[2.460s] [ 73%] Built target unittest_pilz_industrial_motion_planner_direct
[2.461s] [ 75%] Built target unittest_get_solver_tip_frame
[2.485s] [ 78%] Built target unittest_trajectory_functions
[2.493s] [ 81%] Built target sequence_capability
[2.523s] [ 84%] Built target unittest_trajectory_generator_ptp
[2.524s] [ 86%] Built target unittest_planning_context_loaders
[2.534s] [ 89%] Built target unittest_planning_context
[2.565s] [ 92%] Built target unittest_trajectory_blender_transition_window
[2.579s] [ 95%] Built target unittest_trajectory_generator_lin
[2.582s] [ 97%] Built target unittest_trajectory_generator_common
[2.582s] [100%] Built target unittest_trajectory_generator_circ
[2.624s] Invoked command in '/home/vinayak/ws_moveit2/build/pilz_industrial_motion_planner' returned '0': AMENT_PREFIX_PATH=/home/vinayak/ws_moveit2/install/moveit_resources_prbt_pg70_support:/home/vinayak/ws_moveit2/install/moveit_ros_planning_interface:/home/vinayak/ws_moveit2/install/moveit_resources_prbt_moveit_config:/home/vinayak/ws_moveit2/install/moveit_ros_move_group:/home/vinayak/ws_moveit2/install/moveit_ros_warehouse:/home/vinayak/ws_moveit2/install/moveit_planners_ompl:/home/vinayak/ws_moveit2/install/moveit_kinematics:/home/vinayak/ws_moveit2/install/moveit_ros_planning:/home/vinayak/ws_moveit2/install/pilz_industrial_motion_planner_testutils:/home/vinayak/ws_moveit2/install/moveit_simple_controller_manager:/home/vinayak/ws_moveit2/install/moveit_ros_occupancy_map_monitor:/home/vinayak/ws_moveit2/install/moveit_resources_prbt_ikfast_manipulator_plugin:/home/vinayak/ws_moveit2/install/moveit_core:/home/vinayak/ws_moveit2/install/moveit_resources_panda_moveit_config:/home/vinayak/ws_moveit2/install/moveit_resources_fanuc_moveit_config:/home/vinayak/ws_moveit2/install/moveit_configs_utils:/home/vinayak/ws_moveit2/install/srdfdom:/home/vinayak/ws_moveit2/install/moveit_resources_prbt_support:/home/vinayak/ws_moveit2/install/moveit_resources_pr2_description:/home/vinayak/ws_moveit2/install/moveit_resources_panda_description:/home/vinayak/ws_moveit2/install/moveit_resources_fanuc_description:/home/vinayak/ws_moveit2/install/moveit_common:/home/vinayak/ws_moveit2/install/launch_param_builder:${AMENT_PREFIX_PATH} CMAKE_PREFIX_PATH=/home/vinayak/ws_moveit2/install/moveit_resources_prbt_pg70_support:/home/vinayak/ws_moveit2/install/moveit_ros_planning_interface:/home/vinayak/ws_moveit2/install/moveit_resources_prbt_moveit_config:/home/vinayak/ws_moveit2/install/moveit_ros_move_group:/home/vinayak/ws_moveit2/install/moveit_ros_warehouse:/home/vinayak/ws_moveit2/install/moveit_planners_ompl:/home/vinayak/ws_moveit2/install/moveit_kinematics:/home/vinayak/ws_moveit2/install/moveit_ros_planning:/home/vinayak/ws_moveit2/install/pilz_industrial_motion_planner_testutils:/home/vinayak/ws_moveit2/install/moveit_simple_controller_manager:/home/vinayak/ws_moveit2/install/moveit_ros_occupancy_map_monitor:/home/vinayak/ws_moveit2/install/moveit_resources_prbt_ikfast_manipulator_plugin:/home/vinayak/ws_moveit2/install/moveit_core:/home/vinayak/ws_moveit2/install/moveit_resources_panda_moveit_config:/home/vinayak/ws_moveit2/install/moveit_resources_fanuc_moveit_config:/home/vinayak/ws_moveit2/install/srdfdom:/home/vinayak/ws_moveit2/install/moveit_resources_prbt_support:/home/vinayak/ws_moveit2/install/moveit_resources_pr2_description:/home/vinayak/ws_moveit2/install/moveit_resources_panda_description:/home/vinayak/ws_moveit2/install/moveit_resources_fanuc_description:/home/vinayak/ws_moveit2/install/moveit_common:/opt/ros/humble LD_LIBRARY_PATH=/home/vinayak/ws_moveit2/install/moveit_ros_planning_interface/lib:/home/vinayak/ws_moveit2/install/moveit_ros_move_group/lib:/home/vinayak/ws_moveit2/install/moveit_ros_warehouse/lib:/home/vinayak/ws_moveit2/install/moveit_planners_ompl/lib:/home/vinayak/ws_moveit2/install/moveit_kinematics/lib:/home/vinayak/ws_moveit2/install/moveit_ros_planning/lib:/home/vinayak/ws_moveit2/install/pilz_industrial_motion_planner_testutils/lib:/home/vinayak/ws_moveit2/install/moveit_simple_controller_manager/lib:/home/vinayak/ws_moveit2/install/moveit_ros_occupancy_map_monitor/lib:/home/vinayak/ws_moveit2/install/moveit_resources_prbt_ikfast_manipulator_plugin/lib:/home/vinayak/ws_moveit2/install/moveit_core/lib:/home/vinayak/ws_moveit2/install/srdfdom/lib:${LD_LIBRARY_PATH} PATH=/home/vinayak/ws_moveit2/install/moveit_core/bin:${PATH} PYTHONPATH=/home/vinayak/ws_moveit2/install/moveit_configs_utils/lib/python3.10/site-packages:/home/vinayak/ws_moveit2/install/srdfdom/local/lib/python3.10/dist-packages:/home/vinayak/ws_moveit2/install/launch_param_builder/lib/python3.10/site-packages:${PYTHONPATH} /usr/bin/cmake --build /home/vinayak/ws_moveit2/build/pilz_industrial_motion_planner -- -j8 -l8
[2.636s] Invoking command in '/home/vinayak/ws_moveit2/build/pilz_industrial_motion_planner': AMENT_PREFIX_PATH=/home/vinayak/ws_moveit2/install/moveit_resources_prbt_pg70_support:/home/vinayak/ws_moveit2/install/moveit_ros_planning_interface:/home/vinayak/ws_moveit2/install/moveit_resources_prbt_moveit_config:/home/vinayak/ws_moveit2/install/moveit_ros_move_group:/home/vinayak/ws_moveit2/install/moveit_ros_warehouse:/home/vinayak/ws_moveit2/install/moveit_planners_ompl:/home/vinayak/ws_moveit2/install/moveit_kinematics:/home/vinayak/ws_moveit2/install/moveit_ros_planning:/home/vinayak/ws_moveit2/install/pilz_industrial_motion_planner_testutils:/home/vinayak/ws_moveit2/install/moveit_simple_controller_manager:/home/vinayak/ws_moveit2/install/moveit_ros_occupancy_map_monitor:/home/vinayak/ws_moveit2/install/moveit_resources_prbt_ikfast_manipulator_plugin:/home/vinayak/ws_moveit2/install/moveit_core:/home/vinayak/ws_moveit2/install/moveit_resources_panda_moveit_config:/home/vinayak/ws_moveit2/install/moveit_resources_fanuc_moveit_config:/home/vinayak/ws_moveit2/install/moveit_configs_utils:/home/vinayak/ws_moveit2/install/srdfdom:/home/vinayak/ws_moveit2/install/moveit_resources_prbt_support:/home/vinayak/ws_moveit2/install/moveit_resources_pr2_description:/home/vinayak/ws_moveit2/install/moveit_resources_panda_description:/home/vinayak/ws_moveit2/install/moveit_resources_fanuc_description:/home/vinayak/ws_moveit2/install/moveit_common:/home/vinayak/ws_moveit2/install/launch_param_builder:${AMENT_PREFIX_PATH} CMAKE_PREFIX_PATH=/home/vinayak/ws_moveit2/install/moveit_resources_prbt_pg70_support:/home/vinayak/ws_moveit2/install/moveit_ros_planning_interface:/home/vinayak/ws_moveit2/install/moveit_resources_prbt_moveit_config:/home/vinayak/ws_moveit2/install/moveit_ros_move_group:/home/vinayak/ws_moveit2/install/moveit_ros_warehouse:/home/vinayak/ws_moveit2/install/moveit_planners_ompl:/home/vinayak/ws_moveit2/install/moveit_kinematics:/home/vinayak/ws_moveit2/install/moveit_ros_planning:/home/vinayak/ws_moveit2/install/pilz_industrial_motion_planner_testutils:/home/vinayak/ws_moveit2/install/moveit_simple_controller_manager:/home/vinayak/ws_moveit2/install/moveit_ros_occupancy_map_monitor:/home/vinayak/ws_moveit2/install/moveit_resources_prbt_ikfast_manipulator_plugin:/home/vinayak/ws_moveit2/install/moveit_core:/home/vinayak/ws_moveit2/install/moveit_resources_panda_moveit_config:/home/vinayak/ws_moveit2/install/moveit_resources_fanuc_moveit_config:/home/vinayak/ws_moveit2/install/srdfdom:/home/vinayak/ws_moveit2/install/moveit_resources_prbt_support:/home/vinayak/ws_moveit2/install/moveit_resources_pr2_description:/home/vinayak/ws_moveit2/install/moveit_resources_panda_description:/home/vinayak/ws_moveit2/install/moveit_resources_fanuc_description:/home/vinayak/ws_moveit2/install/moveit_common:/opt/ros/humble LD_LIBRARY_PATH=/home/vinayak/ws_moveit2/install/moveit_ros_planning_interface/lib:/home/vinayak/ws_moveit2/install/moveit_ros_move_group/lib:/home/vinayak/ws_moveit2/install/moveit_ros_warehouse/lib:/home/vinayak/ws_moveit2/install/moveit_planners_ompl/lib:/home/vinayak/ws_moveit2/install/moveit_kinematics/lib:/home/vinayak/ws_moveit2/install/moveit_ros_planning/lib:/home/vinayak/ws_moveit2/install/pilz_industrial_motion_planner_testutils/lib:/home/vinayak/ws_moveit2/install/moveit_simple_controller_manager/lib:/home/vinayak/ws_moveit2/install/moveit_ros_occupancy_map_monitor/lib:/home/vinayak/ws_moveit2/install/moveit_resources_prbt_ikfast_manipulator_plugin/lib:/home/vinayak/ws_moveit2/install/moveit_core/lib:/home/vinayak/ws_moveit2/install/srdfdom/lib:${LD_LIBRARY_PATH} PATH=/home/vinayak/ws_moveit2/install/moveit_core/bin:${PATH} PYTHONPATH=/home/vinayak/ws_moveit2/install/moveit_configs_utils/lib/python3.10/site-packages:/home/vinayak/ws_moveit2/install/srdfdom/local/lib/python3.10/dist-packages:/home/vinayak/ws_moveit2/install/launch_param_builder/lib/python3.10/site-packages:${PYTHONPATH} /usr/bin/cmake --install /home/vinayak/ws_moveit2/build/pilz_industrial_motion_planner
[2.648s] -- Install configuration: "Release"
[2.648s] -- Up-to-date: /home/vinayak/ws_moveit2/install/pilz_industrial_motion_planner/share/pilz_industrial_motion_planner/plugins/pilz_industrial_motion_planner_plugin_description.xml
[2.648s] -- Up-to-date: /home/vinayak/ws_moveit2/install/pilz_industrial_motion_planner/share/pilz_industrial_motion_planner/plugins/sequence_capability_plugin_description.xml
[2.648s] -- Up-to-date: /home/vinayak/ws_moveit2/install/pilz_industrial_motion_planner/share/pilz_industrial_motion_planner/plugins/planning_context_plugin_description.xml
[2.649s] -- Up-to-date: /home/vinayak/ws_moveit2/install/pilz_industrial_motion_planner/lib/libpilz_industrial_motion_planner.so
[2.650s] -- Up-to-date: /home/vinayak/ws_moveit2/install/pilz_industrial_motion_planner/lib/libjoint_limits_common.so
[2.651s] -- Up-to-date: /home/vinayak/ws_moveit2/install/pilz_industrial_motion_planner/lib/libplanning_context_loader_base.so
[2.651s] -- Up-to-date: /home/vinayak/ws_moveit2/install/pilz_industrial_motion_planner/lib/libplanning_context_loader_ptp.so
[2.652s] -- Up-to-date: /home/vinayak/ws_moveit2/install/pilz_industrial_motion_planner/lib/libplanning_context_loader_lin.so
[2.653s] -- Up-to-date: /home/vinayak/ws_moveit2/install/pilz_industrial_motion_planner/lib/libplanning_context_loader_circ.so
[2.656s] -- Up-to-date: /home/vinayak/ws_moveit2/install/pilz_industrial_motion_planner/lib/libcommand_list_manager.so
[2.656s] -- Up-to-date: /home/vinayak/ws_moveit2/install/pilz_industrial_motion_planner/lib/libsequence_capability.so
[2.656s] -- Up-to-date: /home/vinayak/ws_moveit2/install/pilz_industrial_motion_planner/lib/libtrajectory_generation_common.so
[2.657s] -- Up-to-date: /home/vinayak/ws_moveit2/install/pilz_industrial_motion_planner/include
[2.657s] -- Up-to-date: /home/vinayak/ws_moveit2/install/pilz_industrial_motion_planner/include/joint_limits_copy
[2.657s] -- Up-to-date: /home/vinayak/ws_moveit2/install/pilz_industrial_motion_planner/include/joint_limits_copy/joint_limits.hpp
[2.657s] -- Up-to-date: /home/vinayak/ws_moveit2/install/pilz_industrial_motion_planner/include/joint_limits_copy/joint_limits_rosparam.hpp
[2.657s] -- Up-to-date: /home/vinayak/ws_moveit2/install/pilz_industrial_motion_planner/include/pilz_industrial_motion_planner
[2.657s] -- Up-to-date: /home/vinayak/ws_moveit2/install/pilz_industrial_motion_planner/include/pilz_industrial_motion_planner/trajectory_functions.h
[2.657s] -- Up-to-date: /home/vinayak/ws_moveit2/install/pilz_industrial_motion_planner/include/pilz_industrial_motion_planner/trajectory_generator_ptp.h
[2.658s] -- Up-to-date: /home/vinayak/ws_moveit2/install/pilz_industrial_motion_planner/include/pilz_industrial_motion_planner/joint_limits_validator.h
[2.658s] -- Up-to-date: /home/vinayak/ws_moveit2/install/pilz_industrial_motion_planner/include/pilz_industrial_motion_planner/trajectory_generator_circ.h
[2.658s] -- Up-to-date: /home/vinayak/ws_moveit2/install/pilz_industrial_motion_planner/include/pilz_industrial_motion_planner/trajectory_generator_lin.h
[2.658s] -- Up-to-date: /home/vinayak/ws_moveit2/install/pilz_industrial_motion_planner/include/pilz_industrial_motion_planner/planning_context_circ.h
[2.658s] -- Up-to-date: /home/vinayak/ws_moveit2/install/pilz_industrial_motion_planner/include/pilz_industrial_motion_planner/joint_limits_interface_extension.h
[2.659s] -- Up-to-date: /home/vinayak/ws_moveit2/install/pilz_industrial_motion_planner/include/pilz_industrial_motion_planner/joint_limits_aggregator.h
[2.659s] -- Up-to-date: /home/vinayak/ws_moveit2/install/pilz_industrial_motion_planner/include/pilz_industrial_motion_planner/path_circle_generator.h
[2.659s] -- Up-to-date: /home/vinayak/ws_moveit2/install/pilz_industrial_motion_planner/include/pilz_industrial_motion_planner/move_group_sequence_action.h
[2.659s] -- Up-to-date: /home/vinayak/ws_moveit2/install/pilz_industrial_motion_planner/include/pilz_industrial_motion_planner/trajectory_blender_transition_window.h
[2.659s] -- Up-to-date: /home/vinayak/ws_moveit2/install/pilz_industrial_motion_planner/include/pilz_industrial_motion_planner/joint_limits_extension.h
[2.659s] -- Up-to-date: /home/vinayak/ws_moveit2/install/pilz_industrial_motion_planner/include/pilz_industrial_motion_planner/cartesian_trajectory_point.h
[2.659s] -- Up-to-date: /home/vinayak/ws_moveit2/install/pilz_industrial_motion_planner/include/pilz_industrial_motion_planner/pilz_industrial_motion_planner.h
[2.659s] -- Up-to-date: /home/vinayak/ws_moveit2/install/pilz_industrial_motion_planner/include/pilz_industrial_motion_planner/planning_context_loader_circ.h
[2.659s] -- Up-to-date: /home/vinayak/ws_moveit2/install/pilz_industrial_motion_planner/include/pilz_industrial_motion_planner/cartesian_limit.h
[2.659s] -- Up-to-date: /home/vinayak/ws_moveit2/install/pilz_industrial_motion_planner/include/pilz_industrial_motion_planner/move_group_sequence_service.h
[2.660s] -- Up-to-date: /home/vinayak/ws_moveit2/install/pilz_industrial_motion_planner/include/pilz_industrial_motion_planner/planning_exceptions.h
[2.660s] -- Up-to-date: /home/vinayak/ws_moveit2/install/pilz_industrial_motion_planner/include/pilz_industrial_motion_planner/trajectory_blender.h
[2.660s] -- Up-to-date: /home/vinayak/ws_moveit2/install/pilz_industrial_motion_planner/include/pilz_industrial_motion_planner/cartesian_trajectory.h
[2.660s] -- Up-to-date: /home/vinayak/ws_moveit2/install/pilz_industrial_motion_planner/include/pilz_industrial_motion_planner/plan_components_builder.h
[2.660s] -- Up-to-date: /home/vinayak/ws_moveit2/install/pilz_industrial_motion_planner/include/pilz_industrial_motion_planner/planning_context_loader.h
[2.660s] -- Up-to-date: /home/vinayak/ws_moveit2/install/pilz_industrial_motion_planner/include/pilz_industrial_motion_planner/planning_context_base.h
[2.660s] -- Up-to-date: /home/vinayak/ws_moveit2/install/pilz_industrial_motion_planner/include/pilz_industrial_motion_planner/trajectory_generator.h
[2.660s] -- Up-to-date: /home/vinayak/ws_moveit2/install/pilz_industrial_motion_planner/include/pilz_industrial_motion_planner/capability_names.h
[2.661s] -- Up-to-date: /home/vinayak/ws_moveit2/install/pilz_industrial_motion_planner/include/pilz_industrial_motion_planner/trajectory_blend_request.h
[2.661s] -- Up-to-date: /home/vinayak/ws_moveit2/install/pilz_industrial_motion_planner/include/pilz_industrial_motion_planner/trajectory_generation_exceptions.h
[2.661s] -- Up-to-date: /home/vinayak/ws_moveit2/install/pilz_industrial_motion_planner/include/pilz_industrial_motion_planner/limits_container.h
[2.661s] -- Up-to-date: /home/vinayak/ws_moveit2/install/pilz_industrial_motion_planner/include/pilz_industrial_motion_planner/velocity_profile_atrap.h
[2.661s] -- Up-to-date: /home/vinayak/ws_moveit2/install/pilz_industrial_motion_planner/include/pilz_industrial_motion_planner/cartesian_limits_aggregator.h
[2.661s] -- Up-to-date: /home/vinayak/ws_moveit2/install/pilz_industrial_motion_planner/include/pilz_industrial_motion_planner/joint_limits_container.h
[2.662s] -- Up-to-date: /home/vinayak/ws_moveit2/install/pilz_industrial_motion_planner/include/pilz_industrial_motion_planner/trajectory_blend_response.h
[2.662s] -- Up-to-date: /home/vinayak/ws_moveit2/install/pilz_industrial_motion_planner/include/pilz_industrial_motion_planner/planning_context_lin.h
[2.662s] -- Up-to-date: /home/vinayak/ws_moveit2/install/pilz_industrial_motion_planner/include/pilz_industrial_motion_planner/tip_frame_getter.h
[2.662s] -- Up-to-date: /home/vinayak/ws_moveit2/install/pilz_industrial_motion_planner/include/pilz_industrial_motion_planner/command_list_manager.h
[2.662s] -- Up-to-date: /home/vinayak/ws_moveit2/install/pilz_industrial_motion_planner/include/pilz_industrial_motion_planner/planning_context_loader_lin.h
[2.662s] -- Up-to-date: /home/vinayak/ws_moveit2/install/pilz_industrial_motion_planner/include/pilz_industrial_motion_planner/planning_context_loader_ptp.h
[2.662s] -- Up-to-date: /home/vinayak/ws_moveit2/install/pilz_industrial_motion_planner/include/pilz_industrial_motion_planner/planning_context_ptp.h
[2.662s] -- Up-to-date: /home/vinayak/ws_moveit2/install/pilz_industrial_motion_planner/share/pilz_industrial_motion_planner/environment/library_path.sh
[2.663s] -- Up-to-date: /home/vinayak/ws_moveit2/install/pilz_industrial_motion_planner/share/pilz_industrial_motion_planner/environment/library_path.dsv
[2.663s] -- Up-to-date: /home/vinayak/ws_moveit2/install/pilz_industrial_motion_planner/lib/pilz_industrial_motion_planner/unittest_pilz_industrial_motion_planner_direct
[2.664s] -- Up-to-date: /home/vinayak/ws_moveit2/install/pilz_industrial_motion_planner/lib/pilz_industrial_motion_planner/unittest_velocity_profile_atrap
[2.665s] -- Up-to-date: /home/vinayak/ws_moveit2/install/pilz_industrial_motion_planner/lib/pilz_industrial_motion_planner/unittest_trajectory_generator
[2.666s] -- Up-to-date: /home/vinayak/ws_moveit2/install/pilz_industrial_motion_planner/lib/pilz_industrial_motion_planner/unittest_trajectory_functions
[2.667s] -- Up-to-date: /home/vinayak/ws_moveit2/install/pilz_industrial_motion_planner/lib/pilz_industrial_motion_planner/unittest_trajectory_blender_transition_window
[2.670s] -- Up-to-date: /home/vinayak/ws_moveit2/install/pilz_industrial_motion_planner/lib/pilz_industrial_motion_planner/unittest_trajectory_generator_common
[2.670s] -- Up-to-date: /home/vinayak/ws_moveit2/install/pilz_industrial_motion_planner/lib/pilz_industrial_motion_planner/unittest_trajectory_generator_circ
[2.675s] -- Up-to-date: /home/vinayak/ws_moveit2/install/pilz_industrial_motion_planner/lib/pilz_industrial_motion_planner/unittest_trajectory_generator_lin
[2.675s] -- Up-to-date: /home/vinayak/ws_moveit2/install/pilz_industrial_motion_planner/lib/pilz_industrial_motion_planner/unittest_trajectory_generator_ptp
[2.675s] -- Up-to-date: /home/vinayak/ws_moveit2/install/pilz_industrial_motion_planner/lib/pilz_industrial_motion_planner/unittest_pilz_industrial_motion_planner
[2.676s] -- Up-to-date: /home/vinayak/ws_moveit2/install/pilz_industrial_motion_planner/lib/pilz_industrial_motion_planner/unittest_joint_limit
[2.676s] -- Up-to-date: /home/vinayak/ws_moveit2/install/pilz_industrial_motion_planner/lib/pilz_industrial_motion_planner/unittest_joint_limits_aggregator
[2.676s] -- Up-to-date: /home/vinayak/ws_moveit2/install/pilz_industrial_motion_planner/lib/pilz_industrial_motion_planner/unittest_joint_limits_container
[2.676s] -- Up-to-date: /home/vinayak/ws_moveit2/install/pilz_industrial_motion_planner/lib/pilz_industrial_motion_planner/unittest_joint_limits_validator
[2.676s] -- Up-to-date: /home/vinayak/ws_moveit2/install/pilz_industrial_motion_planner/lib/pilz_industrial_motion_planner/unittest_cartesian_limits_aggregator
[2.676s] -- Up-to-date: /home/vinayak/ws_moveit2/install/pilz_industrial_motion_planner/lib/pilz_industrial_motion_planner/unittest_planning_context_loaders
[2.678s] -- Up-to-date: /home/vinayak/ws_moveit2/install/pilz_industrial_motion_planner/lib/pilz_industrial_motion_planner/unittest_planning_context
[2.678s] -- Up-to-date: /home/vinayak/ws_moveit2/install/pilz_industrial_motion_planner/lib/pilz_industrial_motion_planner/unittest_get_solver_tip_frame
[2.678s] -- Up-to-date: /home/vinayak/ws_moveit2/install/pilz_industrial_motion_planner/share/pilz_industrial_motion_planner/config
[2.679s] -- Up-to-date: /home/vinayak/ws_moveit2/install/pilz_industrial_motion_planner/share/pilz_industrial_motion_planner/config/unittest_trajectory_generator_ptp.yaml
[2.679s] -- Up-to-date: /home/vinayak/ws_moveit2/install/pilz_industrial_motion_planner/share/pilz_industrial_motion_planner/config/unittest_trajectory_blender_transition_window.yaml
[2.679s] -- Up-to-date: /home/vinayak/ws_moveit2/install/pilz_industrial_motion_planner/share/pilz_industrial_motion_planner/config/unittest_cartesian_limits_aggregator.yaml
[2.680s] -- Up-to-date: /home/vinayak/ws_moveit2/install/pilz_industrial_motion_planner/share/pilz_industrial_motion_planner/config/unittest_trajectory_generator_common.yaml
[2.680s] -- Up-to-date: /home/vinayak/ws_moveit2/install/pilz_industrial_motion_planner/share/pilz_industrial_motion_planner/config/unittest_trajectory_generator_lin.yaml
[2.680s] -- Up-to-date: /home/vinayak/ws_moveit2/install/pilz_industrial_motion_planner/share/pilz_industrial_motion_planner/config/unittest_joint_limits_aggregator.yaml
[2.680s] -- Up-to-date: /home/vinayak/ws_moveit2/install/pilz_industrial_motion_planner/share/pilz_industrial_motion_planner/config/unittest_joint_limit_config.yaml
[2.680s] -- Up-to-date: /home/vinayak/ws_moveit2/install/pilz_industrial_motion_planner/share/pilz_industrial_motion_planner/config/unittest_trajectory_generator_circ.yaml
[2.680s] -- Up-to-date: /home/vinayak/ws_moveit2/install/pilz_industrial_motion_planner/share/pilz_industrial_motion_planner/config/unittest_trajectory_functions.yaml
[2.680s] -- Up-to-date: /home/vinayak/ws_moveit2/install/pilz_industrial_motion_planner/share/pilz_industrial_motion_planner/launch
[2.680s] -- Up-to-date: /home/vinayak/ws_moveit2/install/pilz_industrial_motion_planner/share/pilz_industrial_motion_planner/launch/unittest_trajectory_functions.test.py
[2.681s] -- Up-to-date: /home/vinayak/ws_moveit2/install/pilz_industrial_motion_planner/share/pilz_industrial_motion_planner/launch/unittest_planning_context.test.py
[2.681s] -- Up-to-date: /home/vinayak/ws_moveit2/install/pilz_industrial_motion_planner/share/pilz_industrial_motion_planner/launch/unittest_pilz_industrial_motion_planner.test.py
[2.681s] -- Up-to-date: /home/vinayak/ws_moveit2/install/pilz_industrial_motion_planner/share/pilz_industrial_motion_planner/launch/unittest_trajectory_generator_common.test.py
[2.681s] -- Up-to-date: /home/vinayak/ws_moveit2/install/pilz_industrial_motion_planner/share/pilz_industrial_motion_planner/launch/unittest_joint_limits_aggregator.test.py
[2.681s] -- Up-to-date: /home/vinayak/ws_moveit2/install/pilz_industrial_motion_planner/share/pilz_industrial_motion_planner/launch/unittest_trajectory_blender_transition_window.test.py
[2.681s] -- Up-to-date: /home/vinayak/ws_moveit2/install/pilz_industrial_motion_planner/share/pilz_industrial_motion_planner/launch/unittest_trajectory_generator_circ.test.py
[2.681s] -- Up-to-date: /home/vinayak/ws_moveit2/install/pilz_industrial_motion_planner/share/pilz_industrial_motion_planner/launch/unittest_cartesian_limits_aggregator.test.py
[2.681s] -- Up-to-date: /home/vinayak/ws_moveit2/install/pilz_industrial_motion_planner/share/pilz_industrial_motion_planner/launch/common_parameters.py
[2.681s] -- Up-to-date: /home/vinayak/ws_moveit2/install/pilz_industrial_motion_planner/share/pilz_industrial_motion_planner/launch/unittest_trajectory_generator_lin.test.py
[2.682s] -- Up-to-date: /home/vinayak/ws_moveit2/install/pilz_industrial_motion_planner/share/pilz_industrial_motion_planner/launch/unittest_trajectory_generator_ptp.test.py
[2.682s] -- Up-to-date: /home/vinayak/ws_moveit2/install/pilz_industrial_motion_planner/share/pilz_industrial_motion_planner/launch/unittest_joint_limit.test.py
[2.682s] -- Up-to-date: /home/vinayak/ws_moveit2/install/pilz_industrial_motion_planner/share/pilz_industrial_motion_planner/launch/unittest_planning_context_loaders.test.py
[2.684s] -- Up-to-date: /home/vinayak/ws_moveit2/install/pilz_industrial_motion_planner/share/pilz_industrial_motion_planner/test_data
[2.684s] -- Up-to-date: /home/vinayak/ws_moveit2/install/pilz_industrial_motion_planner/share/pilz_industrial_motion_planner/test_data/prbt
[2.684s] -- Up-to-date: /home/vinayak/ws_moveit2/install/pilz_industrial_motion_planner/share/pilz_industrial_motion_planner/test_data/prbt/testdata_sequence.xml
[2.685s] -- Up-to-date: /home/vinayak/ws_moveit2/install/pilz_industrial_motion_planner/share/pilz_industrial_motion_planner/test_data/prbt/testdata_with_gripper.xml
[2.685s] -- Up-to-date: /home/vinayak/ws_moveit2/install/pilz_industrial_motion_planner/share/pilz_industrial_motion_planner/test_data/prbt/testdata_deprecated.xml
[2.685s] -- Up-to-date: /home/vinayak/ws_moveit2/install/pilz_industrial_motion_planner/share/pilz_industrial_motion_planner/test_data/testpoints.py
[2.685s] -- Up-to-date: /home/vinayak/ws_moveit2/install/pilz_industrial_motion_planner/share/pilz_industrial_motion_planner/test_data/frankaemika_panda
[2.685s] -- Up-to-date: /home/vinayak/ws_moveit2/install/pilz_industrial_motion_planner/share/pilz_industrial_motion_planner/test_data/frankaemika_panda/testdata_sequence.xml
[2.685s] -- Up-to-date: /home/vinayak/ws_moveit2/install/pilz_industrial_motion_planner/share/pilz_industrial_motion_planner/test_data/concept_testdata.odp
[2.686s] -- Up-to-date: /home/vinayak/ws_moveit2/install/pilz_industrial_motion_planner/share/pilz_industrial_motion_planner/test_data/concept_testdata.png
[2.686s] -- Up-to-date: /home/vinayak/ws_moveit2/install/pilz_industrial_motion_planner/share/ament_index/resource_index/package_run_dependencies/pilz_industrial_motion_planner
[2.686s] -- Up-to-date: /home/vinayak/ws_moveit2/install/pilz_industrial_motion_planner/share/ament_index/resource_index/parent_prefix_path/pilz_industrial_motion_planner
[2.686s] -- Up-to-date: /home/vinayak/ws_moveit2/install/pilz_industrial_motion_planner/share/pilz_industrial_motion_planner/environment/ament_prefix_path.sh
[2.686s] -- Up-to-date: /home/vinayak/ws_moveit2/install/pilz_industrial_motion_planner/share/pilz_industrial_motion_planner/environment/ament_prefix_path.dsv
[2.687s] -- Up-to-date: /home/vinayak/ws_moveit2/install/pilz_industrial_motion_planner/share/pilz_industrial_motion_planner/environment/path.sh
[2.687s] -- Up-to-date: /home/vinayak/ws_moveit2/install/pilz_industrial_motion_planner/share/pilz_industrial_motion_planner/environment/path.dsv
[2.687s] -- Up-to-date: /home/vinayak/ws_moveit2/install/pilz_industrial_motion_planner/share/pilz_industrial_motion_planner/local_setup.bash
[2.687s] -- Up-to-date: /home/vinayak/ws_moveit2/install/pilz_industrial_motion_planner/share/pilz_industrial_motion_planner/local_setup.sh
[2.687s] -- Up-to-date: /home/vinayak/ws_moveit2/install/pilz_industrial_motion_planner/share/pilz_industrial_motion_planner/local_setup.zsh
[2.688s] -- Up-to-date: /home/vinayak/ws_moveit2/install/pilz_industrial_motion_planner/share/pilz_industrial_motion_planner/local_setup.dsv
[2.688s] -- Installing: /home/vinayak/ws_moveit2/install/pilz_industrial_motion_planner/share/pilz_industrial_motion_planner/package.dsv
[2.688s] -- Up-to-date: /home/vinayak/ws_moveit2/install/pilz_industrial_motion_planner/share/ament_index/resource_index/packages/pilz_industrial_motion_planner
[2.688s] -- Up-to-date: /home/vinayak/ws_moveit2/install/pilz_industrial_motion_planner/share/ament_index/resource_index/moveit_core__pluginlib__plugin/pilz_industrial_motion_planner
[2.688s] -- Up-to-date: /home/vinayak/ws_moveit2/install/pilz_industrial_motion_planner/share/ament_index/resource_index/moveit_ros_move_group__pluginlib__plugin/pilz_industrial_motion_planner
[2.688s] -- Up-to-date: /home/vinayak/ws_moveit2/install/pilz_industrial_motion_planner/share/ament_index/resource_index/pilz_industrial_motion_planner__pluginlib__plugin/pilz_industrial_motion_planner
[2.690s] -- Up-to-date: /home/vinayak/ws_moveit2/install/pilz_industrial_motion_planner/share/pilz_industrial_motion_planner/cmake/pilz_industrial_motion_plannerTargetsExport.cmake
[2.690s] -- Up-to-date: /home/vinayak/ws_moveit2/install/pilz_industrial_motion_planner/share/pilz_industrial_motion_planner/cmake/pilz_industrial_motion_plannerTargetsExport-release.cmake
[2.690s] -- Up-to-date: /home/vinayak/ws_moveit2/install/pilz_industrial_motion_planner/share/pilz_industrial_motion_planner/cmake/ament_cmake_export_include_directories-extras.cmake
[2.690s] -- Up-to-date: /home/vinayak/ws_moveit2/install/pilz_industrial_motion_planner/share/pilz_industrial_motion_planner/cmake/ament_cmake_export_targets-extras.cmake
[2.691s] -- Up-to-date: /home/vinayak/ws_moveit2/install/pilz_industrial_motion_planner/share/pilz_industrial_motion_planner/cmake/ament_cmake_export_dependencies-extras.cmake
[2.691s] -- Up-to-date: /home/vinayak/ws_moveit2/install/pilz_industrial_motion_planner/share/pilz_industrial_motion_planner/cmake/pilz_industrial_motion_plannerConfig.cmake
[2.691s] -- Up-to-date: /home/vinayak/ws_moveit2/install/pilz_industrial_motion_planner/share/pilz_industrial_motion_planner/cmake/pilz_industrial_motion_plannerConfig-version.cmake
[2.691s] -- Up-to-date: /home/vinayak/ws_moveit2/install/pilz_industrial_motion_planner/share/pilz_industrial_motion_planner/package.xml
[2.696s] Invoked command in '/home/vinayak/ws_moveit2/build/pilz_industrial_motion_planner' returned '0': AMENT_PREFIX_PATH=/home/vinayak/ws_moveit2/install/moveit_resources_prbt_pg70_support:/home/vinayak/ws_moveit2/install/moveit_ros_planning_interface:/home/vinayak/ws_moveit2/install/moveit_resources_prbt_moveit_config:/home/vinayak/ws_moveit2/install/moveit_ros_move_group:/home/vinayak/ws_moveit2/install/moveit_ros_warehouse:/home/vinayak/ws_moveit2/install/moveit_planners_ompl:/home/vinayak/ws_moveit2/install/moveit_kinematics:/home/vinayak/ws_moveit2/install/moveit_ros_planning:/home/vinayak/ws_moveit2/install/pilz_industrial_motion_planner_testutils:/home/vinayak/ws_moveit2/install/moveit_simple_controller_manager:/home/vinayak/ws_moveit2/install/moveit_ros_occupancy_map_monitor:/home/vinayak/ws_moveit2/install/moveit_resources_prbt_ikfast_manipulator_plugin:/home/vinayak/ws_moveit2/install/moveit_core:/home/vinayak/ws_moveit2/install/moveit_resources_panda_moveit_config:/home/vinayak/ws_moveit2/install/moveit_resources_fanuc_moveit_config:/home/vinayak/ws_moveit2/install/moveit_configs_utils:/home/vinayak/ws_moveit2/install/srdfdom:/home/vinayak/ws_moveit2/install/moveit_resources_prbt_support:/home/vinayak/ws_moveit2/install/moveit_resources_pr2_description:/home/vinayak/ws_moveit2/install/moveit_resources_panda_description:/home/vinayak/ws_moveit2/install/moveit_resources_fanuc_description:/home/vinayak/ws_moveit2/install/moveit_common:/home/vinayak/ws_moveit2/install/launch_param_builder:${AMENT_PREFIX_PATH} CMAKE_PREFIX_PATH=/home/vinayak/ws_moveit2/install/moveit_resources_prbt_pg70_support:/home/vinayak/ws_moveit2/install/moveit_ros_planning_interface:/home/vinayak/ws_moveit2/install/moveit_resources_prbt_moveit_config:/home/vinayak/ws_moveit2/install/moveit_ros_move_group:/home/vinayak/ws_moveit2/install/moveit_ros_warehouse:/home/vinayak/ws_moveit2/install/moveit_planners_ompl:/home/vinayak/ws_moveit2/install/moveit_kinematics:/home/vinayak/ws_moveit2/install/moveit_ros_planning:/home/vinayak/ws_moveit2/install/pilz_industrial_motion_planner_testutils:/home/vinayak/ws_moveit2/install/moveit_simple_controller_manager:/home/vinayak/ws_moveit2/install/moveit_ros_occupancy_map_monitor:/home/vinayak/ws_moveit2/install/moveit_resources_prbt_ikfast_manipulator_plugin:/home/vinayak/ws_moveit2/install/moveit_core:/home/vinayak/ws_moveit2/install/moveit_resources_panda_moveit_config:/home/vinayak/ws_moveit2/install/moveit_resources_fanuc_moveit_config:/home/vinayak/ws_moveit2/install/srdfdom:/home/vinayak/ws_moveit2/install/moveit_resources_prbt_support:/home/vinayak/ws_moveit2/install/moveit_resources_pr2_description:/home/vinayak/ws_moveit2/install/moveit_resources_panda_description:/home/vinayak/ws_moveit2/install/moveit_resources_fanuc_description:/home/vinayak/ws_moveit2/install/moveit_common:/opt/ros/humble LD_LIBRARY_PATH=/home/vinayak/ws_moveit2/install/moveit_ros_planning_interface/lib:/home/vinayak/ws_moveit2/install/moveit_ros_move_group/lib:/home/vinayak/ws_moveit2/install/moveit_ros_warehouse/lib:/home/vinayak/ws_moveit2/install/moveit_planners_ompl/lib:/home/vinayak/ws_moveit2/install/moveit_kinematics/lib:/home/vinayak/ws_moveit2/install/moveit_ros_planning/lib:/home/vinayak/ws_moveit2/install/pilz_industrial_motion_planner_testutils/lib:/home/vinayak/ws_moveit2/install/moveit_simple_controller_manager/lib:/home/vinayak/ws_moveit2/install/moveit_ros_occupancy_map_monitor/lib:/home/vinayak/ws_moveit2/install/moveit_resources_prbt_ikfast_manipulator_plugin/lib:/home/vinayak/ws_moveit2/install/moveit_core/lib:/home/vinayak/ws_moveit2/install/srdfdom/lib:${LD_LIBRARY_PATH} PATH=/home/vinayak/ws_moveit2/install/moveit_core/bin:${PATH} PYTHONPATH=/home/vinayak/ws_moveit2/install/moveit_configs_utils/lib/python3.10/site-packages:/home/vinayak/ws_moveit2/install/srdfdom/local/lib/python3.10/dist-packages:/home/vinayak/ws_moveit2/install/launch_param_builder/lib/python3.10/site-packages:${PYTHONPATH} /usr/bin/cmake --install /home/vinayak/ws_moveit2/build/pilz_industrial_motion_planner
