[0.018s] Invoking command in '/home/vinayak/ws_moveit2/build/moveit_core': CMAKE_PREFIX_PATH=/home/vinayak/ws_moveit2/install/moveit_resources_panda_moveit_config:/home/vinayak/ws_moveit2/install/srdfdom:/home/vinayak/ws_moveit2/install/moveit_resources_pr2_description:/home/vinayak/ws_moveit2/install/moveit_resources_panda_description:/home/vinayak/ws_moveit2/install/moveit_common:/home/vinayak/ws_moveit2/install/ur:/home/vinayak/ws_moveit2/install/ur_calibration:/home/vinayak/ws_moveit2/install/ur_robot_driver:/home/vinayak/ws_moveit2/install/ur_moveit_config:/home/vinayak/ws_moveit2/install/ur_bringup:/home/vinayak/ws_moveit2/install/ur_controllers:/home/vinayak/ws_moveit2/install/ur_dashboard_msgs:/home/vinayak/ws_moveit2/install/new_configuration:/home/vinayak/ws_moveit2/install/ur3e:/home/vinayak/ws_moveit2/install/pilz_industrial_motion_planner_testutils:/home/vinayak/ws_moveit2/install/moveit_runtime:/home/vinayak/ws_moveit2/install/moveit2_tutorials:/home/vinayak/ws_moveit2/install/moveit:/home/vinayak/ws_moveit2/install/moveit_planners:/home/vinayak/ws_moveit2/install/pilz_industrial_motion_planner:/home/vinayak/ws_moveit2/install/moveit_visual_tools:/home/vinayak/ws_moveit2/install/moveit_task_constructor_visualization:/home/vinayak/ws_moveit2/install/moveit_task_constructor_demo:/home/vinayak/ws_moveit2/install/moveit_task_constructor_capabilities:/home/vinayak/ws_moveit2/install/moveit_task_constructor_core:/home/vinayak/ws_moveit2/install/moveit_ros_control_interface:/home/vinayak/ws_moveit2/install/moveit_plugins:/home/vinayak/ws_moveit2/install/moveit_simple_controller_manager:/home/vinayak/ws_moveit2/install/moveit_setup_assistant:/home/vinayak/ws_moveit2/install/moveit_setup_srdf_plugins:/home/vinayak/ws_moveit2/install/moveit_setup_core_plugins:/home/vinayak/ws_moveit2/install/moveit_setup_controllers:/home/vinayak/ws_moveit2/install/moveit_setup_app_plugins:/home/vinayak/ws_moveit2/install/moveit_setup_framework:/home/vinayak/ws_moveit2/install/moveit_servo:/home/vinayak/ws_moveit2/install/moveit_ros:/home/vinayak/ws_moveit2/install/moveit_ros_visualization:/home/vinayak/ws_moveit2/install/moveit_hybrid_planning:/home/vinayak/ws_moveit2/install/moveit_ros_planning_interface:/home/vinayak/ws_moveit2/install/moveit_ros_benchmarks:/home/vinayak/ws_moveit2/install/moveit_ros_warehouse:/home/vinayak/ws_moveit2/install/moveit_ros_robot_interaction:/home/vinayak/ws_moveit2/install/moveit_ros_perception:/home/vinayak/ws_moveit2/install/moveit_resources_prbt_pg70_support:/home/vinayak/ws_moveit2/install/moveit_resources_prbt_moveit_config:/home/vinayak/ws_moveit2/install/moveit_ros_move_group:/home/vinayak/ws_moveit2/install/moveit_planners_ompl:/home/vinayak/ws_moveit2/install/moveit_ros_planning:/home/vinayak/ws_moveit2/install/moveit_ros_occupancy_map_monitor:/home/vinayak/ws_moveit2/install/moveit_resources_prbt_ikfast_manipulator_plugin:/home/vinayak/ws_moveit2/install/moveit_planners_chomp:/home/vinayak/ws_moveit2/install/moveit_kinematics:/home/vinayak/ws_moveit2/install/moveit_chomp_optimizer_adapter:/home/vinayak/ws_moveit2/install/chomp_motion_planner:/home/vinayak/ws_moveit2/install/moveit_core:/home/vinayak/ws_moveit2/install/rviz_marker_tools:/home/vinayak/ws_moveit2/install/rosparam_shortcuts:/home/vinayak/ws_moveit2/install/moveit_task_constructor_msgs:/home/vinayak/ws_moveit2/install/moveit_resources_prbt_support:/home/vinayak/ws_moveit2/install/moveit_resources:/home/vinayak/ws_moveit2/install/moveit_resources_fanuc_moveit_config:/home/vinayak/ws_moveit2/install/moveit_resources_fanuc_description:/home/vinayak/ws_moveit2/install/ur3e_motion_package:/home/vinayak/ws_moveit2/install/moveit_configs_utils:/home/vinayak/ws_moveit2/install/launch_param_builder:/opt/ros/humble LD_LIBRARY_PATH=/home/vinayak/ws_moveit2/install/srdfdom/lib:/home/vinayak/ws_moveit2/install/ur_robot_driver/lib:/home/vinayak/ws_moveit2/install/ur_controllers/lib:/home/vinayak/ws_moveit2/install/ur_dashboard_msgs/lib:/home/vinayak/ws_moveit2/install/pilz_industrial_motion_planner_testutils/lib:/home/vinayak/ws_moveit2/install/pilz_industrial_motion_planner/lib:/home/vinayak/ws_moveit2/install/moveit_visual_tools/lib:/home/vinayak/ws_moveit2/install/moveit_task_constructor_visualization/lib:/home/vinayak/ws_moveit2/install/moveit_task_constructor_demo/lib:/home/vinayak/ws_moveit2/install/moveit_task_constructor_capabilities/lib:/home/vinayak/ws_moveit2/install/moveit_task_constructor_core/lib:/home/vinayak/ws_moveit2/install/moveit_ros_control_interface/lib:/home/vinayak/ws_moveit2/install/moveit_simple_controller_manager/lib:/home/vinayak/ws_moveit2/install/moveit_setup_assistant/lib:/home/vinayak/ws_moveit2/install/moveit_setup_srdf_plugins/lib:/home/vinayak/ws_moveit2/install/moveit_setup_core_plugins/lib:/home/vinayak/ws_moveit2/install/moveit_setup_controllers/lib:/home/vinayak/ws_moveit2/install/moveit_setup_app_plugins/lib:/home/vinayak/ws_moveit2/install/moveit_setup_framework/lib:/home/vinayak/ws_moveit2/install/moveit_servo/lib:/home/vinayak/ws_moveit2/install/moveit_ros_visualization/lib:/home/vinayak/ws_moveit2/install/moveit_hybrid_planning/lib:/home/vinayak/ws_moveit2/install/moveit_ros_planning_interface/lib:/home/vinayak/ws_moveit2/install/moveit_ros_benchmarks/lib:/home/vinayak/ws_moveit2/install/moveit_ros_warehouse/lib:/home/vinayak/ws_moveit2/install/moveit_ros_robot_interaction/lib:/home/vinayak/ws_moveit2/install/moveit_ros_perception/lib:/home/vinayak/ws_moveit2/install/moveit_ros_move_group/lib:/home/vinayak/ws_moveit2/install/moveit_planners_ompl/lib:/home/vinayak/ws_moveit2/install/moveit_ros_planning/lib:/home/vinayak/ws_moveit2/install/moveit_ros_occupancy_map_monitor/lib:/home/vinayak/ws_moveit2/install/moveit_resources_prbt_ikfast_manipulator_plugin/lib:/home/vinayak/ws_moveit2/install/moveit_planners_chomp/lib:/home/vinayak/ws_moveit2/install/moveit_kinematics/lib:/home/vinayak/ws_moveit2/install/moveit_chomp_optimizer_adapter/lib:/home/vinayak/ws_moveit2/install/chomp_motion_planner/lib:/home/vinayak/ws_moveit2/install/moveit_core/lib:/home/vinayak/ws_moveit2/install/rviz_marker_tools/lib:/home/vinayak/ws_moveit2/install/rosparam_shortcuts/lib:/home/vinayak/ws_moveit2/install/moveit_task_constructor_msgs/lib:/usr/lib/x86_64-linux-gnu/gazebo-11/plugins:/opt/ros/humble/opt/rviz_ogre_vendor/lib:/opt/ros/humble/lib/x86_64-linux-gnu:/opt/ros/humble/lib:/usr/local/cuda-12.4/lib64 /usr/bin/cmake /home/vinayak/ws_moveit2/src/moveit2/moveit_core -DCMAKE_INSTALL_PREFIX=/home/vinayak/ws_moveit2/install/moveit_core
[0.088s] -- The CXX compiler identification is GNU 11.4.0
[0.096s] -- Detecting CXX compiler ABI info
[0.181s] -- Detecting CXX compiler ABI info - done
[0.188s] -- Check for working CXX compiler: /usr/bin/c++ - skipped
[0.189s] -- Detecting CXX compile features
[0.189s] -- Detecting CXX compile features - done
[0.190s] -- Found moveit_common: 2.5.6 (/home/vinayak/ws_moveit2/install/moveit_common/share/moveit_common/cmake)
[0.194s] -- Found ament_cmake: 1.3.11 (/opt/ros/humble/share/ament_cmake/cmake)
[0.349s] -- Found Python3: /usr/bin/python3 (found version "3.10.12") found components: Interpreter 
[0.523s] [0mmoveit_core: You did not request a specific build type: Choosing 'Release' for maximum performance[0m
[0.526s] -- Found angles: 1.15.0 (/opt/ros/humble/share/angles/cmake)
[0.565s] -- Found Bullet: /usr/lib/x86_64-linux-gnu/libBulletDynamics.so (Required is at least version "2.87") 
[0.569s] -- Found common_interfaces: 4.2.4 (/opt/ros/humble/share/common_interfaces/cmake)
[0.573s] -- Found eigen_stl_containers: 1.1.0 (/opt/ros/humble/share/eigen_stl_containers/cmake)
[0.589s] -- Found eigen3_cmake_module: 0.1.1 (/opt/ros/humble/share/eigen3_cmake_module/cmake)
[0.595s] -- Found Eigen3: TRUE (found version "3.4.0") 
[0.602s] -- Found generate_parameter_library: 0.4.0 (/opt/ros/humble/share/generate_parameter_library/cmake)
[0.611s] -- Found parameter_traits: 0.4.0 (/opt/ros/humble/share/parameter_traits/cmake)
[0.676s] -- Found rosidl_generator_c: 3.1.6 (/opt/ros/humble/share/rosidl_generator_c/cmake)
[0.687s] -- Found rosidl_adapter: 3.1.6 (/opt/ros/humble/share/rosidl_adapter/cmake)
[0.700s] -- Found rosidl_generator_cpp: 3.1.6 (/opt/ros/humble/share/rosidl_generator_cpp/cmake)
[0.720s] -- Using all available rosidl_typesupport_c: rosidl_typesupport_fastrtps_c;rosidl_typesupport_introspection_c
[0.746s] -- Using all available rosidl_typesupport_cpp: rosidl_typesupport_fastrtps_cpp;rosidl_typesupport_introspection_cpp
[0.820s] -- Found rmw_implementation_cmake: 6.1.2 (/opt/ros/humble/share/rmw_implementation_cmake/cmake)
[0.827s] -- Found rmw_fastrtps_cpp: 6.2.7 (/opt/ros/humble/share/rmw_fastrtps_cpp/cmake)
[0.953s] -- Found OpenSSL: /usr/lib/x86_64-linux-gnu/libcrypto.so (found version "3.0.2")  
[0.984s] -- Found FastRTPS: /opt/ros/humble/include  
[1.040s] -- Using RMW implementation 'rmw_fastrtps_cpp' as default
[1.055s] -- Looking for C++ include pthread.h
[1.173s] -- Looking for C++ include pthread.h - found
[1.174s] -- Performing Test CMAKE_HAVE_LIBC_PTHREAD
[1.292s] -- Performing Test CMAKE_HAVE_LIBC_PTHREAD - Success
[1.293s] -- Found Threads: TRUE  
[1.374s] -- Found rclcpp_lifecycle: 16.0.11 (/opt/ros/humble/share/rclcpp_lifecycle/cmake)
[1.403s] -- Found geometric_shapes: 2.3.2 (/opt/ros/humble/share/geometric_shapes/cmake)
[1.420s] -- Found Boost: /usr/lib/x86_64-linux-gnu/cmake/Boost-1.74.0/BoostConfig.cmake (found version "1.74.0") found components: filesystem 
[1.569s] -- library: /usr/lib/x86_64-linux-gnu/libcurl.so
[1.640s] -- Found kdl_parser: 2.6.4 (/opt/ros/humble/share/kdl_parser/cmake)
[1.653s] -- Ensuring Eigen3 include directory is part of orocos-kdl CMake target
[1.661s] -- Found moveit_msgs: 2.2.1 (/opt/ros/humble/share/moveit_msgs/cmake)
[1.803s] -- Found pluginlib: 5.1.0 (/opt/ros/humble/share/pluginlib/cmake)
[1.834s] -- Found srdfdom: 2.0.7 (/home/vinayak/ws_moveit2/install/srdfdom/share/srdfdom/cmake)
[1.855s] -- Found tf2_eigen: 0.25.12 (/opt/ros/humble/share/tf2_eigen/cmake)
[1.953s] -- Found tf2_geometry_msgs: 0.25.12 (/opt/ros/humble/share/tf2_geometry_msgs/cmake)
[1.960s] -- Found tf2_kdl: 0.25.12 (/opt/ros/humble/share/tf2_kdl/cmake)
[2.015s] -- Found Boost: /usr/lib/x86_64-linux-gnu/cmake/Boost-1.74.0/BoostConfig.cmake (found version "1.74.0") found components: chrono date_time filesystem iostreams program_options regex serialization system thread 
[2.017s] --  *** Building MoveIt 2.5.6-Alpha ***
[2.021s] -- Performing Test COMPILER_HAS_HIDDEN_VISIBILITY
[2.131s] -- Performing Test COMPILER_HAS_HIDDEN_VISIBILITY - Success
[2.132s] -- Performing Test COMPILER_HAS_HIDDEN_INLINE_VISIBILITY
[2.241s] -- Performing Test COMPILER_HAS_HIDDEN_INLINE_VISIBILITY - Success
[2.242s] -- Performing Test COMPILER_HAS_DEPRECATED_ATTR
[2.349s] -- Performing Test COMPILER_HAS_DEPRECATED_ATTR - Success
[2.368s] -- Found ament_cmake_gtest: 1.3.11 (/opt/ros/humble/share/ament_cmake_gtest/cmake)
[2.372s] -- Found gtest sources under '/opt/ros/humble/src/gtest_vendor': C++ tests using 'Google Test' will be built
[2.416s] -- The C compiler identification is GNU 11.4.0
[2.424s] -- Detecting C compiler ABI info
[2.522s] -- Detecting C compiler ABI info - done
[2.528s] -- Check for working C compiler: /usr/bin/cc - skipped
[2.529s] -- Detecting C compile features
[2.529s] -- Detecting C compile features - done
[2.562s] -- Found ament_cmake_gmock: 1.3.11 (/opt/ros/humble/share/ament_cmake_gmock/cmake)
[2.568s] -- Found gmock sources under '/opt/ros/humble/src/gmock_vendor': C++ tests using 'Google Mock' will be built
[2.572s] -- Found ament_cmake_gtest: 1.3.11 (/opt/ros/humble/share/ament_cmake_gtest/cmake)
[2.572s] -- Found gtest sources under '/opt/ros/humble/src/gtest_vendor': C++ tests using 'Google Test' will be built
[2.601s] -- Found ament_cmake_gtest: 1.3.11 (/opt/ros/humble/share/ament_cmake_gtest/cmake)
[2.602s] -- Found gtest sources under '/opt/ros/humble/src/gtest_vendor': C++ tests using 'Google Test' will be built
[2.674s] -- Found ament_cmake_gtest: 1.3.11 (/opt/ros/humble/share/ament_cmake_gtest/cmake)
[2.675s] -- Found gtest sources under '/opt/ros/humble/src/gtest_vendor': C++ tests using 'Google Test' will be built
[2.704s] -- Found ament_lint_auto: 0.12.11 (/opt/ros/humble/share/ament_lint_auto/cmake)
[2.704s] -- Found ament_cmake_gtest: 1.3.11 (/opt/ros/humble/share/ament_cmake_gtest/cmake)
[2.705s] -- Found gtest sources under '/opt/ros/humble/src/gtest_vendor': C++ tests using 'Google Test' will be built
[2.753s] -- Found ament_cmake_gtest: 1.3.11 (/opt/ros/humble/share/ament_cmake_gtest/cmake)
[2.754s] -- Found gtest sources under '/opt/ros/humble/src/gtest_vendor': C++ tests using 'Google Test' will be built
[2.792s] -- Found ament_cmake_gtest: 1.3.11 (/opt/ros/humble/share/ament_cmake_gtest/cmake)
[2.793s] -- Found gtest sources under '/opt/ros/humble/src/gtest_vendor': C++ tests using 'Google Test' will be built
[2.818s] -- Found ament_cmake_gtest: 1.3.11 (/opt/ros/humble/share/ament_cmake_gtest/cmake)
[2.819s] -- Found gtest sources under '/opt/ros/humble/src/gtest_vendor': C++ tests using 'Google Test' will be built
[2.839s] -- Found gtest sources under '/opt/ros/humble/src/gtest_vendor': C++ tests using 'Google Test' will be built
[2.861s] -- Found gtest sources under '/opt/ros/humble/src/gtest_vendor': C++ tests using 'Google Test' will be built
[2.888s] -- Found ament_cmake_gtest: 1.3.11 (/opt/ros/humble/share/ament_cmake_gtest/cmake)
[2.889s] -- Found gtest sources under '/opt/ros/humble/src/gtest_vendor': C++ tests using 'Google Test' will be built
[2.945s] -- Found gtest sources under '/opt/ros/humble/src/gtest_vendor': C++ tests using 'Google Test' will be built
[2.984s] -- Found gtest sources under '/opt/ros/humble/src/gtest_vendor': C++ tests using 'Google Test' will be built
[3.014s] -- Found gtest sources under '/opt/ros/humble/src/gtest_vendor': C++ tests using 'Google Test' will be built
[3.021s] -- Found ament_lint_auto: 0.12.11 (/opt/ros/humble/share/ament_lint_auto/cmake)
[3.068s] -- Added test 'cppcheck' to perform static code analysis on C / C++ code
[3.070s] -- Configured cppcheck include dirs: /home/vinayak/ws_moveit2/src/moveit2/moveit_core/exceptions/include;/home/vinayak/ws_moveit2/src/moveit2/moveit_core/collision_detection/include;/home/vinayak/ws_moveit2/src/moveit2/moveit_core/collision_detection_fcl/include;/home/vinayak/ws_moveit2/src/moveit2/moveit_core/collision_detection_bullet/include;/home/vinayak/ws_moveit2/src/moveit2/moveit_core/constraint_samplers/include;/home/vinayak/ws_moveit2/src/moveit2/moveit_core/controller_manager/include;/home/vinayak/ws_moveit2/src/moveit2/moveit_core/distance_field/include;/home/vinayak/ws_moveit2/src/moveit2/moveit_core/collision_distance_field/include;/home/vinayak/ws_moveit2/src/moveit2/moveit_core/dynamics_solver/include;/home/vinayak/ws_moveit2/src/moveit2/moveit_core/kinematics_base/include;/home/vinayak/ws_moveit2/src/moveit2/moveit_core/kinematics_metrics/include;/home/vinayak/ws_moveit2/src/moveit2/moveit_core/robot_model/include;/home/vinayak/ws_moveit2/src/moveit2/moveit_core/transforms/include;/home/vinayak/ws_moveit2/src/moveit2/moveit_core/robot_state/include;/home/vinayak/ws_moveit2/src/moveit2/moveit_core/robot_trajectory/include;/home/vinayak/ws_moveit2/src/moveit2/moveit_core/kinematic_constraints/include;/home/vinayak/ws_moveit2/src/moveit2/moveit_core/macros/include;/home/vinayak/ws_moveit2/src/moveit2/moveit_core/online_signal_smoothing/include;/home/vinayak/ws_moveit2/src/moveit2/moveit_core/planning_interface/include;/home/vinayak/ws_moveit2/src/moveit2/moveit_core/planning_request_adapter/include;/home/vinayak/ws_moveit2/src/moveit2/moveit_core/planning_scene/include;/home/vinayak/ws_moveit2/src/moveit2/moveit_core/sensor_manager/include;/home/vinayak/ws_moveit2/src/moveit2/moveit_core/trajectory_processing/include;/home/vinayak/ws_moveit2/src/moveit2/moveit_core/utils/include
[3.070s] -- Configured cppcheck exclude dirs and/or files: 
[3.074s] -- Added test 'pep257' to check Python code against some of the docstring style conventions in PEP 257
[3.078s] -- Added test 'xmllint' to check XML markup files
[3.083s] -- Configuring done
[3.857s] -- Generating done
[4.039s] -- Build files have been written to: /home/vinayak/ws_moveit2/build/moveit_core
[4.072s] Invoked command in '/home/vinayak/ws_moveit2/build/moveit_core' returned '0': CMAKE_PREFIX_PATH=/home/vinayak/ws_moveit2/install/moveit_resources_panda_moveit_config:/home/vinayak/ws_moveit2/install/srdfdom:/home/vinayak/ws_moveit2/install/moveit_resources_pr2_description:/home/vinayak/ws_moveit2/install/moveit_resources_panda_description:/home/vinayak/ws_moveit2/install/moveit_common:/home/vinayak/ws_moveit2/install/ur:/home/vinayak/ws_moveit2/install/ur_calibration:/home/vinayak/ws_moveit2/install/ur_robot_driver:/home/vinayak/ws_moveit2/install/ur_moveit_config:/home/vinayak/ws_moveit2/install/ur_bringup:/home/vinayak/ws_moveit2/install/ur_controllers:/home/vinayak/ws_moveit2/install/ur_dashboard_msgs:/home/vinayak/ws_moveit2/install/new_configuration:/home/vinayak/ws_moveit2/install/ur3e:/home/vinayak/ws_moveit2/install/pilz_industrial_motion_planner_testutils:/home/vinayak/ws_moveit2/install/moveit_runtime:/home/vinayak/ws_moveit2/install/moveit2_tutorials:/home/vinayak/ws_moveit2/install/moveit:/home/vinayak/ws_moveit2/install/moveit_planners:/home/vinayak/ws_moveit2/install/pilz_industrial_motion_planner:/home/vinayak/ws_moveit2/install/moveit_visual_tools:/home/vinayak/ws_moveit2/install/moveit_task_constructor_visualization:/home/vinayak/ws_moveit2/install/moveit_task_constructor_demo:/home/vinayak/ws_moveit2/install/moveit_task_constructor_capabilities:/home/vinayak/ws_moveit2/install/moveit_task_constructor_core:/home/vinayak/ws_moveit2/install/moveit_ros_control_interface:/home/vinayak/ws_moveit2/install/moveit_plugins:/home/vinayak/ws_moveit2/install/moveit_simple_controller_manager:/home/vinayak/ws_moveit2/install/moveit_setup_assistant:/home/vinayak/ws_moveit2/install/moveit_setup_srdf_plugins:/home/vinayak/ws_moveit2/install/moveit_setup_core_plugins:/home/vinayak/ws_moveit2/install/moveit_setup_controllers:/home/vinayak/ws_moveit2/install/moveit_setup_app_plugins:/home/vinayak/ws_moveit2/install/moveit_setup_framework:/home/vinayak/ws_moveit2/install/moveit_servo:/home/vinayak/ws_moveit2/install/moveit_ros:/home/vinayak/ws_moveit2/install/moveit_ros_visualization:/home/vinayak/ws_moveit2/install/moveit_hybrid_planning:/home/vinayak/ws_moveit2/install/moveit_ros_planning_interface:/home/vinayak/ws_moveit2/install/moveit_ros_benchmarks:/home/vinayak/ws_moveit2/install/moveit_ros_warehouse:/home/vinayak/ws_moveit2/install/moveit_ros_robot_interaction:/home/vinayak/ws_moveit2/install/moveit_ros_perception:/home/vinayak/ws_moveit2/install/moveit_resources_prbt_pg70_support:/home/vinayak/ws_moveit2/install/moveit_resources_prbt_moveit_config:/home/vinayak/ws_moveit2/install/moveit_ros_move_group:/home/vinayak/ws_moveit2/install/moveit_planners_ompl:/home/vinayak/ws_moveit2/install/moveit_ros_planning:/home/vinayak/ws_moveit2/install/moveit_ros_occupancy_map_monitor:/home/vinayak/ws_moveit2/install/moveit_resources_prbt_ikfast_manipulator_plugin:/home/vinayak/ws_moveit2/install/moveit_planners_chomp:/home/vinayak/ws_moveit2/install/moveit_kinematics:/home/vinayak/ws_moveit2/install/moveit_chomp_optimizer_adapter:/home/vinayak/ws_moveit2/install/chomp_motion_planner:/home/vinayak/ws_moveit2/install/moveit_core:/home/vinayak/ws_moveit2/install/rviz_marker_tools:/home/vinayak/ws_moveit2/install/rosparam_shortcuts:/home/vinayak/ws_moveit2/install/moveit_task_constructor_msgs:/home/vinayak/ws_moveit2/install/moveit_resources_prbt_support:/home/vinayak/ws_moveit2/install/moveit_resources:/home/vinayak/ws_moveit2/install/moveit_resources_fanuc_moveit_config:/home/vinayak/ws_moveit2/install/moveit_resources_fanuc_description:/home/vinayak/ws_moveit2/install/ur3e_motion_package:/home/vinayak/ws_moveit2/install/moveit_configs_utils:/home/vinayak/ws_moveit2/install/launch_param_builder:/opt/ros/humble LD_LIBRARY_PATH=/home/vinayak/ws_moveit2/install/srdfdom/lib:/home/vinayak/ws_moveit2/install/ur_robot_driver/lib:/home/vinayak/ws_moveit2/install/ur_controllers/lib:/home/vinayak/ws_moveit2/install/ur_dashboard_msgs/lib:/home/vinayak/ws_moveit2/install/pilz_industrial_motion_planner_testutils/lib:/home/vinayak/ws_moveit2/install/pilz_industrial_motion_planner/lib:/home/vinayak/ws_moveit2/install/moveit_visual_tools/lib:/home/vinayak/ws_moveit2/install/moveit_task_constructor_visualization/lib:/home/vinayak/ws_moveit2/install/moveit_task_constructor_demo/lib:/home/vinayak/ws_moveit2/install/moveit_task_constructor_capabilities/lib:/home/vinayak/ws_moveit2/install/moveit_task_constructor_core/lib:/home/vinayak/ws_moveit2/install/moveit_ros_control_interface/lib:/home/vinayak/ws_moveit2/install/moveit_simple_controller_manager/lib:/home/vinayak/ws_moveit2/install/moveit_setup_assistant/lib:/home/vinayak/ws_moveit2/install/moveit_setup_srdf_plugins/lib:/home/vinayak/ws_moveit2/install/moveit_setup_core_plugins/lib:/home/vinayak/ws_moveit2/install/moveit_setup_controllers/lib:/home/vinayak/ws_moveit2/install/moveit_setup_app_plugins/lib:/home/vinayak/ws_moveit2/install/moveit_setup_framework/lib:/home/vinayak/ws_moveit2/install/moveit_servo/lib:/home/vinayak/ws_moveit2/install/moveit_ros_visualization/lib:/home/vinayak/ws_moveit2/install/moveit_hybrid_planning/lib:/home/vinayak/ws_moveit2/install/moveit_ros_planning_interface/lib:/home/vinayak/ws_moveit2/install/moveit_ros_benchmarks/lib:/home/vinayak/ws_moveit2/install/moveit_ros_warehouse/lib:/home/vinayak/ws_moveit2/install/moveit_ros_robot_interaction/lib:/home/vinayak/ws_moveit2/install/moveit_ros_perception/lib:/home/vinayak/ws_moveit2/install/moveit_ros_move_group/lib:/home/vinayak/ws_moveit2/install/moveit_planners_ompl/lib:/home/vinayak/ws_moveit2/install/moveit_ros_planning/lib:/home/vinayak/ws_moveit2/install/moveit_ros_occupancy_map_monitor/lib:/home/vinayak/ws_moveit2/install/moveit_resources_prbt_ikfast_manipulator_plugin/lib:/home/vinayak/ws_moveit2/install/moveit_planners_chomp/lib:/home/vinayak/ws_moveit2/install/moveit_kinematics/lib:/home/vinayak/ws_moveit2/install/moveit_chomp_optimizer_adapter/lib:/home/vinayak/ws_moveit2/install/chomp_motion_planner/lib:/home/vinayak/ws_moveit2/install/moveit_core/lib:/home/vinayak/ws_moveit2/install/rviz_marker_tools/lib:/home/vinayak/ws_moveit2/install/rosparam_shortcuts/lib:/home/vinayak/ws_moveit2/install/moveit_task_constructor_msgs/lib:/usr/lib/x86_64-linux-gnu/gazebo-11/plugins:/opt/ros/humble/opt/rviz_ogre_vendor/lib:/opt/ros/humble/lib/x86_64-linux-gnu:/opt/ros/humble/lib:/usr/local/cuda-12.4/lib64 /usr/bin/cmake /home/vinayak/ws_moveit2/src/moveit2/moveit_core -DCMAKE_INSTALL_PREFIX=/home/vinayak/ws_moveit2/install/moveit_core
[4.073s] Invoking command in '/home/vinayak/ws_moveit2/build/moveit_core': CMAKE_PREFIX_PATH=/home/vinayak/ws_moveit2/install/moveit_resources_panda_moveit_config:/home/vinayak/ws_moveit2/install/srdfdom:/home/vinayak/ws_moveit2/install/moveit_resources_pr2_description:/home/vinayak/ws_moveit2/install/moveit_resources_panda_description:/home/vinayak/ws_moveit2/install/moveit_common:/home/vinayak/ws_moveit2/install/ur:/home/vinayak/ws_moveit2/install/ur_calibration:/home/vinayak/ws_moveit2/install/ur_robot_driver:/home/vinayak/ws_moveit2/install/ur_moveit_config:/home/vinayak/ws_moveit2/install/ur_bringup:/home/vinayak/ws_moveit2/install/ur_controllers:/home/vinayak/ws_moveit2/install/ur_dashboard_msgs:/home/vinayak/ws_moveit2/install/new_configuration:/home/vinayak/ws_moveit2/install/ur3e:/home/vinayak/ws_moveit2/install/pilz_industrial_motion_planner_testutils:/home/vinayak/ws_moveit2/install/moveit_runtime:/home/vinayak/ws_moveit2/install/moveit2_tutorials:/home/vinayak/ws_moveit2/install/moveit:/home/vinayak/ws_moveit2/install/moveit_planners:/home/vinayak/ws_moveit2/install/pilz_industrial_motion_planner:/home/vinayak/ws_moveit2/install/moveit_visual_tools:/home/vinayak/ws_moveit2/install/moveit_task_constructor_visualization:/home/vinayak/ws_moveit2/install/moveit_task_constructor_demo:/home/vinayak/ws_moveit2/install/moveit_task_constructor_capabilities:/home/vinayak/ws_moveit2/install/moveit_task_constructor_core:/home/vinayak/ws_moveit2/install/moveit_ros_control_interface:/home/vinayak/ws_moveit2/install/moveit_plugins:/home/vinayak/ws_moveit2/install/moveit_simple_controller_manager:/home/vinayak/ws_moveit2/install/moveit_setup_assistant:/home/vinayak/ws_moveit2/install/moveit_setup_srdf_plugins:/home/vinayak/ws_moveit2/install/moveit_setup_core_plugins:/home/vinayak/ws_moveit2/install/moveit_setup_controllers:/home/vinayak/ws_moveit2/install/moveit_setup_app_plugins:/home/vinayak/ws_moveit2/install/moveit_setup_framework:/home/vinayak/ws_moveit2/install/moveit_servo:/home/vinayak/ws_moveit2/install/moveit_ros:/home/vinayak/ws_moveit2/install/moveit_ros_visualization:/home/vinayak/ws_moveit2/install/moveit_hybrid_planning:/home/vinayak/ws_moveit2/install/moveit_ros_planning_interface:/home/vinayak/ws_moveit2/install/moveit_ros_benchmarks:/home/vinayak/ws_moveit2/install/moveit_ros_warehouse:/home/vinayak/ws_moveit2/install/moveit_ros_robot_interaction:/home/vinayak/ws_moveit2/install/moveit_ros_perception:/home/vinayak/ws_moveit2/install/moveit_resources_prbt_pg70_support:/home/vinayak/ws_moveit2/install/moveit_resources_prbt_moveit_config:/home/vinayak/ws_moveit2/install/moveit_ros_move_group:/home/vinayak/ws_moveit2/install/moveit_planners_ompl:/home/vinayak/ws_moveit2/install/moveit_ros_planning:/home/vinayak/ws_moveit2/install/moveit_ros_occupancy_map_monitor:/home/vinayak/ws_moveit2/install/moveit_resources_prbt_ikfast_manipulator_plugin:/home/vinayak/ws_moveit2/install/moveit_planners_chomp:/home/vinayak/ws_moveit2/install/moveit_kinematics:/home/vinayak/ws_moveit2/install/moveit_chomp_optimizer_adapter:/home/vinayak/ws_moveit2/install/chomp_motion_planner:/home/vinayak/ws_moveit2/install/moveit_core:/home/vinayak/ws_moveit2/install/rviz_marker_tools:/home/vinayak/ws_moveit2/install/rosparam_shortcuts:/home/vinayak/ws_moveit2/install/moveit_task_constructor_msgs:/home/vinayak/ws_moveit2/install/moveit_resources_prbt_support:/home/vinayak/ws_moveit2/install/moveit_resources:/home/vinayak/ws_moveit2/install/moveit_resources_fanuc_moveit_config:/home/vinayak/ws_moveit2/install/moveit_resources_fanuc_description:/home/vinayak/ws_moveit2/install/ur3e_motion_package:/home/vinayak/ws_moveit2/install/moveit_configs_utils:/home/vinayak/ws_moveit2/install/launch_param_builder:/opt/ros/humble LD_LIBRARY_PATH=/home/vinayak/ws_moveit2/install/srdfdom/lib:/home/vinayak/ws_moveit2/install/ur_robot_driver/lib:/home/vinayak/ws_moveit2/install/ur_controllers/lib:/home/vinayak/ws_moveit2/install/ur_dashboard_msgs/lib:/home/vinayak/ws_moveit2/install/pilz_industrial_motion_planner_testutils/lib:/home/vinayak/ws_moveit2/install/pilz_industrial_motion_planner/lib:/home/vinayak/ws_moveit2/install/moveit_visual_tools/lib:/home/vinayak/ws_moveit2/install/moveit_task_constructor_visualization/lib:/home/vinayak/ws_moveit2/install/moveit_task_constructor_demo/lib:/home/vinayak/ws_moveit2/install/moveit_task_constructor_capabilities/lib:/home/vinayak/ws_moveit2/install/moveit_task_constructor_core/lib:/home/vinayak/ws_moveit2/install/moveit_ros_control_interface/lib:/home/vinayak/ws_moveit2/install/moveit_simple_controller_manager/lib:/home/vinayak/ws_moveit2/install/moveit_setup_assistant/lib:/home/vinayak/ws_moveit2/install/moveit_setup_srdf_plugins/lib:/home/vinayak/ws_moveit2/install/moveit_setup_core_plugins/lib:/home/vinayak/ws_moveit2/install/moveit_setup_controllers/lib:/home/vinayak/ws_moveit2/install/moveit_setup_app_plugins/lib:/home/vinayak/ws_moveit2/install/moveit_setup_framework/lib:/home/vinayak/ws_moveit2/install/moveit_servo/lib:/home/vinayak/ws_moveit2/install/moveit_ros_visualization/lib:/home/vinayak/ws_moveit2/install/moveit_hybrid_planning/lib:/home/vinayak/ws_moveit2/install/moveit_ros_planning_interface/lib:/home/vinayak/ws_moveit2/install/moveit_ros_benchmarks/lib:/home/vinayak/ws_moveit2/install/moveit_ros_warehouse/lib:/home/vinayak/ws_moveit2/install/moveit_ros_robot_interaction/lib:/home/vinayak/ws_moveit2/install/moveit_ros_perception/lib:/home/vinayak/ws_moveit2/install/moveit_ros_move_group/lib:/home/vinayak/ws_moveit2/install/moveit_planners_ompl/lib:/home/vinayak/ws_moveit2/install/moveit_ros_planning/lib:/home/vinayak/ws_moveit2/install/moveit_ros_occupancy_map_monitor/lib:/home/vinayak/ws_moveit2/install/moveit_resources_prbt_ikfast_manipulator_plugin/lib:/home/vinayak/ws_moveit2/install/moveit_planners_chomp/lib:/home/vinayak/ws_moveit2/install/moveit_kinematics/lib:/home/vinayak/ws_moveit2/install/moveit_chomp_optimizer_adapter/lib:/home/vinayak/ws_moveit2/install/chomp_motion_planner/lib:/home/vinayak/ws_moveit2/install/moveit_core/lib:/home/vinayak/ws_moveit2/install/rviz_marker_tools/lib:/home/vinayak/ws_moveit2/install/rosparam_shortcuts/lib:/home/vinayak/ws_moveit2/install/moveit_task_constructor_msgs/lib:/usr/lib/x86_64-linux-gnu/gazebo-11/plugins:/opt/ros/humble/opt/rviz_ogre_vendor/lib:/opt/ros/humble/lib/x86_64-linux-gnu:/opt/ros/humble/lib:/usr/local/cuda-12.4/lib64 /usr/bin/cmake --build /home/vinayak/ws_moveit2/build/moveit_core
[4.139s] [  1%] [32mBuilding CXX object transforms/CMakeFiles/moveit_transforms.dir/src/transforms.cpp.o[0m
[10.252s] [  1%] [32m[1mLinking CXX shared library libmoveit_transforms.so[0m
[10.407s] [  1%] Built target moveit_transforms
[10.433s] [  2%] [32mBuilding CXX object distance_field/CMakeFiles/moveit_distance_field.dir/src/distance_field.cpp.o[0m
[16.852s] [  3%] [32mBuilding CXX object distance_field/CMakeFiles/moveit_distance_field.dir/src/find_internal_points.cpp.o[0m
[18.194s] [  3%] [32mBuilding CXX object distance_field/CMakeFiles/moveit_distance_field.dir/src/propagation_distance_field.cpp.o[0m
[24.382s] [  4%] [32m[1mLinking CXX shared library libmoveit_distance_field.so[0m
[24.550s] [  4%] Built target moveit_distance_field
[24.576s] [  5%] [32mBuilding CXX object utils/CMakeFiles/moveit_utils.dir/src/lexical_casts.cpp.o[0m
[25.030s] [  5%] [32mBuilding CXX object utils/CMakeFiles/moveit_utils.dir/src/message_checks.cpp.o[0m
[25.990s] [  6%] [32mBuilding CXX object utils/CMakeFiles/moveit_utils.dir/src/rclcpp_utils.cpp.o[0m
[26.228s] [  7%] [32m[1mLinking CXX shared library libmoveit_utils.so[0m
[26.896s] [  7%] Built target moveit_utils
[26.920s] [  7%] [32mBuilding CXX object gtest/CMakeFiles/gtest.dir/src/gtest-all.cc.o[0m
[34.067s] [  8%] [32m[1mLinking CXX static library libgtest.a[0m
[34.139s] [  8%] Built target gtest
[34.165s] [  9%] [32mBuilding CXX object gtest/CMakeFiles/gtest_main.dir/src/gtest_main.cc.o[0m
[35.017s] [  9%] [32m[1mLinking CXX static library libgtest_main.a[0m
[35.085s] [  9%] Built target gtest_main
[35.110s] [  9%] [32mBuilding CXX object gmock/CMakeFiles/gmock.dir/opt/ros/humble/src/gtest_vendor/src/gtest-all.cc.o[0m
[41.766s] [ 10%] [32mBuilding CXX object gmock/CMakeFiles/gmock.dir/src/gmock-all.cc.o[0m
[44.853s] [ 11%] [32m[1mLinking CXX static library libgmock.a[0m
[44.928s] [ 11%] Built target gmock
[44.953s] [ 11%] [32mBuilding CXX object gmock/CMakeFiles/gmock_main.dir/src/gmock_main.cc.o[0m
[46.078s] [ 12%] [32m[1mLinking CXX static library libgmock_main.a[0m
[46.145s] [ 12%] Built target gmock_main
[46.170s] [ 13%] [32mBuilding CXX object distance_field/CMakeFiles/test_voxel_grid.dir/test/test_voxel_grid.cpp.o[0m
[50.063s] [ 13%] [32m[1mLinking CXX executable test_voxel_grid[0m
[50.247s] [ 13%] Built target test_voxel_grid
[50.273s] [ 14%] [32mBuilding CXX object distance_field/CMakeFiles/test_distance_field.dir/test/test_distance_field.cpp.o[0m
[59.079s] [ 14%] [32m[1mLinking CXX executable test_distance_field[0m
[59.350s] [ 14%] Built target test_distance_field
[59.380s] [ 15%] [32mBuilding CXX object online_signal_smoothing/CMakeFiles/moveit_smoothing_base.dir/src/smoothing_base_class.cpp.o[0m
[61.989s] [ 15%] [32m[1mLinking CXX shared library libmoveit_smoothing_base.so[0m
[62.104s] [ 15%] Built target moveit_smoothing_base
[62.129s] [ 16%] [34m[1mRunning `/opt/ros/humble/bin/generate_parameter_library_cpp /home/vinayak/ws_moveit2/build/moveit_core/online_signal_smoothing/include/moveit_core/moveit_butterworth_parameters.hpp /home/vinayak/ws_moveit2/src/moveit2/moveit_core/online_signal_smoothing/src/butterworth_parameters.yaml `[0m
[62.282s] [ 17%] [34m[1mCreating deprecated header file /home/vinayak/ws_moveit2/build/moveit_core/online_signal_smoothing/include/moveit_butterworth_parameters.hpp[0m
[62.333s] [ 17%] Built target moveit_butterworth_parameters
[62.359s] [ 17%] [32mBuilding CXX object transforms/CMakeFiles/test_transforms.dir/test/test_transforms.cpp.o[0m
[64.991s] [ 18%] [32m[1mLinking CXX executable test_transforms[0m
[65.130s] [ 18%] Built target test_transforms
[65.155s] [ 18%] [32mBuilding CXX object version/CMakeFiles/moveit_version.dir/version.cpp.o[0m
[65.195s] [ 19%] [32m[1mLinking CXX executable moveit_version[0m
[65.272s] [ 19%] Built target moveit_version
[65.298s] [ 20%] [32mBuilding CXX object kinematics_base/CMakeFiles/moveit_kinematics_base.dir/src/kinematics_base.cpp.o[0m
[69.290s] [ 20%] [32m[1mLinking CXX shared library libmoveit_kinematics_base.so[0m
[69.420s] [ 20%] Built target moveit_kinematics_base
[69.445s] [ 21%] [32mBuilding CXX object exceptions/CMakeFiles/moveit_exceptions.dir/src/exceptions.cpp.o[0m
[70.075s] [ 21%] [32m[1mLinking CXX shared library libmoveit_exceptions.so[0m
[70.190s] [ 21%] Built target moveit_exceptions
[70.216s] [ 21%] [32mBuilding CXX object robot_model/CMakeFiles/moveit_robot_model.dir/src/aabb.cpp.o[0m
[72.168s] [ 22%] [32mBuilding CXX object robot_model/CMakeFiles/moveit_robot_model.dir/src/joint_model.cpp.o[0m
[74.763s] [ 22%] [32mBuilding CXX object robot_model/CMakeFiles/moveit_robot_model.dir/src/joint_model_group.cpp.o[0m
[80.418s] [ 23%] [32mBuilding CXX object robot_model/CMakeFiles/moveit_robot_model.dir/src/link_model.cpp.o[0m
[84.049s] [ 24%] [32mBuilding CXX object robot_model/CMakeFiles/moveit_robot_model.dir/src/planar_joint_model.cpp.o[0m
[87.288s] [ 24%] [32mBuilding CXX object robot_model/CMakeFiles/moveit_robot_model.dir/src/prismatic_joint_model.cpp.o[0m
[88.917s] [ 25%] [32mBuilding CXX object robot_model/CMakeFiles/moveit_robot_model.dir/src/revolute_joint_model.cpp.o[0m
[91.413s] [ 25%] [32mBuilding CXX object robot_model/CMakeFiles/moveit_robot_model.dir/src/robot_model.cpp.o[0m
[99.176s] [ 25%] [32mBuilding CXX object robot_model/CMakeFiles/moveit_robot_model.dir/src/floating_joint_model.cpp.o[0m
[102.329s] [ 26%] [32mBuilding CXX object robot_model/CMakeFiles/moveit_robot_model.dir/src/fixed_joint_model.cpp.o[0m
[103.690s] [ 27%] [32m[1mLinking CXX shared library libmoveit_robot_model.so[0m
[103.882s] [ 27%] Built target moveit_robot_model
[103.907s] [ 28%] [32mBuilding CXX object robot_state/CMakeFiles/moveit_robot_state.dir/src/attached_body.cpp.o[0m
[107.216s] [ 28%] [32mBuilding CXX object robot_state/CMakeFiles/moveit_robot_state.dir/src/conversions.cpp.o[0m
[116.571s] [ 29%] [32mBuilding CXX object robot_state/CMakeFiles/moveit_robot_state.dir/src/robot_state.cpp.o[0m
[136.116s] [ 29%] [32mBuilding CXX object robot_state/CMakeFiles/moveit_robot_state.dir/src/cartesian_interpolator.cpp.o[0m
[137.640s] gmake[2]: *** [robot_state/CMakeFiles/moveit_robot_state.dir/build.make:118: robot_state/CMakeFiles/moveit_robot_state.dir/src/cartesian_interpolator.cpp.o] Interrupt
[137.640s] gmake[1]: *** [CMakeFiles/Makefile2:1653: robot_state/CMakeFiles/moveit_robot_state.dir/all] Interrupt
[137.640s] gmake: *** [Makefile:146: all] Interrupt
[137.653s] Invoked command in '/home/vinayak/ws_moveit2/build/moveit_core' returned '-2': CMAKE_PREFIX_PATH=/home/vinayak/ws_moveit2/install/moveit_resources_panda_moveit_config:/home/vinayak/ws_moveit2/install/srdfdom:/home/vinayak/ws_moveit2/install/moveit_resources_pr2_description:/home/vinayak/ws_moveit2/install/moveit_resources_panda_description:/home/vinayak/ws_moveit2/install/moveit_common:/home/vinayak/ws_moveit2/install/ur:/home/vinayak/ws_moveit2/install/ur_calibration:/home/vinayak/ws_moveit2/install/ur_robot_driver:/home/vinayak/ws_moveit2/install/ur_moveit_config:/home/vinayak/ws_moveit2/install/ur_bringup:/home/vinayak/ws_moveit2/install/ur_controllers:/home/vinayak/ws_moveit2/install/ur_dashboard_msgs:/home/vinayak/ws_moveit2/install/new_configuration:/home/vinayak/ws_moveit2/install/ur3e:/home/vinayak/ws_moveit2/install/pilz_industrial_motion_planner_testutils:/home/vinayak/ws_moveit2/install/moveit_runtime:/home/vinayak/ws_moveit2/install/moveit2_tutorials:/home/vinayak/ws_moveit2/install/moveit:/home/vinayak/ws_moveit2/install/moveit_planners:/home/vinayak/ws_moveit2/install/pilz_industrial_motion_planner:/home/vinayak/ws_moveit2/install/moveit_visual_tools:/home/vinayak/ws_moveit2/install/moveit_task_constructor_visualization:/home/vinayak/ws_moveit2/install/moveit_task_constructor_demo:/home/vinayak/ws_moveit2/install/moveit_task_constructor_capabilities:/home/vinayak/ws_moveit2/install/moveit_task_constructor_core:/home/vinayak/ws_moveit2/install/moveit_ros_control_interface:/home/vinayak/ws_moveit2/install/moveit_plugins:/home/vinayak/ws_moveit2/install/moveit_simple_controller_manager:/home/vinayak/ws_moveit2/install/moveit_setup_assistant:/home/vinayak/ws_moveit2/install/moveit_setup_srdf_plugins:/home/vinayak/ws_moveit2/install/moveit_setup_core_plugins:/home/vinayak/ws_moveit2/install/moveit_setup_controllers:/home/vinayak/ws_moveit2/install/moveit_setup_app_plugins:/home/vinayak/ws_moveit2/install/moveit_setup_framework:/home/vinayak/ws_moveit2/install/moveit_servo:/home/vinayak/ws_moveit2/install/moveit_ros:/home/vinayak/ws_moveit2/install/moveit_ros_visualization:/home/vinayak/ws_moveit2/install/moveit_hybrid_planning:/home/vinayak/ws_moveit2/install/moveit_ros_planning_interface:/home/vinayak/ws_moveit2/install/moveit_ros_benchmarks:/home/vinayak/ws_moveit2/install/moveit_ros_warehouse:/home/vinayak/ws_moveit2/install/moveit_ros_robot_interaction:/home/vinayak/ws_moveit2/install/moveit_ros_perception:/home/vinayak/ws_moveit2/install/moveit_resources_prbt_pg70_support:/home/vinayak/ws_moveit2/install/moveit_resources_prbt_moveit_config:/home/vinayak/ws_moveit2/install/moveit_ros_move_group:/home/vinayak/ws_moveit2/install/moveit_planners_ompl:/home/vinayak/ws_moveit2/install/moveit_ros_planning:/home/vinayak/ws_moveit2/install/moveit_ros_occupancy_map_monitor:/home/vinayak/ws_moveit2/install/moveit_resources_prbt_ikfast_manipulator_plugin:/home/vinayak/ws_moveit2/install/moveit_planners_chomp:/home/vinayak/ws_moveit2/install/moveit_kinematics:/home/vinayak/ws_moveit2/install/moveit_chomp_optimizer_adapter:/home/vinayak/ws_moveit2/install/chomp_motion_planner:/home/vinayak/ws_moveit2/install/moveit_core:/home/vinayak/ws_moveit2/install/rviz_marker_tools:/home/vinayak/ws_moveit2/install/rosparam_shortcuts:/home/vinayak/ws_moveit2/install/moveit_task_constructor_msgs:/home/vinayak/ws_moveit2/install/moveit_resources_prbt_support:/home/vinayak/ws_moveit2/install/moveit_resources:/home/vinayak/ws_moveit2/install/moveit_resources_fanuc_moveit_config:/home/vinayak/ws_moveit2/install/moveit_resources_fanuc_description:/home/vinayak/ws_moveit2/install/ur3e_motion_package:/home/vinayak/ws_moveit2/install/moveit_configs_utils:/home/vinayak/ws_moveit2/install/launch_param_builder:/opt/ros/humble LD_LIBRARY_PATH=/home/vinayak/ws_moveit2/install/srdfdom/lib:/home/vinayak/ws_moveit2/install/ur_robot_driver/lib:/home/vinayak/ws_moveit2/install/ur_controllers/lib:/home/vinayak/ws_moveit2/install/ur_dashboard_msgs/lib:/home/vinayak/ws_moveit2/install/pilz_industrial_motion_planner_testutils/lib:/home/vinayak/ws_moveit2/install/pilz_industrial_motion_planner/lib:/home/vinayak/ws_moveit2/install/moveit_visual_tools/lib:/home/vinayak/ws_moveit2/install/moveit_task_constructor_visualization/lib:/home/vinayak/ws_moveit2/install/moveit_task_constructor_demo/lib:/home/vinayak/ws_moveit2/install/moveit_task_constructor_capabilities/lib:/home/vinayak/ws_moveit2/install/moveit_task_constructor_core/lib:/home/vinayak/ws_moveit2/install/moveit_ros_control_interface/lib:/home/vinayak/ws_moveit2/install/moveit_simple_controller_manager/lib:/home/vinayak/ws_moveit2/install/moveit_setup_assistant/lib:/home/vinayak/ws_moveit2/install/moveit_setup_srdf_plugins/lib:/home/vinayak/ws_moveit2/install/moveit_setup_core_plugins/lib:/home/vinayak/ws_moveit2/install/moveit_setup_controllers/lib:/home/vinayak/ws_moveit2/install/moveit_setup_app_plugins/lib:/home/vinayak/ws_moveit2/install/moveit_setup_framework/lib:/home/vinayak/ws_moveit2/install/moveit_servo/lib:/home/vinayak/ws_moveit2/install/moveit_ros_visualization/lib:/home/vinayak/ws_moveit2/install/moveit_hybrid_planning/lib:/home/vinayak/ws_moveit2/install/moveit_ros_planning_interface/lib:/home/vinayak/ws_moveit2/install/moveit_ros_benchmarks/lib:/home/vinayak/ws_moveit2/install/moveit_ros_warehouse/lib:/home/vinayak/ws_moveit2/install/moveit_ros_robot_interaction/lib:/home/vinayak/ws_moveit2/install/moveit_ros_perception/lib:/home/vinayak/ws_moveit2/install/moveit_ros_move_group/lib:/home/vinayak/ws_moveit2/install/moveit_planners_ompl/lib:/home/vinayak/ws_moveit2/install/moveit_ros_planning/lib:/home/vinayak/ws_moveit2/install/moveit_ros_occupancy_map_monitor/lib:/home/vinayak/ws_moveit2/install/moveit_resources_prbt_ikfast_manipulator_plugin/lib:/home/vinayak/ws_moveit2/install/moveit_planners_chomp/lib:/home/vinayak/ws_moveit2/install/moveit_kinematics/lib:/home/vinayak/ws_moveit2/install/moveit_chomp_optimizer_adapter/lib:/home/vinayak/ws_moveit2/install/chomp_motion_planner/lib:/home/vinayak/ws_moveit2/install/moveit_core/lib:/home/vinayak/ws_moveit2/install/rviz_marker_tools/lib:/home/vinayak/ws_moveit2/install/rosparam_shortcuts/lib:/home/vinayak/ws_moveit2/install/moveit_task_constructor_msgs/lib:/usr/lib/x86_64-linux-gnu/gazebo-11/plugins:/opt/ros/humble/opt/rviz_ogre_vendor/lib:/opt/ros/humble/lib/x86_64-linux-gnu:/opt/ros/humble/lib:/usr/local/cuda-12.4/lib64 /usr/bin/cmake --build /home/vinayak/ws_moveit2/build/moveit_core
