[0.009s] Invoking command in '/home/vinayak/ws_moveit2/build/rosparam_shortcuts': CMAKE_PREFIX_PATH=${CMAKE_PREFIX_PATH}:/home/vinayak/ws_moveit2/install/ur3e_motion_package:/home/vinayak/ws_moveit2/install/moveit_configs_utils:/home/vinayak/ws_moveit2/install/launch_param_builder:/opt/ros/humble /usr/bin/cmake /home/vinayak/ws_moveit2/src/rosparam_shortcuts -DCMAKE_INSTALL_PREFIX=/home/vinayak/ws_moveit2/install/rosparam_shortcuts
[0.069s] -- The C compiler identification is GNU 11.4.0
[0.123s] -- The CXX compiler identification is GNU 11.4.0
[0.131s] -- Detecting C compiler ABI info
[0.203s] -- Detecting C compiler ABI info - done
[0.210s] -- Check for working C compiler: /usr/bin/cc - skipped
[0.210s] -- Detecting C compile features
[0.210s] -- Detecting C compile features - done
[0.213s] -- Detecting CXX compiler ABI info
[0.297s] -- Detecting CXX compiler ABI info - done
[0.303s] -- Check for working CXX compiler: /usr/bin/c++ - skipped
[0.304s] -- Detecting CXX compile features
[0.304s] -- Detecting CXX compile features - done
[0.307s] -- Found ament_cmake: 1.3.11 (/opt/ros/humble/share/ament_cmake/cmake)
[0.454s] -- Found Python3: /usr/bin/python3 (found version "3.10.12") found components: Interpreter 
[0.550s] -- Found eigen3_cmake_module: 0.1.1 (/opt/ros/humble/share/eigen3_cmake_module/cmake)
[0.559s] -- Found Eigen3: TRUE (found version "3.4.0") 
[0.561s] -- Found geometry_msgs: 4.2.4 (/opt/ros/humble/share/geometry_msgs/cmake)
[0.606s] -- Found rosidl_generator_c: 3.1.6 (/opt/ros/humble/share/rosidl_generator_c/cmake)
[0.613s] -- Found rosidl_adapter: 3.1.6 (/opt/ros/humble/share/rosidl_adapter/cmake)
[0.623s] -- Found rosidl_generator_cpp: 3.1.6 (/opt/ros/humble/share/rosidl_generator_cpp/cmake)
[0.638s] -- Using all available rosidl_typesupport_c: rosidl_typesupport_fastrtps_c;rosidl_typesupport_introspection_c
[0.658s] -- Using all available rosidl_typesupport_cpp: rosidl_typesupport_fastrtps_cpp;rosidl_typesupport_introspection_cpp
[0.705s] -- Found rclcpp: 16.0.11 (/opt/ros/humble/share/rclcpp/cmake)
[0.749s] -- Found rmw_implementation_cmake: 6.1.2 (/opt/ros/humble/share/rmw_implementation_cmake/cmake)
[0.755s] -- Found rmw_fastrtps_cpp: 6.2.7 (/opt/ros/humble/share/rmw_fastrtps_cpp/cmake)
[0.867s] -- Found OpenSSL: /usr/lib/x86_64-linux-gnu/libcrypto.so (found version "3.0.2")  
[0.898s] -- Found FastRTPS: /opt/ros/humble/include  
[0.945s] -- Using RMW implementation 'rmw_fastrtps_cpp' as default
[0.956s] -- Looking for pthread.h
[1.033s] -- Looking for pthread.h - found
[1.033s] -- Performing Test CMAKE_HAVE_LIBC_PTHREAD
[1.111s] -- Performing Test CMAKE_HAVE_LIBC_PTHREAD - Success
[1.112s] -- Found Threads: TRUE  
[1.153s] -- Found tf2_eigen: 0.25.12 (/opt/ros/humble/share/tf2_eigen/cmake)
[1.287s] -- Found ament_lint_auto: 0.12.11 (/opt/ros/humble/share/ament_lint_auto/cmake)
[1.290s] -- Found ament_cmake_gtest: 1.3.11 (/opt/ros/humble/share/ament_cmake_gtest/cmake)
[1.293s] -- Found ros_testing: 0.4.0 (/opt/ros/humble/share/ros_testing/cmake)
[1.295s] -- Found launch_testing_ament_cmake: 1.0.7 (/opt/ros/humble/share/launch_testing_ament_cmake/cmake)
[1.297s] -- Found python_cmake_module: 0.10.0 (/opt/ros/humble/share/python_cmake_module/cmake)
[1.320s] -- Found PythonInterp: /usr/bin/python3 (found suitable version "3.10.12", minimum required is "3.6") 
[1.327s] -- Found PythonLibs: /usr/lib/x86_64-linux-gnu/libpython3.10.so (found suitable version "3.10.12", minimum required is "3.5") 
[1.327s] -- Using PYTHON_EXECUTABLE: /usr/bin/python3
[1.327s] -- Using PYTHON_INCLUDE_DIRS: /usr/include/python3.10
[1.327s] -- Using PYTHON_LIBRARIES: /usr/lib/x86_64-linux-gnu/libpython3.10.so
[1.348s] -- Found PythonExtra: .so  
[1.423s] -- Found gtest sources under '/opt/ros/humble/src/gtest_vendor': C++ tests using 'Google Test' will be built
[1.436s] -- Added test 'copyright' to check source files copyright and LICENSE
[1.438s] -- Added test 'lint_cmake' to check CMake code style
[1.440s] -- Added test 'pep257' to check Python code against some of the docstring style conventions in PEP 257
[1.442s] -- Added test 'xmllint' to check XML markup files
[1.445s] -- Configuring done
[1.469s] -- Generating done
[1.478s] -- Build files have been written to: /home/vinayak/ws_moveit2/build/rosparam_shortcuts
[1.486s] Invoked command in '/home/vinayak/ws_moveit2/build/rosparam_shortcuts' returned '0': CMAKE_PREFIX_PATH=${CMAKE_PREFIX_PATH}:/home/vinayak/ws_moveit2/install/ur3e_motion_package:/home/vinayak/ws_moveit2/install/moveit_configs_utils:/home/vinayak/ws_moveit2/install/launch_param_builder:/opt/ros/humble /usr/bin/cmake /home/vinayak/ws_moveit2/src/rosparam_shortcuts -DCMAKE_INSTALL_PREFIX=/home/vinayak/ws_moveit2/install/rosparam_shortcuts
[1.488s] Invoking command in '/home/vinayak/ws_moveit2/build/rosparam_shortcuts': CMAKE_PREFIX_PATH=${CMAKE_PREFIX_PATH}:/home/vinayak/ws_moveit2/install/ur3e_motion_package:/home/vinayak/ws_moveit2/install/moveit_configs_utils:/home/vinayak/ws_moveit2/install/launch_param_builder:/opt/ros/humble /usr/bin/cmake --build /home/vinayak/ws_moveit2/build/rosparam_shortcuts
[1.544s] [  7%] [32mBuilding CXX object CMakeFiles/rosparam_shortcuts.dir/src/node_parameters.cpp.o[0m
[4.173s] [ 15%] [32mBuilding CXX object CMakeFiles/rosparam_shortcuts.dir/src/rosparam_shortcuts.cpp.o[0m
[8.835s] [ 23%] [32m[1mLinking CXX shared library librosparam_shortcuts.so[0m
[8.992s] [ 23%] Built target rosparam_shortcuts
[9.016s] [ 30%] [32mBuilding CXX object gtest/CMakeFiles/gtest.dir/src/gtest-all.cc.o[0m
[11.696s] [ 38%] [32m[1mLinking CXX static library libgtest.a[0m
[11.802s] [ 38%] Built target gtest
[11.827s] [ 46%] [32mBuilding CXX object CMakeFiles/rosparam_shortcuts_node_parameters_example.dir/src/node_parameters_example.cpp.o[0m
[14.844s] [ 53%] [32m[1mLinking CXX executable node_parameters_example[0m
[14.990s] [ 53%] Built target rosparam_shortcuts_node_parameters_example
[15.014s] [ 61%] [32mBuilding CXX object CMakeFiles/rosparam_shortcuts_example.dir/src/example.cpp.o[0m
[18.432s] [ 69%] [32m[1mLinking CXX executable example[0m
[18.604s] [ 69%] Built target rosparam_shortcuts_example
[18.628s] [ 76%] [32mBuilding CXX object gtest/CMakeFiles/gtest_main.dir/src/gtest_main.cc.o[0m
[19.484s] [ 84%] [32m[1mLinking CXX static library libgtest_main.a[0m
[19.553s] [ 84%] Built target gtest_main
[19.578s] [ 92%] [32mBuilding CXX object CMakeFiles/test_node_parameters.dir/test/test_node_parameters.cpp.o[0m
[23.967s] [100%] [32m[1mLinking CXX executable test_node_parameters[0m
[24.173s] [100%] Built target test_node_parameters
[24.184s] Invoked command in '/home/vinayak/ws_moveit2/build/rosparam_shortcuts' returned '0': CMAKE_PREFIX_PATH=${CMAKE_PREFIX_PATH}:/home/vinayak/ws_moveit2/install/ur3e_motion_package:/home/vinayak/ws_moveit2/install/moveit_configs_utils:/home/vinayak/ws_moveit2/install/launch_param_builder:/opt/ros/humble /usr/bin/cmake --build /home/vinayak/ws_moveit2/build/rosparam_shortcuts
[24.185s] Invoking command in '/home/vinayak/ws_moveit2/build/rosparam_shortcuts': CMAKE_PREFIX_PATH=${CMAKE_PREFIX_PATH}:/home/vinayak/ws_moveit2/install/ur3e_motion_package:/home/vinayak/ws_moveit2/install/moveit_configs_utils:/home/vinayak/ws_moveit2/install/launch_param_builder:/opt/ros/humble /usr/bin/cmake --install /home/vinayak/ws_moveit2/build/rosparam_shortcuts
[24.192s] -- Install configuration: ""
[24.193s] -- Installing: /home/vinayak/ws_moveit2/install/rosparam_shortcuts/lib/librosparam_shortcuts.so
[24.194s] -- Set runtime path of "/home/vinayak/ws_moveit2/install/rosparam_shortcuts/lib/librosparam_shortcuts.so" to ""
[24.194s] -- Installing: /home/vinayak/ws_moveit2/install/rosparam_shortcuts/lib/rosparam_shortcuts/example
[24.194s] -- Set runtime path of "/home/vinayak/ws_moveit2/install/rosparam_shortcuts/lib/rosparam_shortcuts/example" to ""
[24.194s] -- Installing: /home/vinayak/ws_moveit2/install/rosparam_shortcuts/lib/rosparam_shortcuts/node_parameters_example
[24.195s] -- Set runtime path of "/home/vinayak/ws_moveit2/install/rosparam_shortcuts/lib/rosparam_shortcuts/node_parameters_example" to ""
[24.195s] -- Installing: /home/vinayak/ws_moveit2/install/rosparam_shortcuts/include
[24.195s] -- Installing: /home/vinayak/ws_moveit2/install/rosparam_shortcuts/include/rosparam_shortcuts
[24.195s] -- Installing: /home/vinayak/ws_moveit2/install/rosparam_shortcuts/include/rosparam_shortcuts/rosparam_shortcuts.h
[24.195s] -- Installing: /home/vinayak/ws_moveit2/install/rosparam_shortcuts/include/rosparam_shortcuts/node_parameters.h
[24.195s] -- Installing: /home/vinayak/ws_moveit2/install/rosparam_shortcuts/share/rosparam_shortcuts/launch
[24.195s] -- Installing: /home/vinayak/ws_moveit2/install/rosparam_shortcuts/share/rosparam_shortcuts/launch/example.launch.py
[24.196s] -- Installing: /home/vinayak/ws_moveit2/install/rosparam_shortcuts/share/rosparam_shortcuts/config
[24.196s] -- Installing: /home/vinayak/ws_moveit2/install/rosparam_shortcuts/share/rosparam_shortcuts/config/example.yaml
[24.196s] -- Installing: /home/vinayak/ws_moveit2/install/rosparam_shortcuts/share/rosparam_shortcuts/environment/library_path.sh
[24.196s] -- Installing: /home/vinayak/ws_moveit2/install/rosparam_shortcuts/share/rosparam_shortcuts/environment/library_path.dsv
[24.196s] -- Installing: /home/vinayak/ws_moveit2/install/rosparam_shortcuts/share/ament_index/resource_index/package_run_dependencies/rosparam_shortcuts
[24.196s] -- Installing: /home/vinayak/ws_moveit2/install/rosparam_shortcuts/share/ament_index/resource_index/parent_prefix_path/rosparam_shortcuts
[24.196s] -- Installing: /home/vinayak/ws_moveit2/install/rosparam_shortcuts/share/rosparam_shortcuts/environment/ament_prefix_path.sh
[24.196s] -- Installing: /home/vinayak/ws_moveit2/install/rosparam_shortcuts/share/rosparam_shortcuts/environment/ament_prefix_path.dsv
[24.197s] -- Installing: /home/vinayak/ws_moveit2/install/rosparam_shortcuts/share/rosparam_shortcuts/environment/path.sh
[24.197s] -- Installing: /home/vinayak/ws_moveit2/install/rosparam_shortcuts/share/rosparam_shortcuts/environment/path.dsv
[24.197s] -- Installing: /home/vinayak/ws_moveit2/install/rosparam_shortcuts/share/rosparam_shortcuts/local_setup.bash
[24.197s] -- Installing: /home/vinayak/ws_moveit2/install/rosparam_shortcuts/share/rosparam_shortcuts/local_setup.sh
[24.197s] -- Installing: /home/vinayak/ws_moveit2/install/rosparam_shortcuts/share/rosparam_shortcuts/local_setup.zsh
[24.197s] -- Installing: /home/vinayak/ws_moveit2/install/rosparam_shortcuts/share/rosparam_shortcuts/local_setup.dsv
[24.197s] -- Installing: /home/vinayak/ws_moveit2/install/rosparam_shortcuts/share/rosparam_shortcuts/package.dsv
[24.197s] -- Installing: /home/vinayak/ws_moveit2/install/rosparam_shortcuts/share/ament_index/resource_index/packages/rosparam_shortcuts
[24.198s] -- Installing: /home/vinayak/ws_moveit2/install/rosparam_shortcuts/share/rosparam_shortcuts/cmake/export_rosparam_shortcutsExport.cmake
[24.198s] -- Installing: /home/vinayak/ws_moveit2/install/rosparam_shortcuts/share/rosparam_shortcuts/cmake/export_rosparam_shortcutsExport-noconfig.cmake
[24.198s] -- Installing: /home/vinayak/ws_moveit2/install/rosparam_shortcuts/share/rosparam_shortcuts/cmake/ament_cmake_export_targets-extras.cmake
[24.198s] -- Installing: /home/vinayak/ws_moveit2/install/rosparam_shortcuts/share/rosparam_shortcuts/cmake/ament_cmake_export_dependencies-extras.cmake
[24.198s] -- Installing: /home/vinayak/ws_moveit2/install/rosparam_shortcuts/share/rosparam_shortcuts/cmake/rosparam_shortcutsConfig.cmake
[24.198s] -- Installing: /home/vinayak/ws_moveit2/install/rosparam_shortcuts/share/rosparam_shortcuts/cmake/rosparam_shortcutsConfig-version.cmake
[24.198s] -- Installing: /home/vinayak/ws_moveit2/install/rosparam_shortcuts/share/rosparam_shortcuts/package.xml
[24.200s] Invoked command in '/home/vinayak/ws_moveit2/build/rosparam_shortcuts' returned '0': CMAKE_PREFIX_PATH=${CMAKE_PREFIX_PATH}:/home/vinayak/ws_moveit2/install/ur3e_motion_package:/home/vinayak/ws_moveit2/install/moveit_configs_utils:/home/vinayak/ws_moveit2/install/launch_param_builder:/opt/ros/humble /usr/bin/cmake --install /home/vinayak/ws_moveit2/build/rosparam_shortcuts
