[0.017s] Invoking command in '/home/vinayak/ws_moveit2/build/moveit_core': CMAKE_PREFIX_PATH=/home/vinayak/ws_moveit2/install/moveit_resources_panda_moveit_config:/home/vinayak/ws_moveit2/install/srdfdom:/home/vinayak/ws_moveit2/install/moveit_resources_pr2_description:/home/vinayak/ws_moveit2/install/moveit_resources_panda_description:/home/vinayak/ws_moveit2/install/moveit_common:/home/vinayak/ws_moveit2/install/ur_calibration:/home/vinayak/ws_moveit2/install/ur_robot_driver:/home/vinayak/ws_moveit2/install/ur_bringup:/home/vinayak/ws_moveit2/install/ur_controllers:/home/vinayak/ws_moveit2/install/ur_dashboard_msgs:/home/vinayak/ws_moveit2/install/ur3e:/home/vinayak/ws_moveit2/install/pilz_industrial_motion_planner_testutils:/home/vinayak/ws_moveit2/install/moveit_ros_control_interface:/home/vinayak/ws_moveit2/install/moveit_plugins:/home/vinayak/ws_moveit2/install/moveit_simple_controller_manager:/home/vinayak/ws_moveit2/install/moveit_ros_planning:/home/vinayak/ws_moveit2/install/moveit_ros_occupancy_map_monitor:/home/vinayak/ws_moveit2/install/moveit_resources_prbt_ikfast_manipulator_plugin:/home/vinayak/ws_moveit2/install/moveit_planners_chomp:/home/vinayak/ws_moveit2/install/moveit_kinematics:/home/vinayak/ws_moveit2/install/moveit_chomp_optimizer_adapter:/home/vinayak/ws_moveit2/install/chomp_motion_planner:/home/vinayak/ws_moveit2/install/moveit_core:/home/vinayak/ws_moveit2/install/rviz_marker_tools:/home/vinayak/ws_moveit2/install/rosparam_shortcuts:/home/vinayak/ws_moveit2/install/moveit_task_constructor_msgs:/home/vinayak/ws_moveit2/install/moveit_resources_prbt_support:/home/vinayak/ws_moveit2/install/moveit_resources:/home/vinayak/ws_moveit2/install/moveit_resources_fanuc_moveit_config:/home/vinayak/ws_moveit2/install/moveit_resources_fanuc_description:/home/vinayak/ws_moveit2/install/ur3e_motion_package:/home/vinayak/ws_moveit2/install/moveit_configs_utils:/home/vinayak/ws_moveit2/install/launch_param_builder:/opt/ros/humble LD_LIBRARY_PATH=/home/vinayak/ws_moveit2/install/srdfdom/lib:/home/vinayak/ws_moveit2/install/ur_robot_driver/lib:/home/vinayak/ws_moveit2/install/ur_controllers/lib:/home/vinayak/ws_moveit2/install/ur_dashboard_msgs/lib:/home/vinayak/ws_moveit2/install/pilz_industrial_motion_planner_testutils/lib:/home/vinayak/ws_moveit2/install/moveit_ros_control_interface/lib:/home/vinayak/ws_moveit2/install/moveit_simple_controller_manager/lib:/home/vinayak/ws_moveit2/install/moveit_ros_planning/lib:/home/vinayak/ws_moveit2/install/moveit_ros_occupancy_map_monitor/lib:/home/vinayak/ws_moveit2/install/moveit_resources_prbt_ikfast_manipulator_plugin/lib:/home/vinayak/ws_moveit2/install/moveit_planners_chomp/lib:/home/vinayak/ws_moveit2/install/moveit_kinematics/lib:/home/vinayak/ws_moveit2/install/moveit_chomp_optimizer_adapter/lib:/home/vinayak/ws_moveit2/install/chomp_motion_planner/lib:/home/vinayak/ws_moveit2/install/moveit_core/lib:/home/vinayak/ws_moveit2/install/rviz_marker_tools/lib:/home/vinayak/ws_moveit2/install/rosparam_shortcuts/lib:/home/vinayak/ws_moveit2/install/moveit_task_constructor_msgs/lib:/usr/lib/x86_64-linux-gnu/gazebo-11/plugins:/opt/ros/humble/opt/rviz_ogre_vendor/lib:/opt/ros/humble/lib/x86_64-linux-gnu:/opt/ros/humble/lib:/usr/local/cuda-12.4/lib64 /usr/bin/cmake --build /home/vinayak/ws_moveit2/build/moveit_core
[0.098s] [35m[1mConsolidate compiler generated dependencies of target moveit_transforms[0m
[0.132s] [  1%] Built target moveit_transforms
[0.154s] [35m[1mConsolidate compiler generated dependencies of target moveit_distance_field[0m
[0.206s] [  4%] Built target moveit_distance_field
[0.238s] [  7%] Built target moveit_utils
[0.252s] [35m[1mConsolidate compiler generated dependencies of target gtest[0m
[0.268s] [  8%] Built target gtest
[0.295s] [  9%] Built target gtest_main
[0.311s] [35m[1mConsolidate compiler generated dependencies of target gmock[0m
[0.328s] [ 11%] Built target gmock
[0.341s] [35m[1mConsolidate compiler generated dependencies of target gmock_main[0m
[0.357s] [ 12%] Built target gmock_main
[0.371s] [35m[1mConsolidate compiler generated dependencies of target test_voxel_grid[0m
[0.391s] [ 13%] Built target test_voxel_grid
[0.405s] [35m[1mConsolidate compiler generated dependencies of target test_distance_field[0m
[0.430s] [ 14%] Built target test_distance_field
[0.445s] [35m[1mConsolidate compiler generated dependencies of target moveit_smoothing_base[0m
[0.463s] [ 15%] Built target moveit_smoothing_base
[0.487s] [ 17%] Built target moveit_butterworth_parameters
[0.501s] [35m[1mConsolidate compiler generated dependencies of target test_transforms[0m
[0.518s] [ 18%] Built target test_transforms
[0.530s] [35m[1mConsolidate compiler generated dependencies of target moveit_version[0m
[0.544s] [ 19%] Built target moveit_version
[0.558s] [35m[1mConsolidate compiler generated dependencies of target moveit_kinematics_base[0m
[0.580s] [ 20%] Built target moveit_kinematics_base
[0.610s] [ 21%] Built target moveit_exceptions
[0.636s] [35m[1mConsolidate compiler generated dependencies of target moveit_robot_model[0m
[0.679s] [ 27%] Built target moveit_robot_model
[0.695s] [35m[1mConsolidate compiler generated dependencies of target moveit_robot_state[0m
[0.729s] [ 30%] Built target moveit_robot_state
[0.743s] [35m[1mConsolidate compiler generated dependencies of target moveit_butterworth_filter[0m
[0.765s] [ 31%] Built target moveit_butterworth_filter
[0.779s] [35m[1mConsolidate compiler generated dependencies of target moveit_robot_trajectory[0m
[0.802s] [ 32%] Built target moveit_robot_trajectory
[0.816s] [35m[1mConsolidate compiler generated dependencies of target moveit_dynamics_solver[0m
[0.838s] [ 33%] Built target moveit_dynamics_solver
[0.853s] [35m[1mConsolidate compiler generated dependencies of target moveit_kinematics_metrics[0m
[0.875s] [ 34%] Built target moveit_kinematics_metrics
[0.888s] [35m[1mConsolidate compiler generated dependencies of target test_butterworth_filter[0m
[0.910s] [ 35%] Built target test_butterworth_filter
[0.925s] [35m[1mConsolidate compiler generated dependencies of target moveit_planning_interface[0m
[0.952s] [ 37%] Built target moveit_planning_interface
[0.970s] [35m[1mConsolidate compiler generated dependencies of target moveit_trajectory_processing[0m
[1.003s] [ 40%] Built target moveit_trajectory_processing
[1.027s] [35m[1mConsolidate compiler generated dependencies of target moveit_collision_detection[0m
[1.075s] [ 45%] Built target moveit_collision_detection
[1.091s] [35m[1mConsolidate compiler generated dependencies of target moveit_test_utils[0m
[1.123s] [ 47%] Built target moveit_test_utils
[1.137s] [35m[1mConsolidate compiler generated dependencies of target test_world_diff[0m
[1.155s] [ 49%] Built target test_world_diff
[1.169s] [35m[1mConsolidate compiler generated dependencies of target test_all_valid[0m
[1.191s] [ 50%] Built target test_all_valid
[1.218s] [35m[1mConsolidate compiler generated dependencies of target moveit_collision_detection_bullet[0m
[1.299s] [ 55%] Built target moveit_collision_detection_bullet
[1.324s] [35m[1mConsolidate compiler generated dependencies of target test_robot_model[0m
[1.351s] [ 56%] Built target test_robot_model
[1.367s] [35m[1mConsolidate compiler generated dependencies of target test_robot_state[0m
[1.398s] [ 58%] Built target test_robot_state
[1.415s] [35m[1mConsolidate compiler generated dependencies of target test_robot_state_benchmark[0m
[1.444s] [ 59%] Built target test_robot_state_benchmark
[1.467s] [35m[1mConsolidate compiler generated dependencies of target test_robot_state_complex[0m
[1.509s] [ 60%] Built target test_robot_state_complex
[1.527s] [35m[1mConsolidate compiler generated dependencies of target test_aabb[0m
[1.556s] [ 61%] Built target test_aabb
[1.573s] [35m[1mConsolidate compiler generated dependencies of target test_cartesian_interpolator[0m
[1.599s] [ 62%] Built target test_cartesian_interpolator
[1.618s] [35m[1mConsolidate compiler generated dependencies of target test_robot_trajectory[0m
[1.651s] [ 63%] Built target test_robot_trajectory
[1.673s] [35m[1mConsolidate compiler generated dependencies of target test_time_parameterization[0m
[1.702s] [ 64%] Built target test_time_parameterization
[1.718s] [35m[1mConsolidate compiler generated dependencies of target test_time_optimal_trajectory_generation[0m
[1.745s] [ 66%] Built target test_time_optimal_trajectory_generation
[1.759s] [35m[1mConsolidate compiler generated dependencies of target test_ruckig_traj_smoothing[0m
[1.782s] [ 67%] Built target test_ruckig_traj_smoothing
[1.796s] [35m[1mConsolidate compiler generated dependencies of target test_bullet_collision_detection[0m
[1.823s] [ 68%] Built target test_bullet_collision_detection
[1.838s] [35m[1mConsolidate compiler generated dependencies of target test_bullet_collision_detection_panda[0m
[1.866s] [ 70%] Built target test_bullet_collision_detection_panda
[1.881s] [35m[1mConsolidate compiler generated dependencies of target test_bullet_continuous_collision_checking[0m
[1.907s] [ 71%] Built target test_bullet_continuous_collision_checking
[1.921s] [35m[1mConsolidate compiler generated dependencies of target test_world[0m
[1.938s] [ 72%] Built target test_world
[1.954s] [35m[1mConsolidate compiler generated dependencies of target moveit_collision_detection_fcl[0m
[1.985s] [ 74%] Built target moveit_collision_detection_fcl
[2.002s] [35m[1mConsolidate compiler generated dependencies of target moveit_kinematic_constraints[0m
[2.036s] [ 76%] Built target moveit_kinematic_constraints
[2.050s] [35m[1mConsolidate compiler generated dependencies of target test_fcl_collision_detection_panda[0m
[2.079s] [ 78%] Built target test_fcl_collision_detection_panda
[2.094s] [35m[1mConsolidate compiler generated dependencies of target moveit_planning_scene[0m
[2.126s] [ 80%] Built target moveit_planning_scene
[2.140s] [35m[1mConsolidate compiler generated dependencies of target test_constraints[0m
[2.163s] [ 81%] Built target test_constraints
[2.177s] [35m[1mConsolidate compiler generated dependencies of target test_orientation_constraints[0m
[2.201s] [ 82%] Built target test_orientation_constraints
[2.215s] [35m[1mConsolidate compiler generated dependencies of target moveit_planning_request_adapter[0m
[2.239s] [ 83%] Built target moveit_planning_request_adapter
[2.253s] [35m[1mConsolidate compiler generated dependencies of target test_planning_scene[0m
[2.280s] [ 84%] Built target test_planning_scene
[2.294s] [35m[1mConsolidate compiler generated dependencies of target test_collision_objects[0m
[2.318s] [ 85%] Built target test_collision_objects
[2.332s] [35m[1mConsolidate compiler generated dependencies of target test_multi_threaded[0m
[2.355s] [ 86%] Built target test_multi_threaded
[2.370s] [35m[1mConsolidate compiler generated dependencies of target collision_detector_bullet_plugin[0m
[2.394s] [ 87%] Built target collision_detector_bullet_plugin
[2.408s] [35m[1mConsolidate compiler generated dependencies of target collision_detector_fcl_plugin[0m
[2.434s] [ 88%] Built target collision_detector_fcl_plugin
[2.452s] [35m[1mConsolidate compiler generated dependencies of target moveit_collision_distance_field[0m
[2.492s] [ 91%] Built target moveit_collision_distance_field
[2.511s] [35m[1mConsolidate compiler generated dependencies of target moveit_constraint_samplers[0m
[2.547s] [ 94%] Built target moveit_constraint_samplers
[2.563s] [35m[1mConsolidate compiler generated dependencies of target test_collision_distance_field[0m
[2.592s] [ 95%] Built target test_collision_distance_field
[2.609s] [35m[1mConsolidate compiler generated dependencies of target test_constraint_samplers[0m
[2.647s] [ 98%] Built target test_constraint_samplers
[2.662s] [35m[1mConsolidate compiler generated dependencies of target test_fcl_collision_detection[0m
[2.693s] [ 99%] Built target test_fcl_collision_detection
[2.708s] [35m[1mConsolidate compiler generated dependencies of target test_fcl_collision_env[0m
[2.737s] [100%] Built target test_fcl_collision_env
[2.750s] Invoked command in '/home/vinayak/ws_moveit2/build/moveit_core' returned '0': CMAKE_PREFIX_PATH=/home/vinayak/ws_moveit2/install/moveit_resources_panda_moveit_config:/home/vinayak/ws_moveit2/install/srdfdom:/home/vinayak/ws_moveit2/install/moveit_resources_pr2_description:/home/vinayak/ws_moveit2/install/moveit_resources_panda_description:/home/vinayak/ws_moveit2/install/moveit_common:/home/vinayak/ws_moveit2/install/ur_calibration:/home/vinayak/ws_moveit2/install/ur_robot_driver:/home/vinayak/ws_moveit2/install/ur_bringup:/home/vinayak/ws_moveit2/install/ur_controllers:/home/vinayak/ws_moveit2/install/ur_dashboard_msgs:/home/vinayak/ws_moveit2/install/ur3e:/home/vinayak/ws_moveit2/install/pilz_industrial_motion_planner_testutils:/home/vinayak/ws_moveit2/install/moveit_ros_control_interface:/home/vinayak/ws_moveit2/install/moveit_plugins:/home/vinayak/ws_moveit2/install/moveit_simple_controller_manager:/home/vinayak/ws_moveit2/install/moveit_ros_planning:/home/vinayak/ws_moveit2/install/moveit_ros_occupancy_map_monitor:/home/vinayak/ws_moveit2/install/moveit_resources_prbt_ikfast_manipulator_plugin:/home/vinayak/ws_moveit2/install/moveit_planners_chomp:/home/vinayak/ws_moveit2/install/moveit_kinematics:/home/vinayak/ws_moveit2/install/moveit_chomp_optimizer_adapter:/home/vinayak/ws_moveit2/install/chomp_motion_planner:/home/vinayak/ws_moveit2/install/moveit_core:/home/vinayak/ws_moveit2/install/rviz_marker_tools:/home/vinayak/ws_moveit2/install/rosparam_shortcuts:/home/vinayak/ws_moveit2/install/moveit_task_constructor_msgs:/home/vinayak/ws_moveit2/install/moveit_resources_prbt_support:/home/vinayak/ws_moveit2/install/moveit_resources:/home/vinayak/ws_moveit2/install/moveit_resources_fanuc_moveit_config:/home/vinayak/ws_moveit2/install/moveit_resources_fanuc_description:/home/vinayak/ws_moveit2/install/ur3e_motion_package:/home/vinayak/ws_moveit2/install/moveit_configs_utils:/home/vinayak/ws_moveit2/install/launch_param_builder:/opt/ros/humble LD_LIBRARY_PATH=/home/vinayak/ws_moveit2/install/srdfdom/lib:/home/vinayak/ws_moveit2/install/ur_robot_driver/lib:/home/vinayak/ws_moveit2/install/ur_controllers/lib:/home/vinayak/ws_moveit2/install/ur_dashboard_msgs/lib:/home/vinayak/ws_moveit2/install/pilz_industrial_motion_planner_testutils/lib:/home/vinayak/ws_moveit2/install/moveit_ros_control_interface/lib:/home/vinayak/ws_moveit2/install/moveit_simple_controller_manager/lib:/home/vinayak/ws_moveit2/install/moveit_ros_planning/lib:/home/vinayak/ws_moveit2/install/moveit_ros_occupancy_map_monitor/lib:/home/vinayak/ws_moveit2/install/moveit_resources_prbt_ikfast_manipulator_plugin/lib:/home/vinayak/ws_moveit2/install/moveit_planners_chomp/lib:/home/vinayak/ws_moveit2/install/moveit_kinematics/lib:/home/vinayak/ws_moveit2/install/moveit_chomp_optimizer_adapter/lib:/home/vinayak/ws_moveit2/install/chomp_motion_planner/lib:/home/vinayak/ws_moveit2/install/moveit_core/lib:/home/vinayak/ws_moveit2/install/rviz_marker_tools/lib:/home/vinayak/ws_moveit2/install/rosparam_shortcuts/lib:/home/vinayak/ws_moveit2/install/moveit_task_constructor_msgs/lib:/usr/lib/x86_64-linux-gnu/gazebo-11/plugins:/opt/ros/humble/opt/rviz_ogre_vendor/lib:/opt/ros/humble/lib/x86_64-linux-gnu:/opt/ros/humble/lib:/usr/local/cuda-12.4/lib64 /usr/bin/cmake --build /home/vinayak/ws_moveit2/build/moveit_core
[2.752s] Invoking command in '/home/vinayak/ws_moveit2/build/moveit_core': CMAKE_PREFIX_PATH=/home/vinayak/ws_moveit2/install/moveit_resources_panda_moveit_config:/home/vinayak/ws_moveit2/install/srdfdom:/home/vinayak/ws_moveit2/install/moveit_resources_pr2_description:/home/vinayak/ws_moveit2/install/moveit_resources_panda_description:/home/vinayak/ws_moveit2/install/moveit_common:/home/vinayak/ws_moveit2/install/ur_calibration:/home/vinayak/ws_moveit2/install/ur_robot_driver:/home/vinayak/ws_moveit2/install/ur_bringup:/home/vinayak/ws_moveit2/install/ur_controllers:/home/vinayak/ws_moveit2/install/ur_dashboard_msgs:/home/vinayak/ws_moveit2/install/ur3e:/home/vinayak/ws_moveit2/install/pilz_industrial_motion_planner_testutils:/home/vinayak/ws_moveit2/install/moveit_ros_control_interface:/home/vinayak/ws_moveit2/install/moveit_plugins:/home/vinayak/ws_moveit2/install/moveit_simple_controller_manager:/home/vinayak/ws_moveit2/install/moveit_ros_planning:/home/vinayak/ws_moveit2/install/moveit_ros_occupancy_map_monitor:/home/vinayak/ws_moveit2/install/moveit_resources_prbt_ikfast_manipulator_plugin:/home/vinayak/ws_moveit2/install/moveit_planners_chomp:/home/vinayak/ws_moveit2/install/moveit_kinematics:/home/vinayak/ws_moveit2/install/moveit_chomp_optimizer_adapter:/home/vinayak/ws_moveit2/install/chomp_motion_planner:/home/vinayak/ws_moveit2/install/moveit_core:/home/vinayak/ws_moveit2/install/rviz_marker_tools:/home/vinayak/ws_moveit2/install/rosparam_shortcuts:/home/vinayak/ws_moveit2/install/moveit_task_constructor_msgs:/home/vinayak/ws_moveit2/install/moveit_resources_prbt_support:/home/vinayak/ws_moveit2/install/moveit_resources:/home/vinayak/ws_moveit2/install/moveit_resources_fanuc_moveit_config:/home/vinayak/ws_moveit2/install/moveit_resources_fanuc_description:/home/vinayak/ws_moveit2/install/ur3e_motion_package:/home/vinayak/ws_moveit2/install/moveit_configs_utils:/home/vinayak/ws_moveit2/install/launch_param_builder:/opt/ros/humble LD_LIBRARY_PATH=/home/vinayak/ws_moveit2/install/srdfdom/lib:/home/vinayak/ws_moveit2/install/ur_robot_driver/lib:/home/vinayak/ws_moveit2/install/ur_controllers/lib:/home/vinayak/ws_moveit2/install/ur_dashboard_msgs/lib:/home/vinayak/ws_moveit2/install/pilz_industrial_motion_planner_testutils/lib:/home/vinayak/ws_moveit2/install/moveit_ros_control_interface/lib:/home/vinayak/ws_moveit2/install/moveit_simple_controller_manager/lib:/home/vinayak/ws_moveit2/install/moveit_ros_planning/lib:/home/vinayak/ws_moveit2/install/moveit_ros_occupancy_map_monitor/lib:/home/vinayak/ws_moveit2/install/moveit_resources_prbt_ikfast_manipulator_plugin/lib:/home/vinayak/ws_moveit2/install/moveit_planners_chomp/lib:/home/vinayak/ws_moveit2/install/moveit_kinematics/lib:/home/vinayak/ws_moveit2/install/moveit_chomp_optimizer_adapter/lib:/home/vinayak/ws_moveit2/install/chomp_motion_planner/lib:/home/vinayak/ws_moveit2/install/moveit_core/lib:/home/vinayak/ws_moveit2/install/rviz_marker_tools/lib:/home/vinayak/ws_moveit2/install/rosparam_shortcuts/lib:/home/vinayak/ws_moveit2/install/moveit_task_constructor_msgs/lib:/usr/lib/x86_64-linux-gnu/gazebo-11/plugins:/opt/ros/humble/opt/rviz_ogre_vendor/lib:/opt/ros/humble/lib/x86_64-linux-gnu:/opt/ros/humble/lib:/usr/local/cuda-12.4/lib64 /usr/bin/cmake --install /home/vinayak/ws_moveit2/build/moveit_core
[2.762s] -- Install configuration: "Release"
[2.762s] -- Up-to-date: /home/vinayak/ws_moveit2/install/moveit_core/include/moveit/version.h
[2.763s] -- Up-to-date: /home/vinayak/ws_moveit2/install/moveit_core/include
[2.763s] -- Up-to-date: /home/vinayak/ws_moveit2/install/moveit_core/include/moveit
[2.763s] -- Up-to-date: /home/vinayak/ws_moveit2/install/moveit_core/include/moveit/collision_distance_field
[2.763s] -- Up-to-date: /home/vinayak/ws_moveit2/install/moveit_core/include/moveit/collision_distance_field/collision_env_hybrid.h
[2.763s] -- Up-to-date: /home/vinayak/ws_moveit2/install/moveit_core/include/moveit/collision_distance_field/collision_distance_field_types.h
[2.763s] -- Up-to-date: /home/vinayak/ws_moveit2/install/moveit_core/include/moveit/collision_distance_field/collision_env_distance_field.h
[2.763s] -- Up-to-date: /home/vinayak/ws_moveit2/install/moveit_core/include/moveit/collision_distance_field/collision_detector_allocator_distance_field.h
[2.763s] -- Up-to-date: /home/vinayak/ws_moveit2/install/moveit_core/include/moveit/collision_distance_field/collision_common_distance_field.h
[2.763s] -- Up-to-date: /home/vinayak/ws_moveit2/install/moveit_core/include/moveit/collision_distance_field/collision_detector_allocator_hybrid.h
[2.763s] -- Up-to-date: /home/vinayak/ws_moveit2/install/moveit_core/include/moveit_collision_distance_field_export.h
[2.763s] -- Up-to-date: /home/vinayak/ws_moveit2/install/moveit_core/include
[2.763s] -- Up-to-date: /home/vinayak/ws_moveit2/install/moveit_core/include/moveit
[2.763s] -- Up-to-date: /home/vinayak/ws_moveit2/install/moveit_core/include/moveit/constraint_samplers
[2.763s] -- Up-to-date: /home/vinayak/ws_moveit2/install/moveit_core/include/moveit/constraint_samplers/constraint_sampler_tools.h
[2.763s] -- Up-to-date: /home/vinayak/ws_moveit2/install/moveit_core/include/moveit/constraint_samplers/constraint_sampler_allocator.h
[2.764s] -- Up-to-date: /home/vinayak/ws_moveit2/install/moveit_core/include/moveit/constraint_samplers/constraint_sampler.h
[2.764s] -- Up-to-date: /home/vinayak/ws_moveit2/install/moveit_core/include/moveit/constraint_samplers/constraint_sampler_manager.h
[2.764s] -- Up-to-date: /home/vinayak/ws_moveit2/install/moveit_core/include/moveit/constraint_samplers/default_constraint_samplers.h
[2.764s] -- Up-to-date: /home/vinayak/ws_moveit2/install/moveit_core/include/moveit/constraint_samplers/union_constraint_sampler.h
[2.764s] -- Up-to-date: /home/vinayak/ws_moveit2/install/moveit_core/include
[2.764s] -- Up-to-date: /home/vinayak/ws_moveit2/install/moveit_core/include/moveit
[2.764s] -- Up-to-date: /home/vinayak/ws_moveit2/install/moveit_core/include/moveit/controller_manager
[2.764s] -- Up-to-date: /home/vinayak/ws_moveit2/install/moveit_core/include/moveit/controller_manager/controller_manager.h
[2.765s] -- Up-to-date: /home/vinayak/ws_moveit2/install/moveit_core/include
[2.765s] -- Up-to-date: /home/vinayak/ws_moveit2/install/moveit_core/include/moveit
[2.765s] -- Up-to-date: /home/vinayak/ws_moveit2/install/moveit_core/include/moveit/distance_field
[2.765s] -- Up-to-date: /home/vinayak/ws_moveit2/install/moveit_core/include/moveit/distance_field/voxel_grid.h
[2.765s] -- Up-to-date: /home/vinayak/ws_moveit2/install/moveit_core/include/moveit/distance_field/propagation_distance_field.h
[2.765s] -- Up-to-date: /home/vinayak/ws_moveit2/install/moveit_core/include/moveit/distance_field/distance_field.h
[2.765s] -- Up-to-date: /home/vinayak/ws_moveit2/install/moveit_core/include/moveit/distance_field/find_internal_points.h
[2.765s] -- Up-to-date: /home/vinayak/ws_moveit2/install/moveit_core/include
[2.765s] -- Up-to-date: /home/vinayak/ws_moveit2/install/moveit_core/include/moveit
[2.765s] -- Up-to-date: /home/vinayak/ws_moveit2/install/moveit_core/include/moveit/dynamics_solver
[2.765s] -- Up-to-date: /home/vinayak/ws_moveit2/install/moveit_core/include/moveit/dynamics_solver/dynamics_solver.h
[2.765s] -- Up-to-date: /home/vinayak/ws_moveit2/install/moveit_core/include
[2.766s] -- Up-to-date: /home/vinayak/ws_moveit2/install/moveit_core/include/moveit
[2.766s] -- Up-to-date: /home/vinayak/ws_moveit2/install/moveit_core/include/moveit/exceptions
[2.766s] -- Up-to-date: /home/vinayak/ws_moveit2/install/moveit_core/include/moveit/exceptions/exceptions.h
[2.766s] -- Up-to-date: /home/vinayak/ws_moveit2/install/moveit_core/include
[2.766s] -- Up-to-date: /home/vinayak/ws_moveit2/install/moveit_core/include/moveit
[2.766s] -- Up-to-date: /home/vinayak/ws_moveit2/install/moveit_core/include/moveit/kinematics_base
[2.766s] -- Up-to-date: /home/vinayak/ws_moveit2/install/moveit_core/include/moveit/kinematics_base/kinematics_base.h
[2.766s] -- Up-to-date: /home/vinayak/ws_moveit2/install/moveit_core/include/moveit_kinematics_base_export.h
[2.766s] -- Up-to-date: /home/vinayak/ws_moveit2/install/moveit_core/include
[2.766s] -- Up-to-date: /home/vinayak/ws_moveit2/install/moveit_core/include/moveit
[2.766s] -- Up-to-date: /home/vinayak/ws_moveit2/install/moveit_core/include/moveit/kinematic_constraints
[2.766s] -- Up-to-date: /home/vinayak/ws_moveit2/install/moveit_core/include/moveit/kinematic_constraints/kinematic_constraint.h
[2.766s] -- Up-to-date: /home/vinayak/ws_moveit2/install/moveit_core/include/moveit/kinematic_constraints/utils.h
[2.767s] -- Up-to-date: /home/vinayak/ws_moveit2/install/moveit_core/include
[2.767s] -- Up-to-date: /home/vinayak/ws_moveit2/install/moveit_core/include/moveit
[2.767s] -- Up-to-date: /home/vinayak/ws_moveit2/install/moveit_core/include/moveit/kinematics_metrics
[2.767s] -- Up-to-date: /home/vinayak/ws_moveit2/install/moveit_core/include/moveit/kinematics_metrics/kinematics_metrics.h
[2.767s] -- Up-to-date: /home/vinayak/ws_moveit2/install/moveit_core/include
[2.767s] -- Up-to-date: /home/vinayak/ws_moveit2/install/moveit_core/include/moveit
[2.767s] -- Up-to-date: /home/vinayak/ws_moveit2/install/moveit_core/include/moveit/macros
[2.767s] -- Up-to-date: /home/vinayak/ws_moveit2/install/moveit_core/include/moveit/macros/declare_ptr.h
[2.767s] -- Up-to-date: /home/vinayak/ws_moveit2/install/moveit_core/include/moveit/macros/console_colors.h
[2.767s] -- Up-to-date: /home/vinayak/ws_moveit2/install/moveit_core/include/moveit/macros/class_forward.h
[2.767s] -- Up-to-date: /home/vinayak/ws_moveit2/install/moveit_core/include/moveit/macros/deprecation.h
[2.767s] -- Up-to-date: /home/vinayak/ws_moveit2/install/moveit_core/include/moveit_core
[2.768s] -- Up-to-date: /home/vinayak/ws_moveit2/install/moveit_core/include/moveit_core/moveit_butterworth_parameters.hpp
[2.768s] -- Up-to-date: /home/vinayak/ws_moveit2/install/moveit_core/include
[2.768s] -- Up-to-date: /home/vinayak/ws_moveit2/install/moveit_core/include/moveit
[2.768s] -- Up-to-date: /home/vinayak/ws_moveit2/install/moveit_core/include/moveit/online_signal_smoothing
[2.768s] -- Up-to-date: /home/vinayak/ws_moveit2/install/moveit_core/include/moveit/online_signal_smoothing/butterworth_filter.h
[2.768s] -- Up-to-date: /home/vinayak/ws_moveit2/install/moveit_core/include/moveit/online_signal_smoothing/smoothing_base_class.h
[2.768s] -- Up-to-date: /home/vinayak/ws_moveit2/install/moveit_core/include/moveit_smoothing_base_export.h
[2.768s] -- Up-to-date: /home/vinayak/ws_moveit2/install/moveit_core/include/moveit_butterworth_filter_export.h
[2.768s] -- Up-to-date: /home/vinayak/ws_moveit2/install/moveit_core/include
[2.768s] -- Up-to-date: /home/vinayak/ws_moveit2/install/moveit_core/include/moveit
[2.768s] -- Up-to-date: /home/vinayak/ws_moveit2/install/moveit_core/include/moveit/planning_interface
[2.768s] -- Up-to-date: /home/vinayak/ws_moveit2/install/moveit_core/include/moveit/planning_interface/planning_interface.h
[2.768s] -- Up-to-date: /home/vinayak/ws_moveit2/install/moveit_core/include/moveit/planning_interface/planning_request.h
[2.769s] -- Up-to-date: /home/vinayak/ws_moveit2/install/moveit_core/include/moveit/planning_interface/planning_response.h
[2.769s] -- Up-to-date: /home/vinayak/ws_moveit2/install/moveit_core/include
[2.769s] -- Up-to-date: /home/vinayak/ws_moveit2/install/moveit_core/include/moveit
[2.769s] -- Up-to-date: /home/vinayak/ws_moveit2/install/moveit_core/include/moveit/planning_request_adapter
[2.769s] -- Up-to-date: /home/vinayak/ws_moveit2/install/moveit_core/include/moveit/planning_request_adapter/planning_request_adapter.h
[2.769s] -- Up-to-date: /home/vinayak/ws_moveit2/install/moveit_core/include
[2.769s] -- Up-to-date: /home/vinayak/ws_moveit2/install/moveit_core/include/moveit
[2.769s] -- Up-to-date: /home/vinayak/ws_moveit2/install/moveit_core/include/moveit/planning_scene
[2.769s] -- Up-to-date: /home/vinayak/ws_moveit2/install/moveit_core/include/moveit/planning_scene/planning_scene.h
[2.769s] -- Up-to-date: /home/vinayak/ws_moveit2/install/moveit_core/include/moveit_planning_scene_export.h
[2.770s] -- Up-to-date: /home/vinayak/ws_moveit2/install/moveit_core/include
[2.770s] -- Up-to-date: /home/vinayak/ws_moveit2/install/moveit_core/include/moveit
[2.770s] -- Up-to-date: /home/vinayak/ws_moveit2/install/moveit_core/include/moveit/robot_model
[2.770s] -- Up-to-date: /home/vinayak/ws_moveit2/install/moveit_core/include/moveit/robot_model/planar_joint_model.h
[2.770s] -- Up-to-date: /home/vinayak/ws_moveit2/install/moveit_core/include/moveit/robot_model/robot_model.h
[2.770s] -- Up-to-date: /home/vinayak/ws_moveit2/install/moveit_core/include/moveit/robot_model/revolute_joint_model.h
[2.770s] -- Up-to-date: /home/vinayak/ws_moveit2/install/moveit_core/include/moveit/robot_model/fixed_joint_model.h
[2.770s] -- Up-to-date: /home/vinayak/ws_moveit2/install/moveit_core/include/moveit/robot_model/link_model.h
[2.770s] -- Up-to-date: /home/vinayak/ws_moveit2/install/moveit_core/include/moveit/robot_model/joint_model_group.h
[2.771s] -- Up-to-date: /home/vinayak/ws_moveit2/install/moveit_core/include/moveit/robot_model/aabb.h
[2.771s] -- Up-to-date: /home/vinayak/ws_moveit2/install/moveit_core/include/moveit/robot_model/joint_model.h
[2.771s] -- Up-to-date: /home/vinayak/ws_moveit2/install/moveit_core/include/moveit/robot_model/prismatic_joint_model.h
[2.771s] -- Up-to-date: /home/vinayak/ws_moveit2/install/moveit_core/include/moveit/robot_model/floating_joint_model.h
[2.771s] -- Up-to-date: /home/vinayak/ws_moveit2/install/moveit_core/include
[2.771s] -- Up-to-date: /home/vinayak/ws_moveit2/install/moveit_core/include/moveit
[2.771s] -- Up-to-date: /home/vinayak/ws_moveit2/install/moveit_core/include/moveit/robot_state
[2.771s] -- Up-to-date: /home/vinayak/ws_moveit2/install/moveit_core/include/moveit/robot_state/conversions.h
[2.771s] -- Up-to-date: /home/vinayak/ws_moveit2/install/moveit_core/include/moveit/robot_state/robot_state.h
[2.771s] -- Up-to-date: /home/vinayak/ws_moveit2/install/moveit_core/include/moveit/robot_state/attached_body.h
[2.771s] -- Up-to-date: /home/vinayak/ws_moveit2/install/moveit_core/include/moveit/robot_state/cartesian_interpolator.h
[2.772s] -- Up-to-date: /home/vinayak/ws_moveit2/install/moveit_core/include
[2.772s] -- Up-to-date: /home/vinayak/ws_moveit2/install/moveit_core/include/moveit
[2.772s] -- Up-to-date: /home/vinayak/ws_moveit2/install/moveit_core/include/moveit/robot_trajectory
[2.772s] -- Up-to-date: /home/vinayak/ws_moveit2/install/moveit_core/include/moveit/robot_trajectory/robot_trajectory.h
[2.772s] -- Up-to-date: /home/vinayak/ws_moveit2/install/moveit_core/include
[2.772s] -- Up-to-date: /home/vinayak/ws_moveit2/install/moveit_core/include/moveit
[2.772s] -- Up-to-date: /home/vinayak/ws_moveit2/install/moveit_core/include/moveit/sensor_manager
[2.772s] -- Up-to-date: /home/vinayak/ws_moveit2/install/moveit_core/include/moveit/sensor_manager/sensor_manager.h
[2.772s] -- Up-to-date: /home/vinayak/ws_moveit2/install/moveit_core/include
[2.772s] -- Up-to-date: /home/vinayak/ws_moveit2/install/moveit_core/include/moveit
[2.773s] -- Up-to-date: /home/vinayak/ws_moveit2/install/moveit_core/include/moveit/trajectory_processing
[2.773s] -- Up-to-date: /home/vinayak/ws_moveit2/install/moveit_core/include/moveit/trajectory_processing/iterative_spline_parameterization.h
[2.773s] -- Up-to-date: /home/vinayak/ws_moveit2/install/moveit_core/include/moveit/trajectory_processing/ruckig_traj_smoothing.h
[2.773s] -- Up-to-date: /home/vinayak/ws_moveit2/install/moveit_core/include/moveit/trajectory_processing/time_parameterization.h
[2.773s] -- Up-to-date: /home/vinayak/ws_moveit2/install/moveit_core/include/moveit/trajectory_processing/iterative_time_parameterization.h
[2.773s] -- Up-to-date: /home/vinayak/ws_moveit2/install/moveit_core/include/moveit/trajectory_processing/time_optimal_trajectory_generation.h
[2.773s] -- Up-to-date: /home/vinayak/ws_moveit2/install/moveit_core/include/moveit/trajectory_processing/trajectory_tools.h
[2.773s] -- Up-to-date: /home/vinayak/ws_moveit2/install/moveit_core/include
[2.773s] -- Up-to-date: /home/vinayak/ws_moveit2/install/moveit_core/include/moveit
[2.773s] -- Up-to-date: /home/vinayak/ws_moveit2/install/moveit_core/include/moveit/transforms
[2.774s] -- Up-to-date: /home/vinayak/ws_moveit2/install/moveit_core/include/moveit/transforms/transforms.h
[2.774s] -- Up-to-date: /home/vinayak/ws_moveit2/install/moveit_core/include
[2.774s] -- Up-to-date: /home/vinayak/ws_moveit2/install/moveit_core/include/moveit
[2.774s] -- Up-to-date: /home/vinayak/ws_moveit2/install/moveit_core/include/moveit/utils
[2.774s] -- Up-to-date: /home/vinayak/ws_moveit2/install/moveit_core/include/moveit/utils/moveit_error_code.h
[2.774s] -- Up-to-date: /home/vinayak/ws_moveit2/install/moveit_core/include/moveit/utils/rclcpp_utils.h
[2.774s] -- Up-to-date: /home/vinayak/ws_moveit2/install/moveit_core/include/moveit/utils/robot_model_test_utils.h
[2.774s] -- Up-to-date: /home/vinayak/ws_moveit2/install/moveit_core/include/moveit/utils/message_checks.h
[2.774s] -- Up-to-date: /home/vinayak/ws_moveit2/install/moveit_core/include/moveit/utils/lexical_casts.h
[2.775s] -- Up-to-date: /home/vinayak/ws_moveit2/install/moveit_core/bin/moveit_version
[2.775s] -- Up-to-date: /home/vinayak/ws_moveit2/install/moveit_core/include
[2.775s] -- Up-to-date: /home/vinayak/ws_moveit2/install/moveit_core/include/moveit
[2.775s] -- Up-to-date: /home/vinayak/ws_moveit2/install/moveit_core/include/moveit/collision_detection
[2.775s] -- Up-to-date: /home/vinayak/ws_moveit2/install/moveit_core/include/moveit/collision_detection/collision_plugin_cache.h
[2.775s] -- Up-to-date: /home/vinayak/ws_moveit2/install/moveit_core/include/moveit/collision_detection/test_collision_common_panda.h
[2.775s] -- Up-to-date: /home/vinayak/ws_moveit2/install/moveit_core/include/moveit/collision_detection/collision_tools.h
[2.775s] -- Up-to-date: /home/vinayak/ws_moveit2/install/moveit_core/include/moveit/collision_detection/world.h
[2.775s] -- Up-to-date: /home/vinayak/ws_moveit2/install/moveit_core/include/moveit/collision_detection/collision_env.h
[2.775s] -- Up-to-date: /home/vinayak/ws_moveit2/install/moveit_core/include/moveit/collision_detection/collision_octomap_filter.h
[2.775s] -- Up-to-date: /home/vinayak/ws_moveit2/install/moveit_core/include/moveit/collision_detection/allvalid
[2.775s] -- Up-to-date: /home/vinayak/ws_moveit2/install/moveit_core/include/moveit/collision_detection/allvalid/collision_env_allvalid.h
[2.775s] -- Up-to-date: /home/vinayak/ws_moveit2/install/moveit_core/include/moveit/collision_detection/allvalid/collision_detector_allocator_allvalid.h
[2.775s] -- Up-to-date: /home/vinayak/ws_moveit2/install/moveit_core/include/moveit/collision_detection/collision_plugin.h
[2.776s] -- Up-to-date: /home/vinayak/ws_moveit2/install/moveit_core/include/moveit/collision_detection/world_diff.h
[2.776s] -- Up-to-date: /home/vinayak/ws_moveit2/install/moveit_core/include/moveit/collision_detection/collision_matrix.h
[2.776s] -- Up-to-date: /home/vinayak/ws_moveit2/install/moveit_core/include/moveit/collision_detection/occupancy_map.h
[2.776s] -- Up-to-date: /home/vinayak/ws_moveit2/install/moveit_core/include/moveit/collision_detection/test_collision_common_pr2.h
[2.776s] -- Up-to-date: /home/vinayak/ws_moveit2/install/moveit_core/include/moveit/collision_detection/collision_detector_allocator.h
[2.776s] -- Up-to-date: /home/vinayak/ws_moveit2/install/moveit_core/include/moveit/collision_detection/collision_common.h
[2.776s] -- Up-to-date: /home/vinayak/ws_moveit2/install/moveit_core/include/moveit_collision_detection_export.h
[2.776s] -- Up-to-date: /home/vinayak/ws_moveit2/install/moveit_core/include
[2.776s] -- Up-to-date: /home/vinayak/ws_moveit2/install/moveit_core/include/moveit
[2.776s] -- Up-to-date: /home/vinayak/ws_moveit2/install/moveit_core/include/moveit/collision_detection_bullet
[2.776s] -- Up-to-date: /home/vinayak/ws_moveit2/install/moveit_core/include/moveit/collision_detection_bullet/collision_detector_bullet_plugin_loader.h
[2.776s] -- Up-to-date: /home/vinayak/ws_moveit2/install/moveit_core/include/moveit/collision_detection_bullet/bullet_integration
[2.776s] -- Up-to-date: /home/vinayak/ws_moveit2/install/moveit_core/include/moveit/collision_detection_bullet/bullet_integration/bullet_cast_bvh_manager.h
[2.776s] -- Up-to-date: /home/vinayak/ws_moveit2/install/moveit_core/include/moveit/collision_detection_bullet/bullet_integration/basic_types.h
[2.777s] -- Up-to-date: /home/vinayak/ws_moveit2/install/moveit_core/include/moveit/collision_detection_bullet/bullet_integration/ros_bullet_utils.h
[2.777s] -- Up-to-date: /home/vinayak/ws_moveit2/install/moveit_core/include/moveit/collision_detection_bullet/bullet_integration/bullet_discrete_bvh_manager.h
[2.777s] -- Up-to-date: /home/vinayak/ws_moveit2/install/moveit_core/include/moveit/collision_detection_bullet/bullet_integration/contact_checker_common.h
[2.777s] -- Up-to-date: /home/vinayak/ws_moveit2/install/moveit_core/include/moveit/collision_detection_bullet/bullet_integration/bullet_utils.h
[2.777s] -- Up-to-date: /home/vinayak/ws_moveit2/install/moveit_core/include/moveit/collision_detection_bullet/bullet_integration/bullet_bvh_manager.h
[2.777s] -- Up-to-date: /home/vinayak/ws_moveit2/install/moveit_core/include/moveit/collision_detection_bullet/collision_env_bullet.h
[2.777s] -- Up-to-date: /home/vinayak/ws_moveit2/install/moveit_core/include/moveit/collision_detection_bullet/collision_detector_allocator_bullet.h
[2.777s] -- Up-to-date: /home/vinayak/ws_moveit2/install/moveit_core/include/moveit_collision_detection_bullet_export.h
[2.777s] -- Up-to-date: /home/vinayak/ws_moveit2/install/moveit_core/include
[2.777s] -- Up-to-date: /home/vinayak/ws_moveit2/install/moveit_core/include/moveit
[2.777s] -- Up-to-date: /home/vinayak/ws_moveit2/install/moveit_core/include/moveit/collision_detection_fcl
[2.777s] -- Up-to-date: /home/vinayak/ws_moveit2/install/moveit_core/include/moveit/collision_detection_fcl/fcl_compat.h
[2.777s] -- Up-to-date: /home/vinayak/ws_moveit2/install/moveit_core/include/moveit/collision_detection_fcl/collision_detector_fcl_plugin_loader.h
[2.777s] -- Up-to-date: /home/vinayak/ws_moveit2/install/moveit_core/include/moveit/collision_detection_fcl/collision_env_fcl.h
[2.777s] -- Up-to-date: /home/vinayak/ws_moveit2/install/moveit_core/include/moveit/collision_detection_fcl/collision_detector_allocator_fcl.h
[2.777s] -- Up-to-date: /home/vinayak/ws_moveit2/install/moveit_core/include/moveit/collision_detection_fcl/collision_common.h
[2.777s] -- Up-to-date: /home/vinayak/ws_moveit2/install/moveit_core/include/moveit_collision_detection_fcl_export.h
[2.777s] -- Up-to-date: /home/vinayak/ws_moveit2/install/moveit_core/lib/libcollision_detector_bullet_plugin.so.2.5.6
[2.778s] -- Up-to-date: /home/vinayak/ws_moveit2/install/moveit_core/lib/libcollision_detector_bullet_plugin.so
[2.778s] -- Up-to-date: /home/vinayak/ws_moveit2/install/moveit_core/lib/libmoveit_butterworth_filter.so.2.5.6
[2.778s] -- Up-to-date: /home/vinayak/ws_moveit2/install/moveit_core/lib/libmoveit_butterworth_filter.so
[2.778s] -- Up-to-date: /home/vinayak/ws_moveit2/install/moveit_core/lib/libmoveit_collision_distance_field.so.2.5.6
[2.778s] -- Up-to-date: /home/vinayak/ws_moveit2/install/moveit_core/lib/libmoveit_collision_distance_field.so
[2.779s] -- Up-to-date: /home/vinayak/ws_moveit2/install/moveit_core/lib/libmoveit_collision_detection.so.2.5.6
[2.779s] -- Up-to-date: /home/vinayak/ws_moveit2/install/moveit_core/lib/libmoveit_collision_detection.so
[2.779s] -- Up-to-date: /home/vinayak/ws_moveit2/install/moveit_core/lib/libmoveit_collision_detection_fcl.so.2.5.6
[2.780s] -- Up-to-date: /home/vinayak/ws_moveit2/install/moveit_core/lib/libmoveit_collision_detection_fcl.so
[2.780s] -- Up-to-date: /home/vinayak/ws_moveit2/install/moveit_core/lib/libmoveit_collision_detection_bullet.so.2.5.6
[2.780s] -- Up-to-date: /home/vinayak/ws_moveit2/install/moveit_core/lib/libmoveit_collision_detection_bullet.so
[2.781s] -- Up-to-date: /home/vinayak/ws_moveit2/install/moveit_core/lib/libmoveit_dynamics_solver.so.2.5.6
[2.781s] -- Up-to-date: /home/vinayak/ws_moveit2/install/moveit_core/lib/libmoveit_dynamics_solver.so
[2.782s] -- Up-to-date: /home/vinayak/ws_moveit2/install/moveit_core/lib/libmoveit_constraint_samplers.so.2.5.6
[2.782s] -- Up-to-date: /home/vinayak/ws_moveit2/install/moveit_core/lib/libmoveit_constraint_samplers.so
[2.782s] -- Up-to-date: /home/vinayak/ws_moveit2/install/moveit_core/lib/libmoveit_distance_field.so.2.5.6
[2.783s] -- Up-to-date: /home/vinayak/ws_moveit2/install/moveit_core/lib/libmoveit_distance_field.so
[2.783s] -- Up-to-date: /home/vinayak/ws_moveit2/install/moveit_core/lib/libmoveit_exceptions.so.2.5.6
[2.783s] -- Up-to-date: /home/vinayak/ws_moveit2/install/moveit_core/lib/libmoveit_exceptions.so
[2.784s] -- Up-to-date: /home/vinayak/ws_moveit2/install/moveit_core/lib/libmoveit_kinematics_base.so
[2.784s] -- Up-to-date: /home/vinayak/ws_moveit2/install/moveit_core/lib/libmoveit_kinematic_constraints.so.2.5.6
[2.785s] -- Up-to-date: /home/vinayak/ws_moveit2/install/moveit_core/lib/libmoveit_kinematic_constraints.so
[2.785s] -- Up-to-date: /home/vinayak/ws_moveit2/install/moveit_core/lib/libmoveit_kinematics_metrics.so.2.5.6
[2.785s] -- Up-to-date: /home/vinayak/ws_moveit2/install/moveit_core/lib/libmoveit_kinematics_metrics.so
[2.786s] -- Up-to-date: /home/vinayak/ws_moveit2/install/moveit_core/lib/libmoveit_planning_interface.so.2.5.6
[2.786s] -- Up-to-date: /home/vinayak/ws_moveit2/install/moveit_core/lib/libmoveit_planning_interface.so
[2.786s] -- Up-to-date: /home/vinayak/ws_moveit2/install/moveit_core/lib/libmoveit_planning_scene.so.2.5.6
[2.787s] -- Up-to-date: /home/vinayak/ws_moveit2/install/moveit_core/lib/libmoveit_planning_scene.so
[2.787s] -- Up-to-date: /home/vinayak/ws_moveit2/install/moveit_core/lib/libmoveit_planning_request_adapter.so.2.5.6
[2.787s] -- Up-to-date: /home/vinayak/ws_moveit2/install/moveit_core/lib/libmoveit_planning_request_adapter.so
[2.788s] -- Up-to-date: /home/vinayak/ws_moveit2/install/moveit_core/lib/libmoveit_robot_model.so.2.5.6
[2.788s] -- Up-to-date: /home/vinayak/ws_moveit2/install/moveit_core/lib/libmoveit_robot_model.so
[2.789s] -- Up-to-date: /home/vinayak/ws_moveit2/install/moveit_core/lib/libmoveit_robot_state.so.2.5.6
[2.789s] -- Up-to-date: /home/vinayak/ws_moveit2/install/moveit_core/lib/libmoveit_robot_state.so
[2.789s] -- Up-to-date: /home/vinayak/ws_moveit2/install/moveit_core/lib/libmoveit_robot_trajectory.so.2.5.6
[2.790s] -- Up-to-date: /home/vinayak/ws_moveit2/install/moveit_core/lib/libmoveit_robot_trajectory.so
[2.790s] -- Up-to-date: /home/vinayak/ws_moveit2/install/moveit_core/lib/libmoveit_smoothing_base.so.2.5.6
[2.790s] -- Up-to-date: /home/vinayak/ws_moveit2/install/moveit_core/lib/libmoveit_smoothing_base.so
[2.791s] -- Up-to-date: /home/vinayak/ws_moveit2/install/moveit_core/lib/libmoveit_test_utils.so.2.5.6
[2.791s] -- Up-to-date: /home/vinayak/ws_moveit2/install/moveit_core/lib/libmoveit_test_utils.so
[2.791s] -- Up-to-date: /home/vinayak/ws_moveit2/install/moveit_core/lib/libmoveit_trajectory_processing.so.2.5.6
[2.792s] -- Up-to-date: /home/vinayak/ws_moveit2/install/moveit_core/lib/libmoveit_trajectory_processing.so
[2.792s] -- Up-to-date: /home/vinayak/ws_moveit2/install/moveit_core/lib/libmoveit_transforms.so.2.5.6
[2.792s] -- Up-to-date: /home/vinayak/ws_moveit2/install/moveit_core/lib/libmoveit_transforms.so
[2.793s] -- Up-to-date: /home/vinayak/ws_moveit2/install/moveit_core/lib/libmoveit_utils.so.2.5.6
[2.793s] -- Up-to-date: /home/vinayak/ws_moveit2/install/moveit_core/lib/libmoveit_utils.so
[2.793s] -- Up-to-date: /home/vinayak/ws_moveit2/install/moveit_core/share/moveit_core/environment/library_path.sh
[2.793s] -- Up-to-date: /home/vinayak/ws_moveit2/install/moveit_core/share/moveit_core/environment/library_path.dsv
[2.793s] -- Up-to-date: /home/vinayak/ws_moveit2/install/moveit_core/share/moveit_core/collision_detector_fcl_description.xml
[2.793s] -- Up-to-date: /home/vinayak/ws_moveit2/install/moveit_core/share/moveit_core/collision_detector_bullet_description.xml
[2.793s] -- Up-to-date: /home/vinayak/ws_moveit2/install/moveit_core/share/moveit_core/filter_plugin_butterworth.xml
[2.793s] -- Up-to-date: /home/vinayak/ws_moveit2/install/moveit_core/share/ament_index/resource_index/package_run_dependencies/moveit_core
[2.793s] -- Up-to-date: /home/vinayak/ws_moveit2/install/moveit_core/share/ament_index/resource_index/parent_prefix_path/moveit_core
[2.793s] -- Up-to-date: /home/vinayak/ws_moveit2/install/moveit_core/share/moveit_core/environment/ament_prefix_path.sh
[2.794s] -- Up-to-date: /home/vinayak/ws_moveit2/install/moveit_core/share/moveit_core/environment/ament_prefix_path.dsv
[2.794s] -- Up-to-date: /home/vinayak/ws_moveit2/install/moveit_core/share/moveit_core/environment/path.sh
[2.794s] -- Up-to-date: /home/vinayak/ws_moveit2/install/moveit_core/share/moveit_core/environment/path.dsv
[2.794s] -- Up-to-date: /home/vinayak/ws_moveit2/install/moveit_core/share/moveit_core/local_setup.bash
[2.794s] -- Up-to-date: /home/vinayak/ws_moveit2/install/moveit_core/share/moveit_core/local_setup.sh
[2.794s] -- Up-to-date: /home/vinayak/ws_moveit2/install/moveit_core/share/moveit_core/local_setup.zsh
[2.794s] -- Up-to-date: /home/vinayak/ws_moveit2/install/moveit_core/share/moveit_core/local_setup.dsv
[2.794s] -- Installing: /home/vinayak/ws_moveit2/install/moveit_core/share/moveit_core/package.dsv
[2.794s] -- Up-to-date: /home/vinayak/ws_moveit2/install/moveit_core/share/ament_index/resource_index/packages/moveit_core
[2.794s] -- Up-to-date: /home/vinayak/ws_moveit2/install/moveit_core/share/ament_index/resource_index/moveit_core__pluginlib__plugin/moveit_core
[2.795s] -- Up-to-date: /home/vinayak/ws_moveit2/install/moveit_core/share/moveit_core/cmake/export_moveit_coreExport.cmake
[2.795s] -- Up-to-date: /home/vinayak/ws_moveit2/install/moveit_core/share/moveit_core/cmake/export_moveit_coreExport-release.cmake
[2.795s] -- Up-to-date: /home/vinayak/ws_moveit2/install/moveit_core/share/moveit_core/cmake/ConfigExtras.cmake
[2.795s] -- Up-to-date: /home/vinayak/ws_moveit2/install/moveit_core/share/moveit_core/cmake/ament_cmake_export_targets-extras.cmake
[2.795s] -- Up-to-date: /home/vinayak/ws_moveit2/install/moveit_core/share/moveit_core/cmake/ament_cmake_export_dependencies-extras.cmake
[2.795s] -- Up-to-date: /home/vinayak/ws_moveit2/install/moveit_core/share/moveit_core/cmake/moveit_coreConfig.cmake
[2.795s] -- Up-to-date: /home/vinayak/ws_moveit2/install/moveit_core/share/moveit_core/cmake/moveit_coreConfig-version.cmake
[2.795s] -- Up-to-date: /home/vinayak/ws_moveit2/install/moveit_core/share/moveit_core/package.xml
[2.797s] Invoked command in '/home/vinayak/ws_moveit2/build/moveit_core' returned '0': CMAKE_PREFIX_PATH=/home/vinayak/ws_moveit2/install/moveit_resources_panda_moveit_config:/home/vinayak/ws_moveit2/install/srdfdom:/home/vinayak/ws_moveit2/install/moveit_resources_pr2_description:/home/vinayak/ws_moveit2/install/moveit_resources_panda_description:/home/vinayak/ws_moveit2/install/moveit_common:/home/vinayak/ws_moveit2/install/ur_calibration:/home/vinayak/ws_moveit2/install/ur_robot_driver:/home/vinayak/ws_moveit2/install/ur_bringup:/home/vinayak/ws_moveit2/install/ur_controllers:/home/vinayak/ws_moveit2/install/ur_dashboard_msgs:/home/vinayak/ws_moveit2/install/ur3e:/home/vinayak/ws_moveit2/install/pilz_industrial_motion_planner_testutils:/home/vinayak/ws_moveit2/install/moveit_ros_control_interface:/home/vinayak/ws_moveit2/install/moveit_plugins:/home/vinayak/ws_moveit2/install/moveit_simple_controller_manager:/home/vinayak/ws_moveit2/install/moveit_ros_planning:/home/vinayak/ws_moveit2/install/moveit_ros_occupancy_map_monitor:/home/vinayak/ws_moveit2/install/moveit_resources_prbt_ikfast_manipulator_plugin:/home/vinayak/ws_moveit2/install/moveit_planners_chomp:/home/vinayak/ws_moveit2/install/moveit_kinematics:/home/vinayak/ws_moveit2/install/moveit_chomp_optimizer_adapter:/home/vinayak/ws_moveit2/install/chomp_motion_planner:/home/vinayak/ws_moveit2/install/moveit_core:/home/vinayak/ws_moveit2/install/rviz_marker_tools:/home/vinayak/ws_moveit2/install/rosparam_shortcuts:/home/vinayak/ws_moveit2/install/moveit_task_constructor_msgs:/home/vinayak/ws_moveit2/install/moveit_resources_prbt_support:/home/vinayak/ws_moveit2/install/moveit_resources:/home/vinayak/ws_moveit2/install/moveit_resources_fanuc_moveit_config:/home/vinayak/ws_moveit2/install/moveit_resources_fanuc_description:/home/vinayak/ws_moveit2/install/ur3e_motion_package:/home/vinayak/ws_moveit2/install/moveit_configs_utils:/home/vinayak/ws_moveit2/install/launch_param_builder:/opt/ros/humble LD_LIBRARY_PATH=/home/vinayak/ws_moveit2/install/srdfdom/lib:/home/vinayak/ws_moveit2/install/ur_robot_driver/lib:/home/vinayak/ws_moveit2/install/ur_controllers/lib:/home/vinayak/ws_moveit2/install/ur_dashboard_msgs/lib:/home/vinayak/ws_moveit2/install/pilz_industrial_motion_planner_testutils/lib:/home/vinayak/ws_moveit2/install/moveit_ros_control_interface/lib:/home/vinayak/ws_moveit2/install/moveit_simple_controller_manager/lib:/home/vinayak/ws_moveit2/install/moveit_ros_planning/lib:/home/vinayak/ws_moveit2/install/moveit_ros_occupancy_map_monitor/lib:/home/vinayak/ws_moveit2/install/moveit_resources_prbt_ikfast_manipulator_plugin/lib:/home/vinayak/ws_moveit2/install/moveit_planners_chomp/lib:/home/vinayak/ws_moveit2/install/moveit_kinematics/lib:/home/vinayak/ws_moveit2/install/moveit_chomp_optimizer_adapter/lib:/home/vinayak/ws_moveit2/install/chomp_motion_planner/lib:/home/vinayak/ws_moveit2/install/moveit_core/lib:/home/vinayak/ws_moveit2/install/rviz_marker_tools/lib:/home/vinayak/ws_moveit2/install/rosparam_shortcuts/lib:/home/vinayak/ws_moveit2/install/moveit_task_constructor_msgs/lib:/usr/lib/x86_64-linux-gnu/gazebo-11/plugins:/opt/ros/humble/opt/rviz_ogre_vendor/lib:/opt/ros/humble/lib/x86_64-linux-gnu:/opt/ros/humble/lib:/usr/local/cuda-12.4/lib64 /usr/bin/cmake --install /home/vinayak/ws_moveit2/build/moveit_core
