[0.299s] Invoking command in '/home/vinayak/ws_moveit2/build/moveit_servo': AMENT_PREFIX_PATH=/home/vinayak/ws_moveit2/install/moveit_ros_planning_interface:/home/vinayak/ws_moveit2/install/moveit_ros_move_group:/home/vinayak/ws_moveit2/install/moveit_ros_warehouse:/home/vinayak/ws_moveit2/install/moveit_planners_ompl:/home/vinayak/ws_moveit2/install/moveit_kinematics:/home/vinayak/ws_moveit2/install/moveit_ros_planning:/home/vinayak/ws_moveit2/install/moveit_simple_controller_manager:/home/vinayak/ws_moveit2/install/moveit_ros_occupancy_map_monitor:/home/vinayak/ws_moveit2/install/moveit_core:/home/vinayak/ws_moveit2/install/moveit_resources_panda_moveit_config:/home/vinayak/ws_moveit2/install/moveit_resources_fanuc_moveit_config:/home/vinayak/ws_moveit2/install/moveit_configs_utils:/home/vinayak/ws_moveit2/install/srdfdom:/home/vinayak/ws_moveit2/install/moveit_resources_pr2_description:/home/vinayak/ws_moveit2/install/moveit_resources_panda_description:/home/vinayak/ws_moveit2/install/moveit_resources_fanuc_description:/home/vinayak/ws_moveit2/install/moveit_common:/home/vinayak/ws_moveit2/install/launch_param_builder:${AMENT_PREFIX_PATH} CMAKE_PREFIX_PATH=/home/vinayak/ws_moveit2/install/moveit_ros_planning_interface:/home/vinayak/ws_moveit2/install/moveit_ros_move_group:/home/vinayak/ws_moveit2/install/moveit_ros_warehouse:/home/vinayak/ws_moveit2/install/moveit_planners_ompl:/home/vinayak/ws_moveit2/install/moveit_kinematics:/home/vinayak/ws_moveit2/install/moveit_ros_planning:/home/vinayak/ws_moveit2/install/moveit_simple_controller_manager:/home/vinayak/ws_moveit2/install/moveit_ros_occupancy_map_monitor:/home/vinayak/ws_moveit2/install/moveit_core:/home/vinayak/ws_moveit2/install/moveit_resources_panda_moveit_config:/home/vinayak/ws_moveit2/install/moveit_resources_fanuc_moveit_config:/home/vinayak/ws_moveit2/install/srdfdom:/home/vinayak/ws_moveit2/install/moveit_resources_pr2_description:/home/vinayak/ws_moveit2/install/moveit_resources_panda_description:/home/vinayak/ws_moveit2/install/moveit_resources_fanuc_description:/home/vinayak/ws_moveit2/install/moveit_common:/opt/ros/humble LD_LIBRARY_PATH=/home/vinayak/ws_moveit2/install/moveit_ros_planning_interface/lib:/home/vinayak/ws_moveit2/install/moveit_ros_move_group/lib:/home/vinayak/ws_moveit2/install/moveit_ros_warehouse/lib:/home/vinayak/ws_moveit2/install/moveit_planners_ompl/lib:/home/vinayak/ws_moveit2/install/moveit_kinematics/lib:/home/vinayak/ws_moveit2/install/moveit_ros_planning/lib:/home/vinayak/ws_moveit2/install/moveit_simple_controller_manager/lib:/home/vinayak/ws_moveit2/install/moveit_ros_occupancy_map_monitor/lib:/home/vinayak/ws_moveit2/install/moveit_core/lib:/home/vinayak/ws_moveit2/install/srdfdom/lib:${LD_LIBRARY_PATH} PATH=/home/vinayak/ws_moveit2/install/moveit_core/bin:${PATH} PYTHONPATH=/home/vinayak/ws_moveit2/install/moveit_configs_utils/lib/python3.10/site-packages:/home/vinayak/ws_moveit2/install/srdfdom/local/lib/python3.10/dist-packages:/home/vinayak/ws_moveit2/install/launch_param_builder/lib/python3.10/site-packages:${PYTHONPATH} /usr/bin/cmake --build /home/vinayak/ws_moveit2/build/moveit_servo -- -j8 -l8
[0.671s] [  6%] Built target gtest_main
[0.762s] [ 12%] Built target servo_controller_input
[0.762s] [ 18%] Built target gtest
[0.778s] [ 24%] Built target fake_command_publisher
[0.836s] [ 33%] Built target moveit_servo_lib_parameters
[1.154s] [ 39%] Built target test_servo_collision
[1.178s] [ 45%] Built target test_servo_integration
[1.245s] [ 63%] Built target moveit_servo_lib
[1.544s] [ 69%] Built target pose_tracking
[1.562s] [ 75%] Built target servo_node
[1.572s] [ 81%] Built target servo_calcs_unit_tests
[1.817s] [ 87%] Built target servo_pose_tracking_demo
[1.842s] [ 93%] Built target test_servo_pose_tracking
[1.868s] [100%] Built target servo_node_main
[2.184s] Invoked command in '/home/vinayak/ws_moveit2/build/moveit_servo' returned '0': AMENT_PREFIX_PATH=/home/vinayak/ws_moveit2/install/moveit_ros_planning_interface:/home/vinayak/ws_moveit2/install/moveit_ros_move_group:/home/vinayak/ws_moveit2/install/moveit_ros_warehouse:/home/vinayak/ws_moveit2/install/moveit_planners_ompl:/home/vinayak/ws_moveit2/install/moveit_kinematics:/home/vinayak/ws_moveit2/install/moveit_ros_planning:/home/vinayak/ws_moveit2/install/moveit_simple_controller_manager:/home/vinayak/ws_moveit2/install/moveit_ros_occupancy_map_monitor:/home/vinayak/ws_moveit2/install/moveit_core:/home/vinayak/ws_moveit2/install/moveit_resources_panda_moveit_config:/home/vinayak/ws_moveit2/install/moveit_resources_fanuc_moveit_config:/home/vinayak/ws_moveit2/install/moveit_configs_utils:/home/vinayak/ws_moveit2/install/srdfdom:/home/vinayak/ws_moveit2/install/moveit_resources_pr2_description:/home/vinayak/ws_moveit2/install/moveit_resources_panda_description:/home/vinayak/ws_moveit2/install/moveit_resources_fanuc_description:/home/vinayak/ws_moveit2/install/moveit_common:/home/vinayak/ws_moveit2/install/launch_param_builder:${AMENT_PREFIX_PATH} CMAKE_PREFIX_PATH=/home/vinayak/ws_moveit2/install/moveit_ros_planning_interface:/home/vinayak/ws_moveit2/install/moveit_ros_move_group:/home/vinayak/ws_moveit2/install/moveit_ros_warehouse:/home/vinayak/ws_moveit2/install/moveit_planners_ompl:/home/vinayak/ws_moveit2/install/moveit_kinematics:/home/vinayak/ws_moveit2/install/moveit_ros_planning:/home/vinayak/ws_moveit2/install/moveit_simple_controller_manager:/home/vinayak/ws_moveit2/install/moveit_ros_occupancy_map_monitor:/home/vinayak/ws_moveit2/install/moveit_core:/home/vinayak/ws_moveit2/install/moveit_resources_panda_moveit_config:/home/vinayak/ws_moveit2/install/moveit_resources_fanuc_moveit_config:/home/vinayak/ws_moveit2/install/srdfdom:/home/vinayak/ws_moveit2/install/moveit_resources_pr2_description:/home/vinayak/ws_moveit2/install/moveit_resources_panda_description:/home/vinayak/ws_moveit2/install/moveit_resources_fanuc_description:/home/vinayak/ws_moveit2/install/moveit_common:/opt/ros/humble LD_LIBRARY_PATH=/home/vinayak/ws_moveit2/install/moveit_ros_planning_interface/lib:/home/vinayak/ws_moveit2/install/moveit_ros_move_group/lib:/home/vinayak/ws_moveit2/install/moveit_ros_warehouse/lib:/home/vinayak/ws_moveit2/install/moveit_planners_ompl/lib:/home/vinayak/ws_moveit2/install/moveit_kinematics/lib:/home/vinayak/ws_moveit2/install/moveit_ros_planning/lib:/home/vinayak/ws_moveit2/install/moveit_simple_controller_manager/lib:/home/vinayak/ws_moveit2/install/moveit_ros_occupancy_map_monitor/lib:/home/vinayak/ws_moveit2/install/moveit_core/lib:/home/vinayak/ws_moveit2/install/srdfdom/lib:${LD_LIBRARY_PATH} PATH=/home/vinayak/ws_moveit2/install/moveit_core/bin:${PATH} PYTHONPATH=/home/vinayak/ws_moveit2/install/moveit_configs_utils/lib/python3.10/site-packages:/home/vinayak/ws_moveit2/install/srdfdom/local/lib/python3.10/dist-packages:/home/vinayak/ws_moveit2/install/launch_param_builder/lib/python3.10/site-packages:${PYTHONPATH} /usr/bin/cmake --build /home/vinayak/ws_moveit2/build/moveit_servo -- -j8 -l8
[2.189s] Invoking command in '/home/vinayak/ws_moveit2/build/moveit_servo': AMENT_PREFIX_PATH=/home/vinayak/ws_moveit2/install/moveit_ros_planning_interface:/home/vinayak/ws_moveit2/install/moveit_ros_move_group:/home/vinayak/ws_moveit2/install/moveit_ros_warehouse:/home/vinayak/ws_moveit2/install/moveit_planners_ompl:/home/vinayak/ws_moveit2/install/moveit_kinematics:/home/vinayak/ws_moveit2/install/moveit_ros_planning:/home/vinayak/ws_moveit2/install/moveit_simple_controller_manager:/home/vinayak/ws_moveit2/install/moveit_ros_occupancy_map_monitor:/home/vinayak/ws_moveit2/install/moveit_core:/home/vinayak/ws_moveit2/install/moveit_resources_panda_moveit_config:/home/vinayak/ws_moveit2/install/moveit_resources_fanuc_moveit_config:/home/vinayak/ws_moveit2/install/moveit_configs_utils:/home/vinayak/ws_moveit2/install/srdfdom:/home/vinayak/ws_moveit2/install/moveit_resources_pr2_description:/home/vinayak/ws_moveit2/install/moveit_resources_panda_description:/home/vinayak/ws_moveit2/install/moveit_resources_fanuc_description:/home/vinayak/ws_moveit2/install/moveit_common:/home/vinayak/ws_moveit2/install/launch_param_builder:${AMENT_PREFIX_PATH} CMAKE_PREFIX_PATH=/home/vinayak/ws_moveit2/install/moveit_ros_planning_interface:/home/vinayak/ws_moveit2/install/moveit_ros_move_group:/home/vinayak/ws_moveit2/install/moveit_ros_warehouse:/home/vinayak/ws_moveit2/install/moveit_planners_ompl:/home/vinayak/ws_moveit2/install/moveit_kinematics:/home/vinayak/ws_moveit2/install/moveit_ros_planning:/home/vinayak/ws_moveit2/install/moveit_simple_controller_manager:/home/vinayak/ws_moveit2/install/moveit_ros_occupancy_map_monitor:/home/vinayak/ws_moveit2/install/moveit_core:/home/vinayak/ws_moveit2/install/moveit_resources_panda_moveit_config:/home/vinayak/ws_moveit2/install/moveit_resources_fanuc_moveit_config:/home/vinayak/ws_moveit2/install/srdfdom:/home/vinayak/ws_moveit2/install/moveit_resources_pr2_description:/home/vinayak/ws_moveit2/install/moveit_resources_panda_description:/home/vinayak/ws_moveit2/install/moveit_resources_fanuc_description:/home/vinayak/ws_moveit2/install/moveit_common:/opt/ros/humble LD_LIBRARY_PATH=/home/vinayak/ws_moveit2/install/moveit_ros_planning_interface/lib:/home/vinayak/ws_moveit2/install/moveit_ros_move_group/lib:/home/vinayak/ws_moveit2/install/moveit_ros_warehouse/lib:/home/vinayak/ws_moveit2/install/moveit_planners_ompl/lib:/home/vinayak/ws_moveit2/install/moveit_kinematics/lib:/home/vinayak/ws_moveit2/install/moveit_ros_planning/lib:/home/vinayak/ws_moveit2/install/moveit_simple_controller_manager/lib:/home/vinayak/ws_moveit2/install/moveit_ros_occupancy_map_monitor/lib:/home/vinayak/ws_moveit2/install/moveit_core/lib:/home/vinayak/ws_moveit2/install/srdfdom/lib:${LD_LIBRARY_PATH} PATH=/home/vinayak/ws_moveit2/install/moveit_core/bin:${PATH} PYTHONPATH=/home/vinayak/ws_moveit2/install/moveit_configs_utils/lib/python3.10/site-packages:/home/vinayak/ws_moveit2/install/srdfdom/local/lib/python3.10/dist-packages:/home/vinayak/ws_moveit2/install/launch_param_builder/lib/python3.10/site-packages:${PYTHONPATH} /usr/bin/cmake --install /home/vinayak/ws_moveit2/build/moveit_servo
[2.201s] -- Install configuration: "Release"
[2.202s] -- Up-to-date: /home/vinayak/ws_moveit2/install/moveit_servo/lib/libmoveit_servo_lib.so.2.5.6
[2.204s] -- Up-to-date: /home/vinayak/ws_moveit2/install/moveit_servo/lib/libmoveit_servo_lib.so
[2.204s] -- Up-to-date: /home/vinayak/ws_moveit2/install/moveit_servo/lib/libmoveit_servo_lib_parameters.so.2.5.6
[2.204s] -- Up-to-date: /home/vinayak/ws_moveit2/install/moveit_servo/lib/libmoveit_servo_lib_parameters.so
[2.204s] -- Up-to-date: /home/vinayak/ws_moveit2/install/moveit_servo/lib/libpose_tracking.so
[2.205s] -- Up-to-date: /home/vinayak/ws_moveit2/install/moveit_servo/lib/libservo_node.so
[2.206s] -- Up-to-date: /home/vinayak/ws_moveit2/install/moveit_servo/lib/libservo_controller_input.so
[2.207s] -- Up-to-date: /home/vinayak/ws_moveit2/install/moveit_servo/lib/moveit_servo/servo_node_main
[2.207s] -- Up-to-date: /home/vinayak/ws_moveit2/install/moveit_servo/lib/moveit_servo/servo_pose_tracking_demo
[2.209s] -- Up-to-date: /home/vinayak/ws_moveit2/install/moveit_servo/lib/moveit_servo/fake_command_publisher
[2.209s] -- Up-to-date: /home/vinayak/ws_moveit2/install/moveit_servo/include
[2.211s] -- Up-to-date: /home/vinayak/ws_moveit2/install/moveit_servo/include/moveit_servo
[2.211s] -- Up-to-date: /home/vinayak/ws_moveit2/install/moveit_servo/include/moveit_servo/servo_parameters.h
[2.211s] -- Up-to-date: /home/vinayak/ws_moveit2/install/moveit_servo/include/moveit_servo/servo_server.h
[2.211s] -- Up-to-date: /home/vinayak/ws_moveit2/install/moveit_servo/include/moveit_servo/status_codes.h
[2.211s] -- Up-to-date: /home/vinayak/ws_moveit2/install/moveit_servo/include/moveit_servo/servo_calcs.h
[2.211s] -- Up-to-date: /home/vinayak/ws_moveit2/install/moveit_servo/include/moveit_servo/servo.h
[2.212s] -- Up-to-date: /home/vinayak/ws_moveit2/install/moveit_servo/include/moveit_servo/utilities.h
[2.212s] -- Up-to-date: /home/vinayak/ws_moveit2/install/moveit_servo/include/moveit_servo/parameter_descriptor_builder.hpp
[2.212s] -- Up-to-date: /home/vinayak/ws_moveit2/install/moveit_servo/include/moveit_servo/pose_tracking.h
[2.212s] -- Up-to-date: /home/vinayak/ws_moveit2/install/moveit_servo/include/moveit_servo/servo_node.h
[2.212s] -- Up-to-date: /home/vinayak/ws_moveit2/install/moveit_servo/include/moveit_servo/collision_check.h
[2.214s] -- Up-to-date: /home/vinayak/ws_moveit2/install/moveit_servo/include/moveit_servo/enforce_limits.hpp
[2.215s] -- Up-to-date: /home/vinayak/ws_moveit2/install/moveit_servo/include/moveit_servo/make_shared_from_pool.h
[2.215s] -- Up-to-date: /home/vinayak/ws_moveit2/install/moveit_servo/share/moveit_servo/launch
[2.216s] -- Up-to-date: /home/vinayak/ws_moveit2/install/moveit_servo/share/moveit_servo/launch/servo_example.launch.py
[2.216s] -- Up-to-date: /home/vinayak/ws_moveit2/install/moveit_servo/share/moveit_servo/launch/pose_tracking_example.launch.py
[2.216s] -- Up-to-date: /home/vinayak/ws_moveit2/install/moveit_servo/share/moveit_servo/config
[2.216s] -- Up-to-date: /home/vinayak/ws_moveit2/install/moveit_servo/share/moveit_servo/config/panda_simulated_config_pose_tracking.yaml
[2.217s] -- Up-to-date: /home/vinayak/ws_moveit2/install/moveit_servo/share/moveit_servo/config/demo_rviz_config.rviz
[2.217s] -- Up-to-date: /home/vinayak/ws_moveit2/install/moveit_servo/share/moveit_servo/config/panda_simulated_config.yaml
[2.217s] -- Up-to-date: /home/vinayak/ws_moveit2/install/moveit_servo/share/moveit_servo/config/pose_tracking_settings.yaml
[2.217s] -- Up-to-date: /home/vinayak/ws_moveit2/install/moveit_servo/share/moveit_servo/config/demo_rviz_pose_tracking.rviz
[2.218s] -- Up-to-date: /home/vinayak/ws_moveit2/install/moveit_servo/share/moveit_servo/environment/library_path.sh
[2.218s] -- Up-to-date: /home/vinayak/ws_moveit2/install/moveit_servo/share/moveit_servo/environment/library_path.dsv
[2.223s] -- Up-to-date: /home/vinayak/ws_moveit2/install/moveit_servo/share/ament_index/resource_index/package_run_dependencies/moveit_servo
[2.223s] -- Up-to-date: /home/vinayak/ws_moveit2/install/moveit_servo/share/ament_index/resource_index/parent_prefix_path/moveit_servo
[2.223s] -- Up-to-date: /home/vinayak/ws_moveit2/install/moveit_servo/share/moveit_servo/environment/ament_prefix_path.sh
[2.224s] -- Up-to-date: /home/vinayak/ws_moveit2/install/moveit_servo/share/moveit_servo/environment/ament_prefix_path.dsv
[2.224s] -- Up-to-date: /home/vinayak/ws_moveit2/install/moveit_servo/share/moveit_servo/environment/path.sh
[2.224s] -- Up-to-date: /home/vinayak/ws_moveit2/install/moveit_servo/share/moveit_servo/environment/path.dsv
[2.224s] -- Up-to-date: /home/vinayak/ws_moveit2/install/moveit_servo/share/moveit_servo/local_setup.bash
[2.224s] -- Up-to-date: /home/vinayak/ws_moveit2/install/moveit_servo/share/moveit_servo/local_setup.sh
[2.224s] -- Up-to-date: /home/vinayak/ws_moveit2/install/moveit_servo/share/moveit_servo/local_setup.zsh
[2.224s] -- Up-to-date: /home/vinayak/ws_moveit2/install/moveit_servo/share/moveit_servo/local_setup.dsv
[2.224s] -- Installing: /home/vinayak/ws_moveit2/install/moveit_servo/share/moveit_servo/package.dsv
[2.224s] -- Up-to-date: /home/vinayak/ws_moveit2/install/moveit_servo/share/ament_index/resource_index/packages/moveit_servo
[2.224s] -- Up-to-date: /home/vinayak/ws_moveit2/install/moveit_servo/share/ament_index/resource_index/rclcpp_components/moveit_servo
[2.225s] -- Up-to-date: /home/vinayak/ws_moveit2/install/moveit_servo/share/moveit_servo/cmake/export_moveit_servoExport.cmake
[2.225s] -- Up-to-date: /home/vinayak/ws_moveit2/install/moveit_servo/share/moveit_servo/cmake/export_moveit_servoExport-release.cmake
[2.225s] -- Up-to-date: /home/vinayak/ws_moveit2/install/moveit_servo/share/moveit_servo/cmake/ament_cmake_export_targets-extras.cmake
[2.225s] -- Up-to-date: /home/vinayak/ws_moveit2/install/moveit_servo/share/moveit_servo/cmake/ament_cmake_export_dependencies-extras.cmake
[2.225s] -- Up-to-date: /home/vinayak/ws_moveit2/install/moveit_servo/share/moveit_servo/cmake/moveit_servoConfig.cmake
[2.225s] -- Up-to-date: /home/vinayak/ws_moveit2/install/moveit_servo/share/moveit_servo/cmake/moveit_servoConfig-version.cmake
[2.225s] -- Up-to-date: /home/vinayak/ws_moveit2/install/moveit_servo/share/moveit_servo/package.xml
[2.233s] Invoked command in '/home/vinayak/ws_moveit2/build/moveit_servo' returned '0': AMENT_PREFIX_PATH=/home/vinayak/ws_moveit2/install/moveit_ros_planning_interface:/home/vinayak/ws_moveit2/install/moveit_ros_move_group:/home/vinayak/ws_moveit2/install/moveit_ros_warehouse:/home/vinayak/ws_moveit2/install/moveit_planners_ompl:/home/vinayak/ws_moveit2/install/moveit_kinematics:/home/vinayak/ws_moveit2/install/moveit_ros_planning:/home/vinayak/ws_moveit2/install/moveit_simple_controller_manager:/home/vinayak/ws_moveit2/install/moveit_ros_occupancy_map_monitor:/home/vinayak/ws_moveit2/install/moveit_core:/home/vinayak/ws_moveit2/install/moveit_resources_panda_moveit_config:/home/vinayak/ws_moveit2/install/moveit_resources_fanuc_moveit_config:/home/vinayak/ws_moveit2/install/moveit_configs_utils:/home/vinayak/ws_moveit2/install/srdfdom:/home/vinayak/ws_moveit2/install/moveit_resources_pr2_description:/home/vinayak/ws_moveit2/install/moveit_resources_panda_description:/home/vinayak/ws_moveit2/install/moveit_resources_fanuc_description:/home/vinayak/ws_moveit2/install/moveit_common:/home/vinayak/ws_moveit2/install/launch_param_builder:${AMENT_PREFIX_PATH} CMAKE_PREFIX_PATH=/home/vinayak/ws_moveit2/install/moveit_ros_planning_interface:/home/vinayak/ws_moveit2/install/moveit_ros_move_group:/home/vinayak/ws_moveit2/install/moveit_ros_warehouse:/home/vinayak/ws_moveit2/install/moveit_planners_ompl:/home/vinayak/ws_moveit2/install/moveit_kinematics:/home/vinayak/ws_moveit2/install/moveit_ros_planning:/home/vinayak/ws_moveit2/install/moveit_simple_controller_manager:/home/vinayak/ws_moveit2/install/moveit_ros_occupancy_map_monitor:/home/vinayak/ws_moveit2/install/moveit_core:/home/vinayak/ws_moveit2/install/moveit_resources_panda_moveit_config:/home/vinayak/ws_moveit2/install/moveit_resources_fanuc_moveit_config:/home/vinayak/ws_moveit2/install/srdfdom:/home/vinayak/ws_moveit2/install/moveit_resources_pr2_description:/home/vinayak/ws_moveit2/install/moveit_resources_panda_description:/home/vinayak/ws_moveit2/install/moveit_resources_fanuc_description:/home/vinayak/ws_moveit2/install/moveit_common:/opt/ros/humble LD_LIBRARY_PATH=/home/vinayak/ws_moveit2/install/moveit_ros_planning_interface/lib:/home/vinayak/ws_moveit2/install/moveit_ros_move_group/lib:/home/vinayak/ws_moveit2/install/moveit_ros_warehouse/lib:/home/vinayak/ws_moveit2/install/moveit_planners_ompl/lib:/home/vinayak/ws_moveit2/install/moveit_kinematics/lib:/home/vinayak/ws_moveit2/install/moveit_ros_planning/lib:/home/vinayak/ws_moveit2/install/moveit_simple_controller_manager/lib:/home/vinayak/ws_moveit2/install/moveit_ros_occupancy_map_monitor/lib:/home/vinayak/ws_moveit2/install/moveit_core/lib:/home/vinayak/ws_moveit2/install/srdfdom/lib:${LD_LIBRARY_PATH} PATH=/home/vinayak/ws_moveit2/install/moveit_core/bin:${PATH} PYTHONPATH=/home/vinayak/ws_moveit2/install/moveit_configs_utils/lib/python3.10/site-packages:/home/vinayak/ws_moveit2/install/srdfdom/local/lib/python3.10/dist-packages:/home/vinayak/ws_moveit2/install/launch_param_builder/lib/python3.10/site-packages:${PYTHONPATH} /usr/bin/cmake --install /home/vinayak/ws_moveit2/build/moveit_servo
