[0.734s] Invoking command in '/home/vinayak/ws_moveit2/src/ur3e_motion_package': PYTHONPATH=/home/vinayak/ws_moveit2/build/ur3e_motion_package/prefix_override:/usr/lib/python3/dist-packages/colcon_core/task/python/colcon_distutils_commands:/home/vinayak/ws_moveit2/install/ur3e_motion_package/lib/python3.10/site-packages:${PYTHONPATH} /usr/bin/python3 -W ignore:setup.py install is deprecated -W ignore:easy_install command is deprecated setup.py egg_info --egg-base ../../build/ur3e_motion_package build --build-base /home/vinayak/ws_moveit2/build/ur3e_motion_package/build install --record /home/vinayak/ws_moveit2/build/ur3e_motion_package/install.log --single-version-externally-managed install_data
[1.021s] running egg_info
[1.022s] creating ../../build/ur3e_motion_package/ur3e_motion_package.egg-info
[1.022s] writing ../../build/ur3e_motion_package/ur3e_motion_package.egg-info/PKG-INFO
[1.022s] writing dependency_links to ../../build/ur3e_motion_package/ur3e_motion_package.egg-info/dependency_links.txt
[1.022s] writing entry points to ../../build/ur3e_motion_package/ur3e_motion_package.egg-info/entry_points.txt
[1.022s] writing requirements to ../../build/ur3e_motion_package/ur3e_motion_package.egg-info/requires.txt
[1.022s] writing top-level names to ../../build/ur3e_motion_package/ur3e_motion_package.egg-info/top_level.txt
[1.023s] writing manifest file '../../build/ur3e_motion_package/ur3e_motion_package.egg-info/SOURCES.txt'
[1.024s] reading manifest file '../../build/ur3e_motion_package/ur3e_motion_package.egg-info/SOURCES.txt'
[1.025s] writing manifest file '../../build/ur3e_motion_package/ur3e_motion_package.egg-info/SOURCES.txt'
[1.025s] running build
[1.025s] running build_py
[1.025s] creating /home/vinayak/ws_moveit2/build/ur3e_motion_package/build
[1.026s] creating /home/vinayak/ws_moveit2/build/ur3e_motion_package/build/lib
[1.026s] creating /home/vinayak/ws_moveit2/build/ur3e_motion_package/build/lib/ur3e_motion_package
[1.026s] copying ur3e_motion_package/ur3e_motion.py -> /home/vinayak/ws_moveit2/build/ur3e_motion_package/build/lib/ur3e_motion_package
[1.030s] copying ur3e_motion_package/__init__.py -> /home/vinayak/ws_moveit2/build/ur3e_motion_package/build/lib/ur3e_motion_package
[1.031s] running install
[1.031s] running install_lib
[1.032s] creating /home/vinayak/ws_moveit2/install/ur3e_motion_package/lib/python3.10/site-packages/ur3e_motion_package
[1.032s] copying /home/vinayak/ws_moveit2/build/ur3e_motion_package/build/lib/ur3e_motion_package/ur3e_motion.py -> /home/vinayak/ws_moveit2/install/ur3e_motion_package/lib/python3.10/site-packages/ur3e_motion_package
[1.032s] copying /home/vinayak/ws_moveit2/build/ur3e_motion_package/build/lib/ur3e_motion_package/__init__.py -> /home/vinayak/ws_moveit2/install/ur3e_motion_package/lib/python3.10/site-packages/ur3e_motion_package
[1.033s] byte-compiling /home/vinayak/ws_moveit2/install/ur3e_motion_package/lib/python3.10/site-packages/ur3e_motion_package/ur3e_motion.py to ur3e_motion.cpython-310.pyc
[1.033s] byte-compiling /home/vinayak/ws_moveit2/install/ur3e_motion_package/lib/python3.10/site-packages/ur3e_motion_package/__init__.py to __init__.cpython-310.pyc
[1.033s] running install_data
[1.034s] creating /home/vinayak/ws_moveit2/install/ur3e_motion_package/share/ament_index
[1.034s] creating /home/vinayak/ws_moveit2/install/ur3e_motion_package/share/ament_index/resource_index
[1.034s] creating /home/vinayak/ws_moveit2/install/ur3e_motion_package/share/ament_index/resource_index/packages
[1.034s] copying resource/ur3e_motion_package -> /home/vinayak/ws_moveit2/install/ur3e_motion_package/share/ament_index/resource_index/packages
[1.034s] copying package.xml -> /home/vinayak/ws_moveit2/install/ur3e_motion_package/share/ur3e_motion_package
[1.034s] running install_egg_info
[1.036s] Copying ../../build/ur3e_motion_package/ur3e_motion_package.egg-info to /home/vinayak/ws_moveit2/install/ur3e_motion_package/lib/python3.10/site-packages/ur3e_motion_package-0.0.0-py3.10.egg-info
[1.037s] running install_scripts
[1.056s] Installing ur3e_motion script to /home/vinayak/ws_moveit2/install/ur3e_motion_package/lib/ur3e_motion_package
[1.056s] writing list of installed files to '/home/vinayak/ws_moveit2/build/ur3e_motion_package/install.log'
[1.076s] Invoked command in '/home/vinayak/ws_moveit2/src/ur3e_motion_package' returned '0': PYTHONPATH=/home/vinayak/ws_moveit2/build/ur3e_motion_package/prefix_override:/usr/lib/python3/dist-packages/colcon_core/task/python/colcon_distutils_commands:/home/vinayak/ws_moveit2/install/ur3e_motion_package/lib/python3.10/site-packages:${PYTHONPATH} /usr/bin/python3 -W ignore:setup.py install is deprecated -W ignore:easy_install command is deprecated setup.py egg_info --egg-base ../../build/ur3e_motion_package build --build-base /home/vinayak/ws_moveit2/build/ur3e_motion_package/build install --record /home/vinayak/ws_moveit2/build/ur3e_motion_package/install.log --single-version-externally-managed install_data
