[0.025s] Invoking command in '/home/vinayak/ws_moveit2/build/ur_controllers': CMAKE_PREFIX_PATH=/home/vinayak/ws_moveit2/install/ur_dashboard_msgs:/home/vinayak/ws_moveit2/install/ur_calibration:/home/vinayak/ws_moveit2/install/ur_robot_driver:/home/vinayak/ws_moveit2/install/ur_bringup:/home/vinayak/ws_moveit2/install/ur_controllers:/home/vinayak/ws_moveit2/install/ur3e:/home/vinayak/ws_moveit2/install/pilz_industrial_motion_planner_testutils:/home/vinayak/ws_moveit2/install/moveit_ros_control_interface:/home/vinayak/ws_moveit2/install/moveit_plugins:/home/vinayak/ws_moveit2/install/moveit_simple_controller_manager:/home/vinayak/ws_moveit2/install/moveit_ros_planning:/home/vinayak/ws_moveit2/install/moveit_ros_occupancy_map_monitor:/home/vinayak/ws_moveit2/install/moveit_resources_prbt_ikfast_manipulator_plugin:/home/vinayak/ws_moveit2/install/moveit_planners_chomp:/home/vinayak/ws_moveit2/install/moveit_kinematics:/home/vinayak/ws_moveit2/install/moveit_chomp_optimizer_adapter:/home/vinayak/ws_moveit2/install/chomp_motion_planner:/home/vinayak/ws_moveit2/install/moveit_core:/home/vinayak/ws_moveit2/install/srdfdom:/home/vinayak/ws_moveit2/install/rviz_marker_tools:/home/vinayak/ws_moveit2/install/rosparam_shortcuts:/home/vinayak/ws_moveit2/install/moveit_task_constructor_msgs:/home/vinayak/ws_moveit2/install/moveit_resources_prbt_support:/home/vinayak/ws_moveit2/install/moveit_resources:/home/vinayak/ws_moveit2/install/moveit_resources_pr2_description:/home/vinayak/ws_moveit2/install/moveit_resources_panda_moveit_config:/home/vinayak/ws_moveit2/install/moveit_resources_panda_description:/home/vinayak/ws_moveit2/install/moveit_resources_fanuc_moveit_config:/home/vinayak/ws_moveit2/install/moveit_resources_fanuc_description:/home/vinayak/ws_moveit2/install/moveit_common:/home/vinayak/ws_moveit2/install/ur3e_motion_package:/home/vinayak/ws_moveit2/install/moveit_configs_utils:/home/vinayak/ws_moveit2/install/launch_param_builder:/opt/ros/humble LD_LIBRARY_PATH=/home/vinayak/ws_moveit2/install/ur_dashboard_msgs/lib:/home/vinayak/ws_moveit2/install/ur_robot_driver/lib:/home/vinayak/ws_moveit2/install/ur_controllers/lib:/home/vinayak/ws_moveit2/install/pilz_industrial_motion_planner_testutils/lib:/home/vinayak/ws_moveit2/install/moveit_ros_control_interface/lib:/home/vinayak/ws_moveit2/install/moveit_simple_controller_manager/lib:/home/vinayak/ws_moveit2/install/moveit_ros_planning/lib:/home/vinayak/ws_moveit2/install/moveit_ros_occupancy_map_monitor/lib:/home/vinayak/ws_moveit2/install/moveit_resources_prbt_ikfast_manipulator_plugin/lib:/home/vinayak/ws_moveit2/install/moveit_planners_chomp/lib:/home/vinayak/ws_moveit2/install/moveit_kinematics/lib:/home/vinayak/ws_moveit2/install/moveit_chomp_optimizer_adapter/lib:/home/vinayak/ws_moveit2/install/chomp_motion_planner/lib:/home/vinayak/ws_moveit2/install/moveit_core/lib:/home/vinayak/ws_moveit2/install/srdfdom/lib:/home/vinayak/ws_moveit2/install/rviz_marker_tools/lib:/home/vinayak/ws_moveit2/install/rosparam_shortcuts/lib:/home/vinayak/ws_moveit2/install/moveit_task_constructor_msgs/lib:/usr/lib/x86_64-linux-gnu/gazebo-11/plugins:/opt/ros/humble/opt/rviz_ogre_vendor/lib:/opt/ros/humble/lib/x86_64-linux-gnu:/opt/ros/humble/lib:/usr/local/cuda-12.4/lib64 /usr/bin/cmake --build /home/vinayak/ws_moveit2/build/ur_controllers
[0.110s] [ 12%] Built target speed_scaling_state_broadcaster_parameters
[0.113s] [ 25%] Built target gpio_controller_parameters
[0.148s] [ 37%] Built target passthrough_trajectory_controller_parameters
[0.152s] [ 50%] Built target ur_configuration_controller_parameters
[0.183s] [ 62%] Built target scaled_joint_trajectory_controller_parameters
[0.239s] [100%] Built target ur_controllers
[0.257s] Invoked command in '/home/vinayak/ws_moveit2/build/ur_controllers' returned '0': CMAKE_PREFIX_PATH=/home/vinayak/ws_moveit2/install/ur_dashboard_msgs:/home/vinayak/ws_moveit2/install/ur_calibration:/home/vinayak/ws_moveit2/install/ur_robot_driver:/home/vinayak/ws_moveit2/install/ur_bringup:/home/vinayak/ws_moveit2/install/ur_controllers:/home/vinayak/ws_moveit2/install/ur3e:/home/vinayak/ws_moveit2/install/pilz_industrial_motion_planner_testutils:/home/vinayak/ws_moveit2/install/moveit_ros_control_interface:/home/vinayak/ws_moveit2/install/moveit_plugins:/home/vinayak/ws_moveit2/install/moveit_simple_controller_manager:/home/vinayak/ws_moveit2/install/moveit_ros_planning:/home/vinayak/ws_moveit2/install/moveit_ros_occupancy_map_monitor:/home/vinayak/ws_moveit2/install/moveit_resources_prbt_ikfast_manipulator_plugin:/home/vinayak/ws_moveit2/install/moveit_planners_chomp:/home/vinayak/ws_moveit2/install/moveit_kinematics:/home/vinayak/ws_moveit2/install/moveit_chomp_optimizer_adapter:/home/vinayak/ws_moveit2/install/chomp_motion_planner:/home/vinayak/ws_moveit2/install/moveit_core:/home/vinayak/ws_moveit2/install/srdfdom:/home/vinayak/ws_moveit2/install/rviz_marker_tools:/home/vinayak/ws_moveit2/install/rosparam_shortcuts:/home/vinayak/ws_moveit2/install/moveit_task_constructor_msgs:/home/vinayak/ws_moveit2/install/moveit_resources_prbt_support:/home/vinayak/ws_moveit2/install/moveit_resources:/home/vinayak/ws_moveit2/install/moveit_resources_pr2_description:/home/vinayak/ws_moveit2/install/moveit_resources_panda_moveit_config:/home/vinayak/ws_moveit2/install/moveit_resources_panda_description:/home/vinayak/ws_moveit2/install/moveit_resources_fanuc_moveit_config:/home/vinayak/ws_moveit2/install/moveit_resources_fanuc_description:/home/vinayak/ws_moveit2/install/moveit_common:/home/vinayak/ws_moveit2/install/ur3e_motion_package:/home/vinayak/ws_moveit2/install/moveit_configs_utils:/home/vinayak/ws_moveit2/install/launch_param_builder:/opt/ros/humble LD_LIBRARY_PATH=/home/vinayak/ws_moveit2/install/ur_dashboard_msgs/lib:/home/vinayak/ws_moveit2/install/ur_robot_driver/lib:/home/vinayak/ws_moveit2/install/ur_controllers/lib:/home/vinayak/ws_moveit2/install/pilz_industrial_motion_planner_testutils/lib:/home/vinayak/ws_moveit2/install/moveit_ros_control_interface/lib:/home/vinayak/ws_moveit2/install/moveit_simple_controller_manager/lib:/home/vinayak/ws_moveit2/install/moveit_ros_planning/lib:/home/vinayak/ws_moveit2/install/moveit_ros_occupancy_map_monitor/lib:/home/vinayak/ws_moveit2/install/moveit_resources_prbt_ikfast_manipulator_plugin/lib:/home/vinayak/ws_moveit2/install/moveit_planners_chomp/lib:/home/vinayak/ws_moveit2/install/moveit_kinematics/lib:/home/vinayak/ws_moveit2/install/moveit_chomp_optimizer_adapter/lib:/home/vinayak/ws_moveit2/install/chomp_motion_planner/lib:/home/vinayak/ws_moveit2/install/moveit_core/lib:/home/vinayak/ws_moveit2/install/srdfdom/lib:/home/vinayak/ws_moveit2/install/rviz_marker_tools/lib:/home/vinayak/ws_moveit2/install/rosparam_shortcuts/lib:/home/vinayak/ws_moveit2/install/moveit_task_constructor_msgs/lib:/usr/lib/x86_64-linux-gnu/gazebo-11/plugins:/opt/ros/humble/opt/rviz_ogre_vendor/lib:/opt/ros/humble/lib/x86_64-linux-gnu:/opt/ros/humble/lib:/usr/local/cuda-12.4/lib64 /usr/bin/cmake --build /home/vinayak/ws_moveit2/build/ur_controllers
[0.259s] Invoking command in '/home/vinayak/ws_moveit2/build/ur_controllers': CMAKE_PREFIX_PATH=/home/vinayak/ws_moveit2/install/ur_dashboard_msgs:/home/vinayak/ws_moveit2/install/ur_calibration:/home/vinayak/ws_moveit2/install/ur_robot_driver:/home/vinayak/ws_moveit2/install/ur_bringup:/home/vinayak/ws_moveit2/install/ur_controllers:/home/vinayak/ws_moveit2/install/ur3e:/home/vinayak/ws_moveit2/install/pilz_industrial_motion_planner_testutils:/home/vinayak/ws_moveit2/install/moveit_ros_control_interface:/home/vinayak/ws_moveit2/install/moveit_plugins:/home/vinayak/ws_moveit2/install/moveit_simple_controller_manager:/home/vinayak/ws_moveit2/install/moveit_ros_planning:/home/vinayak/ws_moveit2/install/moveit_ros_occupancy_map_monitor:/home/vinayak/ws_moveit2/install/moveit_resources_prbt_ikfast_manipulator_plugin:/home/vinayak/ws_moveit2/install/moveit_planners_chomp:/home/vinayak/ws_moveit2/install/moveit_kinematics:/home/vinayak/ws_moveit2/install/moveit_chomp_optimizer_adapter:/home/vinayak/ws_moveit2/install/chomp_motion_planner:/home/vinayak/ws_moveit2/install/moveit_core:/home/vinayak/ws_moveit2/install/srdfdom:/home/vinayak/ws_moveit2/install/rviz_marker_tools:/home/vinayak/ws_moveit2/install/rosparam_shortcuts:/home/vinayak/ws_moveit2/install/moveit_task_constructor_msgs:/home/vinayak/ws_moveit2/install/moveit_resources_prbt_support:/home/vinayak/ws_moveit2/install/moveit_resources:/home/vinayak/ws_moveit2/install/moveit_resources_pr2_description:/home/vinayak/ws_moveit2/install/moveit_resources_panda_moveit_config:/home/vinayak/ws_moveit2/install/moveit_resources_panda_description:/home/vinayak/ws_moveit2/install/moveit_resources_fanuc_moveit_config:/home/vinayak/ws_moveit2/install/moveit_resources_fanuc_description:/home/vinayak/ws_moveit2/install/moveit_common:/home/vinayak/ws_moveit2/install/ur3e_motion_package:/home/vinayak/ws_moveit2/install/moveit_configs_utils:/home/vinayak/ws_moveit2/install/launch_param_builder:/opt/ros/humble LD_LIBRARY_PATH=/home/vinayak/ws_moveit2/install/ur_dashboard_msgs/lib:/home/vinayak/ws_moveit2/install/ur_robot_driver/lib:/home/vinayak/ws_moveit2/install/ur_controllers/lib:/home/vinayak/ws_moveit2/install/pilz_industrial_motion_planner_testutils/lib:/home/vinayak/ws_moveit2/install/moveit_ros_control_interface/lib:/home/vinayak/ws_moveit2/install/moveit_simple_controller_manager/lib:/home/vinayak/ws_moveit2/install/moveit_ros_planning/lib:/home/vinayak/ws_moveit2/install/moveit_ros_occupancy_map_monitor/lib:/home/vinayak/ws_moveit2/install/moveit_resources_prbt_ikfast_manipulator_plugin/lib:/home/vinayak/ws_moveit2/install/moveit_planners_chomp/lib:/home/vinayak/ws_moveit2/install/moveit_kinematics/lib:/home/vinayak/ws_moveit2/install/moveit_chomp_optimizer_adapter/lib:/home/vinayak/ws_moveit2/install/chomp_motion_planner/lib:/home/vinayak/ws_moveit2/install/moveit_core/lib:/home/vinayak/ws_moveit2/install/srdfdom/lib:/home/vinayak/ws_moveit2/install/rviz_marker_tools/lib:/home/vinayak/ws_moveit2/install/rosparam_shortcuts/lib:/home/vinayak/ws_moveit2/install/moveit_task_constructor_msgs/lib:/usr/lib/x86_64-linux-gnu/gazebo-11/plugins:/opt/ros/humble/opt/rviz_ogre_vendor/lib:/opt/ros/humble/lib/x86_64-linux-gnu:/opt/ros/humble/lib:/usr/local/cuda-12.4/lib64 /usr/bin/cmake --install /home/vinayak/ws_moveit2/build/ur_controllers
[0.271s] -- Install configuration: ""
[0.271s] -- Up-to-date: /home/vinayak/ws_moveit2/install/ur_controllers/include/ur_controllers
[0.271s] -- Up-to-date: /home/vinayak/ws_moveit2/install/ur_controllers/include/ur_controllers/speed_scaling_state_broadcaster_parameters.hpp
[0.271s] -- Up-to-date: /home/vinayak/ws_moveit2/install/ur_controllers/include/ur_controllers/scaled_joint_trajectory_controller_parameters.hpp
[0.271s] -- Up-to-date: /home/vinayak/ws_moveit2/install/ur_controllers/include/ur_controllers/gpio_controller_parameters.hpp
[0.271s] -- Up-to-date: /home/vinayak/ws_moveit2/install/ur_controllers/include/ur_controllers/passthrough_trajectory_controller_parameters.hpp
[0.272s] -- Up-to-date: /home/vinayak/ws_moveit2/install/ur_controllers/include/ur_controllers/ur_configuration_controller_parameters.hpp
[0.272s] -- Up-to-date: /home/vinayak/ws_moveit2/install/ur_controllers/include/ur_controllers
[0.272s] -- Up-to-date: /home/vinayak/ws_moveit2/install/ur_controllers/include/ur_controllers/speed_scaling_state_broadcaster_parameters.hpp
[0.272s] -- Up-to-date: /home/vinayak/ws_moveit2/install/ur_controllers/include/ur_controllers/scaled_joint_trajectory_controller_parameters.hpp
[0.272s] -- Up-to-date: /home/vinayak/ws_moveit2/install/ur_controllers/include/ur_controllers/gpio_controller_parameters.hpp
[0.272s] -- Up-to-date: /home/vinayak/ws_moveit2/install/ur_controllers/include/ur_controllers/passthrough_trajectory_controller_parameters.hpp
[0.272s] -- Up-to-date: /home/vinayak/ws_moveit2/install/ur_controllers/include/ur_controllers/ur_configuration_controller_parameters.hpp
[0.272s] -- Up-to-date: /home/vinayak/ws_moveit2/install/ur_controllers/include/ur_controllers
[0.273s] -- Up-to-date: /home/vinayak/ws_moveit2/install/ur_controllers/include/ur_controllers/speed_scaling_state_broadcaster_parameters.hpp
[0.273s] -- Up-to-date: /home/vinayak/ws_moveit2/install/ur_controllers/include/ur_controllers/scaled_joint_trajectory_controller_parameters.hpp
[0.273s] -- Up-to-date: /home/vinayak/ws_moveit2/install/ur_controllers/include/ur_controllers/gpio_controller_parameters.hpp
[0.273s] -- Up-to-date: /home/vinayak/ws_moveit2/install/ur_controllers/include/ur_controllers/passthrough_trajectory_controller_parameters.hpp
[0.273s] -- Up-to-date: /home/vinayak/ws_moveit2/install/ur_controllers/include/ur_controllers/ur_configuration_controller_parameters.hpp
[0.273s] -- Up-to-date: /home/vinayak/ws_moveit2/install/ur_controllers/include/ur_controllers
[0.273s] -- Up-to-date: /home/vinayak/ws_moveit2/install/ur_controllers/include/ur_controllers/speed_scaling_state_broadcaster_parameters.hpp
[0.273s] -- Up-to-date: /home/vinayak/ws_moveit2/install/ur_controllers/include/ur_controllers/scaled_joint_trajectory_controller_parameters.hpp
[0.273s] -- Up-to-date: /home/vinayak/ws_moveit2/install/ur_controllers/include/ur_controllers/gpio_controller_parameters.hpp
[0.274s] -- Up-to-date: /home/vinayak/ws_moveit2/install/ur_controllers/include/ur_controllers/passthrough_trajectory_controller_parameters.hpp
[0.274s] -- Up-to-date: /home/vinayak/ws_moveit2/install/ur_controllers/include/ur_controllers/ur_configuration_controller_parameters.hpp
[0.274s] -- Up-to-date: /home/vinayak/ws_moveit2/install/ur_controllers/include/ur_controllers
[0.274s] -- Up-to-date: /home/vinayak/ws_moveit2/install/ur_controllers/include/ur_controllers/speed_scaling_state_broadcaster_parameters.hpp
[0.274s] -- Up-to-date: /home/vinayak/ws_moveit2/install/ur_controllers/include/ur_controllers/scaled_joint_trajectory_controller_parameters.hpp
[0.274s] -- Up-to-date: /home/vinayak/ws_moveit2/install/ur_controllers/include/ur_controllers/gpio_controller_parameters.hpp
[0.274s] -- Up-to-date: /home/vinayak/ws_moveit2/install/ur_controllers/include/ur_controllers/passthrough_trajectory_controller_parameters.hpp
[0.274s] -- Up-to-date: /home/vinayak/ws_moveit2/install/ur_controllers/include/ur_controllers/ur_configuration_controller_parameters.hpp
[0.274s] -- Up-to-date: /home/vinayak/ws_moveit2/install/ur_controllers/share/ur_controllers/controller_plugins.xml
[0.274s] -- Up-to-date: /home/vinayak/ws_moveit2/install/ur_controllers/lib/libur_controllers.so
[0.275s] -- Up-to-date: /home/vinayak/ws_moveit2/install/ur_controllers/include
[0.275s] -- Up-to-date: /home/vinayak/ws_moveit2/install/ur_controllers/include/ur_controllers
[0.275s] -- Up-to-date: /home/vinayak/ws_moveit2/install/ur_controllers/include/ur_controllers/passthrough_trajectory_controller.hpp
[0.275s] -- Up-to-date: /home/vinayak/ws_moveit2/install/ur_controllers/include/ur_controllers/scaled_joint_trajectory_controller.hpp
[0.275s] -- Up-to-date: /home/vinayak/ws_moveit2/install/ur_controllers/include/ur_controllers/gpio_controller.hpp
[0.275s] -- Up-to-date: /home/vinayak/ws_moveit2/install/ur_controllers/include/ur_controllers/ur_configuration_controller.hpp
[0.275s] -- Up-to-date: /home/vinayak/ws_moveit2/install/ur_controllers/include/ur_controllers/speed_scaling_state_broadcaster.hpp
[0.275s] -- Up-to-date: /home/vinayak/ws_moveit2/install/ur_controllers/share/ur_controllers/controller_plugins.xml
[0.275s] -- Up-to-date: /home/vinayak/ws_moveit2/install/ur_controllers/share/ur_controllers/environment/library_path.sh
[0.275s] -- Up-to-date: /home/vinayak/ws_moveit2/install/ur_controllers/share/ur_controllers/environment/library_path.dsv
[0.276s] -- Up-to-date: /home/vinayak/ws_moveit2/install/ur_controllers/share/ament_index/resource_index/package_run_dependencies/ur_controllers
[0.276s] -- Up-to-date: /home/vinayak/ws_moveit2/install/ur_controllers/share/ament_index/resource_index/parent_prefix_path/ur_controllers
[0.276s] -- Up-to-date: /home/vinayak/ws_moveit2/install/ur_controllers/share/ur_controllers/environment/ament_prefix_path.sh
[0.276s] -- Up-to-date: /home/vinayak/ws_moveit2/install/ur_controllers/share/ur_controllers/environment/ament_prefix_path.dsv
[0.276s] -- Up-to-date: /home/vinayak/ws_moveit2/install/ur_controllers/share/ur_controllers/environment/path.sh
[0.276s] -- Up-to-date: /home/vinayak/ws_moveit2/install/ur_controllers/share/ur_controllers/environment/path.dsv
[0.276s] -- Up-to-date: /home/vinayak/ws_moveit2/install/ur_controllers/share/ur_controllers/local_setup.bash
[0.276s] -- Up-to-date: /home/vinayak/ws_moveit2/install/ur_controllers/share/ur_controllers/local_setup.sh
[0.281s] -- Up-to-date: /home/vinayak/ws_moveit2/install/ur_controllers/share/ur_controllers/local_setup.zsh
[0.281s] -- Up-to-date: /home/vinayak/ws_moveit2/install/ur_controllers/share/ur_controllers/local_setup.dsv
[0.281s] -- Installing: /home/vinayak/ws_moveit2/install/ur_controllers/share/ur_controllers/package.dsv
[0.281s] -- Up-to-date: /home/vinayak/ws_moveit2/install/ur_controllers/share/ament_index/resource_index/packages/ur_controllers
[0.281s] -- Up-to-date: /home/vinayak/ws_moveit2/install/ur_controllers/share/ament_index/resource_index/controller_interface__pluginlib__plugin/ur_controllers
[0.281s] -- Up-to-date: /home/vinayak/ws_moveit2/install/ur_controllers/share/ur_controllers/cmake/ament_cmake_export_dependencies-extras.cmake
[0.281s] -- Up-to-date: /home/vinayak/ws_moveit2/install/ur_controllers/share/ur_controllers/cmake/ament_cmake_export_include_directories-extras.cmake
[0.281s] -- Up-to-date: /home/vinayak/ws_moveit2/install/ur_controllers/share/ur_controllers/cmake/ament_cmake_export_libraries-extras.cmake
[0.282s] -- Up-to-date: /home/vinayak/ws_moveit2/install/ur_controllers/share/ur_controllers/cmake/ur_controllersConfig.cmake
[0.282s] -- Up-to-date: /home/vinayak/ws_moveit2/install/ur_controllers/share/ur_controllers/cmake/ur_controllersConfig-version.cmake
[0.282s] -- Up-to-date: /home/vinayak/ws_moveit2/install/ur_controllers/share/ur_controllers/package.xml
[0.282s] Invoked command in '/home/vinayak/ws_moveit2/build/ur_controllers' returned '0': CMAKE_PREFIX_PATH=/home/vinayak/ws_moveit2/install/ur_dashboard_msgs:/home/vinayak/ws_moveit2/install/ur_calibration:/home/vinayak/ws_moveit2/install/ur_robot_driver:/home/vinayak/ws_moveit2/install/ur_bringup:/home/vinayak/ws_moveit2/install/ur_controllers:/home/vinayak/ws_moveit2/install/ur3e:/home/vinayak/ws_moveit2/install/pilz_industrial_motion_planner_testutils:/home/vinayak/ws_moveit2/install/moveit_ros_control_interface:/home/vinayak/ws_moveit2/install/moveit_plugins:/home/vinayak/ws_moveit2/install/moveit_simple_controller_manager:/home/vinayak/ws_moveit2/install/moveit_ros_planning:/home/vinayak/ws_moveit2/install/moveit_ros_occupancy_map_monitor:/home/vinayak/ws_moveit2/install/moveit_resources_prbt_ikfast_manipulator_plugin:/home/vinayak/ws_moveit2/install/moveit_planners_chomp:/home/vinayak/ws_moveit2/install/moveit_kinematics:/home/vinayak/ws_moveit2/install/moveit_chomp_optimizer_adapter:/home/vinayak/ws_moveit2/install/chomp_motion_planner:/home/vinayak/ws_moveit2/install/moveit_core:/home/vinayak/ws_moveit2/install/srdfdom:/home/vinayak/ws_moveit2/install/rviz_marker_tools:/home/vinayak/ws_moveit2/install/rosparam_shortcuts:/home/vinayak/ws_moveit2/install/moveit_task_constructor_msgs:/home/vinayak/ws_moveit2/install/moveit_resources_prbt_support:/home/vinayak/ws_moveit2/install/moveit_resources:/home/vinayak/ws_moveit2/install/moveit_resources_pr2_description:/home/vinayak/ws_moveit2/install/moveit_resources_panda_moveit_config:/home/vinayak/ws_moveit2/install/moveit_resources_panda_description:/home/vinayak/ws_moveit2/install/moveit_resources_fanuc_moveit_config:/home/vinayak/ws_moveit2/install/moveit_resources_fanuc_description:/home/vinayak/ws_moveit2/install/moveit_common:/home/vinayak/ws_moveit2/install/ur3e_motion_package:/home/vinayak/ws_moveit2/install/moveit_configs_utils:/home/vinayak/ws_moveit2/install/launch_param_builder:/opt/ros/humble LD_LIBRARY_PATH=/home/vinayak/ws_moveit2/install/ur_dashboard_msgs/lib:/home/vinayak/ws_moveit2/install/ur_robot_driver/lib:/home/vinayak/ws_moveit2/install/ur_controllers/lib:/home/vinayak/ws_moveit2/install/pilz_industrial_motion_planner_testutils/lib:/home/vinayak/ws_moveit2/install/moveit_ros_control_interface/lib:/home/vinayak/ws_moveit2/install/moveit_simple_controller_manager/lib:/home/vinayak/ws_moveit2/install/moveit_ros_planning/lib:/home/vinayak/ws_moveit2/install/moveit_ros_occupancy_map_monitor/lib:/home/vinayak/ws_moveit2/install/moveit_resources_prbt_ikfast_manipulator_plugin/lib:/home/vinayak/ws_moveit2/install/moveit_planners_chomp/lib:/home/vinayak/ws_moveit2/install/moveit_kinematics/lib:/home/vinayak/ws_moveit2/install/moveit_chomp_optimizer_adapter/lib:/home/vinayak/ws_moveit2/install/chomp_motion_planner/lib:/home/vinayak/ws_moveit2/install/moveit_core/lib:/home/vinayak/ws_moveit2/install/srdfdom/lib:/home/vinayak/ws_moveit2/install/rviz_marker_tools/lib:/home/vinayak/ws_moveit2/install/rosparam_shortcuts/lib:/home/vinayak/ws_moveit2/install/moveit_task_constructor_msgs/lib:/usr/lib/x86_64-linux-gnu/gazebo-11/plugins:/opt/ros/humble/opt/rviz_ogre_vendor/lib:/opt/ros/humble/lib/x86_64-linux-gnu:/opt/ros/humble/lib:/usr/local/cuda-12.4/lib64 /usr/bin/cmake --install /home/vinayak/ws_moveit2/build/ur_controllers
