[0.040s] Invoking command in '/home/vinayak/ws_moveit2/build/moveit_ros_control_interface': AMENT_PREFIX_PATH=/home/vinayak/ws_moveit2/install/moveit_simple_controller_manager:/home/vinayak/ws_moveit2/install/moveit_core:/home/vinayak/ws_moveit2/install/moveit_resources_panda_moveit_config:/home/vinayak/ws_moveit2/install/srdfdom:/home/vinayak/ws_moveit2/install/moveit_resources_pr2_description:/home/vinayak/ws_moveit2/install/moveit_resources_panda_description:/home/vinayak/ws_moveit2/install/moveit_common:${AMENT_PREFIX_PATH} CMAKE_PREFIX_PATH=/home/vinayak/ws_moveit2/install/moveit_simple_controller_manager:/home/vinayak/ws_moveit2/install/moveit_core:/home/vinayak/ws_moveit2/install/moveit_resources_panda_moveit_config:/home/vinayak/ws_moveit2/install/srdfdom:/home/vinayak/ws_moveit2/install/moveit_resources_pr2_description:/home/vinayak/ws_moveit2/install/moveit_resources_panda_description:/home/vinayak/ws_moveit2/install/moveit_common:/opt/ros/humble LD_LIBRARY_PATH=/home/vinayak/ws_moveit2/install/moveit_simple_controller_manager/lib:/home/vinayak/ws_moveit2/install/moveit_core/lib:/home/vinayak/ws_moveit2/install/srdfdom/lib:${LD_LIBRARY_PATH} PATH=/home/vinayak/ws_moveit2/install/moveit_core/bin:${PATH} PYTHONPATH=/home/vinayak/ws_moveit2/install/srdfdom/local/lib/python3.10/dist-packages:${PYTHONPATH} /usr/bin/cmake --build /home/vinayak/ws_moveit2/build/moveit_ros_control_interface -- -j8 -l8
[0.159s] [ 25%] Built target moveit_ros_control_interface_empty_plugin
[0.167s] [ 50%] Built target moveit_ros_control_interface_trajectory_plugin
[0.167s] [ 75%] Built target moveit_ros_control_interface_plugin
[0.169s] [100%] Built target moveit_ros_control_interface_gripper_plugin
[0.192s] Invoked command in '/home/vinayak/ws_moveit2/build/moveit_ros_control_interface' returned '0': AMENT_PREFIX_PATH=/home/vinayak/ws_moveit2/install/moveit_simple_controller_manager:/home/vinayak/ws_moveit2/install/moveit_core:/home/vinayak/ws_moveit2/install/moveit_resources_panda_moveit_config:/home/vinayak/ws_moveit2/install/srdfdom:/home/vinayak/ws_moveit2/install/moveit_resources_pr2_description:/home/vinayak/ws_moveit2/install/moveit_resources_panda_description:/home/vinayak/ws_moveit2/install/moveit_common:${AMENT_PREFIX_PATH} CMAKE_PREFIX_PATH=/home/vinayak/ws_moveit2/install/moveit_simple_controller_manager:/home/vinayak/ws_moveit2/install/moveit_core:/home/vinayak/ws_moveit2/install/moveit_resources_panda_moveit_config:/home/vinayak/ws_moveit2/install/srdfdom:/home/vinayak/ws_moveit2/install/moveit_resources_pr2_description:/home/vinayak/ws_moveit2/install/moveit_resources_panda_description:/home/vinayak/ws_moveit2/install/moveit_common:/opt/ros/humble LD_LIBRARY_PATH=/home/vinayak/ws_moveit2/install/moveit_simple_controller_manager/lib:/home/vinayak/ws_moveit2/install/moveit_core/lib:/home/vinayak/ws_moveit2/install/srdfdom/lib:${LD_LIBRARY_PATH} PATH=/home/vinayak/ws_moveit2/install/moveit_core/bin:${PATH} PYTHONPATH=/home/vinayak/ws_moveit2/install/srdfdom/local/lib/python3.10/dist-packages:${PYTHONPATH} /usr/bin/cmake --build /home/vinayak/ws_moveit2/build/moveit_ros_control_interface -- -j8 -l8
[0.195s] Invoking command in '/home/vinayak/ws_moveit2/build/moveit_ros_control_interface': AMENT_PREFIX_PATH=/home/vinayak/ws_moveit2/install/moveit_simple_controller_manager:/home/vinayak/ws_moveit2/install/moveit_core:/home/vinayak/ws_moveit2/install/moveit_resources_panda_moveit_config:/home/vinayak/ws_moveit2/install/srdfdom:/home/vinayak/ws_moveit2/install/moveit_resources_pr2_description:/home/vinayak/ws_moveit2/install/moveit_resources_panda_description:/home/vinayak/ws_moveit2/install/moveit_common:${AMENT_PREFIX_PATH} CMAKE_PREFIX_PATH=/home/vinayak/ws_moveit2/install/moveit_simple_controller_manager:/home/vinayak/ws_moveit2/install/moveit_core:/home/vinayak/ws_moveit2/install/moveit_resources_panda_moveit_config:/home/vinayak/ws_moveit2/install/srdfdom:/home/vinayak/ws_moveit2/install/moveit_resources_pr2_description:/home/vinayak/ws_moveit2/install/moveit_resources_panda_description:/home/vinayak/ws_moveit2/install/moveit_common:/opt/ros/humble LD_LIBRARY_PATH=/home/vinayak/ws_moveit2/install/moveit_simple_controller_manager/lib:/home/vinayak/ws_moveit2/install/moveit_core/lib:/home/vinayak/ws_moveit2/install/srdfdom/lib:${LD_LIBRARY_PATH} PATH=/home/vinayak/ws_moveit2/install/moveit_core/bin:${PATH} PYTHONPATH=/home/vinayak/ws_moveit2/install/srdfdom/local/lib/python3.10/dist-packages:${PYTHONPATH} /usr/bin/cmake --install /home/vinayak/ws_moveit2/build/moveit_ros_control_interface
[0.207s] -- Install configuration: "Release"
[0.208s] -- Up-to-date: /home/vinayak/ws_moveit2/install/moveit_ros_control_interface/lib/libmoveit_ros_control_interface_plugin.so.2.5.6
[0.208s] -- Up-to-date: /home/vinayak/ws_moveit2/install/moveit_ros_control_interface/lib/libmoveit_ros_control_interface_plugin.so
[0.209s] -- Up-to-date: /home/vinayak/ws_moveit2/install/moveit_ros_control_interface/lib/libmoveit_ros_control_interface_trajectory_plugin.so.2.5.6
[0.209s] -- Up-to-date: /home/vinayak/ws_moveit2/install/moveit_ros_control_interface/lib/libmoveit_ros_control_interface_trajectory_plugin.so
[0.210s] -- Up-to-date: /home/vinayak/ws_moveit2/install/moveit_ros_control_interface/lib/libmoveit_ros_control_interface_gripper_plugin.so.2.5.6
[0.211s] -- Up-to-date: /home/vinayak/ws_moveit2/install/moveit_ros_control_interface/lib/libmoveit_ros_control_interface_gripper_plugin.so
[0.211s] -- Up-to-date: /home/vinayak/ws_moveit2/install/moveit_ros_control_interface/lib/libmoveit_ros_control_interface_empty_plugin.so.2.5.6
[0.212s] -- Up-to-date: /home/vinayak/ws_moveit2/install/moveit_ros_control_interface/lib/libmoveit_ros_control_interface_empty_plugin.so
[0.212s] -- Up-to-date: /home/vinayak/ws_moveit2/install/moveit_ros_control_interface/include
[0.212s] -- Up-to-date: /home/vinayak/ws_moveit2/install/moveit_ros_control_interface/include/moveit_ros_control_interface
[0.212s] -- Up-to-date: /home/vinayak/ws_moveit2/install/moveit_ros_control_interface/include/moveit_ros_control_interface/ControllerHandle.h
[0.212s] -- Up-to-date: /home/vinayak/ws_moveit2/install/moveit_ros_control_interface/share/moveit_ros_control_interface/moveit_core_plugins.xml
[0.213s] -- Up-to-date: /home/vinayak/ws_moveit2/install/moveit_ros_control_interface/share/moveit_ros_control_interface/moveit_ros_control_interface_plugins.xml
[0.213s] -- Up-to-date: /home/vinayak/ws_moveit2/install/moveit_ros_control_interface/share/moveit_ros_control_interface/environment/library_path.sh
[0.213s] -- Up-to-date: /home/vinayak/ws_moveit2/install/moveit_ros_control_interface/share/moveit_ros_control_interface/environment/library_path.dsv
[0.213s] -- Up-to-date: /home/vinayak/ws_moveit2/install/moveit_ros_control_interface/share/ament_index/resource_index/package_run_dependencies/moveit_ros_control_interface
[0.213s] -- Up-to-date: /home/vinayak/ws_moveit2/install/moveit_ros_control_interface/share/ament_index/resource_index/parent_prefix_path/moveit_ros_control_interface
[0.213s] -- Up-to-date: /home/vinayak/ws_moveit2/install/moveit_ros_control_interface/share/moveit_ros_control_interface/environment/ament_prefix_path.sh
[0.213s] -- Up-to-date: /home/vinayak/ws_moveit2/install/moveit_ros_control_interface/share/moveit_ros_control_interface/environment/ament_prefix_path.dsv
[0.214s] -- Up-to-date: /home/vinayak/ws_moveit2/install/moveit_ros_control_interface/share/moveit_ros_control_interface/environment/path.sh
[0.214s] -- Up-to-date: /home/vinayak/ws_moveit2/install/moveit_ros_control_interface/share/moveit_ros_control_interface/environment/path.dsv
[0.214s] -- Up-to-date: /home/vinayak/ws_moveit2/install/moveit_ros_control_interface/share/moveit_ros_control_interface/local_setup.bash
[0.214s] -- Up-to-date: /home/vinayak/ws_moveit2/install/moveit_ros_control_interface/share/moveit_ros_control_interface/local_setup.sh
[0.214s] -- Up-to-date: /home/vinayak/ws_moveit2/install/moveit_ros_control_interface/share/moveit_ros_control_interface/local_setup.zsh
[0.214s] -- Up-to-date: /home/vinayak/ws_moveit2/install/moveit_ros_control_interface/share/moveit_ros_control_interface/local_setup.dsv
[0.214s] -- Installing: /home/vinayak/ws_moveit2/install/moveit_ros_control_interface/share/moveit_ros_control_interface/package.dsv
[0.215s] -- Up-to-date: /home/vinayak/ws_moveit2/install/moveit_ros_control_interface/share/ament_index/resource_index/packages/moveit_ros_control_interface
[0.215s] -- Up-to-date: /home/vinayak/ws_moveit2/install/moveit_ros_control_interface/share/ament_index/resource_index/moveit_core__pluginlib__plugin/moveit_ros_control_interface
[0.215s] -- Up-to-date: /home/vinayak/ws_moveit2/install/moveit_ros_control_interface/share/ament_index/resource_index/moveit_ros_control_interface__pluginlib__plugin/moveit_ros_control_interface
[0.215s] -- Up-to-date: /home/vinayak/ws_moveit2/install/moveit_ros_control_interface/share/moveit_ros_control_interface/cmake/export_moveit_ros_control_interfaceExport.cmake
[0.215s] -- Up-to-date: /home/vinayak/ws_moveit2/install/moveit_ros_control_interface/share/moveit_ros_control_interface/cmake/export_moveit_ros_control_interfaceExport-release.cmake
[0.215s] -- Up-to-date: /home/vinayak/ws_moveit2/install/moveit_ros_control_interface/share/moveit_ros_control_interface/cmake/ConfigExtras.cmake
[0.215s] -- Up-to-date: /home/vinayak/ws_moveit2/install/moveit_ros_control_interface/share/moveit_ros_control_interface/cmake/ament_cmake_export_targets-extras.cmake
[0.215s] -- Up-to-date: /home/vinayak/ws_moveit2/install/moveit_ros_control_interface/share/moveit_ros_control_interface/cmake/ament_cmake_export_dependencies-extras.cmake
[0.216s] -- Up-to-date: /home/vinayak/ws_moveit2/install/moveit_ros_control_interface/share/moveit_ros_control_interface/cmake/moveit_ros_control_interfaceConfig.cmake
[0.216s] -- Up-to-date: /home/vinayak/ws_moveit2/install/moveit_ros_control_interface/share/moveit_ros_control_interface/cmake/moveit_ros_control_interfaceConfig-version.cmake
[0.216s] -- Up-to-date: /home/vinayak/ws_moveit2/install/moveit_ros_control_interface/share/moveit_ros_control_interface/package.xml
[0.218s] Invoked command in '/home/vinayak/ws_moveit2/build/moveit_ros_control_interface' returned '0': AMENT_PREFIX_PATH=/home/vinayak/ws_moveit2/install/moveit_simple_controller_manager:/home/vinayak/ws_moveit2/install/moveit_core:/home/vinayak/ws_moveit2/install/moveit_resources_panda_moveit_config:/home/vinayak/ws_moveit2/install/srdfdom:/home/vinayak/ws_moveit2/install/moveit_resources_pr2_description:/home/vinayak/ws_moveit2/install/moveit_resources_panda_description:/home/vinayak/ws_moveit2/install/moveit_common:${AMENT_PREFIX_PATH} CMAKE_PREFIX_PATH=/home/vinayak/ws_moveit2/install/moveit_simple_controller_manager:/home/vinayak/ws_moveit2/install/moveit_core:/home/vinayak/ws_moveit2/install/moveit_resources_panda_moveit_config:/home/vinayak/ws_moveit2/install/srdfdom:/home/vinayak/ws_moveit2/install/moveit_resources_pr2_description:/home/vinayak/ws_moveit2/install/moveit_resources_panda_description:/home/vinayak/ws_moveit2/install/moveit_common:/opt/ros/humble LD_LIBRARY_PATH=/home/vinayak/ws_moveit2/install/moveit_simple_controller_manager/lib:/home/vinayak/ws_moveit2/install/moveit_core/lib:/home/vinayak/ws_moveit2/install/srdfdom/lib:${LD_LIBRARY_PATH} PATH=/home/vinayak/ws_moveit2/install/moveit_core/bin:${PATH} PYTHONPATH=/home/vinayak/ws_moveit2/install/srdfdom/local/lib/python3.10/dist-packages:${PYTHONPATH} /usr/bin/cmake --install /home/vinayak/ws_moveit2/build/moveit_ros_control_interface
