running egg_info
creating ../../build/ur3_rl/ur3_rl.egg-info
writing ../../build/ur3_rl/ur3_rl.egg-info/PKG-INFO
writing dependency_links to ../../build/ur3_rl/ur3_rl.egg-info/dependency_links.txt
writing entry points to ../../build/ur3_rl/ur3_rl.egg-info/entry_points.txt
writing requirements to ../../build/ur3_rl/ur3_rl.egg-info/requires.txt
writing top-level names to ../../build/ur3_rl/ur3_rl.egg-info/top_level.txt
writing manifest file '../../build/ur3_rl/ur3_rl.egg-info/SOURCES.txt'
reading manifest file '../../build/ur3_rl/ur3_rl.egg-info/SOURCES.txt'
writing manifest file '../../build/ur3_rl/ur3_rl.egg-info/SOURCES.txt'
running build
running build_py
creating /home/vinayak/ws_moveit2/build/ur3_rl/build
creating /home/vinayak/ws_moveit2/build/ur3_rl/build/lib
creating /home/vinayak/ws_moveit2/build/ur3_rl/build/lib/ur3_rl
copying ur3_rl/ur3_env.py -> /home/vinayak/ws_moveit2/build/ur3_rl/build/lib/ur3_rl
copying ur3_rl/evaluate.py -> /home/vinayak/ws_moveit2/build/ur3_rl/build/lib/ur3_rl
copying ur3_rl/utils.py -> /home/vinayak/ws_moveit2/build/ur3_rl/build/lib/ur3_rl
copying ur3_rl/train.py -> /home/vinayak/ws_moveit2/build/ur3_rl/build/lib/ur3_rl
copying ur3_rl/__init__.py -> /home/vinayak/ws_moveit2/build/ur3_rl/build/lib/ur3_rl
running install
running install_lib
creating /home/vinayak/ws_moveit2/install/ur3_rl/lib/python3.10/site-packages/ur3_rl
copying /home/vinayak/ws_moveit2/build/ur3_rl/build/lib/ur3_rl/ur3_env.py -> /home/vinayak/ws_moveit2/install/ur3_rl/lib/python3.10/site-packages/ur3_rl
copying /home/vinayak/ws_moveit2/build/ur3_rl/build/lib/ur3_rl/evaluate.py -> /home/vinayak/ws_moveit2/install/ur3_rl/lib/python3.10/site-packages/ur3_rl
copying /home/vinayak/ws_moveit2/build/ur3_rl/build/lib/ur3_rl/utils.py -> /home/vinayak/ws_moveit2/install/ur3_rl/lib/python3.10/site-packages/ur3_rl
copying /home/vinayak/ws_moveit2/build/ur3_rl/build/lib/ur3_rl/train.py -> /home/vinayak/ws_moveit2/install/ur3_rl/lib/python3.10/site-packages/ur3_rl
copying /home/vinayak/ws_moveit2/build/ur3_rl/build/lib/ur3_rl/__init__.py -> /home/vinayak/ws_moveit2/install/ur3_rl/lib/python3.10/site-packages/ur3_rl
byte-compiling /home/vinayak/ws_moveit2/install/ur3_rl/lib/python3.10/site-packages/ur3_rl/ur3_env.py to ur3_env.cpython-310.pyc
byte-compiling /home/vinayak/ws_moveit2/install/ur3_rl/lib/python3.10/site-packages/ur3_rl/evaluate.py to evaluate.cpython-310.pyc
byte-compiling /home/vinayak/ws_moveit2/install/ur3_rl/lib/python3.10/site-packages/ur3_rl/utils.py to utils.cpython-310.pyc
byte-compiling /home/vinayak/ws_moveit2/install/ur3_rl/lib/python3.10/site-packages/ur3_rl/train.py to train.cpython-310.pyc
byte-compiling /home/vinayak/ws_moveit2/install/ur3_rl/lib/python3.10/site-packages/ur3_rl/__init__.py to __init__.cpython-310.pyc
running install_egg_info
Copying ../../build/ur3_rl/ur3_rl.egg-info to /home/vinayak/ws_moveit2/install/ur3_rl/lib/python3.10/site-packages/ur3_rl-0.0.1-py3.10.egg-info
running install_scripts
Installing evaluate script to /home/vinayak/ws_moveit2/install/ur3_rl/lib/ur3_rl
Installing train script to /home/vinayak/ws_moveit2/install/ur3_rl/lib/ur3_rl
writing list of installed files to '/home/vinayak/ws_moveit2/build/ur3_rl/install.log'
