[1.888s] Invoking command in '/home/vinayak/ws_moveit2/src/ur3e_motion_package': PYTHONPATH=/home/vinayak/ws_moveit2/build/ur3e_motion_package/prefix_override:/usr/lib/python3/dist-packages/colcon_core/task/python/colcon_distutils_commands:/home/vinayak/ws_moveit2/install/ur3e_motion_package/lib/python3.10/site-packages:${PYTHONPATH} /usr/bin/python3 -W ignore:setup.py install is deprecated -W ignore:easy_install command is deprecated setup.py egg_info --egg-base ../../build/ur3e_motion_package build --build-base /home/vinayak/ws_moveit2/build/ur3e_motion_package/build install --record /home/vinayak/ws_moveit2/build/ur3e_motion_package/install.log --single-version-externally-managed install_data
[2.393s] running egg_info
[2.401s] writing ../../build/ur3e_motion_package/ur3e_motion_package.egg-info/PKG-INFO
[2.401s] writing dependency_links to ../../build/ur3e_motion_package/ur3e_motion_package.egg-info/dependency_links.txt
[2.401s] writing entry points to ../../build/ur3e_motion_package/ur3e_motion_package.egg-info/entry_points.txt
[2.401s] writing requirements to ../../build/ur3e_motion_package/ur3e_motion_package.egg-info/requires.txt
[2.401s] writing top-level names to ../../build/ur3e_motion_package/ur3e_motion_package.egg-info/top_level.txt
[2.401s] reading manifest file '../../build/ur3e_motion_package/ur3e_motion_package.egg-info/SOURCES.txt'
[2.403s] writing manifest file '../../build/ur3e_motion_package/ur3e_motion_package.egg-info/SOURCES.txt'
[2.403s] running build
[2.403s] running build_py
[2.404s] running install
[2.404s] running install_lib
[2.409s] running install_data
[2.409s] running install_egg_info
[2.413s] removing '/home/vinayak/ws_moveit2/install/ur3e_motion_package/lib/python3.10/site-packages/ur3e_motion_package-0.0.0-py3.10.egg-info' (and everything under it)
[2.415s] Copying ../../build/ur3e_motion_package/ur3e_motion_package.egg-info to /home/vinayak/ws_moveit2/install/ur3e_motion_package/lib/python3.10/site-packages/ur3e_motion_package-0.0.0-py3.10.egg-info
[2.418s] running install_scripts
[2.445s] Installing ur3e_motion script to /home/vinayak/ws_moveit2/install/ur3e_motion_package/lib/ur3e_motion_package
[2.446s] writing list of installed files to '/home/vinayak/ws_moveit2/build/ur3e_motion_package/install.log'
[2.495s] Invoked command in '/home/vinayak/ws_moveit2/src/ur3e_motion_package' returned '0': PYTHONPATH=/home/vinayak/ws_moveit2/build/ur3e_motion_package/prefix_override:/usr/lib/python3/dist-packages/colcon_core/task/python/colcon_distutils_commands:/home/vinayak/ws_moveit2/install/ur3e_motion_package/lib/python3.10/site-packages:${PYTHONPATH} /usr/bin/python3 -W ignore:setup.py install is deprecated -W ignore:easy_install command is deprecated setup.py egg_info --egg-base ../../build/ur3e_motion_package build --build-base /home/vinayak/ws_moveit2/build/ur3e_motion_package/build install --record /home/vinayak/ws_moveit2/build/ur3e_motion_package/install.log --single-version-externally-managed install_data
