[0.021s] Invoking command in '/home/vinayak/ws_moveit2/build/rosparam_shortcuts': CMAKE_PREFIX_PATH=${CMAKE_PREFIX_PATH}:/home/vinayak/ws_moveit2/install/ur3e_rl:/home/vinayak/ws_moveit2/install/ur3e_motion_package:/home/vinayak/ws_moveit2/install/moveit_configs_utils:/home/vinayak/ws_moveit2/install/launch_param_builder:/opt/ros/humble /usr/bin/cmake /home/vinayak/ws_moveit2/src/rosparam_shortcuts -DCMAKE_INSTALL_PREFIX=/home/vinayak/ws_moveit2/install/rosparam_shortcuts
[0.743s] -- The C compiler identification is GNU 11.4.0
[0.743s] -- The CXX compiler identification is GNU 11.4.0
[0.743s] -- Detecting C compiler ABI info
[0.743s] -- Detecting C compiler ABI info - done
[0.743s] -- Check for working C compiler: /usr/bin/cc - skipped
[0.743s] -- Detecting C compile features
[0.743s] -- Detecting C compile features - done
[0.743s] -- Detecting CXX compiler ABI info
[0.744s] -- Detecting CXX compiler ABI info - done
[0.744s] -- Check for working CXX compiler: /usr/bin/c++ - skipped
[0.744s] -- Detecting CXX compile features
[0.744s] -- Detecting CXX compile features - done
[0.744s] -- Found ament_cmake: 1.3.11 (/opt/ros/humble/share/ament_cmake/cmake)
[0.801s] -- Found Python3: /usr/bin/python3 (found version "3.10.12") found components: Interpreter 
[0.931s] -- Found eigen3_cmake_module: 0.1.1 (/opt/ros/humble/share/eigen3_cmake_module/cmake)
[0.939s] -- Found Eigen3: TRUE (found version "3.4.0") 
[0.941s] -- Found geometry_msgs: 4.2.4 (/opt/ros/humble/share/geometry_msgs/cmake)
[0.986s] -- Found rosidl_generator_c: 3.1.6 (/opt/ros/humble/share/rosidl_generator_c/cmake)
[0.993s] -- Found rosidl_adapter: 3.1.6 (/opt/ros/humble/share/rosidl_adapter/cmake)
[1.002s] -- Found rosidl_generator_cpp: 3.1.6 (/opt/ros/humble/share/rosidl_generator_cpp/cmake)
[1.019s] -- Using all available rosidl_typesupport_c: rosidl_typesupport_fastrtps_c;rosidl_typesupport_introspection_c
[1.046s] -- Using all available rosidl_typesupport_cpp: rosidl_typesupport_fastrtps_cpp;rosidl_typesupport_introspection_cpp
[1.093s] -- Found rclcpp: 16.0.11 (/opt/ros/humble/share/rclcpp/cmake)
[1.147s] -- Found rmw_implementation_cmake: 6.1.2 (/opt/ros/humble/share/rmw_implementation_cmake/cmake)
[1.156s] -- Found rmw_fastrtps_cpp: 6.2.7 (/opt/ros/humble/share/rmw_fastrtps_cpp/cmake)
[1.374s] -- Found OpenSSL: /usr/lib/x86_64-linux-gnu/libcrypto.so (found version "3.0.2")  
[1.424s] -- Found FastRTPS: /opt/ros/humble/include  
[1.506s] -- Using RMW implementation 'rmw_fastrtps_cpp' as default
[1.521s] -- Looking for pthread.h
[1.623s] -- Looking for pthread.h - found
[1.623s] -- Performing Test CMAKE_HAVE_LIBC_PTHREAD
[1.755s] -- Performing Test CMAKE_HAVE_LIBC_PTHREAD - Success
[1.755s] -- Found Threads: TRUE  
[1.838s] -- Found tf2_eigen: 0.25.12 (/opt/ros/humble/share/tf2_eigen/cmake)
[2.082s] -- Found ament_lint_auto: 0.12.11 (/opt/ros/humble/share/ament_lint_auto/cmake)
[2.088s] -- Found ament_cmake_gtest: 1.3.11 (/opt/ros/humble/share/ament_cmake_gtest/cmake)
[2.092s] -- Found ros_testing: 0.4.0 (/opt/ros/humble/share/ros_testing/cmake)
[2.096s] -- Found launch_testing_ament_cmake: 1.0.7 (/opt/ros/humble/share/launch_testing_ament_cmake/cmake)
[2.100s] -- Found python_cmake_module: 0.10.0 (/opt/ros/humble/share/python_cmake_module/cmake)
[2.151s] -- Found PythonInterp: /usr/bin/python3 (found suitable version "3.10.12", minimum required is "3.6") 
[2.189s] -- Found PythonLibs: /usr/lib/x86_64-linux-gnu/libpython3.10.so (found suitable version "3.10.12", minimum required is "3.5") 
[2.190s] -- Using PYTHON_EXECUTABLE: /usr/bin/python3
[2.191s] -- Using PYTHON_INCLUDE_DIRS: /usr/include/python3.10
[2.192s] -- Using PYTHON_LIBRARIES: /usr/lib/x86_64-linux-gnu/libpython3.10.so
[2.217s] -- Found PythonExtra: .so  
[2.374s] -- Found gtest sources under '/opt/ros/humble/src/gtest_vendor': C++ tests using 'Google Test' will be built
[2.401s] -- Added test 'copyright' to check source files copyright and LICENSE
[2.410s] -- Added test 'lint_cmake' to check CMake code style
[2.414s] -- Added test 'pep257' to check Python code against some of the docstring style conventions in PEP 257
[2.419s] -- Added test 'xmllint' to check XML markup files
[2.424s] -- Configuring done
[2.475s] -- Generating done
[2.495s] -- Build files have been written to: /home/vinayak/ws_moveit2/build/rosparam_shortcuts
[2.842s] Invoked command in '/home/vinayak/ws_moveit2/build/rosparam_shortcuts' returned '0': CMAKE_PREFIX_PATH=${CMAKE_PREFIX_PATH}:/home/vinayak/ws_moveit2/install/ur3e_rl:/home/vinayak/ws_moveit2/install/ur3e_motion_package:/home/vinayak/ws_moveit2/install/moveit_configs_utils:/home/vinayak/ws_moveit2/install/launch_param_builder:/opt/ros/humble /usr/bin/cmake /home/vinayak/ws_moveit2/src/rosparam_shortcuts -DCMAKE_INSTALL_PREFIX=/home/vinayak/ws_moveit2/install/rosparam_shortcuts
[2.842s] Invoking command in '/home/vinayak/ws_moveit2/build/rosparam_shortcuts': CMAKE_PREFIX_PATH=${CMAKE_PREFIX_PATH}:/home/vinayak/ws_moveit2/install/ur3e_rl:/home/vinayak/ws_moveit2/install/ur3e_motion_package:/home/vinayak/ws_moveit2/install/moveit_configs_utils:/home/vinayak/ws_moveit2/install/launch_param_builder:/opt/ros/humble /usr/bin/cmake --build /home/vinayak/ws_moveit2/build/rosparam_shortcuts -- -j8 -l8
[2.941s] [  7%] [32mBuilding CXX object CMakeFiles/rosparam_shortcuts.dir/src/node_parameters.cpp.o[0m
[2.948s] [ 23%] [32mBuilding CXX object CMakeFiles/rosparam_shortcuts.dir/src/rosparam_shortcuts.cpp.o[0m
[2.948s] [ 23%] [32mBuilding CXX object gtest/CMakeFiles/gtest_main.dir/src/gtest_main.cc.o[0m
[2.964s] [ 30%] [32mBuilding CXX object gtest/CMakeFiles/gtest.dir/src/gtest-all.cc.o[0m
[6.016s] [ 38%] [32m[1mLinking CXX static library libgtest_main.a[0m
[6.237s] [ 38%] Built target gtest_main
[14.310s] [ 46%] [32m[1mLinking CXX static library libgtest.a[0m
[14.716s] [ 46%] Built target gtest
[26.948s] [ 53%] [32m[1mLinking CXX shared library librosparam_shortcuts.so[0m
[27.305s] [ 53%] Built target rosparam_shortcuts
[27.345s] [ 69%] [32mBuilding CXX object CMakeFiles/rosparam_shortcuts_example.dir/src/example.cpp.o[0m
[27.345s] [ 69%] [32mBuilding CXX object CMakeFiles/rosparam_shortcuts_node_parameters_example.dir/src/node_parameters_example.cpp.o[0m
[31.847s] [ 76%] [32m[1mLinking CXX executable example[0m
[31.869s] [ 84%] [32m[1mLinking CXX executable node_parameters_example[0m
[32.042s] [ 84%] Built target rosparam_shortcuts_node_parameters_example
[32.078s] [ 84%] Built target rosparam_shortcuts_example
[32.104s] [ 92%] [32mBuilding CXX object CMakeFiles/test_node_parameters.dir/test/test_node_parameters.cpp.o[0m
[37.769s] [100%] [32m[1mLinking CXX executable test_node_parameters[0m
[38.305s] [100%] Built target test_node_parameters
[38.350s] Invoked command in '/home/vinayak/ws_moveit2/build/rosparam_shortcuts' returned '0': CMAKE_PREFIX_PATH=${CMAKE_PREFIX_PATH}:/home/vinayak/ws_moveit2/install/ur3e_rl:/home/vinayak/ws_moveit2/install/ur3e_motion_package:/home/vinayak/ws_moveit2/install/moveit_configs_utils:/home/vinayak/ws_moveit2/install/launch_param_builder:/opt/ros/humble /usr/bin/cmake --build /home/vinayak/ws_moveit2/build/rosparam_shortcuts -- -j8 -l8
[38.351s] Invoking command in '/home/vinayak/ws_moveit2/build/rosparam_shortcuts': CMAKE_PREFIX_PATH=${CMAKE_PREFIX_PATH}:/home/vinayak/ws_moveit2/install/ur3e_rl:/home/vinayak/ws_moveit2/install/ur3e_motion_package:/home/vinayak/ws_moveit2/install/moveit_configs_utils:/home/vinayak/ws_moveit2/install/launch_param_builder:/opt/ros/humble /usr/bin/cmake --install /home/vinayak/ws_moveit2/build/rosparam_shortcuts
[38.369s] -- Install configuration: ""
[38.376s] -- Installing: /home/vinayak/ws_moveit2/install/rosparam_shortcuts/lib/librosparam_shortcuts.so
[38.378s] -- Set runtime path of "/home/vinayak/ws_moveit2/install/rosparam_shortcuts/lib/librosparam_shortcuts.so" to ""
[38.380s] -- Installing: /home/vinayak/ws_moveit2/install/rosparam_shortcuts/lib/rosparam_shortcuts/example
[38.384s] -- Set runtime path of "/home/vinayak/ws_moveit2/install/rosparam_shortcuts/lib/rosparam_shortcuts/example" to ""
[38.384s] -- Installing: /home/vinayak/ws_moveit2/install/rosparam_shortcuts/lib/rosparam_shortcuts/node_parameters_example
[38.384s] -- Set runtime path of "/home/vinayak/ws_moveit2/install/rosparam_shortcuts/lib/rosparam_shortcuts/node_parameters_example" to ""
[38.384s] -- Installing: /home/vinayak/ws_moveit2/install/rosparam_shortcuts/include
[38.385s] -- Installing: /home/vinayak/ws_moveit2/install/rosparam_shortcuts/include/rosparam_shortcuts
[38.385s] -- Installing: /home/vinayak/ws_moveit2/install/rosparam_shortcuts/include/rosparam_shortcuts/rosparam_shortcuts.h
[38.389s] -- Installing: /home/vinayak/ws_moveit2/install/rosparam_shortcuts/include/rosparam_shortcuts/node_parameters.h
[38.389s] -- Installing: /home/vinayak/ws_moveit2/install/rosparam_shortcuts/share/rosparam_shortcuts/launch
[38.389s] -- Installing: /home/vinayak/ws_moveit2/install/rosparam_shortcuts/share/rosparam_shortcuts/launch/example.launch.py
[38.389s] -- Installing: /home/vinayak/ws_moveit2/install/rosparam_shortcuts/share/rosparam_shortcuts/config
[38.389s] -- Installing: /home/vinayak/ws_moveit2/install/rosparam_shortcuts/share/rosparam_shortcuts/config/example.yaml
[38.389s] -- Installing: /home/vinayak/ws_moveit2/install/rosparam_shortcuts/share/rosparam_shortcuts/environment/library_path.sh
[38.391s] -- Installing: /home/vinayak/ws_moveit2/install/rosparam_shortcuts/share/rosparam_shortcuts/environment/library_path.dsv
[38.391s] -- Installing: /home/vinayak/ws_moveit2/install/rosparam_shortcuts/share/ament_index/resource_index/package_run_dependencies/rosparam_shortcuts
[38.391s] -- Installing: /home/vinayak/ws_moveit2/install/rosparam_shortcuts/share/ament_index/resource_index/parent_prefix_path/rosparam_shortcuts
[38.391s] -- Installing: /home/vinayak/ws_moveit2/install/rosparam_shortcuts/share/rosparam_shortcuts/environment/ament_prefix_path.sh
[38.395s] -- Installing: /home/vinayak/ws_moveit2/install/rosparam_shortcuts/share/rosparam_shortcuts/environment/ament_prefix_path.dsv
[38.395s] -- Installing: /home/vinayak/ws_moveit2/install/rosparam_shortcuts/share/rosparam_shortcuts/environment/path.sh
[38.395s] -- Installing: /home/vinayak/ws_moveit2/install/rosparam_shortcuts/share/rosparam_shortcuts/environment/path.dsv
[38.395s] -- Installing: /home/vinayak/ws_moveit2/install/rosparam_shortcuts/share/rosparam_shortcuts/local_setup.bash
[38.395s] -- Installing: /home/vinayak/ws_moveit2/install/rosparam_shortcuts/share/rosparam_shortcuts/local_setup.sh
[38.395s] -- Installing: /home/vinayak/ws_moveit2/install/rosparam_shortcuts/share/rosparam_shortcuts/local_setup.zsh
[38.395s] -- Installing: /home/vinayak/ws_moveit2/install/rosparam_shortcuts/share/rosparam_shortcuts/local_setup.dsv
[38.396s] -- Installing: /home/vinayak/ws_moveit2/install/rosparam_shortcuts/share/rosparam_shortcuts/package.dsv
[38.399s] -- Installing: /home/vinayak/ws_moveit2/install/rosparam_shortcuts/share/ament_index/resource_index/packages/rosparam_shortcuts
[38.399s] -- Installing: /home/vinayak/ws_moveit2/install/rosparam_shortcuts/share/rosparam_shortcuts/cmake/export_rosparam_shortcutsExport.cmake
[38.400s] -- Installing: /home/vinayak/ws_moveit2/install/rosparam_shortcuts/share/rosparam_shortcuts/cmake/export_rosparam_shortcutsExport-noconfig.cmake
[38.401s] -- Installing: /home/vinayak/ws_moveit2/install/rosparam_shortcuts/share/rosparam_shortcuts/cmake/ament_cmake_export_targets-extras.cmake
[38.402s] -- Installing: /home/vinayak/ws_moveit2/install/rosparam_shortcuts/share/rosparam_shortcuts/cmake/ament_cmake_export_dependencies-extras.cmake
[38.402s] -- Installing: /home/vinayak/ws_moveit2/install/rosparam_shortcuts/share/rosparam_shortcuts/cmake/rosparam_shortcutsConfig.cmake
[38.402s] -- Installing: /home/vinayak/ws_moveit2/install/rosparam_shortcuts/share/rosparam_shortcuts/cmake/rosparam_shortcutsConfig-version.cmake
[38.402s] -- Installing: /home/vinayak/ws_moveit2/install/rosparam_shortcuts/share/rosparam_shortcuts/package.xml
[38.403s] Invoked command in '/home/vinayak/ws_moveit2/build/rosparam_shortcuts' returned '0': CMAKE_PREFIX_PATH=${CMAKE_PREFIX_PATH}:/home/vinayak/ws_moveit2/install/ur3e_rl:/home/vinayak/ws_moveit2/install/ur3e_motion_package:/home/vinayak/ws_moveit2/install/moveit_configs_utils:/home/vinayak/ws_moveit2/install/launch_param_builder:/opt/ros/humble /usr/bin/cmake --install /home/vinayak/ws_moveit2/build/rosparam_shortcuts
