[0.281s] Invoking command in '/home/vinayak/ws_moveit2/build/moveit_hybrid_planning': AMENT_PREFIX_PATH=/home/vinayak/ws_moveit2/install/moveit_ros_planning_interface:/home/vinayak/ws_moveit2/install/moveit_ros_move_group:/home/vinayak/ws_moveit2/install/moveit_ros_warehouse:/home/vinayak/ws_moveit2/install/moveit_planners_ompl:/home/vinayak/ws_moveit2/install/moveit_kinematics:/home/vinayak/ws_moveit2/install/moveit_ros_planning:/home/vinayak/ws_moveit2/install/moveit_simple_controller_manager:/home/vinayak/ws_moveit2/install/moveit_ros_occupancy_map_monitor:/home/vinayak/ws_moveit2/install/moveit_core:/home/vinayak/ws_moveit2/install/moveit_resources_panda_moveit_config:/home/vinayak/ws_moveit2/install/moveit_resources_fanuc_moveit_config:/home/vinayak/ws_moveit2/install/moveit_configs_utils:/home/vinayak/ws_moveit2/install/srdfdom:/home/vinayak/ws_moveit2/install/moveit_resources_pr2_description:/home/vinayak/ws_moveit2/install/moveit_resources_panda_description:/home/vinayak/ws_moveit2/install/moveit_resources_fanuc_description:/home/vinayak/ws_moveit2/install/moveit_common:/home/vinayak/ws_moveit2/install/launch_param_builder:${AMENT_PREFIX_PATH} CMAKE_PREFIX_PATH=/home/vinayak/ws_moveit2/install/moveit_ros_planning_interface:/home/vinayak/ws_moveit2/install/moveit_ros_move_group:/home/vinayak/ws_moveit2/install/moveit_ros_warehouse:/home/vinayak/ws_moveit2/install/moveit_planners_ompl:/home/vinayak/ws_moveit2/install/moveit_kinematics:/home/vinayak/ws_moveit2/install/moveit_ros_planning:/home/vinayak/ws_moveit2/install/moveit_simple_controller_manager:/home/vinayak/ws_moveit2/install/moveit_ros_occupancy_map_monitor:/home/vinayak/ws_moveit2/install/moveit_core:/home/vinayak/ws_moveit2/install/moveit_resources_panda_moveit_config:/home/vinayak/ws_moveit2/install/moveit_resources_fanuc_moveit_config:/home/vinayak/ws_moveit2/install/srdfdom:/home/vinayak/ws_moveit2/install/moveit_resources_pr2_description:/home/vinayak/ws_moveit2/install/moveit_resources_panda_description:/home/vinayak/ws_moveit2/install/moveit_resources_fanuc_description:/home/vinayak/ws_moveit2/install/moveit_common:/opt/ros/humble LD_LIBRARY_PATH=/home/vinayak/ws_moveit2/install/moveit_ros_planning_interface/lib:/home/vinayak/ws_moveit2/install/moveit_ros_move_group/lib:/home/vinayak/ws_moveit2/install/moveit_ros_warehouse/lib:/home/vinayak/ws_moveit2/install/moveit_planners_ompl/lib:/home/vinayak/ws_moveit2/install/moveit_kinematics/lib:/home/vinayak/ws_moveit2/install/moveit_ros_planning/lib:/home/vinayak/ws_moveit2/install/moveit_simple_controller_manager/lib:/home/vinayak/ws_moveit2/install/moveit_ros_occupancy_map_monitor/lib:/home/vinayak/ws_moveit2/install/moveit_core/lib:/home/vinayak/ws_moveit2/install/srdfdom/lib:${LD_LIBRARY_PATH} PATH=/home/vinayak/ws_moveit2/install/moveit_core/bin:${PATH} PYTHONPATH=/home/vinayak/ws_moveit2/install/moveit_configs_utils/lib/python3.10/site-packages:/home/vinayak/ws_moveit2/install/srdfdom/local/lib/python3.10/dist-packages:/home/vinayak/ws_moveit2/install/launch_param_builder/lib/python3.10/site-packages:${PYTHONPATH} /usr/bin/cmake --build /home/vinayak/ws_moveit2/build/moveit_hybrid_planning -- -j8 -l8
[0.826s] [ 10%] Built target simple_sampler_plugin
[0.827s] [ 20%] Built target moveit_hybrid_planning_manager
[0.904s] [ 30%] Built target motion_planning_pipeline_plugin
[0.905s] [ 40%] Built target forward_trajectory_plugin
[0.926s] [ 50%] Built target moveit_local_planner_component
[0.944s] [ 60%] Built target moveit_global_planner_component
[1.056s] [ 70%] Built target single_plan_execution_plugin
[1.220s] [ 80%] Built target replan_invalidated_trajectory_plugin
[1.443s] [ 90%] Built target cancel_action
[1.510s] [100%] Built target hybrid_planning_demo_node
[2.145s] Invoked command in '/home/vinayak/ws_moveit2/build/moveit_hybrid_planning' returned '0': AMENT_PREFIX_PATH=/home/vinayak/ws_moveit2/install/moveit_ros_planning_interface:/home/vinayak/ws_moveit2/install/moveit_ros_move_group:/home/vinayak/ws_moveit2/install/moveit_ros_warehouse:/home/vinayak/ws_moveit2/install/moveit_planners_ompl:/home/vinayak/ws_moveit2/install/moveit_kinematics:/home/vinayak/ws_moveit2/install/moveit_ros_planning:/home/vinayak/ws_moveit2/install/moveit_simple_controller_manager:/home/vinayak/ws_moveit2/install/moveit_ros_occupancy_map_monitor:/home/vinayak/ws_moveit2/install/moveit_core:/home/vinayak/ws_moveit2/install/moveit_resources_panda_moveit_config:/home/vinayak/ws_moveit2/install/moveit_resources_fanuc_moveit_config:/home/vinayak/ws_moveit2/install/moveit_configs_utils:/home/vinayak/ws_moveit2/install/srdfdom:/home/vinayak/ws_moveit2/install/moveit_resources_pr2_description:/home/vinayak/ws_moveit2/install/moveit_resources_panda_description:/home/vinayak/ws_moveit2/install/moveit_resources_fanuc_description:/home/vinayak/ws_moveit2/install/moveit_common:/home/vinayak/ws_moveit2/install/launch_param_builder:${AMENT_PREFIX_PATH} CMAKE_PREFIX_PATH=/home/vinayak/ws_moveit2/install/moveit_ros_planning_interface:/home/vinayak/ws_moveit2/install/moveit_ros_move_group:/home/vinayak/ws_moveit2/install/moveit_ros_warehouse:/home/vinayak/ws_moveit2/install/moveit_planners_ompl:/home/vinayak/ws_moveit2/install/moveit_kinematics:/home/vinayak/ws_moveit2/install/moveit_ros_planning:/home/vinayak/ws_moveit2/install/moveit_simple_controller_manager:/home/vinayak/ws_moveit2/install/moveit_ros_occupancy_map_monitor:/home/vinayak/ws_moveit2/install/moveit_core:/home/vinayak/ws_moveit2/install/moveit_resources_panda_moveit_config:/home/vinayak/ws_moveit2/install/moveit_resources_fanuc_moveit_config:/home/vinayak/ws_moveit2/install/srdfdom:/home/vinayak/ws_moveit2/install/moveit_resources_pr2_description:/home/vinayak/ws_moveit2/install/moveit_resources_panda_description:/home/vinayak/ws_moveit2/install/moveit_resources_fanuc_description:/home/vinayak/ws_moveit2/install/moveit_common:/opt/ros/humble LD_LIBRARY_PATH=/home/vinayak/ws_moveit2/install/moveit_ros_planning_interface/lib:/home/vinayak/ws_moveit2/install/moveit_ros_move_group/lib:/home/vinayak/ws_moveit2/install/moveit_ros_warehouse/lib:/home/vinayak/ws_moveit2/install/moveit_planners_ompl/lib:/home/vinayak/ws_moveit2/install/moveit_kinematics/lib:/home/vinayak/ws_moveit2/install/moveit_ros_planning/lib:/home/vinayak/ws_moveit2/install/moveit_simple_controller_manager/lib:/home/vinayak/ws_moveit2/install/moveit_ros_occupancy_map_monitor/lib:/home/vinayak/ws_moveit2/install/moveit_core/lib:/home/vinayak/ws_moveit2/install/srdfdom/lib:${LD_LIBRARY_PATH} PATH=/home/vinayak/ws_moveit2/install/moveit_core/bin:${PATH} PYTHONPATH=/home/vinayak/ws_moveit2/install/moveit_configs_utils/lib/python3.10/site-packages:/home/vinayak/ws_moveit2/install/srdfdom/local/lib/python3.10/dist-packages:/home/vinayak/ws_moveit2/install/launch_param_builder/lib/python3.10/site-packages:${PYTHONPATH} /usr/bin/cmake --build /home/vinayak/ws_moveit2/build/moveit_hybrid_planning -- -j8 -l8
[2.148s] Invoking command in '/home/vinayak/ws_moveit2/build/moveit_hybrid_planning': AMENT_PREFIX_PATH=/home/vinayak/ws_moveit2/install/moveit_ros_planning_interface:/home/vinayak/ws_moveit2/install/moveit_ros_move_group:/home/vinayak/ws_moveit2/install/moveit_ros_warehouse:/home/vinayak/ws_moveit2/install/moveit_planners_ompl:/home/vinayak/ws_moveit2/install/moveit_kinematics:/home/vinayak/ws_moveit2/install/moveit_ros_planning:/home/vinayak/ws_moveit2/install/moveit_simple_controller_manager:/home/vinayak/ws_moveit2/install/moveit_ros_occupancy_map_monitor:/home/vinayak/ws_moveit2/install/moveit_core:/home/vinayak/ws_moveit2/install/moveit_resources_panda_moveit_config:/home/vinayak/ws_moveit2/install/moveit_resources_fanuc_moveit_config:/home/vinayak/ws_moveit2/install/moveit_configs_utils:/home/vinayak/ws_moveit2/install/srdfdom:/home/vinayak/ws_moveit2/install/moveit_resources_pr2_description:/home/vinayak/ws_moveit2/install/moveit_resources_panda_description:/home/vinayak/ws_moveit2/install/moveit_resources_fanuc_description:/home/vinayak/ws_moveit2/install/moveit_common:/home/vinayak/ws_moveit2/install/launch_param_builder:${AMENT_PREFIX_PATH} CMAKE_PREFIX_PATH=/home/vinayak/ws_moveit2/install/moveit_ros_planning_interface:/home/vinayak/ws_moveit2/install/moveit_ros_move_group:/home/vinayak/ws_moveit2/install/moveit_ros_warehouse:/home/vinayak/ws_moveit2/install/moveit_planners_ompl:/home/vinayak/ws_moveit2/install/moveit_kinematics:/home/vinayak/ws_moveit2/install/moveit_ros_planning:/home/vinayak/ws_moveit2/install/moveit_simple_controller_manager:/home/vinayak/ws_moveit2/install/moveit_ros_occupancy_map_monitor:/home/vinayak/ws_moveit2/install/moveit_core:/home/vinayak/ws_moveit2/install/moveit_resources_panda_moveit_config:/home/vinayak/ws_moveit2/install/moveit_resources_fanuc_moveit_config:/home/vinayak/ws_moveit2/install/srdfdom:/home/vinayak/ws_moveit2/install/moveit_resources_pr2_description:/home/vinayak/ws_moveit2/install/moveit_resources_panda_description:/home/vinayak/ws_moveit2/install/moveit_resources_fanuc_description:/home/vinayak/ws_moveit2/install/moveit_common:/opt/ros/humble LD_LIBRARY_PATH=/home/vinayak/ws_moveit2/install/moveit_ros_planning_interface/lib:/home/vinayak/ws_moveit2/install/moveit_ros_move_group/lib:/home/vinayak/ws_moveit2/install/moveit_ros_warehouse/lib:/home/vinayak/ws_moveit2/install/moveit_planners_ompl/lib:/home/vinayak/ws_moveit2/install/moveit_kinematics/lib:/home/vinayak/ws_moveit2/install/moveit_ros_planning/lib:/home/vinayak/ws_moveit2/install/moveit_simple_controller_manager/lib:/home/vinayak/ws_moveit2/install/moveit_ros_occupancy_map_monitor/lib:/home/vinayak/ws_moveit2/install/moveit_core/lib:/home/vinayak/ws_moveit2/install/srdfdom/lib:${LD_LIBRARY_PATH} PATH=/home/vinayak/ws_moveit2/install/moveit_core/bin:${PATH} PYTHONPATH=/home/vinayak/ws_moveit2/install/moveit_configs_utils/lib/python3.10/site-packages:/home/vinayak/ws_moveit2/install/srdfdom/local/lib/python3.10/dist-packages:/home/vinayak/ws_moveit2/install/launch_param_builder/lib/python3.10/site-packages:${PYTHONPATH} /usr/bin/cmake --install /home/vinayak/ws_moveit2/build/moveit_hybrid_planning
[2.165s] -- Install configuration: "Release"
[2.166s] -- Up-to-date: /home/vinayak/ws_moveit2/install/moveit_hybrid_planning/lib/libmoveit_global_planner_component.so.2.5.6
[2.167s] -- Up-to-date: /home/vinayak/ws_moveit2/install/moveit_hybrid_planning/lib/libmoveit_global_planner_component.so
[2.169s] -- Up-to-date: /home/vinayak/ws_moveit2/install/moveit_hybrid_planning/lib/libmoveit_hybrid_planning_manager.so.2.5.6
[2.170s] -- Up-to-date: /home/vinayak/ws_moveit2/install/moveit_hybrid_planning/lib/libmoveit_hybrid_planning_manager.so
[2.170s] -- Up-to-date: /home/vinayak/ws_moveit2/install/moveit_hybrid_planning/lib/libmoveit_local_planner_component.so.2.5.6
[2.170s] -- Up-to-date: /home/vinayak/ws_moveit2/install/moveit_hybrid_planning/lib/libmoveit_local_planner_component.so
[2.170s] -- Up-to-date: /home/vinayak/ws_moveit2/install/moveit_hybrid_planning/lib/libforward_trajectory_plugin.so.2.5.6
[2.170s] -- Up-to-date: /home/vinayak/ws_moveit2/install/moveit_hybrid_planning/lib/libforward_trajectory_plugin.so
[2.170s] -- Up-to-date: /home/vinayak/ws_moveit2/install/moveit_hybrid_planning/lib/libmotion_planning_pipeline_plugin.so.2.5.6
[2.171s] -- Up-to-date: /home/vinayak/ws_moveit2/install/moveit_hybrid_planning/lib/libmotion_planning_pipeline_plugin.so
[2.171s] -- Up-to-date: /home/vinayak/ws_moveit2/install/moveit_hybrid_planning/lib/libreplan_invalidated_trajectory_plugin.so.2.5.6
[2.171s] -- Up-to-date: /home/vinayak/ws_moveit2/install/moveit_hybrid_planning/lib/libreplan_invalidated_trajectory_plugin.so
[2.172s] -- Up-to-date: /home/vinayak/ws_moveit2/install/moveit_hybrid_planning/lib/libsimple_sampler_plugin.so.2.5.6
[2.172s] -- Up-to-date: /home/vinayak/ws_moveit2/install/moveit_hybrid_planning/lib/libsimple_sampler_plugin.so
[2.172s] -- Up-to-date: /home/vinayak/ws_moveit2/install/moveit_hybrid_planning/lib/libsingle_plan_execution_plugin.so.2.5.6
[2.173s] -- Up-to-date: /home/vinayak/ws_moveit2/install/moveit_hybrid_planning/lib/libsingle_plan_execution_plugin.so
[2.174s] -- Up-to-date: /home/vinayak/ws_moveit2/install/moveit_hybrid_planning/lib/moveit_hybrid_planning/cancel_action
[2.175s] -- Up-to-date: /home/vinayak/ws_moveit2/install/moveit_hybrid_planning/lib/moveit_hybrid_planning/hybrid_planning_demo_node
[2.177s] -- Up-to-date: /home/vinayak/ws_moveit2/install/moveit_hybrid_planning/include
[2.179s] -- Up-to-date: /home/vinayak/ws_moveit2/install/moveit_hybrid_planning/include/moveit
[2.179s] -- Up-to-date: /home/vinayak/ws_moveit2/install/moveit_hybrid_planning/include/moveit/global_planner
[2.179s] -- Up-to-date: /home/vinayak/ws_moveit2/install/moveit_hybrid_planning/include/moveit/global_planner/global_planner_interface.h
[2.179s] -- Up-to-date: /home/vinayak/ws_moveit2/install/moveit_hybrid_planning/include/moveit/global_planner/global_planner_component.h
[2.180s] -- Up-to-date: /home/vinayak/ws_moveit2/install/moveit_hybrid_planning/include
[2.180s] -- Up-to-date: /home/vinayak/ws_moveit2/install/moveit_hybrid_planning/include/moveit
[2.180s] -- Up-to-date: /home/vinayak/ws_moveit2/install/moveit_hybrid_planning/include/moveit/global_planner
[2.180s] -- Up-to-date: /home/vinayak/ws_moveit2/install/moveit_hybrid_planning/include/moveit/global_planner/moveit_planning_pipeline.h
[2.180s] -- Up-to-date: /home/vinayak/ws_moveit2/install/moveit_hybrid_planning/include
[2.180s] -- Up-to-date: /home/vinayak/ws_moveit2/install/moveit_hybrid_planning/include/moveit
[2.180s] -- Up-to-date: /home/vinayak/ws_moveit2/install/moveit_hybrid_planning/include/moveit/hybrid_planning_manager
[2.180s] -- Up-to-date: /home/vinayak/ws_moveit2/install/moveit_hybrid_planning/include/moveit/hybrid_planning_manager/moveit_error_code_interface.h
[2.181s] -- Up-to-date: /home/vinayak/ws_moveit2/install/moveit_hybrid_planning/include/moveit/hybrid_planning_manager/hybrid_planning_events.h
[2.181s] -- Up-to-date: /home/vinayak/ws_moveit2/install/moveit_hybrid_planning/include/moveit/hybrid_planning_manager/hybrid_planning_manager.h
[2.181s] -- Up-to-date: /home/vinayak/ws_moveit2/install/moveit_hybrid_planning/include/moveit/hybrid_planning_manager/planner_logic_interface.h
[2.181s] -- Up-to-date: /home/vinayak/ws_moveit2/install/moveit_hybrid_planning/include
[2.181s] -- Up-to-date: /home/vinayak/ws_moveit2/install/moveit_hybrid_planning/include/moveit
[2.183s] -- Up-to-date: /home/vinayak/ws_moveit2/install/moveit_hybrid_planning/include/moveit/planner_logic_plugins
[2.184s] -- Up-to-date: /home/vinayak/ws_moveit2/install/moveit_hybrid_planning/include/moveit/planner_logic_plugins/single_plan_execution.h
[2.184s] -- Up-to-date: /home/vinayak/ws_moveit2/install/moveit_hybrid_planning/include/moveit/planner_logic_plugins/replan_invalidated_trajectory.h
[2.184s] -- Up-to-date: /home/vinayak/ws_moveit2/install/moveit_hybrid_planning/include
[2.184s] -- Up-to-date: /home/vinayak/ws_moveit2/install/moveit_hybrid_planning/include/moveit
[2.188s] -- Up-to-date: /home/vinayak/ws_moveit2/install/moveit_hybrid_planning/include/moveit/local_planner
[2.188s] -- Up-to-date: /home/vinayak/ws_moveit2/install/moveit_hybrid_planning/include/moveit/local_planner/local_constraint_solver_interface.h
[2.188s] -- Up-to-date: /home/vinayak/ws_moveit2/install/moveit_hybrid_planning/include/moveit/local_planner/trajectory_operator_interface.h
[2.189s] -- Up-to-date: /home/vinayak/ws_moveit2/install/moveit_hybrid_planning/include/moveit/local_planner/local_planner_component.h
[2.190s] -- Up-to-date: /home/vinayak/ws_moveit2/install/moveit_hybrid_planning/include/moveit/local_planner/feedback_types.h
[2.190s] -- Up-to-date: /home/vinayak/ws_moveit2/install/moveit_hybrid_planning/include
[2.191s] -- Up-to-date: /home/vinayak/ws_moveit2/install/moveit_hybrid_planning/include/moveit
[2.191s] -- Up-to-date: /home/vinayak/ws_moveit2/install/moveit_hybrid_planning/include/moveit/trajectory_operator_plugins
[2.191s] -- Up-to-date: /home/vinayak/ws_moveit2/install/moveit_hybrid_planning/include/moveit/trajectory_operator_plugins/simple_sampler.h
[2.191s] -- Up-to-date: /home/vinayak/ws_moveit2/install/moveit_hybrid_planning/include
[2.191s] -- Up-to-date: /home/vinayak/ws_moveit2/install/moveit_hybrid_planning/include/moveit
[2.191s] -- Up-to-date: /home/vinayak/ws_moveit2/install/moveit_hybrid_planning/include/moveit/local_constraint_solver_plugins
[2.192s] -- Up-to-date: /home/vinayak/ws_moveit2/install/moveit_hybrid_planning/include/moveit/local_constraint_solver_plugins/forward_trajectory.h
[2.192s] -- Up-to-date: /home/vinayak/ws_moveit2/install/moveit_hybrid_planning/share/moveit_hybrid_planning/launch
[2.192s] -- Up-to-date: /home/vinayak/ws_moveit2/install/moveit_hybrid_planning/share/moveit_hybrid_planning/launch/hybrid_planning_common.py
[2.192s] -- Up-to-date: /home/vinayak/ws_moveit2/install/moveit_hybrid_planning/share/moveit_hybrid_planning/launch/hybrid_planning_demo.launch.py
[2.192s] -- Up-to-date: /home/vinayak/ws_moveit2/install/moveit_hybrid_planning/share/moveit_hybrid_planning/launch/test_basic_integration.test.py
[2.192s] -- Up-to-date: /home/vinayak/ws_moveit2/install/moveit_hybrid_planning/share/moveit_hybrid_planning/config
[2.193s] -- Up-to-date: /home/vinayak/ws_moveit2/install/moveit_hybrid_planning/share/moveit_hybrid_planning/config/common_hybrid_planning_params.yaml
[2.194s] -- Up-to-date: /home/vinayak/ws_moveit2/install/moveit_hybrid_planning/share/moveit_hybrid_planning/config/global_planner.yaml
[2.194s] -- Up-to-date: /home/vinayak/ws_moveit2/install/moveit_hybrid_planning/share/moveit_hybrid_planning/config/demo_controller.yaml
[2.194s] -- Up-to-date: /home/vinayak/ws_moveit2/install/moveit_hybrid_planning/share/moveit_hybrid_planning/config/local_planner.yaml
[2.195s] -- Up-to-date: /home/vinayak/ws_moveit2/install/moveit_hybrid_planning/share/moveit_hybrid_planning/config/hybrid_planning_demo.rviz
[2.195s] -- Up-to-date: /home/vinayak/ws_moveit2/install/moveit_hybrid_planning/share/moveit_hybrid_planning/config/hybrid_planning_manager.yaml
[2.195s] -- Up-to-date: /home/vinayak/ws_moveit2/install/moveit_hybrid_planning/share/moveit_hybrid_planning/single_plan_execution_plugin.xml
[2.195s] -- Up-to-date: /home/vinayak/ws_moveit2/install/moveit_hybrid_planning/share/moveit_hybrid_planning/moveit_planning_pipeline_plugin.xml
[2.195s] -- Up-to-date: /home/vinayak/ws_moveit2/install/moveit_hybrid_planning/share/moveit_hybrid_planning/simple_sampler_plugin.xml
[2.195s] -- Up-to-date: /home/vinayak/ws_moveit2/install/moveit_hybrid_planning/share/moveit_hybrid_planning/replan_invalidated_trajectory_plugin.xml
[2.195s] -- Up-to-date: /home/vinayak/ws_moveit2/install/moveit_hybrid_planning/share/moveit_hybrid_planning/forward_trajectory_plugin.xml
[2.196s] -- Up-to-date: /home/vinayak/ws_moveit2/install/moveit_hybrid_planning/share/moveit_hybrid_planning/environment/library_path.sh
[2.196s] -- Up-to-date: /home/vinayak/ws_moveit2/install/moveit_hybrid_planning/share/moveit_hybrid_planning/environment/library_path.dsv
[2.196s] -- Up-to-date: /home/vinayak/ws_moveit2/install/moveit_hybrid_planning/share/ament_index/resource_index/package_run_dependencies/moveit_hybrid_planning
[2.196s] -- Up-to-date: /home/vinayak/ws_moveit2/install/moveit_hybrid_planning/share/ament_index/resource_index/parent_prefix_path/moveit_hybrid_planning
[2.196s] -- Up-to-date: /home/vinayak/ws_moveit2/install/moveit_hybrid_planning/share/moveit_hybrid_planning/environment/ament_prefix_path.sh
[2.196s] -- Up-to-date: /home/vinayak/ws_moveit2/install/moveit_hybrid_planning/share/moveit_hybrid_planning/environment/ament_prefix_path.dsv
[2.196s] -- Up-to-date: /home/vinayak/ws_moveit2/install/moveit_hybrid_planning/share/moveit_hybrid_planning/environment/path.sh
[2.196s] -- Up-to-date: /home/vinayak/ws_moveit2/install/moveit_hybrid_planning/share/moveit_hybrid_planning/environment/path.dsv
[2.196s] -- Up-to-date: /home/vinayak/ws_moveit2/install/moveit_hybrid_planning/share/moveit_hybrid_planning/local_setup.bash
[2.197s] -- Up-to-date: /home/vinayak/ws_moveit2/install/moveit_hybrid_planning/share/moveit_hybrid_planning/local_setup.sh
[2.197s] -- Up-to-date: /home/vinayak/ws_moveit2/install/moveit_hybrid_planning/share/moveit_hybrid_planning/local_setup.zsh
[2.197s] -- Up-to-date: /home/vinayak/ws_moveit2/install/moveit_hybrid_planning/share/moveit_hybrid_planning/local_setup.dsv
[2.197s] -- Installing: /home/vinayak/ws_moveit2/install/moveit_hybrid_planning/share/moveit_hybrid_planning/package.dsv
[2.197s] -- Up-to-date: /home/vinayak/ws_moveit2/install/moveit_hybrid_planning/share/ament_index/resource_index/packages/moveit_hybrid_planning
[2.197s] -- Up-to-date: /home/vinayak/ws_moveit2/install/moveit_hybrid_planning/share/ament_index/resource_index/moveit_hybrid_planning__pluginlib__plugin/moveit_hybrid_planning
[2.197s] -- Up-to-date: /home/vinayak/ws_moveit2/install/moveit_hybrid_planning/share/ament_index/resource_index/rclcpp_components/moveit_hybrid_planning
[2.197s] -- Up-to-date: /home/vinayak/ws_moveit2/install/moveit_hybrid_planning/share/moveit_hybrid_planning/cmake/export_moveit_hybrid_planningExport.cmake
[2.197s] -- Up-to-date: /home/vinayak/ws_moveit2/install/moveit_hybrid_planning/share/moveit_hybrid_planning/cmake/export_moveit_hybrid_planningExport-release.cmake
[2.198s] -- Up-to-date: /home/vinayak/ws_moveit2/install/moveit_hybrid_planning/share/moveit_hybrid_planning/cmake/ament_cmake_export_include_directories-extras.cmake
[2.198s] -- Up-to-date: /home/vinayak/ws_moveit2/install/moveit_hybrid_planning/share/moveit_hybrid_planning/cmake/ament_cmake_export_libraries-extras.cmake
[2.198s] -- Up-to-date: /home/vinayak/ws_moveit2/install/moveit_hybrid_planning/share/moveit_hybrid_planning/cmake/ament_cmake_export_dependencies-extras.cmake
[2.198s] -- Up-to-date: /home/vinayak/ws_moveit2/install/moveit_hybrid_planning/share/moveit_hybrid_planning/cmake/ament_cmake_export_targets-extras.cmake
[2.198s] -- Up-to-date: /home/vinayak/ws_moveit2/install/moveit_hybrid_planning/share/moveit_hybrid_planning/cmake/moveit_hybrid_planningConfig.cmake
[2.198s] -- Up-to-date: /home/vinayak/ws_moveit2/install/moveit_hybrid_planning/share/moveit_hybrid_planning/cmake/moveit_hybrid_planningConfig-version.cmake
[2.198s] -- Up-to-date: /home/vinayak/ws_moveit2/install/moveit_hybrid_planning/share/moveit_hybrid_planning/package.xml
[2.225s] Invoked command in '/home/vinayak/ws_moveit2/build/moveit_hybrid_planning' returned '0': AMENT_PREFIX_PATH=/home/vinayak/ws_moveit2/install/moveit_ros_planning_interface:/home/vinayak/ws_moveit2/install/moveit_ros_move_group:/home/vinayak/ws_moveit2/install/moveit_ros_warehouse:/home/vinayak/ws_moveit2/install/moveit_planners_ompl:/home/vinayak/ws_moveit2/install/moveit_kinematics:/home/vinayak/ws_moveit2/install/moveit_ros_planning:/home/vinayak/ws_moveit2/install/moveit_simple_controller_manager:/home/vinayak/ws_moveit2/install/moveit_ros_occupancy_map_monitor:/home/vinayak/ws_moveit2/install/moveit_core:/home/vinayak/ws_moveit2/install/moveit_resources_panda_moveit_config:/home/vinayak/ws_moveit2/install/moveit_resources_fanuc_moveit_config:/home/vinayak/ws_moveit2/install/moveit_configs_utils:/home/vinayak/ws_moveit2/install/srdfdom:/home/vinayak/ws_moveit2/install/moveit_resources_pr2_description:/home/vinayak/ws_moveit2/install/moveit_resources_panda_description:/home/vinayak/ws_moveit2/install/moveit_resources_fanuc_description:/home/vinayak/ws_moveit2/install/moveit_common:/home/vinayak/ws_moveit2/install/launch_param_builder:${AMENT_PREFIX_PATH} CMAKE_PREFIX_PATH=/home/vinayak/ws_moveit2/install/moveit_ros_planning_interface:/home/vinayak/ws_moveit2/install/moveit_ros_move_group:/home/vinayak/ws_moveit2/install/moveit_ros_warehouse:/home/vinayak/ws_moveit2/install/moveit_planners_ompl:/home/vinayak/ws_moveit2/install/moveit_kinematics:/home/vinayak/ws_moveit2/install/moveit_ros_planning:/home/vinayak/ws_moveit2/install/moveit_simple_controller_manager:/home/vinayak/ws_moveit2/install/moveit_ros_occupancy_map_monitor:/home/vinayak/ws_moveit2/install/moveit_core:/home/vinayak/ws_moveit2/install/moveit_resources_panda_moveit_config:/home/vinayak/ws_moveit2/install/moveit_resources_fanuc_moveit_config:/home/vinayak/ws_moveit2/install/srdfdom:/home/vinayak/ws_moveit2/install/moveit_resources_pr2_description:/home/vinayak/ws_moveit2/install/moveit_resources_panda_description:/home/vinayak/ws_moveit2/install/moveit_resources_fanuc_description:/home/vinayak/ws_moveit2/install/moveit_common:/opt/ros/humble LD_LIBRARY_PATH=/home/vinayak/ws_moveit2/install/moveit_ros_planning_interface/lib:/home/vinayak/ws_moveit2/install/moveit_ros_move_group/lib:/home/vinayak/ws_moveit2/install/moveit_ros_warehouse/lib:/home/vinayak/ws_moveit2/install/moveit_planners_ompl/lib:/home/vinayak/ws_moveit2/install/moveit_kinematics/lib:/home/vinayak/ws_moveit2/install/moveit_ros_planning/lib:/home/vinayak/ws_moveit2/install/moveit_simple_controller_manager/lib:/home/vinayak/ws_moveit2/install/moveit_ros_occupancy_map_monitor/lib:/home/vinayak/ws_moveit2/install/moveit_core/lib:/home/vinayak/ws_moveit2/install/srdfdom/lib:${LD_LIBRARY_PATH} PATH=/home/vinayak/ws_moveit2/install/moveit_core/bin:${PATH} PYTHONPATH=/home/vinayak/ws_moveit2/install/moveit_configs_utils/lib/python3.10/site-packages:/home/vinayak/ws_moveit2/install/srdfdom/local/lib/python3.10/dist-packages:/home/vinayak/ws_moveit2/install/launch_param_builder/lib/python3.10/site-packages:${PYTHONPATH} /usr/bin/cmake --install /home/vinayak/ws_moveit2/build/moveit_hybrid_planning
