-- The C compiler identification is GNU 11.4.0
-- The CXX compiler identification is GNU 11.4.0
-- Detecting C compiler ABI info
-- Detecting C compiler ABI info - done
-- Check for working C compiler: /usr/bin/cc - skipped
-- Detecting C compile features
-- Detecting C compile features - done
-- Detecting CXX compiler ABI info
-- Detecting CXX compiler ABI info - done
-- Check for working CXX compiler: /usr/bin/c++ - skipped
-- Detecting CXX compile features
-- Detecting CXX compile features - done
-- Found ament_cmake: 1.3.11 (/opt/ros/humble/share/ament_cmake/cmake)
-- Found Python3: /usr/bin/python3 (found version "3.10.12") found components: Interpreter 
-- Found angles: 1.15.0 (/opt/ros/humble/share/angles/cmake)
-- Found controller_interface: 2.48.0 (/opt/ros/humble/share/controller_interface/cmake)
-- Found rosidl_generator_c: 3.1.6 (/opt/ros/humble/share/rosidl_generator_c/cmake)
-- Found rosidl_adapter: 3.1.6 (/opt/ros/humble/share/rosidl_adapter/cmake)
-- Found rosidl_generator_cpp: 3.1.6 (/opt/ros/humble/share/rosidl_generator_cpp/cmake)
-- Using all available rosidl_typesupport_c: rosidl_typesupport_fastrtps_c;rosidl_typesupport_introspection_c
-- Using all available rosidl_typesupport_cpp: rosidl_typesupport_fastrtps_cpp;rosidl_typesupport_introspection_cpp
-- Found rmw_implementation_cmake: 6.1.2 (/opt/ros/humble/share/rmw_implementation_cmake/cmake)
-- Found rmw_fastrtps_cpp: 6.2.7 (/opt/ros/humble/share/rmw_fastrtps_cpp/cmake)
-- Found TinyXML2 via Config file: TinyXML2_DIR-NOTFOUND
-- Found OpenSSL: /usr/lib/x86_64-linux-gnu/libcrypto.so (found version "3.0.2")  
-- Found TinyXML2 via Config file: TinyXML2_DIR-NOTFOUND
-- Found FastRTPS: /opt/ros/humble/include  
-- Found TinyXML2 via Config file: TinyXML2_DIR-NOTFOUND
-- Found TinyXML2 via Config file: TinyXML2_DIR-NOTFOUND
-- Using RMW implementation 'rmw_fastrtps_cpp' as default
-- Looking for pthread.h
-- Looking for pthread.h - found
-- Performing Test CMAKE_HAVE_LIBC_PTHREAD
-- Performing Test CMAKE_HAVE_LIBC_PTHREAD - Success
-- Found Threads: TRUE  
-- Found joint_trajectory_controller: 2.41.0 (/opt/ros/humble/share/joint_trajectory_controller/cmake)
-- Found std_srvs: 4.2.4 (/opt/ros/humble/share/std_srvs/cmake)
-- Found ur_dashboard_msgs: 2.2.16 (/home/vinayak/ws_moveit2/install/ur_dashboard_msgs/share/ur_dashboard_msgs/cmake)
-- Found ur_msgs: 2.1.0 (/opt/ros/humble/share/ur_msgs/cmake)
-- Configuring done
-- Generating done
-- Build files have been written to: /home/vinayak/ws_moveit2/build/ur_controllers
[  6%] [34m[1mRunning `/opt/ros/humble/bin/generate_parameter_library_cpp /home/vinayak/ws_moveit2/build/ur_controllers/include/ur_controllers/gpio_controller_parameters.hpp /home/vinayak/ws_moveit2/src/Universal_Robots_ROS2_Driver/ur_controllers/src/gpio_controller_parameters.yaml `[0m
[ 12%] [34m[1mCreating deprecated header file /home/vinayak/ws_moveit2/build/ur_controllers/include/gpio_controller_parameters.hpp[0m
[ 12%] Built target gpio_controller_parameters
[ 18%] [34m[1mRunning `/opt/ros/humble/bin/generate_parameter_library_cpp /home/vinayak/ws_moveit2/build/ur_controllers/include/ur_controllers/passthrough_trajectory_controller_parameters.hpp /home/vinayak/ws_moveit2/src/Universal_Robots_ROS2_Driver/ur_controllers/src/passthrough_trajectory_controller_parameters.yaml `[0m
[ 25%] [34m[1mCreating deprecated header file /home/vinayak/ws_moveit2/build/ur_controllers/include/passthrough_trajectory_controller_parameters.hpp[0m
[ 25%] Built target passthrough_trajectory_controller_parameters
[ 31%] [34m[1mRunning `/opt/ros/humble/bin/generate_parameter_library_cpp /home/vinayak/ws_moveit2/build/ur_controllers/include/ur_controllers/ur_configuration_controller_parameters.hpp /home/vinayak/ws_moveit2/src/Universal_Robots_ROS2_Driver/ur_controllers/src/ur_configuration_controller_parameters.yaml `[0m
[ 37%] [34m[1mCreating deprecated header file /home/vinayak/ws_moveit2/build/ur_controllers/include/ur_configuration_controller_parameters.hpp[0m
[ 37%] Built target ur_configuration_controller_parameters
[ 43%] [34m[1mRunning `/opt/ros/humble/bin/generate_parameter_library_cpp /home/vinayak/ws_moveit2/build/ur_controllers/include/ur_controllers/scaled_joint_trajectory_controller_parameters.hpp /home/vinayak/ws_moveit2/src/Universal_Robots_ROS2_Driver/ur_controllers/src/scaled_joint_trajectory_controller_parameters.yaml `[0m
[ 50%] [34m[1mCreating deprecated header file /home/vinayak/ws_moveit2/build/ur_controllers/include/scaled_joint_trajectory_controller_parameters.hpp[0m
[ 50%] Built target scaled_joint_trajectory_controller_parameters
[ 56%] [34m[1mRunning `/opt/ros/humble/bin/generate_parameter_library_cpp /home/vinayak/ws_moveit2/build/ur_controllers/include/ur_controllers/speed_scaling_state_broadcaster_parameters.hpp /home/vinayak/ws_moveit2/src/Universal_Robots_ROS2_Driver/ur_controllers/src/speed_scaling_state_broadcaster_parameters.yaml `[0m
[ 62%] [34m[1mCreating deprecated header file /home/vinayak/ws_moveit2/build/ur_controllers/include/speed_scaling_state_broadcaster_parameters.hpp[0m
[ 62%] Built target speed_scaling_state_broadcaster_parameters
[ 68%] [32mBuilding CXX object CMakeFiles/ur_controllers.dir/src/scaled_joint_trajectory_controller.cpp.o[0m
In file included from [01m[K/home/vinayak/ws_moveit2/src/Universal_Robots_ROS2_Driver/ur_controllers/include/ur_controllers/scaled_joint_trajectory_controller.hpp:48[m[K,
                 from [01m[K/home/vinayak/ws_moveit2/src/Universal_Robots_ROS2_Driver/ur_controllers/src/scaled_joint_trajectory_controller.cpp:41[m[K:
[01m[K/home/vinayak/ws_moveit2/build/ur_controllers/include/scaled_joint_trajectory_controller_parameters.hpp:1:185:[m[K [01;36m[Knote: [m[K‘[01m[K#pragma message: #include "scaled_joint_trajectory_controller_parameters.hpp" is deprecated. Use #include <ur_controllers/scaled_joint_trajectory_controller_parameters.hpp> instead.[m[K’
    1 | ntrollers/scaled_joint_trajectory_controller_parameters.hpp> instead."[01;36m[K)[m[K
      |                                                                       [01;36m[K^[m[K

[ 75%] [32mBuilding CXX object CMakeFiles/ur_controllers.dir/src/passthrough_trajectory_controller.cpp.o[0m
In file included from [01m[K/home/vinayak/ws_moveit2/src/Universal_Robots_ROS2_Driver/ur_controllers/include/ur_controllers/passthrough_trajectory_controller.hpp:46[m[K,
                 from [01m[K/home/vinayak/ws_moveit2/src/Universal_Robots_ROS2_Driver/ur_controllers/src/passthrough_trajectory_controller.cpp:50[m[K:
[01m[K/opt/ros/humble/include/realtime_tools/realtime_tools/realtime_buffer.h:22:100:[m[K [01;36m[Knote: [m[K‘[01m[K#pragma message: This header include is deprecated. Please update your code to use 'realtime_buffer.hpp' header.[m[K’
   22 | lease update your code to use 'realtime_buffer.hpp' header."[01;36m[K)[m[K  //NOLINT
      |                                                             [01;36m[K^[m[K

In file included from [01m[K/home/vinayak/ws_moveit2/src/Universal_Robots_ROS2_Driver/ur_controllers/include/ur_controllers/passthrough_trajectory_controller.hpp:47[m[K,
                 from [01m[K/home/vinayak/ws_moveit2/src/Universal_Robots_ROS2_Driver/ur_controllers/src/passthrough_trajectory_controller.cpp:50[m[K:
[01m[K/opt/ros/humble/include/realtime_tools/realtime_tools/realtime_server_goal_handle.h:22:112:[m[K [01;36m[Knote: [m[K‘[01m[K#pragma message: This header include is deprecated. Please update your code to use 'realtime_server_goal_handle.hpp' header.[m[K’
   22 |  your code to use 'realtime_server_goal_handle.hpp' header."[01;36m[K)[m[K  //NOLINT
      |                                                             [01;36m[K^[m[K

In file included from [01m[K/home/vinayak/ws_moveit2/src/Universal_Robots_ROS2_Driver/ur_controllers/include/ur_controllers/passthrough_trajectory_controller.hpp:68[m[K,
                 from [01m[K/home/vinayak/ws_moveit2/src/Universal_Robots_ROS2_Driver/ur_controllers/src/passthrough_trajectory_controller.cpp:50[m[K:
[01m[K/home/vinayak/ws_moveit2/build/ur_controllers/include/passthrough_trajectory_controller_parameters.hpp:1:183:[m[K [01;36m[Knote: [m[K‘[01m[K#pragma message: #include "passthrough_trajectory_controller_parameters.hpp" is deprecated. Use #include <ur_controllers/passthrough_trajectory_controller_parameters.hpp> instead.[m[K’
    1 | ontrollers/passthrough_trajectory_controller_parameters.hpp> instead."[01;36m[K)[m[K
      |                                                                       [01;36m[K^[m[K

[ 81%] [32mBuilding CXX object CMakeFiles/ur_controllers.dir/src/ur_configuration_controller.cpp.o[0m
In file included from [01m[K/home/vinayak/ws_moveit2/src/Universal_Robots_ROS2_Driver/ur_controllers/include/ur_controllers/ur_configuration_controller.hpp:46[m[K,
                 from [01m[K/home/vinayak/ws_moveit2/src/Universal_Robots_ROS2_Driver/ur_controllers/src/ur_configuration_controller.cpp:41[m[K:
[01m[K/opt/ros/humble/include/realtime_tools/realtime_tools/realtime_box_best_effort.h:38:109:[m[K [01;36m[Knote: [m[K‘[01m[K#pragma message: This header include is deprecated. Please update your code to use 'realtime_box_best_effort.hpp' header.[m[K’
   38 | ate your code to use 'realtime_box_best_effort.hpp' header."[01;36m[K)[m[K  //NOLINT
      |                                                             [01;36m[K^[m[K

In file included from [01m[K/home/vinayak/ws_moveit2/src/Universal_Robots_ROS2_Driver/ur_controllers/include/ur_controllers/ur_configuration_controller.hpp:53[m[K,
                 from [01m[K/home/vinayak/ws_moveit2/src/Universal_Robots_ROS2_Driver/ur_controllers/src/ur_configuration_controller.cpp:41[m[K:
[01m[K/home/vinayak/ws_moveit2/build/ur_controllers/include/ur_configuration_controller_parameters.hpp:1:171:[m[K [01;36m[Knote: [m[K‘[01m[K#pragma message: #include "ur_configuration_controller_parameters.hpp" is deprecated. Use #include <ur_controllers/ur_configuration_controller_parameters.hpp> instead.[m[K’
    1 |  <ur_controllers/ur_configuration_controller_parameters.hpp> instead."[01;36m[K)[m[K
      |                                                                       [01;36m[K^[m[K

In file included from [01m[K/home/vinayak/ws_moveit2/src/Universal_Robots_ROS2_Driver/ur_controllers/src/ur_configuration_controller.cpp:42[m[K:
[01m[K/opt/ros/humble/include/realtime_tools/realtime_tools/realtime_box.h:22:97:[m[K [01;36m[Knote: [m[K‘[01m[K#pragma message: This header include is deprecated. Please update your code to use 'realtime_box.hpp' header.[m[K’
   22 | . Please update your code to use 'realtime_box.hpp' header."[01;36m[K)[m[K  //NOLINT
      |                                                             [01;36m[K^[m[K

[ 87%] [32mBuilding CXX object CMakeFiles/ur_controllers.dir/src/gpio_controller.cpp.o[0m
In file included from [01m[K/home/vinayak/ws_moveit2/src/Universal_Robots_ROS2_Driver/ur_controllers/include/ur_controllers/gpio_controller.hpp:60[m[K,
                 from [01m[K/home/vinayak/ws_moveit2/src/Universal_Robots_ROS2_Driver/ur_controllers/src/gpio_controller.cpp:38[m[K:
[01m[K/home/vinayak/ws_moveit2/build/ur_controllers/include/gpio_controller_parameters.hpp:1:147:[m[K [01;36m[Knote: [m[K‘[01m[K#pragma message: #include "gpio_controller_parameters.hpp" is deprecated. Use #include <ur_controllers/gpio_controller_parameters.hpp> instead.[m[K’
    1 | Use #include <ur_controllers/gpio_controller_parameters.hpp> instead."[01;36m[K)[m[K
      |                                                                       [01;36m[K^[m[K

[01m[K/home/vinayak/ws_moveit2/src/Universal_Robots_ROS2_Driver/ur_controllers/src/gpio_controller.cpp:[m[K In member function ‘[01m[Kbool ur_controllers::GPIOController::setAnalogOutput(ur_msgs::srv::SetAnalogOutput_Request_<std::allocator<void> >::SharedPtr, ur_msgs::srv::SetAnalogOutput_Response_<std::allocator<void> >::SharedPtr)[m[K’:
[01m[K/home/vinayak/ws_moveit2/src/Universal_Robots_ROS2_Driver/ur_controllers/src/gpio_controller.cpp:410:21:[m[K [01;35m[Kwarning: [m[Kcomparison is always false due to limited range of data type [[01;35m[K]8;;https://gcc.gnu.org/onlinedocs/gcc/Warning-Options.html#index-Wtype-limits-Wtype-limits]8;;[m[K]
  410 |   if ([01;35m[Kreq->data.pin < 0[m[K || req->data.pin > 1) {
      |       [01;35m[K~~~~~~~~~~~~~~^~~[m[K
[ 93%] [32mBuilding CXX object CMakeFiles/ur_controllers.dir/src/speed_scaling_state_broadcaster.cpp.o[0m
In file included from [01m[K/home/vinayak/ws_moveit2/src/Universal_Robots_ROS2_Driver/ur_controllers/include/ur_controllers/speed_scaling_state_broadcaster.hpp:51[m[K,
                 from [01m[K/home/vinayak/ws_moveit2/src/Universal_Robots_ROS2_Driver/ur_controllers/src/speed_scaling_state_broadcaster.cpp:38[m[K:
[01m[K/home/vinayak/ws_moveit2/build/ur_controllers/include/speed_scaling_state_broadcaster_parameters.hpp:1:179:[m[K [01;36m[Knote: [m[K‘[01m[K#pragma message: #include "speed_scaling_state_broadcaster_parameters.hpp" is deprecated. Use #include <ur_controllers/speed_scaling_state_broadcaster_parameters.hpp> instead.[m[K’
    1 | _controllers/speed_scaling_state_broadcaster_parameters.hpp> instead."[01;36m[K)[m[K
      |                                                                       [01;36m[K^[m[K

[100%] [32m[1mLinking CXX shared library libur_controllers.so[0m
[100%] Built target ur_controllers
-- Install configuration: ""
-- Installing: /home/vinayak/ws_moveit2/install/ur_controllers/include/ur_controllers
-- Installing: /home/vinayak/ws_moveit2/install/ur_controllers/include/ur_controllers/speed_scaling_state_broadcaster_parameters.hpp
-- Installing: /home/vinayak/ws_moveit2/install/ur_controllers/include/ur_controllers/scaled_joint_trajectory_controller_parameters.hpp
-- Installing: /home/vinayak/ws_moveit2/install/ur_controllers/include/ur_controllers/gpio_controller_parameters.hpp
-- Installing: /home/vinayak/ws_moveit2/install/ur_controllers/include/ur_controllers/passthrough_trajectory_controller_parameters.hpp
-- Installing: /home/vinayak/ws_moveit2/install/ur_controllers/include/ur_controllers/ur_configuration_controller_parameters.hpp
-- Up-to-date: /home/vinayak/ws_moveit2/install/ur_controllers/include/ur_controllers
-- Up-to-date: /home/vinayak/ws_moveit2/install/ur_controllers/include/ur_controllers/speed_scaling_state_broadcaster_parameters.hpp
-- Up-to-date: /home/vinayak/ws_moveit2/install/ur_controllers/include/ur_controllers/scaled_joint_trajectory_controller_parameters.hpp
-- Up-to-date: /home/vinayak/ws_moveit2/install/ur_controllers/include/ur_controllers/gpio_controller_parameters.hpp
-- Up-to-date: /home/vinayak/ws_moveit2/install/ur_controllers/include/ur_controllers/passthrough_trajectory_controller_parameters.hpp
-- Up-to-date: /home/vinayak/ws_moveit2/install/ur_controllers/include/ur_controllers/ur_configuration_controller_parameters.hpp
-- Up-to-date: /home/vinayak/ws_moveit2/install/ur_controllers/include/ur_controllers
-- Up-to-date: /home/vinayak/ws_moveit2/install/ur_controllers/include/ur_controllers/speed_scaling_state_broadcaster_parameters.hpp
-- Up-to-date: /home/vinayak/ws_moveit2/install/ur_controllers/include/ur_controllers/scaled_joint_trajectory_controller_parameters.hpp
-- Up-to-date: /home/vinayak/ws_moveit2/install/ur_controllers/include/ur_controllers/gpio_controller_parameters.hpp
-- Up-to-date: /home/vinayak/ws_moveit2/install/ur_controllers/include/ur_controllers/passthrough_trajectory_controller_parameters.hpp
-- Up-to-date: /home/vinayak/ws_moveit2/install/ur_controllers/include/ur_controllers/ur_configuration_controller_parameters.hpp
-- Up-to-date: /home/vinayak/ws_moveit2/install/ur_controllers/include/ur_controllers
-- Up-to-date: /home/vinayak/ws_moveit2/install/ur_controllers/include/ur_controllers/speed_scaling_state_broadcaster_parameters.hpp
-- Up-to-date: /home/vinayak/ws_moveit2/install/ur_controllers/include/ur_controllers/scaled_joint_trajectory_controller_parameters.hpp
-- Up-to-date: /home/vinayak/ws_moveit2/install/ur_controllers/include/ur_controllers/gpio_controller_parameters.hpp
-- Up-to-date: /home/vinayak/ws_moveit2/install/ur_controllers/include/ur_controllers/passthrough_trajectory_controller_parameters.hpp
-- Up-to-date: /home/vinayak/ws_moveit2/install/ur_controllers/include/ur_controllers/ur_configuration_controller_parameters.hpp
-- Up-to-date: /home/vinayak/ws_moveit2/install/ur_controllers/include/ur_controllers
-- Up-to-date: /home/vinayak/ws_moveit2/install/ur_controllers/include/ur_controllers/speed_scaling_state_broadcaster_parameters.hpp
-- Up-to-date: /home/vinayak/ws_moveit2/install/ur_controllers/include/ur_controllers/scaled_joint_trajectory_controller_parameters.hpp
-- Up-to-date: /home/vinayak/ws_moveit2/install/ur_controllers/include/ur_controllers/gpio_controller_parameters.hpp
-- Up-to-date: /home/vinayak/ws_moveit2/install/ur_controllers/include/ur_controllers/passthrough_trajectory_controller_parameters.hpp
-- Up-to-date: /home/vinayak/ws_moveit2/install/ur_controllers/include/ur_controllers/ur_configuration_controller_parameters.hpp
-- Installing: /home/vinayak/ws_moveit2/install/ur_controllers/share/ur_controllers/controller_plugins.xml
-- Installing: /home/vinayak/ws_moveit2/install/ur_controllers/lib/libur_controllers.so
-- Set runtime path of "/home/vinayak/ws_moveit2/install/ur_controllers/lib/libur_controllers.so" to ""
-- Up-to-date: /home/vinayak/ws_moveit2/install/ur_controllers/include
-- Up-to-date: /home/vinayak/ws_moveit2/install/ur_controllers/include/ur_controllers
-- Installing: /home/vinayak/ws_moveit2/install/ur_controllers/include/ur_controllers/passthrough_trajectory_controller.hpp
-- Installing: /home/vinayak/ws_moveit2/install/ur_controllers/include/ur_controllers/scaled_joint_trajectory_controller.hpp
-- Installing: /home/vinayak/ws_moveit2/install/ur_controllers/include/ur_controllers/gpio_controller.hpp
-- Installing: /home/vinayak/ws_moveit2/install/ur_controllers/include/ur_controllers/ur_configuration_controller.hpp
-- Installing: /home/vinayak/ws_moveit2/install/ur_controllers/include/ur_controllers/speed_scaling_state_broadcaster.hpp
-- Up-to-date: /home/vinayak/ws_moveit2/install/ur_controllers/share/ur_controllers/controller_plugins.xml
-- Installing: /home/vinayak/ws_moveit2/install/ur_controllers/share/ur_controllers/environment/library_path.sh
-- Installing: /home/vinayak/ws_moveit2/install/ur_controllers/share/ur_controllers/environment/library_path.dsv
-- Installing: /home/vinayak/ws_moveit2/install/ur_controllers/share/ament_index/resource_index/package_run_dependencies/ur_controllers
-- Installing: /home/vinayak/ws_moveit2/install/ur_controllers/share/ament_index/resource_index/parent_prefix_path/ur_controllers
-- Installing: /home/vinayak/ws_moveit2/install/ur_controllers/share/ur_controllers/environment/ament_prefix_path.sh
-- Installing: /home/vinayak/ws_moveit2/install/ur_controllers/share/ur_controllers/environment/ament_prefix_path.dsv
-- Installing: /home/vinayak/ws_moveit2/install/ur_controllers/share/ur_controllers/environment/path.sh
-- Installing: /home/vinayak/ws_moveit2/install/ur_controllers/share/ur_controllers/environment/path.dsv
-- Installing: /home/vinayak/ws_moveit2/install/ur_controllers/share/ur_controllers/local_setup.bash
-- Installing: /home/vinayak/ws_moveit2/install/ur_controllers/share/ur_controllers/local_setup.sh
-- Installing: /home/vinayak/ws_moveit2/install/ur_controllers/share/ur_controllers/local_setup.zsh
-- Installing: /home/vinayak/ws_moveit2/install/ur_controllers/share/ur_controllers/local_setup.dsv
-- Installing: /home/vinayak/ws_moveit2/install/ur_controllers/share/ur_controllers/package.dsv
-- Installing: /home/vinayak/ws_moveit2/install/ur_controllers/share/ament_index/resource_index/packages/ur_controllers
-- Installing: /home/vinayak/ws_moveit2/install/ur_controllers/share/ament_index/resource_index/controller_interface__pluginlib__plugin/ur_controllers
-- Installing: /home/vinayak/ws_moveit2/install/ur_controllers/share/ur_controllers/cmake/ament_cmake_export_dependencies-extras.cmake
-- Installing: /home/vinayak/ws_moveit2/install/ur_controllers/share/ur_controllers/cmake/ament_cmake_export_include_directories-extras.cmake
-- Installing: /home/vinayak/ws_moveit2/install/ur_controllers/share/ur_controllers/cmake/ament_cmake_export_libraries-extras.cmake
-- Installing: /home/vinayak/ws_moveit2/install/ur_controllers/share/ur_controllers/cmake/ur_controllersConfig.cmake
-- Installing: /home/vinayak/ws_moveit2/install/ur_controllers/share/ur_controllers/cmake/ur_controllersConfig-version.cmake
-- Installing: /home/vinayak/ws_moveit2/install/ur_controllers/share/ur_controllers/package.xml
