[0.037s] Invoking command in '/home/vinayak/ws_moveit2/build/moveit_ros_robot_interaction': AMENT_PREFIX_PATH=/home/vinayak/ws_moveit2/install/moveit_ros_planning:/home/vinayak/ws_moveit2/install/moveit_ros_occupancy_map_monitor:/home/vinayak/ws_moveit2/install/moveit_core:/home/vinayak/ws_moveit2/install/moveit_resources_panda_moveit_config:/home/vinayak/ws_moveit2/install/moveit_configs_utils:/home/vinayak/ws_moveit2/install/srdfdom:/home/vinayak/ws_moveit2/install/moveit_resources_pr2_description:/home/vinayak/ws_moveit2/install/moveit_resources_panda_description:/home/vinayak/ws_moveit2/install/moveit_common:/home/vinayak/ws_moveit2/install/launch_param_builder:${AMENT_PREFIX_PATH} CMAKE_PREFIX_PATH=/home/vinayak/ws_moveit2/install/moveit_ros_planning:/home/vinayak/ws_moveit2/install/moveit_ros_occupancy_map_monitor:/home/vinayak/ws_moveit2/install/moveit_core:/home/vinayak/ws_moveit2/install/moveit_resources_panda_moveit_config:/home/vinayak/ws_moveit2/install/srdfdom:/home/vinayak/ws_moveit2/install/moveit_resources_pr2_description:/home/vinayak/ws_moveit2/install/moveit_resources_panda_description:/home/vinayak/ws_moveit2/install/moveit_common:/opt/ros/humble LD_LIBRARY_PATH=/home/vinayak/ws_moveit2/install/moveit_ros_planning/lib:/home/vinayak/ws_moveit2/install/moveit_ros_occupancy_map_monitor/lib:/home/vinayak/ws_moveit2/install/moveit_core/lib:/home/vinayak/ws_moveit2/install/srdfdom/lib:${LD_LIBRARY_PATH} PATH=/home/vinayak/ws_moveit2/install/moveit_core/bin:${PATH} PYTHONPATH=/home/vinayak/ws_moveit2/install/moveit_configs_utils/lib/python3.10/site-packages:/home/vinayak/ws_moveit2/install/srdfdom/local/lib/python3.10/dist-packages:/home/vinayak/ws_moveit2/install/launch_param_builder/lib/python3.10/site-packages:${PYTHONPATH} /usr/bin/cmake --build /home/vinayak/ws_moveit2/build/moveit_ros_robot_interaction -- -j8 -l8
[0.163s] [ 15%] Built target gtest_main
[0.180s] [ 30%] Built target gtest
[0.250s] [ 84%] Built target moveit_robot_interaction
[0.595s] [100%] Built target locked_robot_state_test
[0.663s] Invoked command in '/home/vinayak/ws_moveit2/build/moveit_ros_robot_interaction' returned '0': AMENT_PREFIX_PATH=/home/vinayak/ws_moveit2/install/moveit_ros_planning:/home/vinayak/ws_moveit2/install/moveit_ros_occupancy_map_monitor:/home/vinayak/ws_moveit2/install/moveit_core:/home/vinayak/ws_moveit2/install/moveit_resources_panda_moveit_config:/home/vinayak/ws_moveit2/install/moveit_configs_utils:/home/vinayak/ws_moveit2/install/srdfdom:/home/vinayak/ws_moveit2/install/moveit_resources_pr2_description:/home/vinayak/ws_moveit2/install/moveit_resources_panda_description:/home/vinayak/ws_moveit2/install/moveit_common:/home/vinayak/ws_moveit2/install/launch_param_builder:${AMENT_PREFIX_PATH} CMAKE_PREFIX_PATH=/home/vinayak/ws_moveit2/install/moveit_ros_planning:/home/vinayak/ws_moveit2/install/moveit_ros_occupancy_map_monitor:/home/vinayak/ws_moveit2/install/moveit_core:/home/vinayak/ws_moveit2/install/moveit_resources_panda_moveit_config:/home/vinayak/ws_moveit2/install/srdfdom:/home/vinayak/ws_moveit2/install/moveit_resources_pr2_description:/home/vinayak/ws_moveit2/install/moveit_resources_panda_description:/home/vinayak/ws_moveit2/install/moveit_common:/opt/ros/humble LD_LIBRARY_PATH=/home/vinayak/ws_moveit2/install/moveit_ros_planning/lib:/home/vinayak/ws_moveit2/install/moveit_ros_occupancy_map_monitor/lib:/home/vinayak/ws_moveit2/install/moveit_core/lib:/home/vinayak/ws_moveit2/install/srdfdom/lib:${LD_LIBRARY_PATH} PATH=/home/vinayak/ws_moveit2/install/moveit_core/bin:${PATH} PYTHONPATH=/home/vinayak/ws_moveit2/install/moveit_configs_utils/lib/python3.10/site-packages:/home/vinayak/ws_moveit2/install/srdfdom/local/lib/python3.10/dist-packages:/home/vinayak/ws_moveit2/install/launch_param_builder/lib/python3.10/site-packages:${PYTHONPATH} /usr/bin/cmake --build /home/vinayak/ws_moveit2/build/moveit_ros_robot_interaction -- -j8 -l8
[0.676s] Invoking command in '/home/vinayak/ws_moveit2/build/moveit_ros_robot_interaction': AMENT_PREFIX_PATH=/home/vinayak/ws_moveit2/install/moveit_ros_planning:/home/vinayak/ws_moveit2/install/moveit_ros_occupancy_map_monitor:/home/vinayak/ws_moveit2/install/moveit_core:/home/vinayak/ws_moveit2/install/moveit_resources_panda_moveit_config:/home/vinayak/ws_moveit2/install/moveit_configs_utils:/home/vinayak/ws_moveit2/install/srdfdom:/home/vinayak/ws_moveit2/install/moveit_resources_pr2_description:/home/vinayak/ws_moveit2/install/moveit_resources_panda_description:/home/vinayak/ws_moveit2/install/moveit_common:/home/vinayak/ws_moveit2/install/launch_param_builder:${AMENT_PREFIX_PATH} CMAKE_PREFIX_PATH=/home/vinayak/ws_moveit2/install/moveit_ros_planning:/home/vinayak/ws_moveit2/install/moveit_ros_occupancy_map_monitor:/home/vinayak/ws_moveit2/install/moveit_core:/home/vinayak/ws_moveit2/install/moveit_resources_panda_moveit_config:/home/vinayak/ws_moveit2/install/srdfdom:/home/vinayak/ws_moveit2/install/moveit_resources_pr2_description:/home/vinayak/ws_moveit2/install/moveit_resources_panda_description:/home/vinayak/ws_moveit2/install/moveit_common:/opt/ros/humble LD_LIBRARY_PATH=/home/vinayak/ws_moveit2/install/moveit_ros_planning/lib:/home/vinayak/ws_moveit2/install/moveit_ros_occupancy_map_monitor/lib:/home/vinayak/ws_moveit2/install/moveit_core/lib:/home/vinayak/ws_moveit2/install/srdfdom/lib:${LD_LIBRARY_PATH} PATH=/home/vinayak/ws_moveit2/install/moveit_core/bin:${PATH} PYTHONPATH=/home/vinayak/ws_moveit2/install/moveit_configs_utils/lib/python3.10/site-packages:/home/vinayak/ws_moveit2/install/srdfdom/local/lib/python3.10/dist-packages:/home/vinayak/ws_moveit2/install/launch_param_builder/lib/python3.10/site-packages:${PYTHONPATH} /usr/bin/cmake --install /home/vinayak/ws_moveit2/build/moveit_ros_robot_interaction
[0.761s] -- Install configuration: "Release"
[0.762s] -- Up-to-date: /home/vinayak/ws_moveit2/install/moveit_ros_robot_interaction/lib/libmoveit_robot_interaction.so.2.5.6
[0.762s] -- Up-to-date: /home/vinayak/ws_moveit2/install/moveit_ros_robot_interaction/lib/libmoveit_robot_interaction.so
[0.769s] -- Up-to-date: /home/vinayak/ws_moveit2/install/moveit_ros_robot_interaction/include
[0.770s] -- Up-to-date: /home/vinayak/ws_moveit2/install/moveit_ros_robot_interaction/include/moveit
[0.771s] -- Up-to-date: /home/vinayak/ws_moveit2/install/moveit_ros_robot_interaction/include/moveit/robot_interaction
[0.775s] -- Up-to-date: /home/vinayak/ws_moveit2/install/moveit_ros_robot_interaction/include/moveit/robot_interaction/kinematic_options_map.h
[0.776s] -- Up-to-date: /home/vinayak/ws_moveit2/install/moveit_ros_robot_interaction/include/moveit/robot_interaction/interactive_marker_helpers.h
[0.777s] -- Up-to-date: /home/vinayak/ws_moveit2/install/moveit_ros_robot_interaction/include/moveit/robot_interaction/interaction.h
[0.777s] -- Up-to-date: /home/vinayak/ws_moveit2/install/moveit_ros_robot_interaction/include/moveit/robot_interaction/interaction_handler.h
[0.778s] -- Up-to-date: /home/vinayak/ws_moveit2/install/moveit_ros_robot_interaction/include/moveit/robot_interaction/robot_interaction.h
[0.778s] -- Up-to-date: /home/vinayak/ws_moveit2/install/moveit_ros_robot_interaction/include/moveit/robot_interaction/kinematic_options.h
[0.778s] -- Up-to-date: /home/vinayak/ws_moveit2/install/moveit_ros_robot_interaction/include/moveit/robot_interaction/locked_robot_state.h
[0.779s] -- Up-to-date: /home/vinayak/ws_moveit2/install/moveit_ros_robot_interaction/include/moveit_robot_interaction_export.h
[0.797s] -- Up-to-date: /home/vinayak/ws_moveit2/install/moveit_ros_robot_interaction/share/moveit_ros_robot_interaction/resources
[0.798s] -- Up-to-date: /home/vinayak/ws_moveit2/install/moveit_ros_robot_interaction/share/moveit_ros_robot_interaction/resources/access-denied.dae
[0.799s] -- Up-to-date: /home/vinayak/ws_moveit2/install/moveit_ros_robot_interaction/share/moveit_ros_robot_interaction/resources/access-denied.stl
[0.800s] -- Up-to-date: /home/vinayak/ws_moveit2/install/moveit_ros_robot_interaction/share/moveit_ros_robot_interaction/environment/library_path.sh
[0.801s] -- Up-to-date: /home/vinayak/ws_moveit2/install/moveit_ros_robot_interaction/share/moveit_ros_robot_interaction/environment/library_path.dsv
[0.806s] -- Up-to-date: /home/vinayak/ws_moveit2/install/moveit_ros_robot_interaction/share/ament_index/resource_index/package_run_dependencies/moveit_ros_robot_interaction
[0.806s] -- Up-to-date: /home/vinayak/ws_moveit2/install/moveit_ros_robot_interaction/share/ament_index/resource_index/parent_prefix_path/moveit_ros_robot_interaction
[0.807s] -- Up-to-date: /home/vinayak/ws_moveit2/install/moveit_ros_robot_interaction/share/moveit_ros_robot_interaction/environment/ament_prefix_path.sh
[0.808s] -- Up-to-date: /home/vinayak/ws_moveit2/install/moveit_ros_robot_interaction/share/moveit_ros_robot_interaction/environment/ament_prefix_path.dsv
[0.826s] -- Up-to-date: /home/vinayak/ws_moveit2/install/moveit_ros_robot_interaction/share/moveit_ros_robot_interaction/environment/path.sh
[0.827s] -- Up-to-date: /home/vinayak/ws_moveit2/install/moveit_ros_robot_interaction/share/moveit_ros_robot_interaction/environment/path.dsv
[0.828s] -- Up-to-date: /home/vinayak/ws_moveit2/install/moveit_ros_robot_interaction/share/moveit_ros_robot_interaction/local_setup.bash
[0.828s] -- Up-to-date: /home/vinayak/ws_moveit2/install/moveit_ros_robot_interaction/share/moveit_ros_robot_interaction/local_setup.sh
[0.829s] -- Up-to-date: /home/vinayak/ws_moveit2/install/moveit_ros_robot_interaction/share/moveit_ros_robot_interaction/local_setup.zsh
[0.833s] -- Up-to-date: /home/vinayak/ws_moveit2/install/moveit_ros_robot_interaction/share/moveit_ros_robot_interaction/local_setup.dsv
[0.834s] -- Installing: /home/vinayak/ws_moveit2/install/moveit_ros_robot_interaction/share/moveit_ros_robot_interaction/package.dsv
[0.834s] -- Up-to-date: /home/vinayak/ws_moveit2/install/moveit_ros_robot_interaction/share/ament_index/resource_index/packages/moveit_ros_robot_interaction
[0.835s] -- Up-to-date: /home/vinayak/ws_moveit2/install/moveit_ros_robot_interaction/share/moveit_ros_robot_interaction/cmake/export_moveit_ros_robot_interactionExport.cmake
[0.835s] -- Up-to-date: /home/vinayak/ws_moveit2/install/moveit_ros_robot_interaction/share/moveit_ros_robot_interaction/cmake/export_moveit_ros_robot_interactionExport-release.cmake
[0.836s] -- Up-to-date: /home/vinayak/ws_moveit2/install/moveit_ros_robot_interaction/share/moveit_ros_robot_interaction/cmake/ament_cmake_export_targets-extras.cmake
[0.836s] -- Up-to-date: /home/vinayak/ws_moveit2/install/moveit_ros_robot_interaction/share/moveit_ros_robot_interaction/cmake/ament_cmake_export_dependencies-extras.cmake
[0.837s] -- Up-to-date: /home/vinayak/ws_moveit2/install/moveit_ros_robot_interaction/share/moveit_ros_robot_interaction/cmake/moveit_ros_robot_interactionConfig.cmake
[0.842s] -- Up-to-date: /home/vinayak/ws_moveit2/install/moveit_ros_robot_interaction/share/moveit_ros_robot_interaction/cmake/moveit_ros_robot_interactionConfig-version.cmake
[0.842s] -- Up-to-date: /home/vinayak/ws_moveit2/install/moveit_ros_robot_interaction/share/moveit_ros_robot_interaction/package.xml
[1.109s] Invoked command in '/home/vinayak/ws_moveit2/build/moveit_ros_robot_interaction' returned '0': AMENT_PREFIX_PATH=/home/vinayak/ws_moveit2/install/moveit_ros_planning:/home/vinayak/ws_moveit2/install/moveit_ros_occupancy_map_monitor:/home/vinayak/ws_moveit2/install/moveit_core:/home/vinayak/ws_moveit2/install/moveit_resources_panda_moveit_config:/home/vinayak/ws_moveit2/install/moveit_configs_utils:/home/vinayak/ws_moveit2/install/srdfdom:/home/vinayak/ws_moveit2/install/moveit_resources_pr2_description:/home/vinayak/ws_moveit2/install/moveit_resources_panda_description:/home/vinayak/ws_moveit2/install/moveit_common:/home/vinayak/ws_moveit2/install/launch_param_builder:${AMENT_PREFIX_PATH} CMAKE_PREFIX_PATH=/home/vinayak/ws_moveit2/install/moveit_ros_planning:/home/vinayak/ws_moveit2/install/moveit_ros_occupancy_map_monitor:/home/vinayak/ws_moveit2/install/moveit_core:/home/vinayak/ws_moveit2/install/moveit_resources_panda_moveit_config:/home/vinayak/ws_moveit2/install/srdfdom:/home/vinayak/ws_moveit2/install/moveit_resources_pr2_description:/home/vinayak/ws_moveit2/install/moveit_resources_panda_description:/home/vinayak/ws_moveit2/install/moveit_common:/opt/ros/humble LD_LIBRARY_PATH=/home/vinayak/ws_moveit2/install/moveit_ros_planning/lib:/home/vinayak/ws_moveit2/install/moveit_ros_occupancy_map_monitor/lib:/home/vinayak/ws_moveit2/install/moveit_core/lib:/home/vinayak/ws_moveit2/install/srdfdom/lib:${LD_LIBRARY_PATH} PATH=/home/vinayak/ws_moveit2/install/moveit_core/bin:${PATH} PYTHONPATH=/home/vinayak/ws_moveit2/install/moveit_configs_utils/lib/python3.10/site-packages:/home/vinayak/ws_moveit2/install/srdfdom/local/lib/python3.10/dist-packages:/home/vinayak/ws_moveit2/install/launch_param_builder/lib/python3.10/site-packages:${PYTHONPATH} /usr/bin/cmake --install /home/vinayak/ws_moveit2/build/moveit_ros_robot_interaction
