-- The C compiler identification is GNU 11.4.0
-- The CXX compiler identification is GNU 11.4.0
-- Detecting C compiler ABI info
-- Detecting C compiler ABI info - done
-- Check for working C compiler: /usr/bin/cc - skipped
-- Detecting C compile features
-- Detecting C compile features - done
-- Detecting CXX compiler ABI info
-- Detecting CXX compiler ABI info - done
-- Check for working CXX compiler: /usr/bin/c++ - skipped
-- Detecting CXX compile features
-- Detecting CXX compile features - done
-- Found ament_cmake: 1.3.11 (/opt/ros/humble/share/ament_cmake/cmake)
-- Found Python3: /usr/bin/python3 (found version "3.10.12") found components: Interpreter 
-- Found angles: 1.15.0 (/opt/ros/humble/share/angles/cmake)
-- Found controller_interface: 2.48.0 (/opt/ros/humble/share/controller_interface/cmake)
-- Found rosidl_generator_c: 3.1.6 (/opt/ros/humble/share/rosidl_generator_c/cmake)
-- Found rosidl_adapter: 3.1.6 (/opt/ros/humble/share/rosidl_adapter/cmake)
-- Found rosidl_generator_cpp: 3.1.6 (/opt/ros/humble/share/rosidl_generator_cpp/cmake)
-- Using all available rosidl_typesupport_c: rosidl_typesupport_fastrtps_c;rosidl_typesupport_introspection_c
-- Using all available rosidl_typesupport_cpp: rosidl_typesupport_fastrtps_cpp;rosidl_typesupport_introspection_cpp
-- Found rmw_implementation_cmake: 6.1.2 (/opt/ros/humble/share/rmw_implementation_cmake/cmake)
-- Found rmw_fastrtps_cpp: 6.2.7 (/opt/ros/humble/share/rmw_fastrtps_cpp/cmake)
-- Found TinyXML2 via Config file: TinyXML2_DIR-NOTFOUND
-- Found OpenSSL: /usr/lib/x86_64-linux-gnu/libcrypto.so (found version "3.0.2")  
-- Found TinyXML2 via Config file: TinyXML2_DIR-NOTFOUND
-- Found FastRTPS: /opt/ros/humble/include  
-- Found TinyXML2 via Config file: TinyXML2_DIR-NOTFOUND
-- Found TinyXML2 via Config file: TinyXML2_DIR-NOTFOUND
-- Using RMW implementation 'rmw_fastrtps_cpp' as default
-- Looking for pthread.h
-- Looking for pthread.h - found
-- Performing Test CMAKE_HAVE_LIBC_PTHREAD
-- Performing Test CMAKE_HAVE_LIBC_PTHREAD - Success
-- Found Threads: TRUE  
-- Found joint_trajectory_controller: 2.41.0 (/opt/ros/humble/share/joint_trajectory_controller/cmake)
-- Found std_srvs: 4.2.4 (/opt/ros/humble/share/std_srvs/cmake)
-- Found ur_dashboard_msgs: 2.2.16 (/home/vinayak/ws_moveit2/install/ur_dashboard_msgs/share/ur_dashboard_msgs/cmake)
-- Found ur_msgs: 2.1.0 (/opt/ros/humble/share/ur_msgs/cmake)
-- Configuring done
-- Generating done
-- Build files have been written to: /home/vinayak/ws_moveit2/build/ur_controllers
[  6%] [34m[1mRunning `/opt/ros/humble/bin/generate_parameter_library_cpp /home/vinayak/ws_moveit2/build/ur_controllers/include/ur_controllers/speed_scaling_state_broadcaster_parameters.hpp /home/vinayak/ws_moveit2/src/Universal_Robots_ROS2_Driver/ur_controllers/src/speed_scaling_state_broadcaster_parameters.yaml `[0m
[ 12%] [34m[1mRunning `/opt/ros/humble/bin/generate_parameter_library_cpp /home/vinayak/ws_moveit2/build/ur_controllers/include/ur_controllers/gpio_controller_parameters.hpp /home/vinayak/ws_moveit2/src/Universal_Robots_ROS2_Driver/ur_controllers/src/gpio_controller_parameters.yaml `[0m
[ 18%] [34m[1mCreating deprecated header file /home/vinayak/ws_moveit2/build/ur_controllers/include/speed_scaling_state_broadcaster_parameters.hpp[0m
[ 18%] Built target speed_scaling_state_broadcaster_parameters
[ 25%] [34m[1mCreating deprecated header file /home/vinayak/ws_moveit2/build/ur_controllers/include/gpio_controller_parameters.hpp[0m
[ 31%] [34m[1mRunning `/opt/ros/humble/bin/generate_parameter_library_cpp /home/vinayak/ws_moveit2/build/ur_controllers/include/ur_controllers/ur_configuration_controller_parameters.hpp /home/vinayak/ws_moveit2/src/Universal_Robots_ROS2_Driver/ur_controllers/src/ur_configuration_controller_parameters.yaml `[0m
[ 31%] Built target gpio_controller_parameters
[ 37%] [34m[1mRunning `/opt/ros/humble/bin/generate_parameter_library_cpp /home/vinayak/ws_moveit2/build/ur_controllers/include/ur_controllers/passthrough_trajectory_controller_parameters.hpp /home/vinayak/ws_moveit2/src/Universal_Robots_ROS2_Driver/ur_controllers/src/passthrough_trajectory_controller_parameters.yaml `[0m
[ 43%] [34m[1mCreating deprecated header file /home/vinayak/ws_moveit2/build/ur_controllers/include/ur_configuration_controller_parameters.hpp[0m
[ 43%] Built target ur_configuration_controller_parameters
[ 50%] [34m[1mCreating deprecated header file /home/vinayak/ws_moveit2/build/ur_controllers/include/passthrough_trajectory_controller_parameters.hpp[0m
[ 50%] Built target passthrough_trajectory_controller_parameters
[ 56%] [34m[1mRunning `/opt/ros/humble/bin/generate_parameter_library_cpp /home/vinayak/ws_moveit2/build/ur_controllers/include/ur_controllers/scaled_joint_trajectory_controller_parameters.hpp /home/vinayak/ws_moveit2/src/Universal_Robots_ROS2_Driver/ur_controllers/src/scaled_joint_trajectory_controller_parameters.yaml `[0m
[ 62%] [34m[1mCreating deprecated header file /home/vinayak/ws_moveit2/build/ur_controllers/include/scaled_joint_trajectory_controller_parameters.hpp[0m
[ 62%] Built target scaled_joint_trajectory_controller_parameters
[ 68%] [32mBuilding CXX object CMakeFiles/ur_controllers.dir/src/scaled_joint_trajectory_controller.cpp.o[0m
gmake[2]: *** [CMakeFiles/ur_controllers.dir/build.make:76: CMakeFiles/ur_controllers.dir/src/scaled_joint_trajectory_controller.cpp.o] Interrupt
gmake[1]: *** [CMakeFiles/Makefile2:281: CMakeFiles/ur_controllers.dir/all] Interrupt
gmake: *** [Makefile:146: all] Interrupt
