[0.036s] Invoking command in '/home/vinayak/ws_moveit2/build/moveit_planners_ompl': AMENT_PREFIX_PATH=/home/vinayak/ws_moveit2/install/moveit_ros_planning:/home/vinayak/ws_moveit2/install/moveit_ros_occupancy_map_monitor:/home/vinayak/ws_moveit2/install/moveit_core:/home/vinayak/ws_moveit2/install/moveit_resources_panda_moveit_config:/home/vinayak/ws_moveit2/install/moveit_resources_fanuc_moveit_config:/home/vinayak/ws_moveit2/install/moveit_configs_utils:/home/vinayak/ws_moveit2/install/srdfdom:/home/vinayak/ws_moveit2/install/moveit_resources_pr2_description:/home/vinayak/ws_moveit2/install/moveit_resources_panda_description:/home/vinayak/ws_moveit2/install/moveit_resources_fanuc_description:/home/vinayak/ws_moveit2/install/moveit_common:/home/vinayak/ws_moveit2/install/launch_param_builder:${AMENT_PREFIX_PATH} CMAKE_PREFIX_PATH=/home/vinayak/ws_moveit2/install/moveit_ros_planning:/home/vinayak/ws_moveit2/install/moveit_ros_occupancy_map_monitor:/home/vinayak/ws_moveit2/install/moveit_core:/home/vinayak/ws_moveit2/install/moveit_resources_panda_moveit_config:/home/vinayak/ws_moveit2/install/moveit_resources_fanuc_moveit_config:/home/vinayak/ws_moveit2/install/srdfdom:/home/vinayak/ws_moveit2/install/moveit_resources_pr2_description:/home/vinayak/ws_moveit2/install/moveit_resources_panda_description:/home/vinayak/ws_moveit2/install/moveit_resources_fanuc_description:/home/vinayak/ws_moveit2/install/moveit_common:/opt/ros/humble LD_LIBRARY_PATH=/home/vinayak/ws_moveit2/install/moveit_ros_planning/lib:/home/vinayak/ws_moveit2/install/moveit_ros_occupancy_map_monitor/lib:/home/vinayak/ws_moveit2/install/moveit_core/lib:/home/vinayak/ws_moveit2/install/srdfdom/lib:${LD_LIBRARY_PATH} PATH=/home/vinayak/ws_moveit2/install/moveit_core/bin:${PATH} PYTHONPATH=/home/vinayak/ws_moveit2/install/moveit_configs_utils/lib/python3.10/site-packages:/home/vinayak/ws_moveit2/install/srdfdom/local/lib/python3.10/dist-packages:/home/vinayak/ws_moveit2/install/launch_param_builder/lib/python3.10/site-packages:${PYTHONPATH} /usr/bin/cmake --build /home/vinayak/ws_moveit2/build/moveit_planners_ompl -- -j8 -l8
[0.180s] [  4%] Built target gtest_main
[0.180s] [  9%] Built target gtest
[0.803s] [ 60%] Built target moveit_ompl_interface
[1.020s] [ 65%] Built target moveit_ompl_planner_plugin
[1.084s] [ 70%] Built target test_threadsafe_state_storage
[1.085s] [ 75%] Built target test_state_space
[1.109s] [ 80%] Built target test_constrained_planning_state_space
[1.116s] [ 85%] Built target moveit_generate_state_database
[1.131s] [ 90%] Built target test_planning_context_manager
[1.140s] [ 95%] Built target test_constrained_state_validity_checker
[1.150s] [100%] Built target test_state_validity_checker
[1.367s] Invoked command in '/home/vinayak/ws_moveit2/build/moveit_planners_ompl' returned '0': AMENT_PREFIX_PATH=/home/vinayak/ws_moveit2/install/moveit_ros_planning:/home/vinayak/ws_moveit2/install/moveit_ros_occupancy_map_monitor:/home/vinayak/ws_moveit2/install/moveit_core:/home/vinayak/ws_moveit2/install/moveit_resources_panda_moveit_config:/home/vinayak/ws_moveit2/install/moveit_resources_fanuc_moveit_config:/home/vinayak/ws_moveit2/install/moveit_configs_utils:/home/vinayak/ws_moveit2/install/srdfdom:/home/vinayak/ws_moveit2/install/moveit_resources_pr2_description:/home/vinayak/ws_moveit2/install/moveit_resources_panda_description:/home/vinayak/ws_moveit2/install/moveit_resources_fanuc_description:/home/vinayak/ws_moveit2/install/moveit_common:/home/vinayak/ws_moveit2/install/launch_param_builder:${AMENT_PREFIX_PATH} CMAKE_PREFIX_PATH=/home/vinayak/ws_moveit2/install/moveit_ros_planning:/home/vinayak/ws_moveit2/install/moveit_ros_occupancy_map_monitor:/home/vinayak/ws_moveit2/install/moveit_core:/home/vinayak/ws_moveit2/install/moveit_resources_panda_moveit_config:/home/vinayak/ws_moveit2/install/moveit_resources_fanuc_moveit_config:/home/vinayak/ws_moveit2/install/srdfdom:/home/vinayak/ws_moveit2/install/moveit_resources_pr2_description:/home/vinayak/ws_moveit2/install/moveit_resources_panda_description:/home/vinayak/ws_moveit2/install/moveit_resources_fanuc_description:/home/vinayak/ws_moveit2/install/moveit_common:/opt/ros/humble LD_LIBRARY_PATH=/home/vinayak/ws_moveit2/install/moveit_ros_planning/lib:/home/vinayak/ws_moveit2/install/moveit_ros_occupancy_map_monitor/lib:/home/vinayak/ws_moveit2/install/moveit_core/lib:/home/vinayak/ws_moveit2/install/srdfdom/lib:${LD_LIBRARY_PATH} PATH=/home/vinayak/ws_moveit2/install/moveit_core/bin:${PATH} PYTHONPATH=/home/vinayak/ws_moveit2/install/moveit_configs_utils/lib/python3.10/site-packages:/home/vinayak/ws_moveit2/install/srdfdom/local/lib/python3.10/dist-packages:/home/vinayak/ws_moveit2/install/launch_param_builder/lib/python3.10/site-packages:${PYTHONPATH} /usr/bin/cmake --build /home/vinayak/ws_moveit2/build/moveit_planners_ompl -- -j8 -l8
[1.391s] Invoking command in '/home/vinayak/ws_moveit2/build/moveit_planners_ompl': AMENT_PREFIX_PATH=/home/vinayak/ws_moveit2/install/moveit_ros_planning:/home/vinayak/ws_moveit2/install/moveit_ros_occupancy_map_monitor:/home/vinayak/ws_moveit2/install/moveit_core:/home/vinayak/ws_moveit2/install/moveit_resources_panda_moveit_config:/home/vinayak/ws_moveit2/install/moveit_resources_fanuc_moveit_config:/home/vinayak/ws_moveit2/install/moveit_configs_utils:/home/vinayak/ws_moveit2/install/srdfdom:/home/vinayak/ws_moveit2/install/moveit_resources_pr2_description:/home/vinayak/ws_moveit2/install/moveit_resources_panda_description:/home/vinayak/ws_moveit2/install/moveit_resources_fanuc_description:/home/vinayak/ws_moveit2/install/moveit_common:/home/vinayak/ws_moveit2/install/launch_param_builder:${AMENT_PREFIX_PATH} CMAKE_PREFIX_PATH=/home/vinayak/ws_moveit2/install/moveit_ros_planning:/home/vinayak/ws_moveit2/install/moveit_ros_occupancy_map_monitor:/home/vinayak/ws_moveit2/install/moveit_core:/home/vinayak/ws_moveit2/install/moveit_resources_panda_moveit_config:/home/vinayak/ws_moveit2/install/moveit_resources_fanuc_moveit_config:/home/vinayak/ws_moveit2/install/srdfdom:/home/vinayak/ws_moveit2/install/moveit_resources_pr2_description:/home/vinayak/ws_moveit2/install/moveit_resources_panda_description:/home/vinayak/ws_moveit2/install/moveit_resources_fanuc_description:/home/vinayak/ws_moveit2/install/moveit_common:/opt/ros/humble LD_LIBRARY_PATH=/home/vinayak/ws_moveit2/install/moveit_ros_planning/lib:/home/vinayak/ws_moveit2/install/moveit_ros_occupancy_map_monitor/lib:/home/vinayak/ws_moveit2/install/moveit_core/lib:/home/vinayak/ws_moveit2/install/srdfdom/lib:${LD_LIBRARY_PATH} PATH=/home/vinayak/ws_moveit2/install/moveit_core/bin:${PATH} PYTHONPATH=/home/vinayak/ws_moveit2/install/moveit_configs_utils/lib/python3.10/site-packages:/home/vinayak/ws_moveit2/install/srdfdom/local/lib/python3.10/dist-packages:/home/vinayak/ws_moveit2/install/launch_param_builder/lib/python3.10/site-packages:${PYTHONPATH} /usr/bin/cmake --install /home/vinayak/ws_moveit2/build/moveit_planners_ompl
[1.427s] -- Install configuration: "Release"
[1.429s] -- Up-to-date: /home/vinayak/ws_moveit2/install/moveit_planners_ompl/lib/moveit_planners_ompl/generate_state_database
[1.430s] -- Up-to-date: /home/vinayak/ws_moveit2/install/moveit_planners_ompl/include
[1.431s] -- Up-to-date: /home/vinayak/ws_moveit2/install/moveit_planners_ompl/include/moveit
[1.432s] -- Up-to-date: /home/vinayak/ws_moveit2/install/moveit_planners_ompl/include/moveit/ompl_interface
[1.432s] -- Up-to-date: /home/vinayak/ws_moveit2/install/moveit_planners_ompl/include/moveit/ompl_interface/model_based_planning_context.h
[1.433s] -- Up-to-date: /home/vinayak/ws_moveit2/install/moveit_planners_ompl/include/moveit/ompl_interface/detail
[1.433s] -- Up-to-date: /home/vinayak/ws_moveit2/install/moveit_planners_ompl/include/moveit/ompl_interface/detail/threadsafe_state_storage.h
[1.433s] -- Up-to-date: /home/vinayak/ws_moveit2/install/moveit_planners_ompl/include/moveit/ompl_interface/detail/goal_union.h
[1.434s] -- Up-to-date: /home/vinayak/ws_moveit2/install/moveit_planners_ompl/include/moveit/ompl_interface/detail/constraints_library.h
[1.434s] -- Up-to-date: /home/vinayak/ws_moveit2/install/moveit_planners_ompl/include/moveit/ompl_interface/detail/constraint_approximations.h
[1.435s] -- Up-to-date: /home/vinayak/ws_moveit2/install/moveit_planners_ompl/include/moveit/ompl_interface/detail/projection_evaluators.h
[1.437s] -- Up-to-date: /home/vinayak/ws_moveit2/install/moveit_planners_ompl/include/moveit/ompl_interface/detail/constrained_valid_state_sampler.h
[1.437s] -- Up-to-date: /home/vinayak/ws_moveit2/install/moveit_planners_ompl/include/moveit/ompl_interface/detail/constrained_sampler.h
[1.438s] -- Up-to-date: /home/vinayak/ws_moveit2/install/moveit_planners_ompl/include/moveit/ompl_interface/detail/state_validity_checker.h
[1.439s] -- Up-to-date: /home/vinayak/ws_moveit2/install/moveit_planners_ompl/include/moveit/ompl_interface/detail/constrained_goal_sampler.h
[1.440s] -- Up-to-date: /home/vinayak/ws_moveit2/install/moveit_planners_ompl/include/moveit/ompl_interface/detail/ompl_constraints.h
[1.440s] -- Up-to-date: /home/vinayak/ws_moveit2/install/moveit_planners_ompl/include/moveit/ompl_interface/ompl_interface.h
[1.443s] -- Up-to-date: /home/vinayak/ws_moveit2/install/moveit_planners_ompl/include/moveit/ompl_interface/planning_context_manager.h
[1.444s] -- Up-to-date: /home/vinayak/ws_moveit2/install/moveit_planners_ompl/include/moveit/ompl_interface/parameterization
[1.445s] -- Up-to-date: /home/vinayak/ws_moveit2/install/moveit_planners_ompl/include/moveit/ompl_interface/parameterization/work_space
[1.447s] -- Up-to-date: /home/vinayak/ws_moveit2/install/moveit_planners_ompl/include/moveit/ompl_interface/parameterization/work_space/pose_model_state_space_factory.h
[1.448s] -- Up-to-date: /home/vinayak/ws_moveit2/install/moveit_planners_ompl/include/moveit/ompl_interface/parameterization/work_space/pose_model_state_space.h
[1.449s] -- Up-to-date: /home/vinayak/ws_moveit2/install/moveit_planners_ompl/include/moveit/ompl_interface/parameterization/model_based_state_space.h
[1.450s] -- Up-to-date: /home/vinayak/ws_moveit2/install/moveit_planners_ompl/include/moveit/ompl_interface/parameterization/model_based_state_space_factory.h
[1.450s] -- Up-to-date: /home/vinayak/ws_moveit2/install/moveit_planners_ompl/include/moveit/ompl_interface/parameterization/joint_space
[1.453s] -- Up-to-date: /home/vinayak/ws_moveit2/install/moveit_planners_ompl/include/moveit/ompl_interface/parameterization/joint_space/constrained_planning_state_space_factory.h
[1.455s] -- Up-to-date: /home/vinayak/ws_moveit2/install/moveit_planners_ompl/include/moveit/ompl_interface/parameterization/joint_space/constrained_planning_state_space.h
[1.457s] -- Up-to-date: /home/vinayak/ws_moveit2/install/moveit_planners_ompl/include/moveit/ompl_interface/parameterization/joint_space/joint_model_state_space_factory.h
[1.457s] -- Up-to-date: /home/vinayak/ws_moveit2/install/moveit_planners_ompl/include/moveit/ompl_interface/parameterization/joint_space/joint_model_state_space.h
[1.458s] -- Up-to-date: /home/vinayak/ws_moveit2/install/moveit_planners_ompl/lib/libmoveit_ompl_interface.so.2.5.6
[1.460s] -- Up-to-date: /home/vinayak/ws_moveit2/install/moveit_planners_ompl/lib/libmoveit_ompl_interface.so
[1.468s] -- Up-to-date: /home/vinayak/ws_moveit2/install/moveit_planners_ompl/lib/libmoveit_ompl_planner_plugin.so.2.5.6
[1.472s] -- Up-to-date: /home/vinayak/ws_moveit2/install/moveit_planners_ompl/lib/libmoveit_ompl_planner_plugin.so
[1.473s] -- Up-to-date: /home/vinayak/ws_moveit2/install/moveit_planners_ompl/share/moveit_planners_ompl/environment/library_path.sh
[1.473s] -- Up-to-date: /home/vinayak/ws_moveit2/install/moveit_planners_ompl/share/moveit_planners_ompl/environment/library_path.dsv
[1.473s] -- Up-to-date: /home/vinayak/ws_moveit2/install/moveit_planners_ompl/share/moveit_planners_ompl/ompl_interface_plugin_description.xml
[1.474s] -- Up-to-date: /home/vinayak/ws_moveit2/install/moveit_planners_ompl/share/ament_index/resource_index/package_run_dependencies/moveit_planners_ompl
[1.474s] -- Up-to-date: /home/vinayak/ws_moveit2/install/moveit_planners_ompl/share/ament_index/resource_index/parent_prefix_path/moveit_planners_ompl
[1.475s] -- Up-to-date: /home/vinayak/ws_moveit2/install/moveit_planners_ompl/share/moveit_planners_ompl/environment/ament_prefix_path.sh
[1.475s] -- Up-to-date: /home/vinayak/ws_moveit2/install/moveit_planners_ompl/share/moveit_planners_ompl/environment/ament_prefix_path.dsv
[1.476s] -- Up-to-date: /home/vinayak/ws_moveit2/install/moveit_planners_ompl/share/moveit_planners_ompl/environment/path.sh
[1.476s] -- Up-to-date: /home/vinayak/ws_moveit2/install/moveit_planners_ompl/share/moveit_planners_ompl/environment/path.dsv
[1.477s] -- Up-to-date: /home/vinayak/ws_moveit2/install/moveit_planners_ompl/share/moveit_planners_ompl/local_setup.bash
[1.481s] -- Up-to-date: /home/vinayak/ws_moveit2/install/moveit_planners_ompl/share/moveit_planners_ompl/local_setup.sh
[1.482s] -- Up-to-date: /home/vinayak/ws_moveit2/install/moveit_planners_ompl/share/moveit_planners_ompl/local_setup.zsh
[1.482s] -- Up-to-date: /home/vinayak/ws_moveit2/install/moveit_planners_ompl/share/moveit_planners_ompl/local_setup.dsv
[1.483s] -- Installing: /home/vinayak/ws_moveit2/install/moveit_planners_ompl/share/moveit_planners_ompl/package.dsv
[1.485s] -- Up-to-date: /home/vinayak/ws_moveit2/install/moveit_planners_ompl/share/ament_index/resource_index/packages/moveit_planners_ompl
[1.485s] -- Up-to-date: /home/vinayak/ws_moveit2/install/moveit_planners_ompl/share/ament_index/resource_index/moveit_core__pluginlib__plugin/moveit_planners_ompl
[1.486s] -- Up-to-date: /home/vinayak/ws_moveit2/install/moveit_planners_ompl/share/moveit_planners_ompl/cmake/export_moveit_planners_omplExport.cmake
[1.486s] -- Up-to-date: /home/vinayak/ws_moveit2/install/moveit_planners_ompl/share/moveit_planners_ompl/cmake/export_moveit_planners_omplExport-release.cmake
[1.487s] -- Up-to-date: /home/vinayak/ws_moveit2/install/moveit_planners_ompl/share/moveit_planners_ompl/cmake/ament_cmake_export_targets-extras.cmake
[1.487s] -- Up-to-date: /home/vinayak/ws_moveit2/install/moveit_planners_ompl/share/moveit_planners_ompl/cmake/ament_cmake_export_dependencies-extras.cmake
[1.488s] -- Up-to-date: /home/vinayak/ws_moveit2/install/moveit_planners_ompl/share/moveit_planners_ompl/cmake/moveit_planners_omplConfig.cmake
[1.488s] -- Up-to-date: /home/vinayak/ws_moveit2/install/moveit_planners_ompl/share/moveit_planners_ompl/cmake/moveit_planners_omplConfig-version.cmake
[1.495s] -- Up-to-date: /home/vinayak/ws_moveit2/install/moveit_planners_ompl/share/moveit_planners_ompl/package.xml
[1.645s] Invoked command in '/home/vinayak/ws_moveit2/build/moveit_planners_ompl' returned '0': AMENT_PREFIX_PATH=/home/vinayak/ws_moveit2/install/moveit_ros_planning:/home/vinayak/ws_moveit2/install/moveit_ros_occupancy_map_monitor:/home/vinayak/ws_moveit2/install/moveit_core:/home/vinayak/ws_moveit2/install/moveit_resources_panda_moveit_config:/home/vinayak/ws_moveit2/install/moveit_resources_fanuc_moveit_config:/home/vinayak/ws_moveit2/install/moveit_configs_utils:/home/vinayak/ws_moveit2/install/srdfdom:/home/vinayak/ws_moveit2/install/moveit_resources_pr2_description:/home/vinayak/ws_moveit2/install/moveit_resources_panda_description:/home/vinayak/ws_moveit2/install/moveit_resources_fanuc_description:/home/vinayak/ws_moveit2/install/moveit_common:/home/vinayak/ws_moveit2/install/launch_param_builder:${AMENT_PREFIX_PATH} CMAKE_PREFIX_PATH=/home/vinayak/ws_moveit2/install/moveit_ros_planning:/home/vinayak/ws_moveit2/install/moveit_ros_occupancy_map_monitor:/home/vinayak/ws_moveit2/install/moveit_core:/home/vinayak/ws_moveit2/install/moveit_resources_panda_moveit_config:/home/vinayak/ws_moveit2/install/moveit_resources_fanuc_moveit_config:/home/vinayak/ws_moveit2/install/srdfdom:/home/vinayak/ws_moveit2/install/moveit_resources_pr2_description:/home/vinayak/ws_moveit2/install/moveit_resources_panda_description:/home/vinayak/ws_moveit2/install/moveit_resources_fanuc_description:/home/vinayak/ws_moveit2/install/moveit_common:/opt/ros/humble LD_LIBRARY_PATH=/home/vinayak/ws_moveit2/install/moveit_ros_planning/lib:/home/vinayak/ws_moveit2/install/moveit_ros_occupancy_map_monitor/lib:/home/vinayak/ws_moveit2/install/moveit_core/lib:/home/vinayak/ws_moveit2/install/srdfdom/lib:${LD_LIBRARY_PATH} PATH=/home/vinayak/ws_moveit2/install/moveit_core/bin:${PATH} PYTHONPATH=/home/vinayak/ws_moveit2/install/moveit_configs_utils/lib/python3.10/site-packages:/home/vinayak/ws_moveit2/install/srdfdom/local/lib/python3.10/dist-packages:/home/vinayak/ws_moveit2/install/launch_param_builder/lib/python3.10/site-packages:${PYTHONPATH} /usr/bin/cmake --install /home/vinayak/ws_moveit2/build/moveit_planners_ompl
