[0.010s] Invoking command in '/home/vinayak/ws_moveit2/build/rosparam_shortcuts': CMAKE_PREFIX_PATH=${CMAKE_PREFIX_PATH}:/home/vinayak/ws_moveit2/install/ur3e_motion_package:/home/vinayak/ws_moveit2/install/moveit_configs_utils:/home/vinayak/ws_moveit2/install/launch_param_builder:/opt/ros/humble /usr/bin/cmake --build /home/vinayak/ws_moveit2/build/rosparam_shortcuts
[0.057s] [35m[1mConsolidate compiler generated dependencies of target gtest_main[0m
[0.057s] [35m[1mConsolidate compiler generated dependencies of target gtest[0m
[0.058s] [35m[1mConsolidate compiler generated dependencies of target rosparam_shortcuts[0m
[0.073s] [ 30%] Built target gtest_main
[0.073s] [ 30%] Built target gtest
[0.081s] [ 53%] Built target rosparam_shortcuts
[0.095s] [35m[1mConsolidate compiler generated dependencies of target rosparam_shortcuts_example[0m
[0.095s] [35m[1mConsolidate compiler generated dependencies of target rosparam_shortcuts_node_parameters_example[0m
[0.115s] [ 84%] Built target rosparam_shortcuts_node_parameters_example
[0.115s] [ 84%] Built target rosparam_shortcuts_example
[0.128s] [35m[1mConsolidate compiler generated dependencies of target test_node_parameters[0m
[0.150s] [100%] Built target test_node_parameters
[0.161s] Invoked command in '/home/vinayak/ws_moveit2/build/rosparam_shortcuts' returned '0': CMAKE_PREFIX_PATH=${CMAKE_PREFIX_PATH}:/home/vinayak/ws_moveit2/install/ur3e_motion_package:/home/vinayak/ws_moveit2/install/moveit_configs_utils:/home/vinayak/ws_moveit2/install/launch_param_builder:/opt/ros/humble /usr/bin/cmake --build /home/vinayak/ws_moveit2/build/rosparam_shortcuts
[0.162s] Invoking command in '/home/vinayak/ws_moveit2/build/rosparam_shortcuts': CMAKE_PREFIX_PATH=${CMAKE_PREFIX_PATH}:/home/vinayak/ws_moveit2/install/ur3e_motion_package:/home/vinayak/ws_moveit2/install/moveit_configs_utils:/home/vinayak/ws_moveit2/install/launch_param_builder:/opt/ros/humble /usr/bin/cmake --install /home/vinayak/ws_moveit2/build/rosparam_shortcuts
[0.170s] -- Install configuration: ""
[0.170s] -- Up-to-date: /home/vinayak/ws_moveit2/install/rosparam_shortcuts/lib/librosparam_shortcuts.so
[0.171s] -- Up-to-date: /home/vinayak/ws_moveit2/install/rosparam_shortcuts/lib/rosparam_shortcuts/example
[0.171s] -- Up-to-date: /home/vinayak/ws_moveit2/install/rosparam_shortcuts/lib/rosparam_shortcuts/node_parameters_example
[0.171s] -- Up-to-date: /home/vinayak/ws_moveit2/install/rosparam_shortcuts/include
[0.171s] -- Up-to-date: /home/vinayak/ws_moveit2/install/rosparam_shortcuts/include/rosparam_shortcuts
[0.172s] -- Up-to-date: /home/vinayak/ws_moveit2/install/rosparam_shortcuts/include/rosparam_shortcuts/rosparam_shortcuts.h
[0.172s] -- Up-to-date: /home/vinayak/ws_moveit2/install/rosparam_shortcuts/include/rosparam_shortcuts/node_parameters.h
[0.172s] -- Up-to-date: /home/vinayak/ws_moveit2/install/rosparam_shortcuts/share/rosparam_shortcuts/launch
[0.172s] -- Up-to-date: /home/vinayak/ws_moveit2/install/rosparam_shortcuts/share/rosparam_shortcuts/launch/example.launch.py
[0.172s] -- Up-to-date: /home/vinayak/ws_moveit2/install/rosparam_shortcuts/share/rosparam_shortcuts/config
[0.172s] -- Up-to-date: /home/vinayak/ws_moveit2/install/rosparam_shortcuts/share/rosparam_shortcuts/config/example.yaml
[0.172s] -- Up-to-date: /home/vinayak/ws_moveit2/install/rosparam_shortcuts/share/rosparam_shortcuts/environment/library_path.sh
[0.172s] -- Up-to-date: /home/vinayak/ws_moveit2/install/rosparam_shortcuts/share/rosparam_shortcuts/environment/library_path.dsv
[0.172s] -- Up-to-date: /home/vinayak/ws_moveit2/install/rosparam_shortcuts/share/ament_index/resource_index/package_run_dependencies/rosparam_shortcuts
[0.172s] -- Up-to-date: /home/vinayak/ws_moveit2/install/rosparam_shortcuts/share/ament_index/resource_index/parent_prefix_path/rosparam_shortcuts
[0.173s] -- Up-to-date: /home/vinayak/ws_moveit2/install/rosparam_shortcuts/share/rosparam_shortcuts/environment/ament_prefix_path.sh
[0.173s] -- Up-to-date: /home/vinayak/ws_moveit2/install/rosparam_shortcuts/share/rosparam_shortcuts/environment/ament_prefix_path.dsv
[0.173s] -- Up-to-date: /home/vinayak/ws_moveit2/install/rosparam_shortcuts/share/rosparam_shortcuts/environment/path.sh
[0.173s] -- Up-to-date: /home/vinayak/ws_moveit2/install/rosparam_shortcuts/share/rosparam_shortcuts/environment/path.dsv
[0.173s] -- Up-to-date: /home/vinayak/ws_moveit2/install/rosparam_shortcuts/share/rosparam_shortcuts/local_setup.bash
[0.173s] -- Up-to-date: /home/vinayak/ws_moveit2/install/rosparam_shortcuts/share/rosparam_shortcuts/local_setup.sh
[0.173s] -- Up-to-date: /home/vinayak/ws_moveit2/install/rosparam_shortcuts/share/rosparam_shortcuts/local_setup.zsh
[0.173s] -- Up-to-date: /home/vinayak/ws_moveit2/install/rosparam_shortcuts/share/rosparam_shortcuts/local_setup.dsv
[0.173s] -- Installing: /home/vinayak/ws_moveit2/install/rosparam_shortcuts/share/rosparam_shortcuts/package.dsv
[0.173s] -- Up-to-date: /home/vinayak/ws_moveit2/install/rosparam_shortcuts/share/ament_index/resource_index/packages/rosparam_shortcuts
[0.173s] -- Up-to-date: /home/vinayak/ws_moveit2/install/rosparam_shortcuts/share/rosparam_shortcuts/cmake/export_rosparam_shortcutsExport.cmake
[0.174s] -- Up-to-date: /home/vinayak/ws_moveit2/install/rosparam_shortcuts/share/rosparam_shortcuts/cmake/export_rosparam_shortcutsExport-noconfig.cmake
[0.174s] -- Up-to-date: /home/vinayak/ws_moveit2/install/rosparam_shortcuts/share/rosparam_shortcuts/cmake/ament_cmake_export_targets-extras.cmake
[0.174s] -- Up-to-date: /home/vinayak/ws_moveit2/install/rosparam_shortcuts/share/rosparam_shortcuts/cmake/ament_cmake_export_dependencies-extras.cmake
[0.174s] -- Up-to-date: /home/vinayak/ws_moveit2/install/rosparam_shortcuts/share/rosparam_shortcuts/cmake/rosparam_shortcutsConfig.cmake
[0.174s] -- Up-to-date: /home/vinayak/ws_moveit2/install/rosparam_shortcuts/share/rosparam_shortcuts/cmake/rosparam_shortcutsConfig-version.cmake
[0.174s] -- Up-to-date: /home/vinayak/ws_moveit2/install/rosparam_shortcuts/share/rosparam_shortcuts/package.xml
[0.175s] Invoked command in '/home/vinayak/ws_moveit2/build/rosparam_shortcuts' returned '0': CMAKE_PREFIX_PATH=${CMAKE_PREFIX_PATH}:/home/vinayak/ws_moveit2/install/ur3e_motion_package:/home/vinayak/ws_moveit2/install/moveit_configs_utils:/home/vinayak/ws_moveit2/install/launch_param_builder:/opt/ros/humble /usr/bin/cmake --install /home/vinayak/ws_moveit2/build/rosparam_shortcuts
