[0.060s] Invoking command in '/home/vinayak/ws_moveit2/build/moveit_task_constructor_core': AMENT_PREFIX_PATH=/home/vinayak/ws_moveit2/install/moveit_planners:/home/vinayak/ws_moveit2/install/pilz_industrial_motion_planner:/home/vinayak/ws_moveit2/install/moveit_resources_prbt_pg70_support:/home/vinayak/ws_moveit2/install/moveit_ros_planning_interface:/home/vinayak/ws_moveit2/install/moveit_resources_prbt_moveit_config:/home/vinayak/ws_moveit2/install/moveit_ros_move_group:/home/vinayak/ws_moveit2/install/moveit_ros_warehouse:/home/vinayak/ws_moveit2/install/moveit_planners_ompl:/home/vinayak/ws_moveit2/install/moveit_configs_utils:/home/vinayak/ws_moveit2/install/launch_param_builder:/home/vinayak/ws_moveit2/install/ur_calibration:/home/vinayak/ws_moveit2/install/ur_robot_driver:/home/vinayak/ws_moveit2/install/ur_bringup:/home/vinayak/ws_moveit2/install/ur_controllers:/home/vinayak/ws_moveit2/install/ur_dashboard_msgs:/home/vinayak/ws_moveit2/install/ur3e_motion_package:/home/vinayak/ws_moveit2/install/ur3e:/home/vinayak/ws_moveit2/install/pilz_industrial_motion_planner_testutils:/home/vinayak/ws_moveit2/install/moveit_ros_control_interface:/home/vinayak/ws_moveit2/install/moveit_plugins:/home/vinayak/ws_moveit2/install/moveit_simple_controller_manager:/home/vinayak/ws_moveit2/install/moveit_ros_planning:/home/vinayak/ws_moveit2/install/moveit_ros_occupancy_map_monitor:/home/vinayak/ws_moveit2/install/moveit_resources_prbt_ikfast_manipulator_plugin:/home/vinayak/ws_moveit2/install/moveit_planners_chomp:/home/vinayak/ws_moveit2/install/moveit_kinematics:/home/vinayak/ws_moveit2/install/moveit_chomp_optimizer_adapter:/home/vinayak/ws_moveit2/install/chomp_motion_planner:/home/vinayak/ws_moveit2/install/moveit_core:/home/vinayak/ws_moveit2/install/srdfdom:/home/vinayak/ws_moveit2/install/rviz_marker_tools:/home/vinayak/ws_moveit2/install/rosparam_shortcuts:/home/vinayak/ws_moveit2/install/moveit_task_constructor_msgs:/home/vinayak/ws_moveit2/install/moveit_resources_prbt_support:/home/vinayak/ws_moveit2/install/moveit_resources:/home/vinayak/ws_moveit2/install/moveit_resources_pr2_description:/home/vinayak/ws_moveit2/install/moveit_resources_panda_moveit_config:/home/vinayak/ws_moveit2/install/moveit_resources_panda_description:/home/vinayak/ws_moveit2/install/moveit_resources_fanuc_moveit_config:/home/vinayak/ws_moveit2/install/moveit_resources_fanuc_description:/home/vinayak/ws_moveit2/install/moveit_common:/opt/ros/humble CMAKE_PREFIX_PATH=/home/vinayak/ws_moveit2/install/moveit_planners:/home/vinayak/ws_moveit2/install/pilz_industrial_motion_planner:/home/vinayak/ws_moveit2/install/moveit_resources_prbt_pg70_support:/home/vinayak/ws_moveit2/install/moveit_ros_planning_interface:/home/vinayak/ws_moveit2/install/moveit_resources_prbt_moveit_config:/home/vinayak/ws_moveit2/install/moveit_ros_move_group:/home/vinayak/ws_moveit2/install/moveit_ros_warehouse:/home/vinayak/ws_moveit2/install/moveit_planners_ompl:/home/vinayak/ws_moveit2/install/moveit_kinematics:/home/vinayak/ws_moveit2/install/moveit_ros_planning:/home/vinayak/ws_moveit2/install/pilz_industrial_motion_planner_testutils:/home/vinayak/ws_moveit2/install/moveit_simple_controller_manager:/home/vinayak/ws_moveit2/install/moveit_ros_occupancy_map_monitor:/home/vinayak/ws_moveit2/install/moveit_resources_prbt_ikfast_manipulator_plugin:/home/vinayak/ws_moveit2/install/moveit_core:/home/vinayak/ws_moveit2/install/rviz_marker_tools:/home/vinayak/ws_moveit2/install/moveit_resources_panda_moveit_config:/home/vinayak/ws_moveit2/install/moveit_resources_fanuc_moveit_config:/home/vinayak/ws_moveit2/install/srdfdom:/home/vinayak/ws_moveit2/install/moveit_task_constructor_msgs:/home/vinayak/ws_moveit2/install/moveit_resources_prbt_support:/home/vinayak/ws_moveit2/install/moveit_resources_pr2_description:/home/vinayak/ws_moveit2/install/moveit_resources_panda_description:/home/vinayak/ws_moveit2/install/moveit_resources_fanuc_description:/home/vinayak/ws_moveit2/install/moveit_common:/home/vinayak/ws_moveit2/install/ur_calibration:/home/vinayak/ws_moveit2/install/ur_robot_driver:/home/vinayak/ws_moveit2/install/ur_bringup:/home/vinayak/ws_moveit2/install/ur_controllers:/home/vinayak/ws_moveit2/install/ur_dashboard_msgs:/home/vinayak/ws_moveit2/install/ur3e:/home/vinayak/ws_moveit2/install/moveit_ros_control_interface:/home/vinayak/ws_moveit2/install/moveit_plugins:/home/vinayak/ws_moveit2/install/moveit_planners_chomp:/home/vinayak/ws_moveit2/install/moveit_chomp_optimizer_adapter:/home/vinayak/ws_moveit2/install/chomp_motion_planner:/home/vinayak/ws_moveit2/install/rosparam_shortcuts:/home/vinayak/ws_moveit2/install/moveit_resources:/home/vinayak/ws_moveit2/install/ur3e_motion_package:/home/vinayak/ws_moveit2/install/moveit_configs_utils:/home/vinayak/ws_moveit2/install/launch_param_builder:/opt/ros/humble LD_LIBRARY_PATH=/home/vinayak/ws_moveit2/install/pilz_industrial_motion_planner/lib:/home/vinayak/ws_moveit2/install/moveit_ros_planning_interface/lib:/home/vinayak/ws_moveit2/install/moveit_ros_move_group/lib:/home/vinayak/ws_moveit2/install/moveit_ros_warehouse/lib:/home/vinayak/ws_moveit2/install/moveit_planners_ompl/lib:/home/vinayak/ws_moveit2/install/moveit_kinematics/lib:/home/vinayak/ws_moveit2/install/moveit_ros_planning/lib:/home/vinayak/ws_moveit2/install/pilz_industrial_motion_planner_testutils/lib:/home/vinayak/ws_moveit2/install/moveit_simple_controller_manager/lib:/home/vinayak/ws_moveit2/install/moveit_ros_occupancy_map_monitor/lib:/home/vinayak/ws_moveit2/install/moveit_resources_prbt_ikfast_manipulator_plugin/lib:/home/vinayak/ws_moveit2/install/moveit_core/lib:/home/vinayak/ws_moveit2/install/rviz_marker_tools/lib:/home/vinayak/ws_moveit2/install/srdfdom/lib:/home/vinayak/ws_moveit2/install/moveit_task_constructor_msgs/lib:/home/vinayak/ws_moveit2/install/ur_robot_driver/lib:/home/vinayak/ws_moveit2/install/ur_controllers/lib:/home/vinayak/ws_moveit2/install/ur_dashboard_msgs/lib:/home/vinayak/ws_moveit2/install/moveit_ros_control_interface/lib:/home/vinayak/ws_moveit2/install/moveit_planners_chomp/lib:/home/vinayak/ws_moveit2/install/moveit_chomp_optimizer_adapter/lib:/home/vinayak/ws_moveit2/install/chomp_motion_planner/lib:/home/vinayak/ws_moveit2/install/rosparam_shortcuts/lib:/usr/lib/x86_64-linux-gnu/gazebo-11/plugins:/opt/ros/humble/opt/rviz_ogre_vendor/lib:/opt/ros/humble/lib/x86_64-linux-gnu:/opt/ros/humble/lib:/usr/local/cuda-12.4/lib64 PATH=/home/vinayak/ws_moveit2/install/moveit_core/bin:/home/vinayak/ws_moveit2/install/ur_robot_driver/bin:/opt/ros/humble/bin:/usr/local/cuda-12.4/bin:/home/vinayak/.local/bin:/usr/local/sbin:/usr/local/bin:/usr/sbin:/usr/bin:/sbin:/bin:/usr/games:/usr/local/games:/snap/bin:/snap/bin PYTHONPATH=/home/vinayak/ws_moveit2/install/moveit_configs_utils/lib/python3.10/site-packages:/home/vinayak/ws_moveit2/install/launch_param_builder/lib/python3.10/site-packages:/home/vinayak/ws_moveit2/install/ur_robot_driver/local/lib/python3.10/dist-packages:/home/vinayak/ws_moveit2/install/ur_dashboard_msgs/local/lib/python3.10/dist-packages:/home/vinayak/ws_moveit2/install/ur3e_motion_package/lib/python3.10/site-packages:/home/vinayak/ws_moveit2/install/srdfdom/local/lib/python3.10/dist-packages:/home/vinayak/ws_moveit2/install/moveit_task_constructor_msgs/local/lib/python3.10/dist-packages:/opt/ros/humble/lib/python3.10/site-packages:/opt/ros/humble/local/lib/python3.10/dist-packages /usr/bin/cmake /home/vinayak/ws_moveit2/src/moveit_task_constructor/core -DCMAKE_INSTALL_PREFIX=/home/vinayak/ws_moveit2/install/moveit_task_constructor_core
[0.116s] -- The C compiler identification is GNU 11.4.0
[0.170s] -- The CXX compiler identification is GNU 11.4.0
[0.177s] -- Detecting C compiler ABI info
[0.249s] -- Detecting C compiler ABI info - done
[0.256s] -- Check for working C compiler: /usr/bin/cc - skipped
[0.256s] -- Detecting C compile features
[0.256s] -- Detecting C compile features - done
[0.259s] -- Detecting CXX compiler ABI info
[0.341s] -- Detecting CXX compiler ABI info - done
[0.348s] -- Check for working CXX compiler: /usr/bin/c++ - skipped
[0.348s] -- Detecting CXX compile features
[0.349s] -- Detecting CXX compile features - done
[0.355s] -- Found ament_cmake: 1.3.11 (/opt/ros/humble/share/ament_cmake/cmake)
[0.519s] -- Found Python3: /usr/bin/python3 (found version "3.10.12") found components: Interpreter 
[0.677s] -- Found Boost: /usr/lib/x86_64-linux-gnu/cmake/Boost-1.74.0/BoostConfig.cmake (found version "1.74.0")  
[0.689s] -- Found geometry_msgs: 4.2.4 (/opt/ros/humble/share/geometry_msgs/cmake)
[0.767s] -- Found rosidl_generator_c: 3.1.6 (/opt/ros/humble/share/rosidl_generator_c/cmake)
[0.780s] -- Found rosidl_adapter: 3.1.6 (/opt/ros/humble/share/rosidl_adapter/cmake)
[0.797s] -- Found rosidl_generator_cpp: 3.1.6 (/opt/ros/humble/share/rosidl_generator_cpp/cmake)
[0.818s] -- Using all available rosidl_typesupport_c: rosidl_typesupport_fastrtps_c;rosidl_typesupport_introspection_c
[0.847s] -- Using all available rosidl_typesupport_cpp: rosidl_typesupport_fastrtps_cpp;rosidl_typesupport_introspection_cpp
[0.898s] -- Found moveit_common: 2.5.6 (/home/vinayak/ws_moveit2/install/moveit_common/share/moveit_common/cmake)
[0.966s] [0mmoveit_task_constructor_core: You did not request a specific build type: Choosing 'Release' for maximum performance[0m
[0.968s] -- Found moveit_core: 2.5.6 (/home/vinayak/ws_moveit2/install/moveit_core/share/moveit_core/cmake)
[1.239s] -- Found Boost: /usr/lib/x86_64-linux-gnu/cmake/Boost-1.74.0/BoostConfig.cmake (found version "1.74.0") found components: chrono date_time filesystem iostreams program_options regex serialization system thread 
[1.326s] -- Found parameter_traits: 0.4.0 (/opt/ros/humble/share/parameter_traits/cmake)
[1.409s] -- Found rmw_implementation_cmake: 6.1.2 (/opt/ros/humble/share/rmw_implementation_cmake/cmake)
[1.417s] -- Found rmw_fastrtps_cpp: 6.2.7 (/opt/ros/humble/share/rmw_fastrtps_cpp/cmake)
[1.538s] -- Found OpenSSL: /usr/lib/x86_64-linux-gnu/libcrypto.so (found version "3.0.2")  
[1.569s] -- Found FastRTPS: /opt/ros/humble/include  
[1.620s] -- Using RMW implementation 'rmw_fastrtps_cpp' as default
[1.641s] -- Found Threads: TRUE  
[1.705s] -- Found Eigen3: TRUE (found version "3.4.0") 
[1.711s] -- Found rclcpp_lifecycle: 16.0.11 (/opt/ros/humble/share/rclcpp_lifecycle/cmake)
[1.746s] -- Found Boost: /usr/lib/x86_64-linux-gnu/cmake/Boost-1.74.0/BoostConfig.cmake (found version "1.74.0") found components: filesystem 
[1.870s] -- library: /usr/lib/x86_64-linux-gnu/libcurl.so
[1.960s] -- Ensuring Eigen3 include directory is part of orocos-kdl CMake target
[2.314s] -- Found moveit_ros_planning: 2.5.6 (/home/vinayak/ws_moveit2/install/moveit_ros_planning/share/moveit_ros_planning/cmake)
[2.319s] -- Found Boost: /usr/lib/x86_64-linux-gnu/cmake/Boost-1.74.0/BoostConfig.cmake (found version "1.74.0") found components: system filesystem date_time program_options thread chrono 
[2.344s] -- Found moveit_ros_planning_interface: 2.5.6 (/home/vinayak/ws_moveit2/install/moveit_ros_planning_interface/share/moveit_ros_planning_interface/cmake)
[2.348s] -- Found Boost: /usr/lib/x86_64-linux-gnu/cmake/Boost-1.74.0/BoostConfig.cmake (found version "1.74.0") found components: date_time filesystem program_options system thread 
[2.363s] -- Found Boost: /usr/lib/x86_64-linux-gnu/cmake/Boost-1.74.0/BoostConfig.cmake (found version "1.74.0") found components: thread system filesystem regex date_time program_options 
[2.390s] -- Found Boost: /usr/lib/x86_64-linux-gnu/cmake/Boost-1.74.0/BoostConfig.cmake (found version "1.74.0") found components: system filesystem date_time program_options thread 
[2.430s] -- Found moveit_task_constructor_msgs: 0.1.3 (/home/vinayak/ws_moveit2/install/moveit_task_constructor_msgs/share/moveit_task_constructor_msgs/cmake)
[2.465s] -- Found py_binding_tools: 2.0.1 (/opt/ros/humble/share/py_binding_tools/cmake)
[2.469s] -- Found rviz_marker_tools: 0.1.3 (/home/vinayak/ws_moveit2/install/rviz_marker_tools/share/rviz_marker_tools/cmake)
[2.705s] -- Found Python3: /usr/bin/python3 (found version "3.10.12") found components: Interpreter Development Development.Module Development.Embed 
[2.716s] -- pybind11 v2.13.0 dev1
[2.739s] -- Found PythonInterp: /usr/bin/python3 (found suitable version "3.10.12", minimum required is "3.6") 
[2.763s] -- Found PythonLibs: /usr/lib/x86_64-linux-gnu/libpython3.10.so
[2.765s] -- Performing Test HAS_FLTO
[2.993s] -- Performing Test HAS_FLTO - Success
[3.004s] -- Found ament_cmake_pytest: 1.3.11 (/opt/ros/humble/share/ament_cmake_pytest/cmake)
[3.010s] -- Found launch_testing_ament_cmake: 1.0.7 (/opt/ros/humble/share/launch_testing_ament_cmake/cmake)
[3.016s] -- Found python_cmake_module: 0.10.0 (/opt/ros/humble/share/python_cmake_module/cmake)
[3.159s] -- Found PythonLibs: /usr/lib/x86_64-linux-gnu/libpython3.10.so (found suitable version "3.10.12", minimum required is "3.5") 
[3.160s] -- Using PYTHON_EXECUTABLE: /usr/bin/python3
[3.160s] -- Using PYTHON_INCLUDE_DIRS: /usr/include/python3.10
[3.160s] -- Using PYTHON_LIBRARIES: /usr/lib/x86_64-linux-gnu/libpython3.10.so
[3.181s] -- Found PythonExtra: .so  
[5.534s] -- Found ament_cmake_gtest: 1.3.11 (/opt/ros/humble/share/ament_cmake_gtest/cmake)
[5.540s] -- Found ament_cmake_gmock: 1.3.11 (/opt/ros/humble/share/ament_cmake_gmock/cmake)
[5.540s] -- Found launch_testing_ament_cmake: 1.0.7 (/opt/ros/humble/share/launch_testing_ament_cmake/cmake)
[5.541s] -- Found python_cmake_module: 0.10.0 (/opt/ros/humble/share/python_cmake_module/cmake)
[5.564s] -- Using PYTHON_EXECUTABLE: /usr/bin/python3
[5.564s] -- Using PYTHON_INCLUDE_DIRS: /usr/include/python3.10
[5.564s] -- Using PYTHON_LIBRARIES: /usr/lib/x86_64-linux-gnu/libpython3.10.so
[5.571s] -- Found gmock sources under '/opt/ros/humble/src/gmock_vendor': C++ tests using 'Google Mock' will be built
[5.580s] -- Found gtest sources under '/opt/ros/humble/src/gtest_vendor': C++ tests using 'Google Test' will be built
[5.603s] -- Configuring done
[6.024s] -- Generating done
[6.114s] -- Build files have been written to: /home/vinayak/ws_moveit2/build/moveit_task_constructor_core
[6.136s] Invoked command in '/home/vinayak/ws_moveit2/build/moveit_task_constructor_core' returned '0': AMENT_PREFIX_PATH=/home/vinayak/ws_moveit2/install/moveit_planners:/home/vinayak/ws_moveit2/install/pilz_industrial_motion_planner:/home/vinayak/ws_moveit2/install/moveit_resources_prbt_pg70_support:/home/vinayak/ws_moveit2/install/moveit_ros_planning_interface:/home/vinayak/ws_moveit2/install/moveit_resources_prbt_moveit_config:/home/vinayak/ws_moveit2/install/moveit_ros_move_group:/home/vinayak/ws_moveit2/install/moveit_ros_warehouse:/home/vinayak/ws_moveit2/install/moveit_planners_ompl:/home/vinayak/ws_moveit2/install/moveit_configs_utils:/home/vinayak/ws_moveit2/install/launch_param_builder:/home/vinayak/ws_moveit2/install/ur_calibration:/home/vinayak/ws_moveit2/install/ur_robot_driver:/home/vinayak/ws_moveit2/install/ur_bringup:/home/vinayak/ws_moveit2/install/ur_controllers:/home/vinayak/ws_moveit2/install/ur_dashboard_msgs:/home/vinayak/ws_moveit2/install/ur3e_motion_package:/home/vinayak/ws_moveit2/install/ur3e:/home/vinayak/ws_moveit2/install/pilz_industrial_motion_planner_testutils:/home/vinayak/ws_moveit2/install/moveit_ros_control_interface:/home/vinayak/ws_moveit2/install/moveit_plugins:/home/vinayak/ws_moveit2/install/moveit_simple_controller_manager:/home/vinayak/ws_moveit2/install/moveit_ros_planning:/home/vinayak/ws_moveit2/install/moveit_ros_occupancy_map_monitor:/home/vinayak/ws_moveit2/install/moveit_resources_prbt_ikfast_manipulator_plugin:/home/vinayak/ws_moveit2/install/moveit_planners_chomp:/home/vinayak/ws_moveit2/install/moveit_kinematics:/home/vinayak/ws_moveit2/install/moveit_chomp_optimizer_adapter:/home/vinayak/ws_moveit2/install/chomp_motion_planner:/home/vinayak/ws_moveit2/install/moveit_core:/home/vinayak/ws_moveit2/install/srdfdom:/home/vinayak/ws_moveit2/install/rviz_marker_tools:/home/vinayak/ws_moveit2/install/rosparam_shortcuts:/home/vinayak/ws_moveit2/install/moveit_task_constructor_msgs:/home/vinayak/ws_moveit2/install/moveit_resources_prbt_support:/home/vinayak/ws_moveit2/install/moveit_resources:/home/vinayak/ws_moveit2/install/moveit_resources_pr2_description:/home/vinayak/ws_moveit2/install/moveit_resources_panda_moveit_config:/home/vinayak/ws_moveit2/install/moveit_resources_panda_description:/home/vinayak/ws_moveit2/install/moveit_resources_fanuc_moveit_config:/home/vinayak/ws_moveit2/install/moveit_resources_fanuc_description:/home/vinayak/ws_moveit2/install/moveit_common:/opt/ros/humble CMAKE_PREFIX_PATH=/home/vinayak/ws_moveit2/install/moveit_planners:/home/vinayak/ws_moveit2/install/pilz_industrial_motion_planner:/home/vinayak/ws_moveit2/install/moveit_resources_prbt_pg70_support:/home/vinayak/ws_moveit2/install/moveit_ros_planning_interface:/home/vinayak/ws_moveit2/install/moveit_resources_prbt_moveit_config:/home/vinayak/ws_moveit2/install/moveit_ros_move_group:/home/vinayak/ws_moveit2/install/moveit_ros_warehouse:/home/vinayak/ws_moveit2/install/moveit_planners_ompl:/home/vinayak/ws_moveit2/install/moveit_kinematics:/home/vinayak/ws_moveit2/install/moveit_ros_planning:/home/vinayak/ws_moveit2/install/pilz_industrial_motion_planner_testutils:/home/vinayak/ws_moveit2/install/moveit_simple_controller_manager:/home/vinayak/ws_moveit2/install/moveit_ros_occupancy_map_monitor:/home/vinayak/ws_moveit2/install/moveit_resources_prbt_ikfast_manipulator_plugin:/home/vinayak/ws_moveit2/install/moveit_core:/home/vinayak/ws_moveit2/install/rviz_marker_tools:/home/vinayak/ws_moveit2/install/moveit_resources_panda_moveit_config:/home/vinayak/ws_moveit2/install/moveit_resources_fanuc_moveit_config:/home/vinayak/ws_moveit2/install/srdfdom:/home/vinayak/ws_moveit2/install/moveit_task_constructor_msgs:/home/vinayak/ws_moveit2/install/moveit_resources_prbt_support:/home/vinayak/ws_moveit2/install/moveit_resources_pr2_description:/home/vinayak/ws_moveit2/install/moveit_resources_panda_description:/home/vinayak/ws_moveit2/install/moveit_resources_fanuc_description:/home/vinayak/ws_moveit2/install/moveit_common:/home/vinayak/ws_moveit2/install/ur_calibration:/home/vinayak/ws_moveit2/install/ur_robot_driver:/home/vinayak/ws_moveit2/install/ur_bringup:/home/vinayak/ws_moveit2/install/ur_controllers:/home/vinayak/ws_moveit2/install/ur_dashboard_msgs:/home/vinayak/ws_moveit2/install/ur3e:/home/vinayak/ws_moveit2/install/moveit_ros_control_interface:/home/vinayak/ws_moveit2/install/moveit_plugins:/home/vinayak/ws_moveit2/install/moveit_planners_chomp:/home/vinayak/ws_moveit2/install/moveit_chomp_optimizer_adapter:/home/vinayak/ws_moveit2/install/chomp_motion_planner:/home/vinayak/ws_moveit2/install/rosparam_shortcuts:/home/vinayak/ws_moveit2/install/moveit_resources:/home/vinayak/ws_moveit2/install/ur3e_motion_package:/home/vinayak/ws_moveit2/install/moveit_configs_utils:/home/vinayak/ws_moveit2/install/launch_param_builder:/opt/ros/humble LD_LIBRARY_PATH=/home/vinayak/ws_moveit2/install/pilz_industrial_motion_planner/lib:/home/vinayak/ws_moveit2/install/moveit_ros_planning_interface/lib:/home/vinayak/ws_moveit2/install/moveit_ros_move_group/lib:/home/vinayak/ws_moveit2/install/moveit_ros_warehouse/lib:/home/vinayak/ws_moveit2/install/moveit_planners_ompl/lib:/home/vinayak/ws_moveit2/install/moveit_kinematics/lib:/home/vinayak/ws_moveit2/install/moveit_ros_planning/lib:/home/vinayak/ws_moveit2/install/pilz_industrial_motion_planner_testutils/lib:/home/vinayak/ws_moveit2/install/moveit_simple_controller_manager/lib:/home/vinayak/ws_moveit2/install/moveit_ros_occupancy_map_monitor/lib:/home/vinayak/ws_moveit2/install/moveit_resources_prbt_ikfast_manipulator_plugin/lib:/home/vinayak/ws_moveit2/install/moveit_core/lib:/home/vinayak/ws_moveit2/install/rviz_marker_tools/lib:/home/vinayak/ws_moveit2/install/srdfdom/lib:/home/vinayak/ws_moveit2/install/moveit_task_constructor_msgs/lib:/home/vinayak/ws_moveit2/install/ur_robot_driver/lib:/home/vinayak/ws_moveit2/install/ur_controllers/lib:/home/vinayak/ws_moveit2/install/ur_dashboard_msgs/lib:/home/vinayak/ws_moveit2/install/moveit_ros_control_interface/lib:/home/vinayak/ws_moveit2/install/moveit_planners_chomp/lib:/home/vinayak/ws_moveit2/install/moveit_chomp_optimizer_adapter/lib:/home/vinayak/ws_moveit2/install/chomp_motion_planner/lib:/home/vinayak/ws_moveit2/install/rosparam_shortcuts/lib:/usr/lib/x86_64-linux-gnu/gazebo-11/plugins:/opt/ros/humble/opt/rviz_ogre_vendor/lib:/opt/ros/humble/lib/x86_64-linux-gnu:/opt/ros/humble/lib:/usr/local/cuda-12.4/lib64 PATH=/home/vinayak/ws_moveit2/install/moveit_core/bin:/home/vinayak/ws_moveit2/install/ur_robot_driver/bin:/opt/ros/humble/bin:/usr/local/cuda-12.4/bin:/home/vinayak/.local/bin:/usr/local/sbin:/usr/local/bin:/usr/sbin:/usr/bin:/sbin:/bin:/usr/games:/usr/local/games:/snap/bin:/snap/bin PYTHONPATH=/home/vinayak/ws_moveit2/install/moveit_configs_utils/lib/python3.10/site-packages:/home/vinayak/ws_moveit2/install/launch_param_builder/lib/python3.10/site-packages:/home/vinayak/ws_moveit2/install/ur_robot_driver/local/lib/python3.10/dist-packages:/home/vinayak/ws_moveit2/install/ur_dashboard_msgs/local/lib/python3.10/dist-packages:/home/vinayak/ws_moveit2/install/ur3e_motion_package/lib/python3.10/site-packages:/home/vinayak/ws_moveit2/install/srdfdom/local/lib/python3.10/dist-packages:/home/vinayak/ws_moveit2/install/moveit_task_constructor_msgs/local/lib/python3.10/dist-packages:/opt/ros/humble/lib/python3.10/site-packages:/opt/ros/humble/local/lib/python3.10/dist-packages /usr/bin/cmake /home/vinayak/ws_moveit2/src/moveit_task_constructor/core -DCMAKE_INSTALL_PREFIX=/home/vinayak/ws_moveit2/install/moveit_task_constructor_core
[6.137s] Invoking command in '/home/vinayak/ws_moveit2/build/moveit_task_constructor_core': AMENT_PREFIX_PATH=/home/vinayak/ws_moveit2/install/moveit_planners:/home/vinayak/ws_moveit2/install/pilz_industrial_motion_planner:/home/vinayak/ws_moveit2/install/moveit_resources_prbt_pg70_support:/home/vinayak/ws_moveit2/install/moveit_ros_planning_interface:/home/vinayak/ws_moveit2/install/moveit_resources_prbt_moveit_config:/home/vinayak/ws_moveit2/install/moveit_ros_move_group:/home/vinayak/ws_moveit2/install/moveit_ros_warehouse:/home/vinayak/ws_moveit2/install/moveit_planners_ompl:/home/vinayak/ws_moveit2/install/moveit_configs_utils:/home/vinayak/ws_moveit2/install/launch_param_builder:/home/vinayak/ws_moveit2/install/ur_calibration:/home/vinayak/ws_moveit2/install/ur_robot_driver:/home/vinayak/ws_moveit2/install/ur_bringup:/home/vinayak/ws_moveit2/install/ur_controllers:/home/vinayak/ws_moveit2/install/ur_dashboard_msgs:/home/vinayak/ws_moveit2/install/ur3e_motion_package:/home/vinayak/ws_moveit2/install/ur3e:/home/vinayak/ws_moveit2/install/pilz_industrial_motion_planner_testutils:/home/vinayak/ws_moveit2/install/moveit_ros_control_interface:/home/vinayak/ws_moveit2/install/moveit_plugins:/home/vinayak/ws_moveit2/install/moveit_simple_controller_manager:/home/vinayak/ws_moveit2/install/moveit_ros_planning:/home/vinayak/ws_moveit2/install/moveit_ros_occupancy_map_monitor:/home/vinayak/ws_moveit2/install/moveit_resources_prbt_ikfast_manipulator_plugin:/home/vinayak/ws_moveit2/install/moveit_planners_chomp:/home/vinayak/ws_moveit2/install/moveit_kinematics:/home/vinayak/ws_moveit2/install/moveit_chomp_optimizer_adapter:/home/vinayak/ws_moveit2/install/chomp_motion_planner:/home/vinayak/ws_moveit2/install/moveit_core:/home/vinayak/ws_moveit2/install/srdfdom:/home/vinayak/ws_moveit2/install/rviz_marker_tools:/home/vinayak/ws_moveit2/install/rosparam_shortcuts:/home/vinayak/ws_moveit2/install/moveit_task_constructor_msgs:/home/vinayak/ws_moveit2/install/moveit_resources_prbt_support:/home/vinayak/ws_moveit2/install/moveit_resources:/home/vinayak/ws_moveit2/install/moveit_resources_pr2_description:/home/vinayak/ws_moveit2/install/moveit_resources_panda_moveit_config:/home/vinayak/ws_moveit2/install/moveit_resources_panda_description:/home/vinayak/ws_moveit2/install/moveit_resources_fanuc_moveit_config:/home/vinayak/ws_moveit2/install/moveit_resources_fanuc_description:/home/vinayak/ws_moveit2/install/moveit_common:/opt/ros/humble CMAKE_PREFIX_PATH=/home/vinayak/ws_moveit2/install/moveit_planners:/home/vinayak/ws_moveit2/install/pilz_industrial_motion_planner:/home/vinayak/ws_moveit2/install/moveit_resources_prbt_pg70_support:/home/vinayak/ws_moveit2/install/moveit_ros_planning_interface:/home/vinayak/ws_moveit2/install/moveit_resources_prbt_moveit_config:/home/vinayak/ws_moveit2/install/moveit_ros_move_group:/home/vinayak/ws_moveit2/install/moveit_ros_warehouse:/home/vinayak/ws_moveit2/install/moveit_planners_ompl:/home/vinayak/ws_moveit2/install/moveit_kinematics:/home/vinayak/ws_moveit2/install/moveit_ros_planning:/home/vinayak/ws_moveit2/install/pilz_industrial_motion_planner_testutils:/home/vinayak/ws_moveit2/install/moveit_simple_controller_manager:/home/vinayak/ws_moveit2/install/moveit_ros_occupancy_map_monitor:/home/vinayak/ws_moveit2/install/moveit_resources_prbt_ikfast_manipulator_plugin:/home/vinayak/ws_moveit2/install/moveit_core:/home/vinayak/ws_moveit2/install/rviz_marker_tools:/home/vinayak/ws_moveit2/install/moveit_resources_panda_moveit_config:/home/vinayak/ws_moveit2/install/moveit_resources_fanuc_moveit_config:/home/vinayak/ws_moveit2/install/srdfdom:/home/vinayak/ws_moveit2/install/moveit_task_constructor_msgs:/home/vinayak/ws_moveit2/install/moveit_resources_prbt_support:/home/vinayak/ws_moveit2/install/moveit_resources_pr2_description:/home/vinayak/ws_moveit2/install/moveit_resources_panda_description:/home/vinayak/ws_moveit2/install/moveit_resources_fanuc_description:/home/vinayak/ws_moveit2/install/moveit_common:/home/vinayak/ws_moveit2/install/ur_calibration:/home/vinayak/ws_moveit2/install/ur_robot_driver:/home/vinayak/ws_moveit2/install/ur_bringup:/home/vinayak/ws_moveit2/install/ur_controllers:/home/vinayak/ws_moveit2/install/ur_dashboard_msgs:/home/vinayak/ws_moveit2/install/ur3e:/home/vinayak/ws_moveit2/install/moveit_ros_control_interface:/home/vinayak/ws_moveit2/install/moveit_plugins:/home/vinayak/ws_moveit2/install/moveit_planners_chomp:/home/vinayak/ws_moveit2/install/moveit_chomp_optimizer_adapter:/home/vinayak/ws_moveit2/install/chomp_motion_planner:/home/vinayak/ws_moveit2/install/rosparam_shortcuts:/home/vinayak/ws_moveit2/install/moveit_resources:/home/vinayak/ws_moveit2/install/ur3e_motion_package:/home/vinayak/ws_moveit2/install/moveit_configs_utils:/home/vinayak/ws_moveit2/install/launch_param_builder:/opt/ros/humble LD_LIBRARY_PATH=/home/vinayak/ws_moveit2/install/pilz_industrial_motion_planner/lib:/home/vinayak/ws_moveit2/install/moveit_ros_planning_interface/lib:/home/vinayak/ws_moveit2/install/moveit_ros_move_group/lib:/home/vinayak/ws_moveit2/install/moveit_ros_warehouse/lib:/home/vinayak/ws_moveit2/install/moveit_planners_ompl/lib:/home/vinayak/ws_moveit2/install/moveit_kinematics/lib:/home/vinayak/ws_moveit2/install/moveit_ros_planning/lib:/home/vinayak/ws_moveit2/install/pilz_industrial_motion_planner_testutils/lib:/home/vinayak/ws_moveit2/install/moveit_simple_controller_manager/lib:/home/vinayak/ws_moveit2/install/moveit_ros_occupancy_map_monitor/lib:/home/vinayak/ws_moveit2/install/moveit_resources_prbt_ikfast_manipulator_plugin/lib:/home/vinayak/ws_moveit2/install/moveit_core/lib:/home/vinayak/ws_moveit2/install/rviz_marker_tools/lib:/home/vinayak/ws_moveit2/install/srdfdom/lib:/home/vinayak/ws_moveit2/install/moveit_task_constructor_msgs/lib:/home/vinayak/ws_moveit2/install/ur_robot_driver/lib:/home/vinayak/ws_moveit2/install/ur_controllers/lib:/home/vinayak/ws_moveit2/install/ur_dashboard_msgs/lib:/home/vinayak/ws_moveit2/install/moveit_ros_control_interface/lib:/home/vinayak/ws_moveit2/install/moveit_planners_chomp/lib:/home/vinayak/ws_moveit2/install/moveit_chomp_optimizer_adapter/lib:/home/vinayak/ws_moveit2/install/chomp_motion_planner/lib:/home/vinayak/ws_moveit2/install/rosparam_shortcuts/lib:/usr/lib/x86_64-linux-gnu/gazebo-11/plugins:/opt/ros/humble/opt/rviz_ogre_vendor/lib:/opt/ros/humble/lib/x86_64-linux-gnu:/opt/ros/humble/lib:/usr/local/cuda-12.4/lib64 PATH=/home/vinayak/ws_moveit2/install/moveit_core/bin:/home/vinayak/ws_moveit2/install/ur_robot_driver/bin:/opt/ros/humble/bin:/usr/local/cuda-12.4/bin:/home/vinayak/.local/bin:/usr/local/sbin:/usr/local/bin:/usr/sbin:/usr/bin:/sbin:/bin:/usr/games:/usr/local/games:/snap/bin:/snap/bin PYTHONPATH=/home/vinayak/ws_moveit2/install/moveit_configs_utils/lib/python3.10/site-packages:/home/vinayak/ws_moveit2/install/launch_param_builder/lib/python3.10/site-packages:/home/vinayak/ws_moveit2/install/ur_robot_driver/local/lib/python3.10/dist-packages:/home/vinayak/ws_moveit2/install/ur_dashboard_msgs/local/lib/python3.10/dist-packages:/home/vinayak/ws_moveit2/install/ur3e_motion_package/lib/python3.10/site-packages:/home/vinayak/ws_moveit2/install/srdfdom/local/lib/python3.10/dist-packages:/home/vinayak/ws_moveit2/install/moveit_task_constructor_msgs/local/lib/python3.10/dist-packages:/opt/ros/humble/lib/python3.10/site-packages:/opt/ros/humble/local/lib/python3.10/dist-packages /usr/bin/cmake --build /home/vinayak/ws_moveit2/build/moveit_task_constructor_core
[6.214s] [  0%] Built target ament_cmake_python_copy_moveit
[6.238s] [  1%] [32mBuilding CXX object gmock/CMakeFiles/gmock.dir/opt/ros/humble/src/gtest_vendor/src/gtest-all.cc.o[0m
[13.442s] [  2%] [32mBuilding CXX object gmock/CMakeFiles/gmock.dir/src/gmock-all.cc.o[0m
[16.088s] [  3%] [32m[1mLinking CXX static library libgmock.a[0m
[16.163s] [  3%] Built target gmock
[16.187s] [  4%] [32mBuilding CXX object gmock/CMakeFiles/gmock_main.dir/src/gmock_main.cc.o[0m
[17.355s] [  5%] [32m[1mLinking CXX static library libgmock_main.a[0m
[17.422s] [  5%] Built target gmock_main
[17.447s] [  7%] [32mBuilding CXX object gtest/CMakeFiles/gtest.dir/src/gtest-all.cc.o[0m
[24.061s] [  8%] [32m[1mLinking CXX static library libgtest.a[0m
[24.132s] [  8%] Built target gtest
[24.443s] running egg_info
[24.444s] creating moveit.egg-info
[24.444s] writing moveit.egg-info/PKG-INFO
[24.444s] writing dependency_links to moveit.egg-info/dependency_links.txt
[24.444s] writing top-level names to moveit.egg-info/top_level.txt
[24.444s] writing manifest file 'moveit.egg-info/SOURCES.txt'
[24.446s] reading manifest file 'moveit.egg-info/SOURCES.txt'
[24.447s] writing manifest file 'moveit.egg-info/SOURCES.txt'
[24.473s] [  8%] Built target ament_cmake_python_build_moveit_egg
[24.497s] [  9%] [32mBuilding CXX object gtest/CMakeFiles/gtest_main.dir/src/gtest_main.cc.o[0m
[25.319s] [ 10%] [32m[1mLinking CXX static library libgtest_main.a[0m
[25.384s] [ 10%] Built target gtest_main
[25.410s] [ 11%] [32mBuilding CXX object src/CMakeFiles/moveit_task_constructor_core.dir/container.cpp.o[0m
[36.476s] [ 12%] [32mBuilding CXX object src/CMakeFiles/moveit_task_constructor_core.dir/marker_tools.cpp.o[0m
[42.468s] [ 14%] [32mBuilding CXX object src/CMakeFiles/moveit_task_constructor_core.dir/merge.cpp.o[0m
[49.396s] [ 15%] [32mBuilding CXX object src/CMakeFiles/moveit_task_constructor_core.dir/properties.cpp.o[0m
[51.795s] [ 16%] [32mBuilding CXX object src/CMakeFiles/moveit_task_constructor_core.dir/stage.cpp.o[0m
[62.068s] [ 17%] [32mBuilding CXX object src/CMakeFiles/moveit_task_constructor_core.dir/storage.cpp.o[0m
[70.299s] [ 18%] [32mBuilding CXX object src/CMakeFiles/moveit_task_constructor_core.dir/task.cpp.o[0m
[83.489s] [ 20%] [32mBuilding CXX object src/CMakeFiles/moveit_task_constructor_core.dir/utils.cpp.o[0m
[90.985s] [ 21%] [32mBuilding CXX object src/CMakeFiles/moveit_task_constructor_core.dir/solvers/planner_interface.cpp.o[0m
[96.898s] [ 22%] [32mBuilding CXX object src/CMakeFiles/moveit_task_constructor_core.dir/solvers/cartesian_path.cpp.o[0m
[105.366s] [ 23%] [32mBuilding CXX object src/CMakeFiles/moveit_task_constructor_core.dir/solvers/joint_interpolation.cpp.o[0m
[112.064s] [ 24%] [32mBuilding CXX object src/CMakeFiles/moveit_task_constructor_core.dir/solvers/pipeline_planner.cpp.o[0m
[126.744s] [ 25%] [32mBuilding CXX object src/CMakeFiles/moveit_task_constructor_core.dir/solvers/multi_planner.cpp.o[0m
[132.428s] [ 27%] [32mBuilding CXX object src/CMakeFiles/moveit_task_constructor_core.dir/introspection.cpp.o[0m
[145.255s] [ 28%] [32mBuilding CXX object src/CMakeFiles/moveit_task_constructor_core.dir/cost_terms.cpp.o[0m
[153.602s] [ 29%] [32m[1mLinking CXX shared library libmoveit_task_constructor_core.so[0m
[153.919s] [ 29%] Built target moveit_task_constructor_core
[153.946s] [ 30%] [32mBuilding CXX object src/stages/CMakeFiles/moveit_task_constructor_core_stages.dir/modify_planning_scene.cpp.o[0m
[161.760s] [ 31%] [32mBuilding CXX object src/stages/CMakeFiles/moveit_task_constructor_core_stages.dir/current_state.cpp.o[0m
[170.394s] [ 32%] [32mBuilding CXX object src/stages/CMakeFiles/moveit_task_constructor_core_stages.dir/fixed_state.cpp.o[0m
[177.704s] [ 34%] [32mBuilding CXX object src/stages/CMakeFiles/moveit_task_constructor_core_stages.dir/fixed_cartesian_poses.cpp.o[0m
[185.554s] [ 35%] [32mBuilding CXX object src/stages/CMakeFiles/moveit_task_constructor_core_stages.dir/generate_pose.cpp.o[0m
[192.863s] [ 36%] [32mBuilding CXX object src/stages/CMakeFiles/moveit_task_constructor_core_stages.dir/generate_random_pose.cpp.o[0m
[201.209s] [ 37%] [32mBuilding CXX object src/stages/CMakeFiles/moveit_task_constructor_core_stages.dir/generate_grasp_pose.cpp.o[0m
[209.871s] [ 38%] [32mBuilding CXX object src/stages/CMakeFiles/moveit_task_constructor_core_stages.dir/generate_place_pose.cpp.o[0m
[219.323s] [ 40%] [32mBuilding CXX object src/stages/CMakeFiles/moveit_task_constructor_core_stages.dir/compute_ik.cpp.o[0m
[228.934s] [ 41%] [32mBuilding CXX object src/stages/CMakeFiles/moveit_task_constructor_core_stages.dir/passthrough.cpp.o[0m
[230.898s] [ 42%] [32mBuilding CXX object src/stages/CMakeFiles/moveit_task_constructor_core_stages.dir/predicate_filter.cpp.o[0m
[237.405s] [ 43%] [32mBuilding CXX object src/stages/CMakeFiles/moveit_task_constructor_core_stages.dir/connect.cpp.o[0m
[245.880s] [ 44%] [32mBuilding CXX object src/stages/CMakeFiles/moveit_task_constructor_core_stages.dir/move_to.cpp.o[0m
[255.251s] [ 45%] [32mBuilding CXX object src/stages/CMakeFiles/moveit_task_constructor_core_stages.dir/move_relative.cpp.o[0m
[270.653s] [ 47%] [32mBuilding CXX object src/stages/CMakeFiles/moveit_task_constructor_core_stages.dir/simple_grasp.cpp.o[0m
[278.796s] [ 48%] [32mBuilding CXX object src/stages/CMakeFiles/moveit_task_constructor_core_stages.dir/pick.cpp.o[0m
[286.774s] [ 49%] [32mBuilding CXX object src/stages/CMakeFiles/moveit_task_constructor_core_stages.dir/fix_collision_objects.cpp.o[0m
[299.346s] [ 50%] [32m[1mLinking CXX shared library libmoveit_task_constructor_core_stages.so[0m
[299.644s] [ 50%] Built target moveit_task_constructor_core_stages
[299.670s] [ 51%] [32mBuilding CXX object test/CMakeFiles/gtest_utils.dir/gtest_value_printers.cpp.o[0m
[303.615s] [ 52%] [32mBuilding CXX object test/CMakeFiles/gtest_utils.dir/models.cpp.o[0m
[308.257s] [ 54%] [32mBuilding CXX object test/CMakeFiles/gtest_utils.dir/stage_mockups.cpp.o[0m
[317.004s] [ 55%] [32m[1mLinking CXX shared library libgtest_utils.so[0m
[317.214s] [ 55%] Built target gtest_utils
[317.239s] [ 56%] [32mBuilding CXX object test/CMakeFiles/pick_ur5.dir/pick_ur5.cpp.o[0m
[325.604s] [ 57%] [32m[1mLinking CXX executable pick_ur5[0m
[325.934s] [ 57%] Built target pick_ur5
[325.960s] [ 58%] [32mBuilding CXX object test/CMakeFiles/pick_pr2.dir/pick_pr2.cpp.o[0m
[334.466s] [ 60%] [32m[1mLinking CXX executable pick_pr2[0m
[334.795s] [ 60%] Built target pick_pr2
[334.820s] [ 61%] [32mBuilding CXX object test/CMakeFiles/pick_pa10.dir/pick_pa10.cpp.o[0m
[343.772s] [ 62%] [32m[1mLinking CXX executable pick_pa10[0m
[344.118s] [ 62%] Built target pick_pa10
[344.144s] [ 63%] [32mBuilding CXX object test/CMakeFiles/moveit_task_constructor_core-test-mockups.dir/test_mockups.cpp.o[0m
[354.545s] [ 64%] [32m[1mLinking CXX executable moveit_task_constructor_core-test-mockups[0m
[354.893s] [ 64%] Built target moveit_task_constructor_core-test-mockups
[354.918s] [ 65%] [32mBuilding CXX object test/CMakeFiles/moveit_task_constructor_core-test-stage.dir/test_stage.cpp.o[0m
[363.781s] [ 67%] [32m[1mLinking CXX executable moveit_task_constructor_core-test-stage[0m
[364.168s] [ 67%] Built target moveit_task_constructor_core-test-stage
[364.195s] [ 68%] [32mBuilding CXX object test/CMakeFiles/moveit_task_constructor_core-test-container.dir/test_container.cpp.o[0m
[374.776s] [ 69%] [32m[1mLinking CXX executable moveit_task_constructor_core-test-container[0m
[375.169s] [ 69%] Built target moveit_task_constructor_core-test-container
[375.196s] [ 70%] [32mBuilding CXX object test/CMakeFiles/moveit_task_constructor_core-test-serial.dir/test_serial.cpp.o[0m
[384.540s] [ 71%] [32m[1mLinking CXX executable moveit_task_constructor_core-test-serial[0m
[384.907s] [ 71%] Built target moveit_task_constructor_core-test-serial
[384.933s] [ 72%] [32mBuilding CXX object test/CMakeFiles/moveit_task_constructor_core-test-pruning.dir/test_pruning.cpp.o[0m
[393.641s] [ 74%] [32m[1mLinking CXX executable moveit_task_constructor_core-test-pruning[0m
[394.011s] [ 74%] Built target moveit_task_constructor_core-test-pruning
[394.037s] [ 75%] [32mBuilding CXX object test/CMakeFiles/moveit_task_constructor_core-test-properties.dir/test_properties.cpp.o[0m
[396.586s] [ 76%] [32m[1mLinking CXX executable moveit_task_constructor_core-test-properties[0m
[396.893s] [ 76%] Built target moveit_task_constructor_core-test-properties
[396.919s] [ 77%] [32mBuilding CXX object test/CMakeFiles/moveit_task_constructor_core-test-cost-terms.dir/test_cost_terms.cpp.o[0m
[407.649s] [ 78%] [32m[1mLinking CXX executable moveit_task_constructor_core-test-cost-terms[0m
[408.024s] [ 78%] Built target moveit_task_constructor_core-test-cost-terms
[408.049s] [ 80%] [32mBuilding CXX object test/CMakeFiles/moveit_task_constructor_core-test-fallback.dir/test_fallback.cpp.o[0m
[417.957s] [ 81%] [32m[1mLinking CXX executable moveit_task_constructor_core-test-fallback[0m
[418.357s] [ 81%] Built target moveit_task_constructor_core-test-fallback
[418.383s] [ 82%] [32mBuilding CXX object test/CMakeFiles/moveit_task_constructor_core-test-cost-queue.dir/test_cost_queue.cpp.o[0m
[422.577s] [ 83%] [32m[1mLinking CXX executable moveit_task_constructor_core-test-cost-queue[0m
[422.888s] [ 83%] Built target moveit_task_constructor_core-test-cost-queue
[422.914s] [ 84%] [32mBuilding CXX object test/CMakeFiles/moveit_task_constructor_core-test-interface-state.dir/test_interface_state.cpp.o[0m
[431.040s] [ 85%] [32m[1mLinking CXX executable moveit_task_constructor_core-test-interface-state[0m
[431.423s] [ 85%] Built target moveit_task_constructor_core-test-interface-state
[431.449s] [ 87%] [32mBuilding CXX object test/CMakeFiles/moveit_task_constructor_core-test-move-to.dir/test_move_to.cpp.o[0m
[441.216s] [ 88%] [32m[1mLinking CXX executable moveit_task_constructor_core-test-move-to[0m
[441.596s] [ 88%] Built target moveit_task_constructor_core-test-move-to
[441.622s] [ 89%] [32mBuilding CXX object test/CMakeFiles/moveit_task_constructor_core-test-move-relative.dir/test_move_relative.cpp.o[0m
[450.997s] [ 90%] [32m[1mLinking CXX executable moveit_task_constructor_core-test-move-relative[0m
[451.366s] [ 90%] Built target moveit_task_constructor_core-test-move-relative
[451.393s] [ 91%] [32mBuilding CXX object python/bindings/CMakeFiles/pymoveit_mtc.dir/src/properties.cpp.o[0m
[456.950s] [ 92%] [32mBuilding CXX object python/bindings/CMakeFiles/pymoveit_mtc.dir/src/core.cpp.o[0m
[472.139s] [ 94%] [32mBuilding CXX object python/bindings/CMakeFiles/pymoveit_mtc.dir/src/stages.cpp.o[0m
[485.271s] [ 95%] [32mBuilding CXX object python/bindings/CMakeFiles/pymoveit_mtc.dir/src/module.cpp.o[0m
[487.542s] [ 96%] [32mBuilding CXX object python/bindings/CMakeFiles/pymoveit_mtc.dir/src/solvers.cpp.o[0m
[494.563s] [ 97%] [32m[1mLinking CXX shared module pymoveit_mtc.cpython-310-x86_64-linux-gnu.so[0m
[496.216s] lto-wrapper: warning: using serial compilation of 12 LTRANS jobs
[507.230s] [ 97%] Built target pymoveit_mtc
[507.256s] [ 98%] [32mBuilding CXX object src/stages/CMakeFiles/moveit_task_constructor_core_stage_plugins.dir/plugins.cpp.o[0m
[509.396s] [100%] [32m[1mLinking CXX shared library libmoveit_task_constructor_core_stage_plugins.so[0m
[509.577s] [100%] Built target moveit_task_constructor_core_stage_plugins
[509.590s] Invoked command in '/home/vinayak/ws_moveit2/build/moveit_task_constructor_core' returned '0': AMENT_PREFIX_PATH=/home/vinayak/ws_moveit2/install/moveit_planners:/home/vinayak/ws_moveit2/install/pilz_industrial_motion_planner:/home/vinayak/ws_moveit2/install/moveit_resources_prbt_pg70_support:/home/vinayak/ws_moveit2/install/moveit_ros_planning_interface:/home/vinayak/ws_moveit2/install/moveit_resources_prbt_moveit_config:/home/vinayak/ws_moveit2/install/moveit_ros_move_group:/home/vinayak/ws_moveit2/install/moveit_ros_warehouse:/home/vinayak/ws_moveit2/install/moveit_planners_ompl:/home/vinayak/ws_moveit2/install/moveit_configs_utils:/home/vinayak/ws_moveit2/install/launch_param_builder:/home/vinayak/ws_moveit2/install/ur_calibration:/home/vinayak/ws_moveit2/install/ur_robot_driver:/home/vinayak/ws_moveit2/install/ur_bringup:/home/vinayak/ws_moveit2/install/ur_controllers:/home/vinayak/ws_moveit2/install/ur_dashboard_msgs:/home/vinayak/ws_moveit2/install/ur3e_motion_package:/home/vinayak/ws_moveit2/install/ur3e:/home/vinayak/ws_moveit2/install/pilz_industrial_motion_planner_testutils:/home/vinayak/ws_moveit2/install/moveit_ros_control_interface:/home/vinayak/ws_moveit2/install/moveit_plugins:/home/vinayak/ws_moveit2/install/moveit_simple_controller_manager:/home/vinayak/ws_moveit2/install/moveit_ros_planning:/home/vinayak/ws_moveit2/install/moveit_ros_occupancy_map_monitor:/home/vinayak/ws_moveit2/install/moveit_resources_prbt_ikfast_manipulator_plugin:/home/vinayak/ws_moveit2/install/moveit_planners_chomp:/home/vinayak/ws_moveit2/install/moveit_kinematics:/home/vinayak/ws_moveit2/install/moveit_chomp_optimizer_adapter:/home/vinayak/ws_moveit2/install/chomp_motion_planner:/home/vinayak/ws_moveit2/install/moveit_core:/home/vinayak/ws_moveit2/install/srdfdom:/home/vinayak/ws_moveit2/install/rviz_marker_tools:/home/vinayak/ws_moveit2/install/rosparam_shortcuts:/home/vinayak/ws_moveit2/install/moveit_task_constructor_msgs:/home/vinayak/ws_moveit2/install/moveit_resources_prbt_support:/home/vinayak/ws_moveit2/install/moveit_resources:/home/vinayak/ws_moveit2/install/moveit_resources_pr2_description:/home/vinayak/ws_moveit2/install/moveit_resources_panda_moveit_config:/home/vinayak/ws_moveit2/install/moveit_resources_panda_description:/home/vinayak/ws_moveit2/install/moveit_resources_fanuc_moveit_config:/home/vinayak/ws_moveit2/install/moveit_resources_fanuc_description:/home/vinayak/ws_moveit2/install/moveit_common:/opt/ros/humble CMAKE_PREFIX_PATH=/home/vinayak/ws_moveit2/install/moveit_planners:/home/vinayak/ws_moveit2/install/pilz_industrial_motion_planner:/home/vinayak/ws_moveit2/install/moveit_resources_prbt_pg70_support:/home/vinayak/ws_moveit2/install/moveit_ros_planning_interface:/home/vinayak/ws_moveit2/install/moveit_resources_prbt_moveit_config:/home/vinayak/ws_moveit2/install/moveit_ros_move_group:/home/vinayak/ws_moveit2/install/moveit_ros_warehouse:/home/vinayak/ws_moveit2/install/moveit_planners_ompl:/home/vinayak/ws_moveit2/install/moveit_kinematics:/home/vinayak/ws_moveit2/install/moveit_ros_planning:/home/vinayak/ws_moveit2/install/pilz_industrial_motion_planner_testutils:/home/vinayak/ws_moveit2/install/moveit_simple_controller_manager:/home/vinayak/ws_moveit2/install/moveit_ros_occupancy_map_monitor:/home/vinayak/ws_moveit2/install/moveit_resources_prbt_ikfast_manipulator_plugin:/home/vinayak/ws_moveit2/install/moveit_core:/home/vinayak/ws_moveit2/install/rviz_marker_tools:/home/vinayak/ws_moveit2/install/moveit_resources_panda_moveit_config:/home/vinayak/ws_moveit2/install/moveit_resources_fanuc_moveit_config:/home/vinayak/ws_moveit2/install/srdfdom:/home/vinayak/ws_moveit2/install/moveit_task_constructor_msgs:/home/vinayak/ws_moveit2/install/moveit_resources_prbt_support:/home/vinayak/ws_moveit2/install/moveit_resources_pr2_description:/home/vinayak/ws_moveit2/install/moveit_resources_panda_description:/home/vinayak/ws_moveit2/install/moveit_resources_fanuc_description:/home/vinayak/ws_moveit2/install/moveit_common:/home/vinayak/ws_moveit2/install/ur_calibration:/home/vinayak/ws_moveit2/install/ur_robot_driver:/home/vinayak/ws_moveit2/install/ur_bringup:/home/vinayak/ws_moveit2/install/ur_controllers:/home/vinayak/ws_moveit2/install/ur_dashboard_msgs:/home/vinayak/ws_moveit2/install/ur3e:/home/vinayak/ws_moveit2/install/moveit_ros_control_interface:/home/vinayak/ws_moveit2/install/moveit_plugins:/home/vinayak/ws_moveit2/install/moveit_planners_chomp:/home/vinayak/ws_moveit2/install/moveit_chomp_optimizer_adapter:/home/vinayak/ws_moveit2/install/chomp_motion_planner:/home/vinayak/ws_moveit2/install/rosparam_shortcuts:/home/vinayak/ws_moveit2/install/moveit_resources:/home/vinayak/ws_moveit2/install/ur3e_motion_package:/home/vinayak/ws_moveit2/install/moveit_configs_utils:/home/vinayak/ws_moveit2/install/launch_param_builder:/opt/ros/humble LD_LIBRARY_PATH=/home/vinayak/ws_moveit2/install/pilz_industrial_motion_planner/lib:/home/vinayak/ws_moveit2/install/moveit_ros_planning_interface/lib:/home/vinayak/ws_moveit2/install/moveit_ros_move_group/lib:/home/vinayak/ws_moveit2/install/moveit_ros_warehouse/lib:/home/vinayak/ws_moveit2/install/moveit_planners_ompl/lib:/home/vinayak/ws_moveit2/install/moveit_kinematics/lib:/home/vinayak/ws_moveit2/install/moveit_ros_planning/lib:/home/vinayak/ws_moveit2/install/pilz_industrial_motion_planner_testutils/lib:/home/vinayak/ws_moveit2/install/moveit_simple_controller_manager/lib:/home/vinayak/ws_moveit2/install/moveit_ros_occupancy_map_monitor/lib:/home/vinayak/ws_moveit2/install/moveit_resources_prbt_ikfast_manipulator_plugin/lib:/home/vinayak/ws_moveit2/install/moveit_core/lib:/home/vinayak/ws_moveit2/install/rviz_marker_tools/lib:/home/vinayak/ws_moveit2/install/srdfdom/lib:/home/vinayak/ws_moveit2/install/moveit_task_constructor_msgs/lib:/home/vinayak/ws_moveit2/install/ur_robot_driver/lib:/home/vinayak/ws_moveit2/install/ur_controllers/lib:/home/vinayak/ws_moveit2/install/ur_dashboard_msgs/lib:/home/vinayak/ws_moveit2/install/moveit_ros_control_interface/lib:/home/vinayak/ws_moveit2/install/moveit_planners_chomp/lib:/home/vinayak/ws_moveit2/install/moveit_chomp_optimizer_adapter/lib:/home/vinayak/ws_moveit2/install/chomp_motion_planner/lib:/home/vinayak/ws_moveit2/install/rosparam_shortcuts/lib:/usr/lib/x86_64-linux-gnu/gazebo-11/plugins:/opt/ros/humble/opt/rviz_ogre_vendor/lib:/opt/ros/humble/lib/x86_64-linux-gnu:/opt/ros/humble/lib:/usr/local/cuda-12.4/lib64 PATH=/home/vinayak/ws_moveit2/install/moveit_core/bin:/home/vinayak/ws_moveit2/install/ur_robot_driver/bin:/opt/ros/humble/bin:/usr/local/cuda-12.4/bin:/home/vinayak/.local/bin:/usr/local/sbin:/usr/local/bin:/usr/sbin:/usr/bin:/sbin:/bin:/usr/games:/usr/local/games:/snap/bin:/snap/bin PYTHONPATH=/home/vinayak/ws_moveit2/install/moveit_configs_utils/lib/python3.10/site-packages:/home/vinayak/ws_moveit2/install/launch_param_builder/lib/python3.10/site-packages:/home/vinayak/ws_moveit2/install/ur_robot_driver/local/lib/python3.10/dist-packages:/home/vinayak/ws_moveit2/install/ur_dashboard_msgs/local/lib/python3.10/dist-packages:/home/vinayak/ws_moveit2/install/ur3e_motion_package/lib/python3.10/site-packages:/home/vinayak/ws_moveit2/install/srdfdom/local/lib/python3.10/dist-packages:/home/vinayak/ws_moveit2/install/moveit_task_constructor_msgs/local/lib/python3.10/dist-packages:/opt/ros/humble/lib/python3.10/site-packages:/opt/ros/humble/local/lib/python3.10/dist-packages /usr/bin/cmake --build /home/vinayak/ws_moveit2/build/moveit_task_constructor_core
[509.591s] Invoking command in '/home/vinayak/ws_moveit2/build/moveit_task_constructor_core': AMENT_PREFIX_PATH=/home/vinayak/ws_moveit2/install/moveit_planners:/home/vinayak/ws_moveit2/install/pilz_industrial_motion_planner:/home/vinayak/ws_moveit2/install/moveit_resources_prbt_pg70_support:/home/vinayak/ws_moveit2/install/moveit_ros_planning_interface:/home/vinayak/ws_moveit2/install/moveit_resources_prbt_moveit_config:/home/vinayak/ws_moveit2/install/moveit_ros_move_group:/home/vinayak/ws_moveit2/install/moveit_ros_warehouse:/home/vinayak/ws_moveit2/install/moveit_planners_ompl:/home/vinayak/ws_moveit2/install/moveit_configs_utils:/home/vinayak/ws_moveit2/install/launch_param_builder:/home/vinayak/ws_moveit2/install/ur_calibration:/home/vinayak/ws_moveit2/install/ur_robot_driver:/home/vinayak/ws_moveit2/install/ur_bringup:/home/vinayak/ws_moveit2/install/ur_controllers:/home/vinayak/ws_moveit2/install/ur_dashboard_msgs:/home/vinayak/ws_moveit2/install/ur3e_motion_package:/home/vinayak/ws_moveit2/install/ur3e:/home/vinayak/ws_moveit2/install/pilz_industrial_motion_planner_testutils:/home/vinayak/ws_moveit2/install/moveit_ros_control_interface:/home/vinayak/ws_moveit2/install/moveit_plugins:/home/vinayak/ws_moveit2/install/moveit_simple_controller_manager:/home/vinayak/ws_moveit2/install/moveit_ros_planning:/home/vinayak/ws_moveit2/install/moveit_ros_occupancy_map_monitor:/home/vinayak/ws_moveit2/install/moveit_resources_prbt_ikfast_manipulator_plugin:/home/vinayak/ws_moveit2/install/moveit_planners_chomp:/home/vinayak/ws_moveit2/install/moveit_kinematics:/home/vinayak/ws_moveit2/install/moveit_chomp_optimizer_adapter:/home/vinayak/ws_moveit2/install/chomp_motion_planner:/home/vinayak/ws_moveit2/install/moveit_core:/home/vinayak/ws_moveit2/install/srdfdom:/home/vinayak/ws_moveit2/install/rviz_marker_tools:/home/vinayak/ws_moveit2/install/rosparam_shortcuts:/home/vinayak/ws_moveit2/install/moveit_task_constructor_msgs:/home/vinayak/ws_moveit2/install/moveit_resources_prbt_support:/home/vinayak/ws_moveit2/install/moveit_resources:/home/vinayak/ws_moveit2/install/moveit_resources_pr2_description:/home/vinayak/ws_moveit2/install/moveit_resources_panda_moveit_config:/home/vinayak/ws_moveit2/install/moveit_resources_panda_description:/home/vinayak/ws_moveit2/install/moveit_resources_fanuc_moveit_config:/home/vinayak/ws_moveit2/install/moveit_resources_fanuc_description:/home/vinayak/ws_moveit2/install/moveit_common:/opt/ros/humble CMAKE_PREFIX_PATH=/home/vinayak/ws_moveit2/install/moveit_planners:/home/vinayak/ws_moveit2/install/pilz_industrial_motion_planner:/home/vinayak/ws_moveit2/install/moveit_resources_prbt_pg70_support:/home/vinayak/ws_moveit2/install/moveit_ros_planning_interface:/home/vinayak/ws_moveit2/install/moveit_resources_prbt_moveit_config:/home/vinayak/ws_moveit2/install/moveit_ros_move_group:/home/vinayak/ws_moveit2/install/moveit_ros_warehouse:/home/vinayak/ws_moveit2/install/moveit_planners_ompl:/home/vinayak/ws_moveit2/install/moveit_kinematics:/home/vinayak/ws_moveit2/install/moveit_ros_planning:/home/vinayak/ws_moveit2/install/pilz_industrial_motion_planner_testutils:/home/vinayak/ws_moveit2/install/moveit_simple_controller_manager:/home/vinayak/ws_moveit2/install/moveit_ros_occupancy_map_monitor:/home/vinayak/ws_moveit2/install/moveit_resources_prbt_ikfast_manipulator_plugin:/home/vinayak/ws_moveit2/install/moveit_core:/home/vinayak/ws_moveit2/install/rviz_marker_tools:/home/vinayak/ws_moveit2/install/moveit_resources_panda_moveit_config:/home/vinayak/ws_moveit2/install/moveit_resources_fanuc_moveit_config:/home/vinayak/ws_moveit2/install/srdfdom:/home/vinayak/ws_moveit2/install/moveit_task_constructor_msgs:/home/vinayak/ws_moveit2/install/moveit_resources_prbt_support:/home/vinayak/ws_moveit2/install/moveit_resources_pr2_description:/home/vinayak/ws_moveit2/install/moveit_resources_panda_description:/home/vinayak/ws_moveit2/install/moveit_resources_fanuc_description:/home/vinayak/ws_moveit2/install/moveit_common:/home/vinayak/ws_moveit2/install/ur_calibration:/home/vinayak/ws_moveit2/install/ur_robot_driver:/home/vinayak/ws_moveit2/install/ur_bringup:/home/vinayak/ws_moveit2/install/ur_controllers:/home/vinayak/ws_moveit2/install/ur_dashboard_msgs:/home/vinayak/ws_moveit2/install/ur3e:/home/vinayak/ws_moveit2/install/moveit_ros_control_interface:/home/vinayak/ws_moveit2/install/moveit_plugins:/home/vinayak/ws_moveit2/install/moveit_planners_chomp:/home/vinayak/ws_moveit2/install/moveit_chomp_optimizer_adapter:/home/vinayak/ws_moveit2/install/chomp_motion_planner:/home/vinayak/ws_moveit2/install/rosparam_shortcuts:/home/vinayak/ws_moveit2/install/moveit_resources:/home/vinayak/ws_moveit2/install/ur3e_motion_package:/home/vinayak/ws_moveit2/install/moveit_configs_utils:/home/vinayak/ws_moveit2/install/launch_param_builder:/opt/ros/humble LD_LIBRARY_PATH=/home/vinayak/ws_moveit2/install/pilz_industrial_motion_planner/lib:/home/vinayak/ws_moveit2/install/moveit_ros_planning_interface/lib:/home/vinayak/ws_moveit2/install/moveit_ros_move_group/lib:/home/vinayak/ws_moveit2/install/moveit_ros_warehouse/lib:/home/vinayak/ws_moveit2/install/moveit_planners_ompl/lib:/home/vinayak/ws_moveit2/install/moveit_kinematics/lib:/home/vinayak/ws_moveit2/install/moveit_ros_planning/lib:/home/vinayak/ws_moveit2/install/pilz_industrial_motion_planner_testutils/lib:/home/vinayak/ws_moveit2/install/moveit_simple_controller_manager/lib:/home/vinayak/ws_moveit2/install/moveit_ros_occupancy_map_monitor/lib:/home/vinayak/ws_moveit2/install/moveit_resources_prbt_ikfast_manipulator_plugin/lib:/home/vinayak/ws_moveit2/install/moveit_core/lib:/home/vinayak/ws_moveit2/install/rviz_marker_tools/lib:/home/vinayak/ws_moveit2/install/srdfdom/lib:/home/vinayak/ws_moveit2/install/moveit_task_constructor_msgs/lib:/home/vinayak/ws_moveit2/install/ur_robot_driver/lib:/home/vinayak/ws_moveit2/install/ur_controllers/lib:/home/vinayak/ws_moveit2/install/ur_dashboard_msgs/lib:/home/vinayak/ws_moveit2/install/moveit_ros_control_interface/lib:/home/vinayak/ws_moveit2/install/moveit_planners_chomp/lib:/home/vinayak/ws_moveit2/install/moveit_chomp_optimizer_adapter/lib:/home/vinayak/ws_moveit2/install/chomp_motion_planner/lib:/home/vinayak/ws_moveit2/install/rosparam_shortcuts/lib:/usr/lib/x86_64-linux-gnu/gazebo-11/plugins:/opt/ros/humble/opt/rviz_ogre_vendor/lib:/opt/ros/humble/lib/x86_64-linux-gnu:/opt/ros/humble/lib:/usr/local/cuda-12.4/lib64 PATH=/home/vinayak/ws_moveit2/install/moveit_core/bin:/home/vinayak/ws_moveit2/install/ur_robot_driver/bin:/opt/ros/humble/bin:/usr/local/cuda-12.4/bin:/home/vinayak/.local/bin:/usr/local/sbin:/usr/local/bin:/usr/sbin:/usr/bin:/sbin:/bin:/usr/games:/usr/local/games:/snap/bin:/snap/bin PYTHONPATH=/home/vinayak/ws_moveit2/install/moveit_configs_utils/lib/python3.10/site-packages:/home/vinayak/ws_moveit2/install/launch_param_builder/lib/python3.10/site-packages:/home/vinayak/ws_moveit2/install/ur_robot_driver/local/lib/python3.10/dist-packages:/home/vinayak/ws_moveit2/install/ur_dashboard_msgs/local/lib/python3.10/dist-packages:/home/vinayak/ws_moveit2/install/ur3e_motion_package/lib/python3.10/site-packages:/home/vinayak/ws_moveit2/install/srdfdom/local/lib/python3.10/dist-packages:/home/vinayak/ws_moveit2/install/moveit_task_constructor_msgs/local/lib/python3.10/dist-packages:/opt/ros/humble/lib/python3.10/site-packages:/opt/ros/humble/local/lib/python3.10/dist-packages /usr/bin/cmake --install /home/vinayak/ws_moveit2/build/moveit_task_constructor_core
[509.600s] -- Install configuration: "Release"
[509.600s] -- Installing: /home/vinayak/ws_moveit2/install/moveit_task_constructor_core/share/moveit_task_constructor_core/environment/pythonpath.sh
[509.600s] -- Installing: /home/vinayak/ws_moveit2/install/moveit_task_constructor_core/share/moveit_task_constructor_core/environment/pythonpath.dsv
[509.600s] -- Installing: /home/vinayak/ws_moveit2/install/moveit_task_constructor_core/local/lib/python3.10/dist-packages/moveit-0.1.3-py3.10.egg-info
[509.600s] -- Installing: /home/vinayak/ws_moveit2/install/moveit_task_constructor_core/local/lib/python3.10/dist-packages/moveit-0.1.3-py3.10.egg-info/dependency_links.txt
[509.600s] -- Installing: /home/vinayak/ws_moveit2/install/moveit_task_constructor_core/local/lib/python3.10/dist-packages/moveit-0.1.3-py3.10.egg-info/top_level.txt
[509.600s] -- Installing: /home/vinayak/ws_moveit2/install/moveit_task_constructor_core/local/lib/python3.10/dist-packages/moveit-0.1.3-py3.10.egg-info/SOURCES.txt
[509.600s] -- Installing: /home/vinayak/ws_moveit2/install/moveit_task_constructor_core/local/lib/python3.10/dist-packages/moveit-0.1.3-py3.10.egg-info/PKG-INFO
[509.601s] -- Installing: /home/vinayak/ws_moveit2/install/moveit_task_constructor_core/local/lib/python3.10/dist-packages/moveit
[509.601s] -- Installing: /home/vinayak/ws_moveit2/install/moveit_task_constructor_core/local/lib/python3.10/dist-packages/moveit/task_constructor
[509.601s] -- Installing: /home/vinayak/ws_moveit2/install/moveit_task_constructor_core/local/lib/python3.10/dist-packages/moveit/task_constructor/stages.py
[509.601s] -- Installing: /home/vinayak/ws_moveit2/install/moveit_task_constructor_core/local/lib/python3.10/dist-packages/moveit/task_constructor/core.py
[509.601s] -- Installing: /home/vinayak/ws_moveit2/install/moveit_task_constructor_core/local/lib/python3.10/dist-packages/moveit/task_constructor/__init__.py
[509.601s] -- Installing: /home/vinayak/ws_moveit2/install/moveit_task_constructor_core/local/lib/python3.10/dist-packages/moveit/__init__.py
[509.634s] Listing '/home/vinayak/ws_moveit2/install/moveit_task_constructor_core/local/lib/python3.10/dist-packages/moveit'...
[509.634s] Compiling '/home/vinayak/ws_moveit2/install/moveit_task_constructor_core/local/lib/python3.10/dist-packages/moveit/__init__.py'...
[509.634s] Listing '/home/vinayak/ws_moveit2/install/moveit_task_constructor_core/local/lib/python3.10/dist-packages/moveit/task_constructor'...
[509.634s] Compiling '/home/vinayak/ws_moveit2/install/moveit_task_constructor_core/local/lib/python3.10/dist-packages/moveit/task_constructor/__init__.py'...
[509.634s] Compiling '/home/vinayak/ws_moveit2/install/moveit_task_constructor_core/local/lib/python3.10/dist-packages/moveit/task_constructor/core.py'...
[509.634s] Compiling '/home/vinayak/ws_moveit2/install/moveit_task_constructor_core/local/lib/python3.10/dist-packages/moveit/task_constructor/stages.py'...
[509.639s] -- Installing: /home/vinayak/ws_moveit2/install/moveit_task_constructor_core/include
[509.639s] -- Installing: /home/vinayak/ws_moveit2/install/moveit_task_constructor_core/include/moveit
[509.639s] -- Installing: /home/vinayak/ws_moveit2/install/moveit_task_constructor_core/include/moveit/python
[509.639s] -- Installing: /home/vinayak/ws_moveit2/install/moveit_task_constructor_core/include/moveit/python/task_constructor
[509.639s] -- Installing: /home/vinayak/ws_moveit2/install/moveit_task_constructor_core/include/moveit/python/task_constructor/properties.h
[509.639s] -- Installing: /home/vinayak/ws_moveit2/install/moveit_task_constructor_core/include/moveit/task_constructor
[509.639s] -- Installing: /home/vinayak/ws_moveit2/install/moveit_task_constructor_core/include/moveit/task_constructor/container.h
[509.639s] -- Installing: /home/vinayak/ws_moveit2/install/moveit_task_constructor_core/include/moveit/task_constructor/cost_terms.h
[509.639s] -- Installing: /home/vinayak/ws_moveit2/install/moveit_task_constructor_core/include/moveit/task_constructor/stages.h
[509.639s] -- Installing: /home/vinayak/ws_moveit2/install/moveit_task_constructor_core/include/moveit/task_constructor/utils.h
[509.639s] -- Installing: /home/vinayak/ws_moveit2/install/moveit_task_constructor_core/include/moveit/task_constructor/task.h
[509.639s] -- Installing: /home/vinayak/ws_moveit2/install/moveit_task_constructor_core/include/moveit/task_constructor/moveit_compat.h
[509.640s] -- Installing: /home/vinayak/ws_moveit2/install/moveit_task_constructor_core/include/moveit/task_constructor/solvers.h
[509.640s] -- Installing: /home/vinayak/ws_moveit2/install/moveit_task_constructor_core/include/moveit/task_constructor/type_traits.h
[509.640s] -- Installing: /home/vinayak/ws_moveit2/install/moveit_task_constructor_core/include/moveit/task_constructor/stages
[509.640s] -- Installing: /home/vinayak/ws_moveit2/install/moveit_task_constructor_core/include/moveit/task_constructor/stages/generate_place_pose.h
[509.640s] -- Installing: /home/vinayak/ws_moveit2/install/moveit_task_constructor_core/include/moveit/task_constructor/stages/simple_grasp.h
[509.640s] -- Installing: /home/vinayak/ws_moveit2/install/moveit_task_constructor_core/include/moveit/task_constructor/stages/modify_planning_scene.h
[509.640s] -- Installing: /home/vinayak/ws_moveit2/install/moveit_task_constructor_core/include/moveit/task_constructor/stages/connect.h
[509.640s] -- Installing: /home/vinayak/ws_moveit2/install/moveit_task_constructor_core/include/moveit/task_constructor/stages/fixed_state.h
[509.640s] -- Installing: /home/vinayak/ws_moveit2/install/moveit_task_constructor_core/include/moveit/task_constructor/stages/pick.h
[509.640s] -- Installing: /home/vinayak/ws_moveit2/install/moveit_task_constructor_core/include/moveit/task_constructor/stages/fix_collision_objects.h
[509.641s] -- Installing: /home/vinayak/ws_moveit2/install/moveit_task_constructor_core/include/moveit/task_constructor/stages/move_relative.h
[509.641s] -- Installing: /home/vinayak/ws_moveit2/install/moveit_task_constructor_core/include/moveit/task_constructor/stages/generate_pose.h
[509.641s] -- Installing: /home/vinayak/ws_moveit2/install/moveit_task_constructor_core/include/moveit/task_constructor/stages/predicate_filter.h
[509.641s] -- Installing: /home/vinayak/ws_moveit2/install/moveit_task_constructor_core/include/moveit/task_constructor/stages/noop.h
[509.641s] -- Installing: /home/vinayak/ws_moveit2/install/moveit_task_constructor_core/include/moveit/task_constructor/stages/fixed_cartesian_poses.h
[509.641s] -- Installing: /home/vinayak/ws_moveit2/install/moveit_task_constructor_core/include/moveit/task_constructor/stages/generate_grasp_pose.h
[509.641s] -- Installing: /home/vinayak/ws_moveit2/install/moveit_task_constructor_core/include/moveit/task_constructor/stages/generate_random_pose.h
[509.641s] -- Installing: /home/vinayak/ws_moveit2/install/moveit_task_constructor_core/include/moveit/task_constructor/stages/current_state.h
[509.641s] -- Installing: /home/vinayak/ws_moveit2/install/moveit_task_constructor_core/include/moveit/task_constructor/stages/move_to.h
[509.641s] -- Installing: /home/vinayak/ws_moveit2/install/moveit_task_constructor_core/include/moveit/task_constructor/stages/compute_ik.h
[509.642s] -- Installing: /home/vinayak/ws_moveit2/install/moveit_task_constructor_core/include/moveit/task_constructor/stages/passthrough.h
[509.642s] -- Installing: /home/vinayak/ws_moveit2/install/moveit_task_constructor_core/include/moveit/task_constructor/merge.h
[509.642s] -- Installing: /home/vinayak/ws_moveit2/install/moveit_task_constructor_core/include/moveit/task_constructor/properties.h
[509.642s] -- Installing: /home/vinayak/ws_moveit2/install/moveit_task_constructor_core/include/moveit/task_constructor/solvers
[509.642s] -- Installing: /home/vinayak/ws_moveit2/install/moveit_task_constructor_core/include/moveit/task_constructor/solvers/joint_interpolation.h
[509.642s] -- Installing: /home/vinayak/ws_moveit2/install/moveit_task_constructor_core/include/moveit/task_constructor/solvers/multi_planner.h
[509.642s] -- Installing: /home/vinayak/ws_moveit2/install/moveit_task_constructor_core/include/moveit/task_constructor/solvers/pipeline_planner.h
[509.642s] -- Installing: /home/vinayak/ws_moveit2/install/moveit_task_constructor_core/include/moveit/task_constructor/solvers/planner_interface.h
[509.642s] -- Installing: /home/vinayak/ws_moveit2/install/moveit_task_constructor_core/include/moveit/task_constructor/solvers/cartesian_path.h
[509.642s] -- Installing: /home/vinayak/ws_moveit2/install/moveit_task_constructor_core/include/moveit/task_constructor/storage.h
[509.642s] -- Installing: /home/vinayak/ws_moveit2/install/moveit_task_constructor_core/include/moveit/task_constructor/trajectory_execution_info.h
[509.643s] -- Installing: /home/vinayak/ws_moveit2/install/moveit_task_constructor_core/include/moveit/task_constructor/introspection.h
[509.643s] -- Installing: /home/vinayak/ws_moveit2/install/moveit_task_constructor_core/include/moveit/task_constructor/marker_tools.h
[509.643s] -- Installing: /home/vinayak/ws_moveit2/install/moveit_task_constructor_core/include/moveit/task_constructor/stage.h
[509.643s] -- Installing: /home/vinayak/ws_moveit2/install/moveit_task_constructor_core/include/moveit/task_constructor/cost_queue.h
[509.643s] -- Installing: /home/vinayak/ws_moveit2/install/moveit_task_constructor_core/share/moveit_task_constructor_core/motion_planning_stages_plugin_description.xml
[509.643s] -- Installing: /home/vinayak/ws_moveit2/install/moveit_task_constructor_core/share/moveit_task_constructor_core/environment/library_path.sh
[509.643s] -- Installing: /home/vinayak/ws_moveit2/install/moveit_task_constructor_core/share/moveit_task_constructor_core/environment/library_path.dsv
[509.644s] -- Installing: /home/vinayak/ws_moveit2/install/moveit_task_constructor_core/share/ament_index/resource_index/package_run_dependencies/moveit_task_constructor_core
[509.644s] -- Installing: /home/vinayak/ws_moveit2/install/moveit_task_constructor_core/share/ament_index/resource_index/parent_prefix_path/moveit_task_constructor_core
[509.644s] -- Installing: /home/vinayak/ws_moveit2/install/moveit_task_constructor_core/share/moveit_task_constructor_core/environment/ament_prefix_path.sh
[509.644s] -- Installing: /home/vinayak/ws_moveit2/install/moveit_task_constructor_core/share/moveit_task_constructor_core/environment/ament_prefix_path.dsv
[509.644s] -- Installing: /home/vinayak/ws_moveit2/install/moveit_task_constructor_core/share/moveit_task_constructor_core/environment/path.sh
[509.644s] -- Installing: /home/vinayak/ws_moveit2/install/moveit_task_constructor_core/share/moveit_task_constructor_core/environment/path.dsv
[509.644s] -- Installing: /home/vinayak/ws_moveit2/install/moveit_task_constructor_core/share/moveit_task_constructor_core/local_setup.bash
[509.644s] -- Installing: /home/vinayak/ws_moveit2/install/moveit_task_constructor_core/share/moveit_task_constructor_core/local_setup.sh
[509.644s] -- Installing: /home/vinayak/ws_moveit2/install/moveit_task_constructor_core/share/moveit_task_constructor_core/local_setup.zsh
[509.645s] -- Installing: /home/vinayak/ws_moveit2/install/moveit_task_constructor_core/share/moveit_task_constructor_core/local_setup.dsv
[509.645s] -- Installing: /home/vinayak/ws_moveit2/install/moveit_task_constructor_core/share/moveit_task_constructor_core/package.dsv
[509.645s] -- Installing: /home/vinayak/ws_moveit2/install/moveit_task_constructor_core/share/ament_index/resource_index/packages/moveit_task_constructor_core
[509.645s] -- Installing: /home/vinayak/ws_moveit2/install/moveit_task_constructor_core/share/ament_index/resource_index/moveit_task_constructor_core__pluginlib__plugin/moveit_task_constructor_core
[509.645s] -- Installing: /home/vinayak/ws_moveit2/install/moveit_task_constructor_core/share/moveit_task_constructor_core/cmake/moveit_task_constructor_coreTargetsExport.cmake
[509.645s] -- Installing: /home/vinayak/ws_moveit2/install/moveit_task_constructor_core/share/moveit_task_constructor_core/cmake/moveit_task_constructor_coreTargetsExport-release.cmake
[509.645s] -- Installing: /home/vinayak/ws_moveit2/install/moveit_task_constructor_core/share/moveit_task_constructor_core/cmake/ament_cmake_export_targets-extras.cmake
[509.646s] -- Installing: /home/vinayak/ws_moveit2/install/moveit_task_constructor_core/share/moveit_task_constructor_core/cmake/ament_cmake_export_dependencies-extras.cmake
[509.646s] -- Installing: /home/vinayak/ws_moveit2/install/moveit_task_constructor_core/share/moveit_task_constructor_core/cmake/moveit_task_constructor_coreConfig.cmake
[509.646s] -- Installing: /home/vinayak/ws_moveit2/install/moveit_task_constructor_core/share/moveit_task_constructor_core/cmake/moveit_task_constructor_coreConfig-version.cmake
[509.646s] -- Installing: /home/vinayak/ws_moveit2/install/moveit_task_constructor_core/share/moveit_task_constructor_core/package.xml
[509.646s] -- Installing: /home/vinayak/ws_moveit2/install/moveit_task_constructor_core/lib/libmoveit_task_constructor_core.so
[509.648s] -- Set runtime path of "/home/vinayak/ws_moveit2/install/moveit_task_constructor_core/lib/libmoveit_task_constructor_core.so" to ""
[509.648s] -- Installing: /home/vinayak/ws_moveit2/install/moveit_task_constructor_core/lib/libmoveit_task_constructor_core_stages.so
[509.649s] -- Set runtime path of "/home/vinayak/ws_moveit2/install/moveit_task_constructor_core/lib/libmoveit_task_constructor_core_stages.so" to ""
[509.650s] -- Installing: /home/vinayak/ws_moveit2/install/moveit_task_constructor_core/lib/libmoveit_task_constructor_core_stage_plugins.so
[509.650s] -- Set runtime path of "/home/vinayak/ws_moveit2/install/moveit_task_constructor_core/lib/libmoveit_task_constructor_core_stage_plugins.so" to ""
[509.650s] -- Installing: /home/vinayak/ws_moveit2/install/moveit_task_constructor_core/include/moveit/python/pybind11
[509.650s] -- Installing: /home/vinayak/ws_moveit2/install/moveit_task_constructor_core/include/moveit/python/pybind11/numpy.h
[509.651s] -- Installing: /home/vinayak/ws_moveit2/install/moveit_task_constructor_core/include/moveit/python/pybind11/typing.h
[509.651s] -- Installing: /home/vinayak/ws_moveit2/install/moveit_task_constructor_core/include/moveit/python/pybind11/gil.h
[509.651s] -- Installing: /home/vinayak/ws_moveit2/install/moveit_task_constructor_core/include/moveit/python/pybind11/trampoline_self_life_support.h
[509.651s] -- Installing: /home/vinayak/ws_moveit2/install/moveit_task_constructor_core/include/moveit/python/pybind11/eval.h
[509.651s] -- Installing: /home/vinayak/ws_moveit2/install/moveit_task_constructor_core/include/moveit/python/pybind11/chrono.h
[509.652s] -- Installing: /home/vinayak/ws_moveit2/install/moveit_task_constructor_core/include/moveit/python/pybind11/type_caster_pyobject_ptr.h
[509.652s] -- Installing: /home/vinayak/ws_moveit2/install/moveit_task_constructor_core/include/moveit/python/pybind11/pybind11.h
[509.652s] -- Installing: /home/vinayak/ws_moveit2/install/moveit_task_constructor_core/include/moveit/python/pybind11/complex.h
[509.652s] -- Installing: /home/vinayak/ws_moveit2/install/moveit_task_constructor_core/include/moveit/python/pybind11/eigen
[509.653s] -- Installing: /home/vinayak/ws_moveit2/install/moveit_task_constructor_core/include/moveit/python/pybind11/eigen/common.h
[509.653s] -- Installing: /home/vinayak/ws_moveit2/install/moveit_task_constructor_core/include/moveit/python/pybind11/eigen/matrix.h
[509.653s] -- Installing: /home/vinayak/ws_moveit2/install/moveit_task_constructor_core/include/moveit/python/pybind11/eigen/tensor.h
[509.654s] -- Installing: /home/vinayak/ws_moveit2/install/moveit_task_constructor_core/include/moveit/python/pybind11/iostream.h
[509.654s] -- Installing: /home/vinayak/ws_moveit2/install/moveit_task_constructor_core/include/moveit/python/pybind11/eigen.h
[509.654s] -- Installing: /home/vinayak/ws_moveit2/install/moveit_task_constructor_core/include/moveit/python/pybind11/buffer_info.h
[509.654s] -- Installing: /home/vinayak/ws_moveit2/install/moveit_task_constructor_core/include/moveit/python/pybind11/smart_holder.h
[509.655s] -- Installing: /home/vinayak/ws_moveit2/install/moveit_task_constructor_core/include/moveit/python/pybind11/gil_safe_call_once.h
[509.655s] -- Installing: /home/vinayak/ws_moveit2/install/moveit_task_constructor_core/include/moveit/python/pybind11/stl
[509.655s] -- Installing: /home/vinayak/ws_moveit2/install/moveit_task_constructor_core/include/moveit/python/pybind11/stl/filesystem.h
[509.655s] -- Installing: /home/vinayak/ws_moveit2/install/moveit_task_constructor_core/include/moveit/python/pybind11/embed.h
[509.655s] -- Installing: /home/vinayak/ws_moveit2/install/moveit_task_constructor_core/include/moveit/python/pybind11/common.h
[509.656s] -- Installing: /home/vinayak/ws_moveit2/install/moveit_task_constructor_core/include/moveit/python/pybind11/cast.h
[509.656s] -- Installing: /home/vinayak/ws_moveit2/install/moveit_task_constructor_core/include/moveit/python/pybind11/pytypes.h
[509.656s] -- Installing: /home/vinayak/ws_moveit2/install/moveit_task_constructor_core/include/moveit/python/pybind11/functional.h
[509.656s] -- Installing: /home/vinayak/ws_moveit2/install/moveit_task_constructor_core/include/moveit/python/pybind11/detail
[509.656s] -- Installing: /home/vinayak/ws_moveit2/install/moveit_task_constructor_core/include/moveit/python/pybind11/detail/typeid.h
[509.656s] -- Installing: /home/vinayak/ws_moveit2/install/moveit_task_constructor_core/include/moveit/python/pybind11/detail/type_caster_odr_guard.h
[509.656s] -- Installing: /home/vinayak/ws_moveit2/install/moveit_task_constructor_core/include/moveit/python/pybind11/detail/dynamic_raw_ptr_cast_if_possible.h
[509.656s] -- Installing: /home/vinayak/ws_moveit2/install/moveit_task_constructor_core/include/moveit/python/pybind11/detail/smart_holder_type_casters.h
[509.657s] -- Installing: /home/vinayak/ws_moveit2/install/moveit_task_constructor_core/include/moveit/python/pybind11/detail/type_caster_base.h
[509.657s] -- Installing: /home/vinayak/ws_moveit2/install/moveit_task_constructor_core/include/moveit/python/pybind11/detail/class.h
[509.657s] -- Installing: /home/vinayak/ws_moveit2/install/moveit_task_constructor_core/include/moveit/python/pybind11/detail/smart_holder_poc.h
[509.657s] -- Installing: /home/vinayak/ws_moveit2/install/moveit_task_constructor_core/include/moveit/python/pybind11/detail/descr.h
[509.657s] -- Installing: /home/vinayak/ws_moveit2/install/moveit_task_constructor_core/include/moveit/python/pybind11/detail/common.h
[509.657s] -- Installing: /home/vinayak/ws_moveit2/install/moveit_task_constructor_core/include/moveit/python/pybind11/detail/init.h
[509.657s] -- Installing: /home/vinayak/ws_moveit2/install/moveit_task_constructor_core/include/moveit/python/pybind11/detail/internals.h
[509.657s] -- Installing: /home/vinayak/ws_moveit2/install/moveit_task_constructor_core/include/moveit/python/pybind11/detail/smart_holder_sfinae_hooks_only.h
[509.658s] -- Installing: /home/vinayak/ws_moveit2/install/moveit_task_constructor_core/include/moveit/python/pybind11/options.h
[509.658s] -- Installing: /home/vinayak/ws_moveit2/install/moveit_task_constructor_core/include/moveit/python/pybind11/stl.h
[509.658s] -- Installing: /home/vinayak/ws_moveit2/install/moveit_task_constructor_core/include/moveit/python/pybind11/stl_bind.h
[509.658s] -- Installing: /home/vinayak/ws_moveit2/install/moveit_task_constructor_core/include/moveit/python/pybind11/attr.h
[509.658s] -- Installing: /home/vinayak/ws_moveit2/install/moveit_task_constructor_core/include/moveit/python/pybind11/operators.h
[509.659s] -- Installing: /home/vinayak/ws_moveit2/install/moveit_task_constructor_core/share/moveit_task_constructor_core/cmake/pybind11Config.cmake
[509.659s] -- Installing: /home/vinayak/ws_moveit2/install/moveit_task_constructor_core/share/moveit_task_constructor_core/cmake/pybind11ConfigVersion.cmake
[509.659s] -- Installing: /home/vinayak/ws_moveit2/install/moveit_task_constructor_core/share/moveit_task_constructor_core/cmake/FindPythonLibsNew.cmake
[509.659s] -- Installing: /home/vinayak/ws_moveit2/install/moveit_task_constructor_core/share/moveit_task_constructor_core/cmake/pybind11Common.cmake
[509.659s] -- Installing: /home/vinayak/ws_moveit2/install/moveit_task_constructor_core/share/moveit_task_constructor_core/cmake/pybind11Tools.cmake
[509.659s] -- Installing: /home/vinayak/ws_moveit2/install/moveit_task_constructor_core/share/moveit_task_constructor_core/cmake/pybind11NewTools.cmake
[509.659s] -- Installing: /home/vinayak/ws_moveit2/install/moveit_task_constructor_core/share/moveit_task_constructor_core/cmake/pybind11Targets.cmake
[509.660s] -- Installing: /home/vinayak/ws_moveit2/install/moveit_task_constructor_core/share/pkgconfig/pybind11.pc
[509.660s] -- Installing: /home/vinayak/ws_moveit2/install/moveit_task_constructor_core/local/lib/python3.10/dist-packages/pymoveit_mtc.cpython-310-x86_64-linux-gnu.so
[509.661s] -- Set runtime path of "/home/vinayak/ws_moveit2/install/moveit_task_constructor_core/local/lib/python3.10/dist-packages/pymoveit_mtc.cpython-310-x86_64-linux-gnu.so" to ""
[509.663s] Invoked command in '/home/vinayak/ws_moveit2/build/moveit_task_constructor_core' returned '0': AMENT_PREFIX_PATH=/home/vinayak/ws_moveit2/install/moveit_planners:/home/vinayak/ws_moveit2/install/pilz_industrial_motion_planner:/home/vinayak/ws_moveit2/install/moveit_resources_prbt_pg70_support:/home/vinayak/ws_moveit2/install/moveit_ros_planning_interface:/home/vinayak/ws_moveit2/install/moveit_resources_prbt_moveit_config:/home/vinayak/ws_moveit2/install/moveit_ros_move_group:/home/vinayak/ws_moveit2/install/moveit_ros_warehouse:/home/vinayak/ws_moveit2/install/moveit_planners_ompl:/home/vinayak/ws_moveit2/install/moveit_configs_utils:/home/vinayak/ws_moveit2/install/launch_param_builder:/home/vinayak/ws_moveit2/install/ur_calibration:/home/vinayak/ws_moveit2/install/ur_robot_driver:/home/vinayak/ws_moveit2/install/ur_bringup:/home/vinayak/ws_moveit2/install/ur_controllers:/home/vinayak/ws_moveit2/install/ur_dashboard_msgs:/home/vinayak/ws_moveit2/install/ur3e_motion_package:/home/vinayak/ws_moveit2/install/ur3e:/home/vinayak/ws_moveit2/install/pilz_industrial_motion_planner_testutils:/home/vinayak/ws_moveit2/install/moveit_ros_control_interface:/home/vinayak/ws_moveit2/install/moveit_plugins:/home/vinayak/ws_moveit2/install/moveit_simple_controller_manager:/home/vinayak/ws_moveit2/install/moveit_ros_planning:/home/vinayak/ws_moveit2/install/moveit_ros_occupancy_map_monitor:/home/vinayak/ws_moveit2/install/moveit_resources_prbt_ikfast_manipulator_plugin:/home/vinayak/ws_moveit2/install/moveit_planners_chomp:/home/vinayak/ws_moveit2/install/moveit_kinematics:/home/vinayak/ws_moveit2/install/moveit_chomp_optimizer_adapter:/home/vinayak/ws_moveit2/install/chomp_motion_planner:/home/vinayak/ws_moveit2/install/moveit_core:/home/vinayak/ws_moveit2/install/srdfdom:/home/vinayak/ws_moveit2/install/rviz_marker_tools:/home/vinayak/ws_moveit2/install/rosparam_shortcuts:/home/vinayak/ws_moveit2/install/moveit_task_constructor_msgs:/home/vinayak/ws_moveit2/install/moveit_resources_prbt_support:/home/vinayak/ws_moveit2/install/moveit_resources:/home/vinayak/ws_moveit2/install/moveit_resources_pr2_description:/home/vinayak/ws_moveit2/install/moveit_resources_panda_moveit_config:/home/vinayak/ws_moveit2/install/moveit_resources_panda_description:/home/vinayak/ws_moveit2/install/moveit_resources_fanuc_moveit_config:/home/vinayak/ws_moveit2/install/moveit_resources_fanuc_description:/home/vinayak/ws_moveit2/install/moveit_common:/opt/ros/humble CMAKE_PREFIX_PATH=/home/vinayak/ws_moveit2/install/moveit_planners:/home/vinayak/ws_moveit2/install/pilz_industrial_motion_planner:/home/vinayak/ws_moveit2/install/moveit_resources_prbt_pg70_support:/home/vinayak/ws_moveit2/install/moveit_ros_planning_interface:/home/vinayak/ws_moveit2/install/moveit_resources_prbt_moveit_config:/home/vinayak/ws_moveit2/install/moveit_ros_move_group:/home/vinayak/ws_moveit2/install/moveit_ros_warehouse:/home/vinayak/ws_moveit2/install/moveit_planners_ompl:/home/vinayak/ws_moveit2/install/moveit_kinematics:/home/vinayak/ws_moveit2/install/moveit_ros_planning:/home/vinayak/ws_moveit2/install/pilz_industrial_motion_planner_testutils:/home/vinayak/ws_moveit2/install/moveit_simple_controller_manager:/home/vinayak/ws_moveit2/install/moveit_ros_occupancy_map_monitor:/home/vinayak/ws_moveit2/install/moveit_resources_prbt_ikfast_manipulator_plugin:/home/vinayak/ws_moveit2/install/moveit_core:/home/vinayak/ws_moveit2/install/rviz_marker_tools:/home/vinayak/ws_moveit2/install/moveit_resources_panda_moveit_config:/home/vinayak/ws_moveit2/install/moveit_resources_fanuc_moveit_config:/home/vinayak/ws_moveit2/install/srdfdom:/home/vinayak/ws_moveit2/install/moveit_task_constructor_msgs:/home/vinayak/ws_moveit2/install/moveit_resources_prbt_support:/home/vinayak/ws_moveit2/install/moveit_resources_pr2_description:/home/vinayak/ws_moveit2/install/moveit_resources_panda_description:/home/vinayak/ws_moveit2/install/moveit_resources_fanuc_description:/home/vinayak/ws_moveit2/install/moveit_common:/home/vinayak/ws_moveit2/install/ur_calibration:/home/vinayak/ws_moveit2/install/ur_robot_driver:/home/vinayak/ws_moveit2/install/ur_bringup:/home/vinayak/ws_moveit2/install/ur_controllers:/home/vinayak/ws_moveit2/install/ur_dashboard_msgs:/home/vinayak/ws_moveit2/install/ur3e:/home/vinayak/ws_moveit2/install/moveit_ros_control_interface:/home/vinayak/ws_moveit2/install/moveit_plugins:/home/vinayak/ws_moveit2/install/moveit_planners_chomp:/home/vinayak/ws_moveit2/install/moveit_chomp_optimizer_adapter:/home/vinayak/ws_moveit2/install/chomp_motion_planner:/home/vinayak/ws_moveit2/install/rosparam_shortcuts:/home/vinayak/ws_moveit2/install/moveit_resources:/home/vinayak/ws_moveit2/install/ur3e_motion_package:/home/vinayak/ws_moveit2/install/moveit_configs_utils:/home/vinayak/ws_moveit2/install/launch_param_builder:/opt/ros/humble LD_LIBRARY_PATH=/home/vinayak/ws_moveit2/install/pilz_industrial_motion_planner/lib:/home/vinayak/ws_moveit2/install/moveit_ros_planning_interface/lib:/home/vinayak/ws_moveit2/install/moveit_ros_move_group/lib:/home/vinayak/ws_moveit2/install/moveit_ros_warehouse/lib:/home/vinayak/ws_moveit2/install/moveit_planners_ompl/lib:/home/vinayak/ws_moveit2/install/moveit_kinematics/lib:/home/vinayak/ws_moveit2/install/moveit_ros_planning/lib:/home/vinayak/ws_moveit2/install/pilz_industrial_motion_planner_testutils/lib:/home/vinayak/ws_moveit2/install/moveit_simple_controller_manager/lib:/home/vinayak/ws_moveit2/install/moveit_ros_occupancy_map_monitor/lib:/home/vinayak/ws_moveit2/install/moveit_resources_prbt_ikfast_manipulator_plugin/lib:/home/vinayak/ws_moveit2/install/moveit_core/lib:/home/vinayak/ws_moveit2/install/rviz_marker_tools/lib:/home/vinayak/ws_moveit2/install/srdfdom/lib:/home/vinayak/ws_moveit2/install/moveit_task_constructor_msgs/lib:/home/vinayak/ws_moveit2/install/ur_robot_driver/lib:/home/vinayak/ws_moveit2/install/ur_controllers/lib:/home/vinayak/ws_moveit2/install/ur_dashboard_msgs/lib:/home/vinayak/ws_moveit2/install/moveit_ros_control_interface/lib:/home/vinayak/ws_moveit2/install/moveit_planners_chomp/lib:/home/vinayak/ws_moveit2/install/moveit_chomp_optimizer_adapter/lib:/home/vinayak/ws_moveit2/install/chomp_motion_planner/lib:/home/vinayak/ws_moveit2/install/rosparam_shortcuts/lib:/usr/lib/x86_64-linux-gnu/gazebo-11/plugins:/opt/ros/humble/opt/rviz_ogre_vendor/lib:/opt/ros/humble/lib/x86_64-linux-gnu:/opt/ros/humble/lib:/usr/local/cuda-12.4/lib64 PATH=/home/vinayak/ws_moveit2/install/moveit_core/bin:/home/vinayak/ws_moveit2/install/ur_robot_driver/bin:/opt/ros/humble/bin:/usr/local/cuda-12.4/bin:/home/vinayak/.local/bin:/usr/local/sbin:/usr/local/bin:/usr/sbin:/usr/bin:/sbin:/bin:/usr/games:/usr/local/games:/snap/bin:/snap/bin PYTHONPATH=/home/vinayak/ws_moveit2/install/moveit_configs_utils/lib/python3.10/site-packages:/home/vinayak/ws_moveit2/install/launch_param_builder/lib/python3.10/site-packages:/home/vinayak/ws_moveit2/install/ur_robot_driver/local/lib/python3.10/dist-packages:/home/vinayak/ws_moveit2/install/ur_dashboard_msgs/local/lib/python3.10/dist-packages:/home/vinayak/ws_moveit2/install/ur3e_motion_package/lib/python3.10/site-packages:/home/vinayak/ws_moveit2/install/srdfdom/local/lib/python3.10/dist-packages:/home/vinayak/ws_moveit2/install/moveit_task_constructor_msgs/local/lib/python3.10/dist-packages:/opt/ros/humble/lib/python3.10/site-packages:/opt/ros/humble/local/lib/python3.10/dist-packages /usr/bin/cmake --install /home/vinayak/ws_moveit2/build/moveit_task_constructor_core
