[0.691s] Invoking command in '/home/vinayak/ws_moveit2/src/launch_param_builder': PYTHONPATH=/home/vinayak/ws_moveit2/build/launch_param_builder/prefix_override:/usr/lib/python3/dist-packages/colcon_core/task/python/colcon_distutils_commands:/home/vinayak/ws_moveit2/install/launch_param_builder/lib/python3.10/site-packages:${PYTHONPATH} /usr/bin/python3 -W ignore:setup.py install is deprecated -W ignore:easy_install command is deprecated setup.py egg_info --egg-base ../../build/launch_param_builder build --build-base /home/vinayak/ws_moveit2/build/launch_param_builder/build install --record /home/vinayak/ws_moveit2/build/launch_param_builder/install.log --single-version-externally-managed install_data
[0.955s] running egg_info
[0.955s] writing ../../build/launch_param_builder/launch_param_builder.egg-info/PKG-INFO
[0.956s] writing dependency_links to ../../build/launch_param_builder/launch_param_builder.egg-info/dependency_links.txt
[0.956s] writing entry points to ../../build/launch_param_builder/launch_param_builder.egg-info/entry_points.txt
[0.956s] writing requirements to ../../build/launch_param_builder/launch_param_builder.egg-info/requires.txt
[0.956s] writing top-level names to ../../build/launch_param_builder/launch_param_builder.egg-info/top_level.txt
[0.958s] reading manifest file '../../build/launch_param_builder/launch_param_builder.egg-info/SOURCES.txt'
[0.958s] adding license file 'LICENSE'
[0.958s] writing manifest file '../../build/launch_param_builder/launch_param_builder.egg-info/SOURCES.txt'
[0.959s] running build
[0.959s] running build_py
[0.959s] running install
[0.959s] running install_lib
[0.960s] running install_data
[0.960s] running install_egg_info
[0.962s] removing '/home/vinayak/ws_moveit2/install/launch_param_builder/lib/python3.10/site-packages/launch_param_builder-0.1.1-py3.10.egg-info' (and everything under it)
[0.962s] Copying ../../build/launch_param_builder/launch_param_builder.egg-info to /home/vinayak/ws_moveit2/install/launch_param_builder/lib/python3.10/site-packages/launch_param_builder-0.1.1-py3.10.egg-info
[0.963s] running install_scripts
[0.982s] writing list of installed files to '/home/vinayak/ws_moveit2/build/launch_param_builder/install.log'
[1.003s] Invoked command in '/home/vinayak/ws_moveit2/src/launch_param_builder' returned '0': PYTHONPATH=/home/vinayak/ws_moveit2/build/launch_param_builder/prefix_override:/usr/lib/python3/dist-packages/colcon_core/task/python/colcon_distutils_commands:/home/vinayak/ws_moveit2/install/launch_param_builder/lib/python3.10/site-packages:${PYTHONPATH} /usr/bin/python3 -W ignore:setup.py install is deprecated -W ignore:easy_install command is deprecated setup.py egg_info --egg-base ../../build/launch_param_builder build --build-base /home/vinayak/ws_moveit2/build/launch_param_builder/build install --record /home/vinayak/ws_moveit2/build/launch_param_builder/install.log --single-version-externally-managed install_data
