/home/vinayak/ws_moveit2/install/ur3e_rl/lib/python3.10/site-packages/ur3e_rl/test.py
/home/vinayak/ws_moveit2/install/ur3e_rl/lib/python3.10/site-packages/ur3e_rl/ur3e_env.py
/home/vinayak/ws_moveit2/install/ur3e_rl/lib/python3.10/site-packages/ur3e_rl/ur3e_motion.py
/home/vinayak/ws_moveit2/install/ur3e_rl/lib/python3.10/site-packages/ur3e_rl/train.py
/home/vinayak/ws_moveit2/install/ur3e_rl/lib/python3.10/site-packages/ur3e_rl/__init__.py
/home/vinayak/ws_moveit2/install/ur3e_rl/lib/python3.10/site-packages/ur3e_rl/__pycache__/test.cpython-310.pyc
/home/vinayak/ws_moveit2/install/ur3e_rl/lib/python3.10/site-packages/ur3e_rl/__pycache__/ur3e_env.cpython-310.pyc
/home/vinayak/ws_moveit2/install/ur3e_rl/lib/python3.10/site-packages/ur3e_rl/__pycache__/ur3e_motion.cpython-310.pyc
/home/vinayak/ws_moveit2/install/ur3e_rl/lib/python3.10/site-packages/ur3e_rl/__pycache__/train.cpython-310.pyc
/home/vinayak/ws_moveit2/install/ur3e_rl/lib/python3.10/site-packages/ur3e_rl/__pycache__/__init__.cpython-310.pyc
/home/vinayak/ws_moveit2/install/ur3e_rl/share/ament_index/resource_index/packages/ur3e_rl
/home/vinayak/ws_moveit2/install/ur3e_rl/share/ur3e_rl/package.xml
/home/vinayak/ws_moveit2/install/ur3e_rl/lib/python3.10/site-packages/ur3e_rl-0.0.0-py3.10.egg-info/dependency_links.txt
/home/vinayak/ws_moveit2/install/ur3e_rl/lib/python3.10/site-packages/ur3e_rl-0.0.0-py3.10.egg-info/requires.txt
/home/vinayak/ws_moveit2/install/ur3e_rl/lib/python3.10/site-packages/ur3e_rl-0.0.0-py3.10.egg-info/top_level.txt
/home/vinayak/ws_moveit2/install/ur3e_rl/lib/python3.10/site-packages/ur3e_rl-0.0.0-py3.10.egg-info/zip-safe
/home/vinayak/ws_moveit2/install/ur3e_rl/lib/python3.10/site-packages/ur3e_rl-0.0.0-py3.10.egg-info/SOURCES.txt
/home/vinayak/ws_moveit2/install/ur3e_rl/lib/python3.10/site-packages/ur3e_rl-0.0.0-py3.10.egg-info/PKG-INFO
/home/vinayak/ws_moveit2/install/ur3e_rl/lib/python3.10/site-packages/ur3e_rl-0.0.0-py3.10.egg-info/entry_points.txt
/home/vinayak/ws_moveit2/install/ur3e_rl/lib/ur3e_rl/test_rl
/home/vinayak/ws_moveit2/install/ur3e_rl/lib/ur3e_rl/train_rl
/home/vinayak/ws_moveit2/install/ur3e_rl/lib/ur3e_rl/ur3e_motion
