[0.067s] Invoking command in '/home/vinayak/ws_moveit2/build/moveit_common': CMAKE_PREFIX_PATH=${CMAKE_PREFIX_PATH}:/home/vinayak/ws_moveit2/install/ur3e_motion_package:/home/vinayak/ws_moveit2/install/moveit_configs_utils:/home/vinayak/ws_moveit2/install/launch_param_builder:/opt/ros/humble /usr/bin/cmake --build /home/vinayak/ws_moveit2/build/moveit_common -- -j8 -l8
[0.436s] Invoked command in '/home/vinayak/ws_moveit2/build/moveit_common' returned '0': CMAKE_PREFIX_PATH=${CMAKE_PREFIX_PATH}:/home/vinayak/ws_moveit2/install/ur3e_motion_package:/home/vinayak/ws_moveit2/install/moveit_configs_utils:/home/vinayak/ws_moveit2/install/launch_param_builder:/opt/ros/humble /usr/bin/cmake --build /home/vinayak/ws_moveit2/build/moveit_common -- -j8 -l8
[0.438s] Invoking command in '/home/vinayak/ws_moveit2/build/moveit_common': CMAKE_PREFIX_PATH=${CMAKE_PREFIX_PATH}:/home/vinayak/ws_moveit2/install/ur3e_motion_package:/home/vinayak/ws_moveit2/install/moveit_configs_utils:/home/vinayak/ws_moveit2/install/launch_param_builder:/opt/ros/humble /usr/bin/cmake --install /home/vinayak/ws_moveit2/build/moveit_common
[0.495s] -- Install configuration: ""
[0.495s] -- Up-to-date: /home/vinayak/ws_moveit2/install/moveit_common/share/ament_index/resource_index/package_run_dependencies/moveit_common
[0.495s] -- Up-to-date: /home/vinayak/ws_moveit2/install/moveit_common/share/ament_index/resource_index/parent_prefix_path/moveit_common
[0.495s] -- Up-to-date: /home/vinayak/ws_moveit2/install/moveit_common/share/moveit_common/environment/ament_prefix_path.sh
[0.495s] -- Up-to-date: /home/vinayak/ws_moveit2/install/moveit_common/share/moveit_common/environment/ament_prefix_path.dsv
[0.495s] -- Up-to-date: /home/vinayak/ws_moveit2/install/moveit_common/share/moveit_common/environment/path.sh
[0.496s] -- Up-to-date: /home/vinayak/ws_moveit2/install/moveit_common/share/moveit_common/environment/path.dsv
[0.496s] -- Up-to-date: /home/vinayak/ws_moveit2/install/moveit_common/share/moveit_common/local_setup.bash
[0.496s] -- Up-to-date: /home/vinayak/ws_moveit2/install/moveit_common/share/moveit_common/local_setup.sh
[0.496s] -- Up-to-date: /home/vinayak/ws_moveit2/install/moveit_common/share/moveit_common/local_setup.zsh
[0.496s] -- Up-to-date: /home/vinayak/ws_moveit2/install/moveit_common/share/moveit_common/local_setup.dsv
[0.496s] -- Installing: /home/vinayak/ws_moveit2/install/moveit_common/share/moveit_common/package.dsv
[0.497s] -- Up-to-date: /home/vinayak/ws_moveit2/install/moveit_common/share/ament_index/resource_index/packages/moveit_common
[0.497s] -- Up-to-date: /home/vinayak/ws_moveit2/install/moveit_common/share/moveit_common/cmake/moveit_common-extras.cmake
[0.497s] -- Up-to-date: /home/vinayak/ws_moveit2/install/moveit_common/share/moveit_common/cmake/moveit_commonConfig.cmake
[0.497s] -- Up-to-date: /home/vinayak/ws_moveit2/install/moveit_common/share/moveit_common/cmake/moveit_commonConfig-version.cmake
[0.497s] -- Up-to-date: /home/vinayak/ws_moveit2/install/moveit_common/share/moveit_common/package.xml
[0.497s] -- Up-to-date: /home/vinayak/ws_moveit2/install/moveit_common/share/moveit_common/cmake
[0.498s] -- Up-to-date: /home/vinayak/ws_moveit2/install/moveit_common/share/moveit_common/cmake/moveit_package.cmake
[0.531s] Invoked command in '/home/vinayak/ws_moveit2/build/moveit_common' returned '0': CMAKE_PREFIX_PATH=${CMAKE_PREFIX_PATH}:/home/vinayak/ws_moveit2/install/ur3e_motion_package:/home/vinayak/ws_moveit2/install/moveit_configs_utils:/home/vinayak/ws_moveit2/install/launch_param_builder:/opt/ros/humble /usr/bin/cmake --install /home/vinayak/ws_moveit2/build/moveit_common
