[0.391s] Invoking command in '/home/vinayak/ws_moveit2/build/moveit_resources_fanuc_description': CMAKE_PREFIX_PATH=${CMAKE_PREFIX_PATH}:/home/vinayak/ws_moveit2/install/ur3e_rl:/home/vinayak/ws_moveit2/install/ur3e_motion_package:/home/vinayak/ws_moveit2/install/moveit_configs_utils:/home/vinayak/ws_moveit2/install/launch_param_builder:/opt/ros/humble /usr/bin/cmake /home/vinayak/ws_moveit2/src/moveit_resources/fanuc_description -DCMAKE_INSTALL_PREFIX=/home/vinayak/ws_moveit2/install/moveit_resources_fanuc_description
[0.499s] -- The C compiler identification is GNU 11.4.0
[0.599s] -- The CXX compiler identification is GNU 11.4.0
[0.614s] -- Detecting C compiler ABI info
[0.742s] -- Detecting C compiler ABI info - done
[0.758s] -- Check for working C compiler: /usr/bin/cc - skipped
[0.758s] -- Detecting C compile features
[0.759s] -- Detecting C compile features - done
[0.764s] -- Detecting CXX compiler ABI info
[0.898s] -- Detecting CXX compiler ABI info - done
[0.907s] -- Check for working CXX compiler: /usr/bin/c++ - skipped
[0.911s] -- Detecting CXX compile features
[0.911s] -- Detecting CXX compile features - done
[0.912s] -- Found ament_cmake: 1.3.11 (/opt/ros/humble/share/ament_cmake/cmake)
[1.187s] -- Found Python3: /usr/bin/python3 (found version "3.10.12") found components: Interpreter 
[1.474s] -- Configuring done
[1.474s] -- Generating done
[1.477s] -- Build files have been written to: /home/vinayak/ws_moveit2/build/moveit_resources_fanuc_description
[1.483s] Invoked command in '/home/vinayak/ws_moveit2/build/moveit_resources_fanuc_description' returned '0': CMAKE_PREFIX_PATH=${CMAKE_PREFIX_PATH}:/home/vinayak/ws_moveit2/install/ur3e_rl:/home/vinayak/ws_moveit2/install/ur3e_motion_package:/home/vinayak/ws_moveit2/install/moveit_configs_utils:/home/vinayak/ws_moveit2/install/launch_param_builder:/opt/ros/humble /usr/bin/cmake /home/vinayak/ws_moveit2/src/moveit_resources/fanuc_description -DCMAKE_INSTALL_PREFIX=/home/vinayak/ws_moveit2/install/moveit_resources_fanuc_description
[1.489s] Invoking command in '/home/vinayak/ws_moveit2/build/moveit_resources_fanuc_description': CMAKE_PREFIX_PATH=${CMAKE_PREFIX_PATH}:/home/vinayak/ws_moveit2/install/ur3e_rl:/home/vinayak/ws_moveit2/install/ur3e_motion_package:/home/vinayak/ws_moveit2/install/moveit_configs_utils:/home/vinayak/ws_moveit2/install/launch_param_builder:/opt/ros/humble /usr/bin/cmake --build /home/vinayak/ws_moveit2/build/moveit_resources_fanuc_description -- -j8 -l8
[1.553s] Invoked command in '/home/vinayak/ws_moveit2/build/moveit_resources_fanuc_description' returned '0': CMAKE_PREFIX_PATH=${CMAKE_PREFIX_PATH}:/home/vinayak/ws_moveit2/install/ur3e_rl:/home/vinayak/ws_moveit2/install/ur3e_motion_package:/home/vinayak/ws_moveit2/install/moveit_configs_utils:/home/vinayak/ws_moveit2/install/launch_param_builder:/opt/ros/humble /usr/bin/cmake --build /home/vinayak/ws_moveit2/build/moveit_resources_fanuc_description -- -j8 -l8
[1.554s] Invoking command in '/home/vinayak/ws_moveit2/build/moveit_resources_fanuc_description': CMAKE_PREFIX_PATH=${CMAKE_PREFIX_PATH}:/home/vinayak/ws_moveit2/install/ur3e_rl:/home/vinayak/ws_moveit2/install/ur3e_motion_package:/home/vinayak/ws_moveit2/install/moveit_configs_utils:/home/vinayak/ws_moveit2/install/launch_param_builder:/opt/ros/humble /usr/bin/cmake --install /home/vinayak/ws_moveit2/build/moveit_resources_fanuc_description
[1.568s] -- Install configuration: ""
[1.568s] -- Installing: /home/vinayak/ws_moveit2/install/moveit_resources_fanuc_description/share/ament_index/resource_index/package_run_dependencies/moveit_resources_fanuc_description
[1.571s] -- Installing: /home/vinayak/ws_moveit2/install/moveit_resources_fanuc_description/share/ament_index/resource_index/parent_prefix_path/moveit_resources_fanuc_description
[1.571s] -- Installing: /home/vinayak/ws_moveit2/install/moveit_resources_fanuc_description/share/moveit_resources_fanuc_description/environment/ament_prefix_path.sh
[1.572s] -- Installing: /home/vinayak/ws_moveit2/install/moveit_resources_fanuc_description/share/moveit_resources_fanuc_description/environment/ament_prefix_path.dsv
[1.572s] -- Installing: /home/vinayak/ws_moveit2/install/moveit_resources_fanuc_description/share/moveit_resources_fanuc_description/environment/path.sh
[1.572s] -- Installing: /home/vinayak/ws_moveit2/install/moveit_resources_fanuc_description/share/moveit_resources_fanuc_description/environment/path.dsv
[1.573s] -- Installing: /home/vinayak/ws_moveit2/install/moveit_resources_fanuc_description/share/moveit_resources_fanuc_description/local_setup.bash
[1.573s] -- Installing: /home/vinayak/ws_moveit2/install/moveit_resources_fanuc_description/share/moveit_resources_fanuc_description/local_setup.sh
[1.573s] -- Installing: /home/vinayak/ws_moveit2/install/moveit_resources_fanuc_description/share/moveit_resources_fanuc_description/local_setup.zsh
[1.573s] -- Installing: /home/vinayak/ws_moveit2/install/moveit_resources_fanuc_description/share/moveit_resources_fanuc_description/local_setup.dsv
[1.573s] -- Installing: /home/vinayak/ws_moveit2/install/moveit_resources_fanuc_description/share/moveit_resources_fanuc_description/package.dsv
[1.573s] -- Installing: /home/vinayak/ws_moveit2/install/moveit_resources_fanuc_description/share/ament_index/resource_index/packages/moveit_resources_fanuc_description
[1.573s] -- Installing: /home/vinayak/ws_moveit2/install/moveit_resources_fanuc_description/share/moveit_resources_fanuc_description/cmake/moveit_resources_fanuc_descriptionConfig.cmake
[1.573s] -- Installing: /home/vinayak/ws_moveit2/install/moveit_resources_fanuc_description/share/moveit_resources_fanuc_description/cmake/moveit_resources_fanuc_descriptionConfig-version.cmake
[1.574s] -- Installing: /home/vinayak/ws_moveit2/install/moveit_resources_fanuc_description/share/moveit_resources_fanuc_description/package.xml
[1.574s] -- Installing: /home/vinayak/ws_moveit2/install/moveit_resources_fanuc_description/share/moveit_resources_fanuc_description/meshes
[1.574s] -- Installing: /home/vinayak/ws_moveit2/install/moveit_resources_fanuc_description/share/moveit_resources_fanuc_description/meshes/visual
[1.574s] -- Installing: /home/vinayak/ws_moveit2/install/moveit_resources_fanuc_description/share/moveit_resources_fanuc_description/meshes/visual/link_5.stl
[1.575s] -- Installing: /home/vinayak/ws_moveit2/install/moveit_resources_fanuc_description/share/moveit_resources_fanuc_description/meshes/visual/base_link.stl
[1.576s] -- Installing: /home/vinayak/ws_moveit2/install/moveit_resources_fanuc_description/share/moveit_resources_fanuc_description/meshes/visual/link_2.stl
[1.577s] -- Installing: /home/vinayak/ws_moveit2/install/moveit_resources_fanuc_description/share/moveit_resources_fanuc_description/meshes/visual/link_1.stl
[1.578s] -- Installing: /home/vinayak/ws_moveit2/install/moveit_resources_fanuc_description/share/moveit_resources_fanuc_description/meshes/visual/link_3.stl
[1.578s] -- Installing: /home/vinayak/ws_moveit2/install/moveit_resources_fanuc_description/share/moveit_resources_fanuc_description/meshes/visual/link_6.stl
[1.579s] -- Installing: /home/vinayak/ws_moveit2/install/moveit_resources_fanuc_description/share/moveit_resources_fanuc_description/meshes/visual/link_4.stl
[1.581s] -- Installing: /home/vinayak/ws_moveit2/install/moveit_resources_fanuc_description/share/moveit_resources_fanuc_description/meshes/collision
[1.581s] -- Installing: /home/vinayak/ws_moveit2/install/moveit_resources_fanuc_description/share/moveit_resources_fanuc_description/meshes/collision/link_5.stl
[1.582s] -- Installing: /home/vinayak/ws_moveit2/install/moveit_resources_fanuc_description/share/moveit_resources_fanuc_description/meshes/collision/base_link.stl
[1.582s] -- Installing: /home/vinayak/ws_moveit2/install/moveit_resources_fanuc_description/share/moveit_resources_fanuc_description/meshes/collision/link_2.stl
[1.583s] -- Installing: /home/vinayak/ws_moveit2/install/moveit_resources_fanuc_description/share/moveit_resources_fanuc_description/meshes/collision/link_1.stl
[1.586s] -- Installing: /home/vinayak/ws_moveit2/install/moveit_resources_fanuc_description/share/moveit_resources_fanuc_description/meshes/collision/link_3.stl
[1.586s] -- Installing: /home/vinayak/ws_moveit2/install/moveit_resources_fanuc_description/share/moveit_resources_fanuc_description/meshes/collision/link_6.stl
[1.587s] -- Installing: /home/vinayak/ws_moveit2/install/moveit_resources_fanuc_description/share/moveit_resources_fanuc_description/meshes/collision/link_4.stl
[1.587s] -- Installing: /home/vinayak/ws_moveit2/install/moveit_resources_fanuc_description/share/moveit_resources_fanuc_description/urdf
[1.587s] -- Installing: /home/vinayak/ws_moveit2/install/moveit_resources_fanuc_description/share/moveit_resources_fanuc_description/urdf/fanuc.urdf
[1.591s] Invoked command in '/home/vinayak/ws_moveit2/build/moveit_resources_fanuc_description' returned '0': CMAKE_PREFIX_PATH=${CMAKE_PREFIX_PATH}:/home/vinayak/ws_moveit2/install/ur3e_rl:/home/vinayak/ws_moveit2/install/ur3e_motion_package:/home/vinayak/ws_moveit2/install/moveit_configs_utils:/home/vinayak/ws_moveit2/install/launch_param_builder:/opt/ros/humble /usr/bin/cmake --install /home/vinayak/ws_moveit2/build/moveit_resources_fanuc_description
