[0.028s] Invoking command in '/home/vinayak/ws_moveit2/build/chomp_motion_planner': AMENT_PREFIX_PATH=/home/vinayak/ws_moveit2/install/moveit_core:/home/vinayak/ws_moveit2/install/moveit_resources_panda_moveit_config:/home/vinayak/ws_moveit2/install/srdfdom:/home/vinayak/ws_moveit2/install/moveit_resources_pr2_description:/home/vinayak/ws_moveit2/install/moveit_resources_panda_description:/home/vinayak/ws_moveit2/install/moveit_common:${AMENT_PREFIX_PATH} CMAKE_PREFIX_PATH=/home/vinayak/ws_moveit2/install/moveit_core:/home/vinayak/ws_moveit2/install/moveit_resources_panda_moveit_config:/home/vinayak/ws_moveit2/install/srdfdom:/home/vinayak/ws_moveit2/install/moveit_resources_pr2_description:/home/vinayak/ws_moveit2/install/moveit_resources_panda_description:/home/vinayak/ws_moveit2/install/moveit_common:/opt/ros/humble LD_LIBRARY_PATH=/home/vinayak/ws_moveit2/install/moveit_core/lib:/home/vinayak/ws_moveit2/install/srdfdom/lib:${LD_LIBRARY_PATH} PATH=/home/vinayak/ws_moveit2/install/moveit_core/bin:${PATH} PYTHONPATH=/home/vinayak/ws_moveit2/install/srdfdom/local/lib/python3.10/dist-packages:${PYTHONPATH} /usr/bin/cmake --build /home/vinayak/ws_moveit2/build/chomp_motion_planner -- -j8 -l8
[0.153s] [100%] Built target chomp_motion_planner
[0.171s] Invoked command in '/home/vinayak/ws_moveit2/build/chomp_motion_planner' returned '0': AMENT_PREFIX_PATH=/home/vinayak/ws_moveit2/install/moveit_core:/home/vinayak/ws_moveit2/install/moveit_resources_panda_moveit_config:/home/vinayak/ws_moveit2/install/srdfdom:/home/vinayak/ws_moveit2/install/moveit_resources_pr2_description:/home/vinayak/ws_moveit2/install/moveit_resources_panda_description:/home/vinayak/ws_moveit2/install/moveit_common:${AMENT_PREFIX_PATH} CMAKE_PREFIX_PATH=/home/vinayak/ws_moveit2/install/moveit_core:/home/vinayak/ws_moveit2/install/moveit_resources_panda_moveit_config:/home/vinayak/ws_moveit2/install/srdfdom:/home/vinayak/ws_moveit2/install/moveit_resources_pr2_description:/home/vinayak/ws_moveit2/install/moveit_resources_panda_description:/home/vinayak/ws_moveit2/install/moveit_common:/opt/ros/humble LD_LIBRARY_PATH=/home/vinayak/ws_moveit2/install/moveit_core/lib:/home/vinayak/ws_moveit2/install/srdfdom/lib:${LD_LIBRARY_PATH} PATH=/home/vinayak/ws_moveit2/install/moveit_core/bin:${PATH} PYTHONPATH=/home/vinayak/ws_moveit2/install/srdfdom/local/lib/python3.10/dist-packages:${PYTHONPATH} /usr/bin/cmake --build /home/vinayak/ws_moveit2/build/chomp_motion_planner -- -j8 -l8
[0.174s] Invoking command in '/home/vinayak/ws_moveit2/build/chomp_motion_planner': AMENT_PREFIX_PATH=/home/vinayak/ws_moveit2/install/moveit_core:/home/vinayak/ws_moveit2/install/moveit_resources_panda_moveit_config:/home/vinayak/ws_moveit2/install/srdfdom:/home/vinayak/ws_moveit2/install/moveit_resources_pr2_description:/home/vinayak/ws_moveit2/install/moveit_resources_panda_description:/home/vinayak/ws_moveit2/install/moveit_common:${AMENT_PREFIX_PATH} CMAKE_PREFIX_PATH=/home/vinayak/ws_moveit2/install/moveit_core:/home/vinayak/ws_moveit2/install/moveit_resources_panda_moveit_config:/home/vinayak/ws_moveit2/install/srdfdom:/home/vinayak/ws_moveit2/install/moveit_resources_pr2_description:/home/vinayak/ws_moveit2/install/moveit_resources_panda_description:/home/vinayak/ws_moveit2/install/moveit_common:/opt/ros/humble LD_LIBRARY_PATH=/home/vinayak/ws_moveit2/install/moveit_core/lib:/home/vinayak/ws_moveit2/install/srdfdom/lib:${LD_LIBRARY_PATH} PATH=/home/vinayak/ws_moveit2/install/moveit_core/bin:${PATH} PYTHONPATH=/home/vinayak/ws_moveit2/install/srdfdom/local/lib/python3.10/dist-packages:${PYTHONPATH} /usr/bin/cmake --install /home/vinayak/ws_moveit2/build/chomp_motion_planner
[0.185s] -- Install configuration: "Release"
[0.186s] -- Up-to-date: /home/vinayak/ws_moveit2/install/chomp_motion_planner/lib/libchomp_motion_planner.so.2.5.6
[0.186s] -- Up-to-date: /home/vinayak/ws_moveit2/install/chomp_motion_planner/lib/libchomp_motion_planner.so
[0.188s] -- Up-to-date: /home/vinayak/ws_moveit2/install/chomp_motion_planner/include
[0.189s] -- Up-to-date: /home/vinayak/ws_moveit2/install/chomp_motion_planner/include/chomp_motion_planner
[0.189s] -- Up-to-date: /home/vinayak/ws_moveit2/install/chomp_motion_planner/include/chomp_motion_planner/chomp_parameters.h
[0.189s] -- Up-to-date: /home/vinayak/ws_moveit2/install/chomp_motion_planner/include/chomp_motion_planner/chomp_optimizer.h
[0.189s] -- Up-to-date: /home/vinayak/ws_moveit2/install/chomp_motion_planner/include/chomp_motion_planner/chomp_cost.h
[0.189s] -- Up-to-date: /home/vinayak/ws_moveit2/install/chomp_motion_planner/include/chomp_motion_planner/chomp_planner.h
[0.189s] -- Up-to-date: /home/vinayak/ws_moveit2/install/chomp_motion_planner/include/chomp_motion_planner/chomp_utils.h
[0.189s] -- Up-to-date: /home/vinayak/ws_moveit2/install/chomp_motion_planner/include/chomp_motion_planner/multivariate_gaussian.h
[0.190s] -- Up-to-date: /home/vinayak/ws_moveit2/install/chomp_motion_planner/include/chomp_motion_planner/chomp_trajectory.h
[0.190s] -- Up-to-date: /home/vinayak/ws_moveit2/install/chomp_motion_planner/share/chomp_motion_planner/environment/library_path.sh
[0.191s] -- Up-to-date: /home/vinayak/ws_moveit2/install/chomp_motion_planner/share/chomp_motion_planner/environment/library_path.dsv
[0.191s] -- Up-to-date: /home/vinayak/ws_moveit2/install/chomp_motion_planner/share/ament_index/resource_index/package_run_dependencies/chomp_motion_planner
[0.191s] -- Up-to-date: /home/vinayak/ws_moveit2/install/chomp_motion_planner/share/ament_index/resource_index/parent_prefix_path/chomp_motion_planner
[0.192s] -- Up-to-date: /home/vinayak/ws_moveit2/install/chomp_motion_planner/share/chomp_motion_planner/environment/ament_prefix_path.sh
[0.193s] -- Up-to-date: /home/vinayak/ws_moveit2/install/chomp_motion_planner/share/chomp_motion_planner/environment/ament_prefix_path.dsv
[0.193s] -- Up-to-date: /home/vinayak/ws_moveit2/install/chomp_motion_planner/share/chomp_motion_planner/environment/path.sh
[0.193s] -- Up-to-date: /home/vinayak/ws_moveit2/install/chomp_motion_planner/share/chomp_motion_planner/environment/path.dsv
[0.194s] -- Up-to-date: /home/vinayak/ws_moveit2/install/chomp_motion_planner/share/chomp_motion_planner/local_setup.bash
[0.194s] -- Up-to-date: /home/vinayak/ws_moveit2/install/chomp_motion_planner/share/chomp_motion_planner/local_setup.sh
[0.194s] -- Up-to-date: /home/vinayak/ws_moveit2/install/chomp_motion_planner/share/chomp_motion_planner/local_setup.zsh
[0.194s] -- Up-to-date: /home/vinayak/ws_moveit2/install/chomp_motion_planner/share/chomp_motion_planner/local_setup.dsv
[0.194s] -- Installing: /home/vinayak/ws_moveit2/install/chomp_motion_planner/share/chomp_motion_planner/package.dsv
[0.194s] -- Up-to-date: /home/vinayak/ws_moveit2/install/chomp_motion_planner/share/ament_index/resource_index/packages/chomp_motion_planner
[0.194s] -- Up-to-date: /home/vinayak/ws_moveit2/install/chomp_motion_planner/share/chomp_motion_planner/cmake/chomp_motion_plannerTargetsExport.cmake
[0.196s] -- Up-to-date: /home/vinayak/ws_moveit2/install/chomp_motion_planner/share/chomp_motion_planner/cmake/chomp_motion_plannerTargetsExport-release.cmake
[0.196s] -- Up-to-date: /home/vinayak/ws_moveit2/install/chomp_motion_planner/share/chomp_motion_planner/cmake/ament_cmake_export_targets-extras.cmake
[0.196s] -- Up-to-date: /home/vinayak/ws_moveit2/install/chomp_motion_planner/share/chomp_motion_planner/cmake/chomp_motion_plannerConfig.cmake
[0.197s] -- Up-to-date: /home/vinayak/ws_moveit2/install/chomp_motion_planner/share/chomp_motion_planner/cmake/chomp_motion_plannerConfig-version.cmake
[0.197s] -- Up-to-date: /home/vinayak/ws_moveit2/install/chomp_motion_planner/share/chomp_motion_planner/package.xml
[0.197s] Invoked command in '/home/vinayak/ws_moveit2/build/chomp_motion_planner' returned '0': AMENT_PREFIX_PATH=/home/vinayak/ws_moveit2/install/moveit_core:/home/vinayak/ws_moveit2/install/moveit_resources_panda_moveit_config:/home/vinayak/ws_moveit2/install/srdfdom:/home/vinayak/ws_moveit2/install/moveit_resources_pr2_description:/home/vinayak/ws_moveit2/install/moveit_resources_panda_description:/home/vinayak/ws_moveit2/install/moveit_common:${AMENT_PREFIX_PATH} CMAKE_PREFIX_PATH=/home/vinayak/ws_moveit2/install/moveit_core:/home/vinayak/ws_moveit2/install/moveit_resources_panda_moveit_config:/home/vinayak/ws_moveit2/install/srdfdom:/home/vinayak/ws_moveit2/install/moveit_resources_pr2_description:/home/vinayak/ws_moveit2/install/moveit_resources_panda_description:/home/vinayak/ws_moveit2/install/moveit_common:/opt/ros/humble LD_LIBRARY_PATH=/home/vinayak/ws_moveit2/install/moveit_core/lib:/home/vinayak/ws_moveit2/install/srdfdom/lib:${LD_LIBRARY_PATH} PATH=/home/vinayak/ws_moveit2/install/moveit_core/bin:${PATH} PYTHONPATH=/home/vinayak/ws_moveit2/install/srdfdom/local/lib/python3.10/dist-packages:${PYTHONPATH} /usr/bin/cmake --install /home/vinayak/ws_moveit2/build/chomp_motion_planner
