[0.852s] Invoking command in '/home/vinayak/ws_moveit2/src/ur3e_rl': PYTHONPATH=/home/vinayak/ws_moveit2/build/ur3e_rl/prefix_override:/usr/lib/python3/dist-packages/colcon_core/task/python/colcon_distutils_commands:/home/vinayak/ws_moveit2/install/ur3e_rl/lib/python3.10/site-packages:${PYTHONPATH} /usr/bin/python3 -W ignore:setup.py install is deprecated -W ignore:easy_install command is deprecated setup.py egg_info --egg-base ../../build/ur3e_rl build --build-base /home/vinayak/ws_moveit2/build/ur3e_rl/build install --record /home/vinayak/ws_moveit2/build/ur3e_rl/install.log --single-version-externally-managed install_data
[1.182s] running egg_info
[1.183s] writing ../../build/ur3e_rl/ur3e_rl.egg-info/PKG-INFO
[1.183s] writing dependency_links to ../../build/ur3e_rl/ur3e_rl.egg-info/dependency_links.txt
[1.183s] writing entry points to ../../build/ur3e_rl/ur3e_rl.egg-info/entry_points.txt
[1.183s] writing requirements to ../../build/ur3e_rl/ur3e_rl.egg-info/requires.txt
[1.184s] writing top-level names to ../../build/ur3e_rl/ur3e_rl.egg-info/top_level.txt
[1.186s] reading manifest file '../../build/ur3e_rl/ur3e_rl.egg-info/SOURCES.txt'
[1.187s] writing manifest file '../../build/ur3e_rl/ur3e_rl.egg-info/SOURCES.txt'
[1.187s] running build
[1.187s] running build_py
[1.187s] copying ur3e_rl/test.py -> /home/vinayak/ws_moveit2/build/ur3e_rl/build/lib/ur3e_rl
[1.187s] copying ur3e_rl/ur3e_env.py -> /home/vinayak/ws_moveit2/build/ur3e_rl/build/lib/ur3e_rl
[1.188s] running install
[1.188s] running install_lib
[1.189s] copying /home/vinayak/ws_moveit2/build/ur3e_rl/build/lib/ur3e_rl/test.py -> /home/vinayak/ws_moveit2/install/ur3e_rl/lib/python3.10/site-packages/ur3e_rl
[1.189s] copying /home/vinayak/ws_moveit2/build/ur3e_rl/build/lib/ur3e_rl/ur3e_env.py -> /home/vinayak/ws_moveit2/install/ur3e_rl/lib/python3.10/site-packages/ur3e_rl
[1.190s] byte-compiling /home/vinayak/ws_moveit2/install/ur3e_rl/lib/python3.10/site-packages/ur3e_rl/test.py to test.cpython-310.pyc
[1.191s] byte-compiling /home/vinayak/ws_moveit2/install/ur3e_rl/lib/python3.10/site-packages/ur3e_rl/ur3e_env.py to ur3e_env.cpython-310.pyc
[1.192s] running install_data
[1.192s] running install_egg_info
[1.194s] removing '/home/vinayak/ws_moveit2/install/ur3e_rl/lib/python3.10/site-packages/ur3e_rl-0.0.0-py3.10.egg-info' (and everything under it)
[1.195s] Copying ../../build/ur3e_rl/ur3e_rl.egg-info to /home/vinayak/ws_moveit2/install/ur3e_rl/lib/python3.10/site-packages/ur3e_rl-0.0.0-py3.10.egg-info
[1.195s] running install_scripts
[1.216s] Installing test_rl script to /home/vinayak/ws_moveit2/install/ur3e_rl/lib/ur3e_rl
[1.217s] Installing train_rl script to /home/vinayak/ws_moveit2/install/ur3e_rl/lib/ur3e_rl
[1.217s] Installing ur3e_motion script to /home/vinayak/ws_moveit2/install/ur3e_rl/lib/ur3e_rl
[1.217s] writing list of installed files to '/home/vinayak/ws_moveit2/build/ur3e_rl/install.log'
[1.244s] Invoked command in '/home/vinayak/ws_moveit2/src/ur3e_rl' returned '0': PYTHONPATH=/home/vinayak/ws_moveit2/build/ur3e_rl/prefix_override:/usr/lib/python3/dist-packages/colcon_core/task/python/colcon_distutils_commands:/home/vinayak/ws_moveit2/install/ur3e_rl/lib/python3.10/site-packages:${PYTHONPATH} /usr/bin/python3 -W ignore:setup.py install is deprecated -W ignore:easy_install command is deprecated setup.py egg_info --egg-base ../../build/ur3e_rl build --build-base /home/vinayak/ws_moveit2/build/ur3e_rl/build install --record /home/vinayak/ws_moveit2/build/ur3e_rl/install.log --single-version-externally-managed install_data
