-- The C compiler identification is GNU 11.4.0
-- The CXX compiler identification is GNU 11.4.0
-- Detecting C compiler ABI info
-- Detecting C compiler ABI info - done
-- Check for working C compiler: /usr/bin/cc - skipped
-- Detecting C compile features
-- Detecting C compile features - done
-- Detecting CXX compiler ABI info
-- Detecting CXX compiler ABI info - done
-- Check for working CXX compiler: /usr/bin/c++ - skipped
-- Detecting CXX compile features
-- Detecting CXX compile features - done
-- Found ament_cmake: 1.3.11 (/opt/ros/humble/share/ament_cmake/cmake)
-- Found Python3: /usr/bin/python3 (found version "3.10.12") found components: Interpreter 
-- Found urdf: 2.6.1 (/opt/ros/humble/share/urdf/cmake)
-- Found xacro: 2.0.8 (/opt/ros/humble/share/xacro/cmake)
-- Found robot_state_publisher: 3.0.3 (/opt/ros/humble/share/robot_state_publisher/cmake)
-- Found rosidl_generator_c: 3.1.6 (/opt/ros/humble/share/rosidl_generator_c/cmake)
-- Found rosidl_adapter: 3.1.6 (/opt/ros/humble/share/rosidl_adapter/cmake)
-- Found rosidl_generator_cpp: 3.1.6 (/opt/ros/humble/share/rosidl_generator_cpp/cmake)
-- Using all available rosidl_typesupport_c: rosidl_typesupport_fastrtps_c;rosidl_typesupport_introspection_c
-- Using all available rosidl_typesupport_cpp: rosidl_typesupport_fastrtps_cpp;rosidl_typesupport_introspection_cpp
-- Found eigen3_cmake_module: 0.1.1 (/opt/ros/humble/share/eigen3_cmake_module/cmake)
-- Found Eigen3: TRUE (found version "3.4.0") 
-- Ensuring Eigen3 include directory is part of orocos-kdl CMake target
-- Found rmw_implementation_cmake: 6.1.2 (/opt/ros/humble/share/rmw_implementation_cmake/cmake)
-- Found rmw_fastrtps_cpp: 6.2.7 (/opt/ros/humble/share/rmw_fastrtps_cpp/cmake)
-- Found TinyXML2 via Config file: TinyXML2_DIR-NOTFOUND
-- Found OpenSSL: /usr/lib/x86_64-linux-gnu/libcrypto.so (found version "3.0.2")  
-- Found TinyXML2 via Config file: TinyXML2_DIR-NOTFOUND
-- Found FastRTPS: /opt/ros/humble/include  
-- Found TinyXML2 via Config file: TinyXML2_DIR-NOTFOUND
-- Found TinyXML2 via Config file: TinyXML2_DIR-NOTFOUND
-- Using RMW implementation 'rmw_fastrtps_cpp' as default
-- Looking for pthread.h
-- Looking for pthread.h - found
-- Performing Test CMAKE_HAVE_LIBC_PTHREAD
-- Performing Test CMAKE_HAVE_LIBC_PTHREAD - Success
-- Found Threads: TRUE  
-- Found rviz2: 11.2.16 (/opt/ros/humble/share/rviz2/cmake)
-- Found ament_lint_auto: 0.12.11 (/opt/ros/humble/share/ament_lint_auto/cmake)
-- Added test 'flake8' to check Python code syntax and style conventions
-- Added test 'lint_cmake' to check CMake code style
-- Added test 'pep257' to check Python code against some of the docstring style conventions in PEP 257
-- Added test 'xmllint' to check XML markup files
-- Configuring done
-- Generating done
-- Build files have been written to: /home/vinayak/ws_moveit2/build/ur3e
-- Install configuration: ""
-- Installing: /home/vinayak/ws_moveit2/install/ur3e/share/ur3e/urdf
-- Installing: /home/vinayak/ws_moveit2/install/ur3e/share/ur3e/urdf/ur3e.urdf
-- Installing: /home/vinayak/ws_moveit2/install/ur3e/share/ur3e/meshes
-- Installing: /home/vinayak/ws_moveit2/install/ur3e/share/ur3e/meshes/visual
-- Installing: /home/vinayak/ws_moveit2/install/ur3e/share/ur3e/meshes/visual/wrist2.dae
-- Installing: /home/vinayak/ws_moveit2/install/ur3e/share/ur3e/meshes/visual/wrist3.dae
-- Installing: /home/vinayak/ws_moveit2/install/ur3e/share/ur3e/meshes/visual/upperarm.dae
-- Installing: /home/vinayak/ws_moveit2/install/ur3e/share/ur3e/meshes/visual/shoulder.dae
-- Installing: /home/vinayak/ws_moveit2/install/ur3e/share/ur3e/meshes/visual/forearm.dae
-- Installing: /home/vinayak/ws_moveit2/install/ur3e/share/ur3e/meshes/visual/wrist1.dae
-- Installing: /home/vinayak/ws_moveit2/install/ur3e/share/ur3e/meshes/visual/base.dae
-- Installing: /home/vinayak/ws_moveit2/install/ur3e/share/ur3e/meshes/collision
-- Installing: /home/vinayak/ws_moveit2/install/ur3e/share/ur3e/meshes/collision/base.stl
-- Installing: /home/vinayak/ws_moveit2/install/ur3e/share/ur3e/meshes/collision/wrist2.stl
-- Installing: /home/vinayak/ws_moveit2/install/ur3e/share/ur3e/meshes/collision/wrist1.stl
-- Installing: /home/vinayak/ws_moveit2/install/ur3e/share/ur3e/meshes/collision/wrist3.stl
-- Installing: /home/vinayak/ws_moveit2/install/ur3e/share/ur3e/meshes/collision/upperarm.stl
-- Installing: /home/vinayak/ws_moveit2/install/ur3e/share/ur3e/meshes/collision/shoulder.stl
-- Installing: /home/vinayak/ws_moveit2/install/ur3e/share/ur3e/meshes/collision/forearm.stl
-- Installing: /home/vinayak/ws_moveit2/install/ur3e/share/ur3e/launch
-- Installing: /home/vinayak/ws_moveit2/install/ur3e/share/ur3e/launch/display.launch.py
-- Installing: /home/vinayak/ws_moveit2/install/ur3e/share/ament_index/resource_index/package_run_dependencies/ur3e
-- Installing: /home/vinayak/ws_moveit2/install/ur3e/share/ament_index/resource_index/parent_prefix_path/ur3e
-- Installing: /home/vinayak/ws_moveit2/install/ur3e/share/ur3e/environment/ament_prefix_path.sh
-- Installing: /home/vinayak/ws_moveit2/install/ur3e/share/ur3e/environment/ament_prefix_path.dsv
-- Installing: /home/vinayak/ws_moveit2/install/ur3e/share/ur3e/environment/path.sh
-- Installing: /home/vinayak/ws_moveit2/install/ur3e/share/ur3e/environment/path.dsv
-- Installing: /home/vinayak/ws_moveit2/install/ur3e/share/ur3e/local_setup.bash
-- Installing: /home/vinayak/ws_moveit2/install/ur3e/share/ur3e/local_setup.sh
-- Installing: /home/vinayak/ws_moveit2/install/ur3e/share/ur3e/local_setup.zsh
-- Installing: /home/vinayak/ws_moveit2/install/ur3e/share/ur3e/local_setup.dsv
-- Installing: /home/vinayak/ws_moveit2/install/ur3e/share/ur3e/package.dsv
-- Installing: /home/vinayak/ws_moveit2/install/ur3e/share/ament_index/resource_index/packages/ur3e
-- Installing: /home/vinayak/ws_moveit2/install/ur3e/share/ur3e/cmake/ur3eConfig.cmake
-- Installing: /home/vinayak/ws_moveit2/install/ur3e/share/ur3e/cmake/ur3eConfig-version.cmake
-- Installing: /home/vinayak/ws_moveit2/install/ur3e/share/ur3e/package.xml
