[0.025s] Invoking command in '/home/vinayak/ws_moveit2/build/ur3e': CMAKE_PREFIX_PATH=${CMAKE_PREFIX_PATH}:/home/vinayak/ws_moveit2/install/ur3e_rl:/home/vinayak/ws_moveit2/install/ur3e_motion_package:/home/vinayak/ws_moveit2/install/moveit_configs_utils:/home/vinayak/ws_moveit2/install/launch_param_builder:/opt/ros/humble /usr/bin/cmake /home/vinayak/ws_moveit2/src/ur3e -DCMAKE_INSTALL_PREFIX=/home/vinayak/ws_moveit2/install/ur3e
[0.681s] -- The C compiler identification is GNU 11.4.0
[0.681s] -- The CXX compiler identification is GNU 11.4.0
[0.681s] -- Detecting C compiler ABI info
[0.681s] -- Detecting C compiler ABI info - done
[0.681s] -- Check for working C compiler: /usr/bin/cc - skipped
[0.682s] -- Detecting C compile features
[0.682s] -- Detecting C compile features - done
[0.682s] -- Detecting CXX compiler ABI info
[0.682s] -- Detecting CXX compiler ABI info - done
[0.682s] -- Check for working CXX compiler: /usr/bin/c++ - skipped
[0.682s] -- Detecting CXX compile features
[0.682s] -- Detecting CXX compile features - done
[0.682s] -- Found ament_cmake: 1.3.11 (/opt/ros/humble/share/ament_cmake/cmake)
[0.833s] -- Found Python3: /usr/bin/python3 (found version "3.10.12") found components: Interpreter 
[0.998s] -- Found urdf: 2.6.1 (/opt/ros/humble/share/urdf/cmake)
[1.097s] -- Found xacro: 2.0.8 (/opt/ros/humble/share/xacro/cmake)
[1.103s] -- Found robot_state_publisher: 3.0.3 (/opt/ros/humble/share/robot_state_publisher/cmake)
[1.134s] -- Found rosidl_generator_c: 3.1.6 (/opt/ros/humble/share/rosidl_generator_c/cmake)
[1.141s] -- Found rosidl_adapter: 3.1.6 (/opt/ros/humble/share/rosidl_adapter/cmake)
[1.151s] -- Found rosidl_generator_cpp: 3.1.6 (/opt/ros/humble/share/rosidl_generator_cpp/cmake)
[1.167s] -- Using all available rosidl_typesupport_c: rosidl_typesupport_fastrtps_c;rosidl_typesupport_introspection_c
[1.185s] -- Using all available rosidl_typesupport_cpp: rosidl_typesupport_fastrtps_cpp;rosidl_typesupport_introspection_cpp
[1.274s] -- Found eigen3_cmake_module: 0.1.1 (/opt/ros/humble/share/eigen3_cmake_module/cmake)
[1.276s] -- Found Eigen3: TRUE (found version "3.4.0") 
[1.276s] -- Ensuring Eigen3 include directory is part of orocos-kdl CMake target
[1.350s] -- Found rmw_implementation_cmake: 6.1.2 (/opt/ros/humble/share/rmw_implementation_cmake/cmake)
[1.359s] -- Found rmw_fastrtps_cpp: 6.2.7 (/opt/ros/humble/share/rmw_fastrtps_cpp/cmake)
[1.405s] -- Found TinyXML2 via Config file: TinyXML2_DIR-NOTFOUND
[1.533s] -- Found OpenSSL: /usr/lib/x86_64-linux-gnu/libcrypto.so (found version "3.0.2")  
[1.542s] -- Found TinyXML2 via Config file: TinyXML2_DIR-NOTFOUND
[1.601s] -- Found FastRTPS: /opt/ros/humble/include  
[1.606s] -- Found TinyXML2 via Config file: TinyXML2_DIR-NOTFOUND
[1.620s] -- Found TinyXML2 via Config file: TinyXML2_DIR-NOTFOUND
[1.639s] -- Using RMW implementation 'rmw_fastrtps_cpp' as default
[1.661s] -- Looking for pthread.h
[1.800s] -- Looking for pthread.h - found
[1.800s] -- Performing Test CMAKE_HAVE_LIBC_PTHREAD
[1.925s] -- Performing Test CMAKE_HAVE_LIBC_PTHREAD - Success
[1.926s] -- Found Threads: TRUE  
[2.247s] -- Found rviz2: 11.2.16 (/opt/ros/humble/share/rviz2/cmake)
[2.251s] -- Found ament_lint_auto: 0.12.11 (/opt/ros/humble/share/ament_lint_auto/cmake)
[2.397s] -- Added test 'flake8' to check Python code syntax and style conventions
[2.403s] -- Added test 'lint_cmake' to check CMake code style
[2.403s] -- Added test 'pep257' to check Python code against some of the docstring style conventions in PEP 257
[2.408s] -- Added test 'xmllint' to check XML markup files
[2.414s] -- Configuring done
[2.424s] -- Generating done
[2.427s] -- Build files have been written to: /home/vinayak/ws_moveit2/build/ur3e
[2.487s] Invoked command in '/home/vinayak/ws_moveit2/build/ur3e' returned '0': CMAKE_PREFIX_PATH=${CMAKE_PREFIX_PATH}:/home/vinayak/ws_moveit2/install/ur3e_rl:/home/vinayak/ws_moveit2/install/ur3e_motion_package:/home/vinayak/ws_moveit2/install/moveit_configs_utils:/home/vinayak/ws_moveit2/install/launch_param_builder:/opt/ros/humble /usr/bin/cmake /home/vinayak/ws_moveit2/src/ur3e -DCMAKE_INSTALL_PREFIX=/home/vinayak/ws_moveit2/install/ur3e
[2.491s] Invoking command in '/home/vinayak/ws_moveit2/build/ur3e': CMAKE_PREFIX_PATH=${CMAKE_PREFIX_PATH}:/home/vinayak/ws_moveit2/install/ur3e_rl:/home/vinayak/ws_moveit2/install/ur3e_motion_package:/home/vinayak/ws_moveit2/install/moveit_configs_utils:/home/vinayak/ws_moveit2/install/launch_param_builder:/opt/ros/humble /usr/bin/cmake --build /home/vinayak/ws_moveit2/build/ur3e -- -j8 -l8
[3.131s] Invoked command in '/home/vinayak/ws_moveit2/build/ur3e' returned '0': CMAKE_PREFIX_PATH=${CMAKE_PREFIX_PATH}:/home/vinayak/ws_moveit2/install/ur3e_rl:/home/vinayak/ws_moveit2/install/ur3e_motion_package:/home/vinayak/ws_moveit2/install/moveit_configs_utils:/home/vinayak/ws_moveit2/install/launch_param_builder:/opt/ros/humble /usr/bin/cmake --build /home/vinayak/ws_moveit2/build/ur3e -- -j8 -l8
[3.134s] Invoking command in '/home/vinayak/ws_moveit2/build/ur3e': CMAKE_PREFIX_PATH=${CMAKE_PREFIX_PATH}:/home/vinayak/ws_moveit2/install/ur3e_rl:/home/vinayak/ws_moveit2/install/ur3e_motion_package:/home/vinayak/ws_moveit2/install/moveit_configs_utils:/home/vinayak/ws_moveit2/install/launch_param_builder:/opt/ros/humble /usr/bin/cmake --install /home/vinayak/ws_moveit2/build/ur3e
[3.146s] -- Install configuration: ""
[3.146s] -- Installing: /home/vinayak/ws_moveit2/install/ur3e/share/ur3e/urdf
[3.146s] -- Installing: /home/vinayak/ws_moveit2/install/ur3e/share/ur3e/urdf/ur3e.urdf
[3.147s] -- Installing: /home/vinayak/ws_moveit2/install/ur3e/share/ur3e/meshes
[3.147s] -- Installing: /home/vinayak/ws_moveit2/install/ur3e/share/ur3e/meshes/visual
[3.147s] -- Installing: /home/vinayak/ws_moveit2/install/ur3e/share/ur3e/meshes/visual/wrist2.dae
[3.155s] -- Installing: /home/vinayak/ws_moveit2/install/ur3e/share/ur3e/meshes/visual/wrist3.dae
[3.156s] -- Installing: /home/vinayak/ws_moveit2/install/ur3e/share/ur3e/meshes/visual/upperarm.dae
[3.164s] -- Installing: /home/vinayak/ws_moveit2/install/ur3e/share/ur3e/meshes/visual/shoulder.dae
[3.174s] -- Installing: /home/vinayak/ws_moveit2/install/ur3e/share/ur3e/meshes/visual/forearm.dae
[3.177s] -- Installing: /home/vinayak/ws_moveit2/install/ur3e/share/ur3e/meshes/visual/wrist1.dae
[3.181s] -- Installing: /home/vinayak/ws_moveit2/install/ur3e/share/ur3e/meshes/visual/base.dae
[3.185s] -- Installing: /home/vinayak/ws_moveit2/install/ur3e/share/ur3e/meshes/collision
[3.185s] -- Installing: /home/vinayak/ws_moveit2/install/ur3e/share/ur3e/meshes/collision/base.stl
[3.193s] -- Installing: /home/vinayak/ws_moveit2/install/ur3e/share/ur3e/meshes/collision/wrist2.stl
[3.194s] -- Installing: /home/vinayak/ws_moveit2/install/ur3e/share/ur3e/meshes/collision/wrist1.stl
[3.194s] -- Installing: /home/vinayak/ws_moveit2/install/ur3e/share/ur3e/meshes/collision/wrist3.stl
[3.194s] -- Installing: /home/vinayak/ws_moveit2/install/ur3e/share/ur3e/meshes/collision/upperarm.stl
[3.200s] -- Installing: /home/vinayak/ws_moveit2/install/ur3e/share/ur3e/meshes/collision/shoulder.stl
[3.203s] -- Installing: /home/vinayak/ws_moveit2/install/ur3e/share/ur3e/meshes/collision/forearm.stl
[3.207s] -- Installing: /home/vinayak/ws_moveit2/install/ur3e/share/ur3e/launch
[3.207s] -- Installing: /home/vinayak/ws_moveit2/install/ur3e/share/ur3e/launch/display.launch.py
[3.212s] -- Installing: /home/vinayak/ws_moveit2/install/ur3e/share/ament_index/resource_index/package_run_dependencies/ur3e
[3.212s] -- Installing: /home/vinayak/ws_moveit2/install/ur3e/share/ament_index/resource_index/parent_prefix_path/ur3e
[3.212s] -- Installing: /home/vinayak/ws_moveit2/install/ur3e/share/ur3e/environment/ament_prefix_path.sh
[3.215s] -- Installing: /home/vinayak/ws_moveit2/install/ur3e/share/ur3e/environment/ament_prefix_path.dsv
[3.215s] -- Installing: /home/vinayak/ws_moveit2/install/ur3e/share/ur3e/environment/path.sh
[3.215s] -- Installing: /home/vinayak/ws_moveit2/install/ur3e/share/ur3e/environment/path.dsv
[3.215s] -- Installing: /home/vinayak/ws_moveit2/install/ur3e/share/ur3e/local_setup.bash
[3.215s] -- Installing: /home/vinayak/ws_moveit2/install/ur3e/share/ur3e/local_setup.sh
[3.215s] -- Installing: /home/vinayak/ws_moveit2/install/ur3e/share/ur3e/local_setup.zsh
[3.215s] -- Installing: /home/vinayak/ws_moveit2/install/ur3e/share/ur3e/local_setup.dsv
[3.215s] -- Installing: /home/vinayak/ws_moveit2/install/ur3e/share/ur3e/package.dsv
[3.216s] -- Installing: /home/vinayak/ws_moveit2/install/ur3e/share/ament_index/resource_index/packages/ur3e
[3.216s] -- Installing: /home/vinayak/ws_moveit2/install/ur3e/share/ur3e/cmake/ur3eConfig.cmake
[3.216s] -- Installing: /home/vinayak/ws_moveit2/install/ur3e/share/ur3e/cmake/ur3eConfig-version.cmake
[3.216s] -- Installing: /home/vinayak/ws_moveit2/install/ur3e/share/ur3e/package.xml
[3.221s] Invoked command in '/home/vinayak/ws_moveit2/build/ur3e' returned '0': CMAKE_PREFIX_PATH=${CMAKE_PREFIX_PATH}:/home/vinayak/ws_moveit2/install/ur3e_rl:/home/vinayak/ws_moveit2/install/ur3e_motion_package:/home/vinayak/ws_moveit2/install/moveit_configs_utils:/home/vinayak/ws_moveit2/install/launch_param_builder:/opt/ros/humble /usr/bin/cmake --install /home/vinayak/ws_moveit2/build/ur3e
