[0.041s] Invoking command in '/home/vinayak/ws_moveit2/build/moveit_common': CMAKE_PREFIX_PATH=/opt/ros/humble /usr/bin/cmake --build /home/vinayak/ws_moveit2/build/moveit_common -- -j8 -l8
[0.367s] Invoked command in '/home/vinayak/ws_moveit2/build/moveit_common' returned '0': CMAKE_PREFIX_PATH=/opt/ros/humble /usr/bin/cmake --build /home/vinayak/ws_moveit2/build/moveit_common -- -j8 -l8
[0.380s] Invoking command in '/home/vinayak/ws_moveit2/build/moveit_common': CMAKE_PREFIX_PATH=/opt/ros/humble /usr/bin/cmake --install /home/vinayak/ws_moveit2/build/moveit_common
[0.392s] -- Install configuration: ""
[0.392s] -- Up-to-date: /home/vinayak/ws_moveit2/install/moveit_common/share/ament_index/resource_index/package_run_dependencies/moveit_common
[0.392s] -- Up-to-date: /home/vinayak/ws_moveit2/install/moveit_common/share/ament_index/resource_index/parent_prefix_path/moveit_common
[0.392s] -- Up-to-date: /home/vinayak/ws_moveit2/install/moveit_common/share/moveit_common/environment/ament_prefix_path.sh
[0.392s] -- Up-to-date: /home/vinayak/ws_moveit2/install/moveit_common/share/moveit_common/environment/ament_prefix_path.dsv
[0.392s] -- Up-to-date: /home/vinayak/ws_moveit2/install/moveit_common/share/moveit_common/environment/path.sh
[0.392s] -- Up-to-date: /home/vinayak/ws_moveit2/install/moveit_common/share/moveit_common/environment/path.dsv
[0.392s] -- Up-to-date: /home/vinayak/ws_moveit2/install/moveit_common/share/moveit_common/local_setup.bash
[0.395s] -- Up-to-date: /home/vinayak/ws_moveit2/install/moveit_common/share/moveit_common/local_setup.sh
[0.396s] -- Up-to-date: /home/vinayak/ws_moveit2/install/moveit_common/share/moveit_common/local_setup.zsh
[0.396s] -- Up-to-date: /home/vinayak/ws_moveit2/install/moveit_common/share/moveit_common/local_setup.dsv
[0.396s] -- Installing: /home/vinayak/ws_moveit2/install/moveit_common/share/moveit_common/package.dsv
[0.397s] -- Up-to-date: /home/vinayak/ws_moveit2/install/moveit_common/share/ament_index/resource_index/packages/moveit_common
[0.397s] -- Up-to-date: /home/vinayak/ws_moveit2/install/moveit_common/share/moveit_common/cmake/moveit_common-extras.cmake
[0.397s] -- Up-to-date: /home/vinayak/ws_moveit2/install/moveit_common/share/moveit_common/cmake/moveit_commonConfig.cmake
[0.397s] -- Up-to-date: /home/vinayak/ws_moveit2/install/moveit_common/share/moveit_common/cmake/moveit_commonConfig-version.cmake
[0.397s] -- Up-to-date: /home/vinayak/ws_moveit2/install/moveit_common/share/moveit_common/package.xml
[0.397s] -- Up-to-date: /home/vinayak/ws_moveit2/install/moveit_common/share/moveit_common/cmake
[0.398s] -- Up-to-date: /home/vinayak/ws_moveit2/install/moveit_common/share/moveit_common/cmake/moveit_package.cmake
[0.415s] Invoked command in '/home/vinayak/ws_moveit2/build/moveit_common' returned '0': CMAKE_PREFIX_PATH=/opt/ros/humble /usr/bin/cmake --install /home/vinayak/ws_moveit2/build/moveit_common
