[0.821s] Invoking command in '/home/vinayak/ws_moveit2/src/ur3e_motion_package': PYTHONPATH=/home/vinayak/ws_moveit2/build/ur3e_motion_package/prefix_override:/usr/lib/python3/dist-packages/colcon_core/task/python/colcon_distutils_commands:/home/vinayak/ws_moveit2/install/ur3e_motion_package/lib/python3.10/site-packages:${PYTHONPATH} /usr/bin/python3 -W ignore:setup.py install is deprecated -W ignore:easy_install command is deprecated setup.py egg_info --egg-base ../../build/ur3e_motion_package build --build-base /home/vinayak/ws_moveit2/build/ur3e_motion_package/build install --record /home/vinayak/ws_moveit2/build/ur3e_motion_package/install.log --single-version-externally-managed install_data
[1.143s] running egg_info
[1.145s] writing ../../build/ur3e_motion_package/ur3e_motion_package.egg-info/PKG-INFO
[1.150s] writing dependency_links to ../../build/ur3e_motion_package/ur3e_motion_package.egg-info/dependency_links.txt
[1.150s] writing entry points to ../../build/ur3e_motion_package/ur3e_motion_package.egg-info/entry_points.txt
[1.150s] writing requirements to ../../build/ur3e_motion_package/ur3e_motion_package.egg-info/requires.txt
[1.150s] writing top-level names to ../../build/ur3e_motion_package/ur3e_motion_package.egg-info/top_level.txt
[1.153s] reading manifest file '../../build/ur3e_motion_package/ur3e_motion_package.egg-info/SOURCES.txt'
[1.154s] writing manifest file '../../build/ur3e_motion_package/ur3e_motion_package.egg-info/SOURCES.txt'
[1.154s] running build
[1.154s] running build_py
[1.154s] running install
[1.154s] running install_lib
[1.156s] running install_data
[1.156s] running install_egg_info
[1.158s] removing '/home/vinayak/ws_moveit2/install/ur3e_motion_package/lib/python3.10/site-packages/ur3e_motion_package-0.0.0-py3.10.egg-info' (and everything under it)
[1.158s] Copying ../../build/ur3e_motion_package/ur3e_motion_package.egg-info to /home/vinayak/ws_moveit2/install/ur3e_motion_package/lib/python3.10/site-packages/ur3e_motion_package-0.0.0-py3.10.egg-info
[1.159s] running install_scripts
[1.179s] Installing ur3e_motion script to /home/vinayak/ws_moveit2/install/ur3e_motion_package/lib/ur3e_motion_package
[1.179s] writing list of installed files to '/home/vinayak/ws_moveit2/build/ur3e_motion_package/install.log'
[1.202s] Invoked command in '/home/vinayak/ws_moveit2/src/ur3e_motion_package' returned '0': PYTHONPATH=/home/vinayak/ws_moveit2/build/ur3e_motion_package/prefix_override:/usr/lib/python3/dist-packages/colcon_core/task/python/colcon_distutils_commands:/home/vinayak/ws_moveit2/install/ur3e_motion_package/lib/python3.10/site-packages:${PYTHONPATH} /usr/bin/python3 -W ignore:setup.py install is deprecated -W ignore:easy_install command is deprecated setup.py egg_info --egg-base ../../build/ur3e_motion_package build --build-base /home/vinayak/ws_moveit2/build/ur3e_motion_package/build install --record /home/vinayak/ws_moveit2/build/ur3e_motion_package/install.log --single-version-externally-managed install_data
