[0.009s] Invoking command in '/home/vinayak/ws_moveit2/build/moveit_common': CMAKE_PREFIX_PATH=${CMAKE_PREFIX_PATH}:/home/vinayak/ws_moveit2/install/ur3e_motion_package:/home/vinayak/ws_moveit2/install/moveit_configs_utils:/home/vinayak/ws_moveit2/install/launch_param_builder:/opt/ros/humble /usr/bin/cmake /home/vinayak/ws_moveit2/src/moveit2/moveit_common -DCMAKE_INSTALL_PREFIX=/home/vinayak/ws_moveit2/install/moveit_common
[0.030s] -- Found ament_cmake: 1.3.11 (/opt/ros/humble/share/ament_cmake/cmake)
[0.193s] -- Found Python3: /usr/bin/python3 (found version "3.10.12") found components: Interpreter 
[0.284s] -- Found ament_lint_auto: 0.12.11 (/opt/ros/humble/share/ament_lint_auto/cmake)
[0.363s] -- Added test 'copyright' to check source files copyright and LICENSE
[0.365s] -- Added test 'lint_cmake' to check CMake code style
[0.367s] -- Added test 'xmllint' to check XML markup files
[0.369s] -- Configuring done
[0.372s] -- Generating done
[0.373s] -- Build files have been written to: /home/vinayak/ws_moveit2/build/moveit_common
[0.375s] Invoked command in '/home/vinayak/ws_moveit2/build/moveit_common' returned '0': CMAKE_PREFIX_PATH=${CMAKE_PREFIX_PATH}:/home/vinayak/ws_moveit2/install/ur3e_motion_package:/home/vinayak/ws_moveit2/install/moveit_configs_utils:/home/vinayak/ws_moveit2/install/launch_param_builder:/opt/ros/humble /usr/bin/cmake /home/vinayak/ws_moveit2/src/moveit2/moveit_common -DCMAKE_INSTALL_PREFIX=/home/vinayak/ws_moveit2/install/moveit_common
[0.377s] Invoking command in '/home/vinayak/ws_moveit2/build/moveit_common': CMAKE_PREFIX_PATH=${CMAKE_PREFIX_PATH}:/home/vinayak/ws_moveit2/install/ur3e_motion_package:/home/vinayak/ws_moveit2/install/moveit_configs_utils:/home/vinayak/ws_moveit2/install/launch_param_builder:/opt/ros/humble /usr/bin/cmake --build /home/vinayak/ws_moveit2/build/moveit_common
[0.416s] Invoked command in '/home/vinayak/ws_moveit2/build/moveit_common' returned '0': CMAKE_PREFIX_PATH=${CMAKE_PREFIX_PATH}:/home/vinayak/ws_moveit2/install/ur3e_motion_package:/home/vinayak/ws_moveit2/install/moveit_configs_utils:/home/vinayak/ws_moveit2/install/launch_param_builder:/opt/ros/humble /usr/bin/cmake --build /home/vinayak/ws_moveit2/build/moveit_common
[0.425s] Invoking command in '/home/vinayak/ws_moveit2/build/moveit_common': CMAKE_PREFIX_PATH=${CMAKE_PREFIX_PATH}:/home/vinayak/ws_moveit2/install/ur3e_motion_package:/home/vinayak/ws_moveit2/install/moveit_configs_utils:/home/vinayak/ws_moveit2/install/launch_param_builder:/opt/ros/humble /usr/bin/cmake --install /home/vinayak/ws_moveit2/build/moveit_common
[0.433s] -- Install configuration: ""
[0.433s] -- Installing: /home/vinayak/ws_moveit2/install/moveit_common/share/ament_index/resource_index/package_run_dependencies/moveit_common
[0.433s] -- Installing: /home/vinayak/ws_moveit2/install/moveit_common/share/ament_index/resource_index/parent_prefix_path/moveit_common
[0.433s] -- Installing: /home/vinayak/ws_moveit2/install/moveit_common/share/moveit_common/environment/ament_prefix_path.sh
[0.434s] -- Installing: /home/vinayak/ws_moveit2/install/moveit_common/share/moveit_common/environment/ament_prefix_path.dsv
[0.434s] -- Installing: /home/vinayak/ws_moveit2/install/moveit_common/share/moveit_common/environment/path.sh
[0.434s] -- Installing: /home/vinayak/ws_moveit2/install/moveit_common/share/moveit_common/environment/path.dsv
[0.434s] -- Installing: /home/vinayak/ws_moveit2/install/moveit_common/share/moveit_common/local_setup.bash
[0.434s] -- Installing: /home/vinayak/ws_moveit2/install/moveit_common/share/moveit_common/local_setup.sh
[0.434s] -- Installing: /home/vinayak/ws_moveit2/install/moveit_common/share/moveit_common/local_setup.zsh
[0.434s] -- Installing: /home/vinayak/ws_moveit2/install/moveit_common/share/moveit_common/local_setup.dsv
[0.434s] -- Installing: /home/vinayak/ws_moveit2/install/moveit_common/share/moveit_common/package.dsv
[0.434s] -- Installing: /home/vinayak/ws_moveit2/install/moveit_common/share/ament_index/resource_index/packages/moveit_common
[0.434s] -- Installing: /home/vinayak/ws_moveit2/install/moveit_common/share/moveit_common/cmake/moveit_common-extras.cmake
[0.435s] -- Installing: /home/vinayak/ws_moveit2/install/moveit_common/share/moveit_common/cmake/moveit_commonConfig.cmake
[0.435s] -- Installing: /home/vinayak/ws_moveit2/install/moveit_common/share/moveit_common/cmake/moveit_commonConfig-version.cmake
[0.435s] -- Installing: /home/vinayak/ws_moveit2/install/moveit_common/share/moveit_common/package.xml
[0.435s] -- Up-to-date: /home/vinayak/ws_moveit2/install/moveit_common/share/moveit_common/cmake
[0.435s] -- Installing: /home/vinayak/ws_moveit2/install/moveit_common/share/moveit_common/cmake/moveit_package.cmake
[0.437s] Invoked command in '/home/vinayak/ws_moveit2/build/moveit_common' returned '0': CMAKE_PREFIX_PATH=${CMAKE_PREFIX_PATH}:/home/vinayak/ws_moveit2/install/ur3e_motion_package:/home/vinayak/ws_moveit2/install/moveit_configs_utils:/home/vinayak/ws_moveit2/install/launch_param_builder:/opt/ros/humble /usr/bin/cmake --install /home/vinayak/ws_moveit2/build/moveit_common
