[0.035s] Invoking command in '/home/vinayak/ws_moveit2/build/moveit_visual_tools': AMENT_PREFIX_PATH=/home/vinayak/ws_moveit2/install/moveit_ros_planning:/home/vinayak/ws_moveit2/install/moveit_ros_occupancy_map_monitor:/home/vinayak/ws_moveit2/install/moveit_core:/home/vinayak/ws_moveit2/install/moveit_resources_panda_moveit_config:/home/vinayak/ws_moveit2/install/moveit_configs_utils:/home/vinayak/ws_moveit2/install/srdfdom:/home/vinayak/ws_moveit2/install/moveit_resources_pr2_description:/home/vinayak/ws_moveit2/install/moveit_resources_panda_description:/home/vinayak/ws_moveit2/install/moveit_common:/home/vinayak/ws_moveit2/install/launch_param_builder:${AMENT_PREFIX_PATH} CMAKE_PREFIX_PATH=/home/vinayak/ws_moveit2/install/moveit_ros_planning:/home/vinayak/ws_moveit2/install/moveit_ros_occupancy_map_monitor:/home/vinayak/ws_moveit2/install/moveit_core:/home/vinayak/ws_moveit2/install/moveit_resources_panda_moveit_config:/home/vinayak/ws_moveit2/install/srdfdom:/home/vinayak/ws_moveit2/install/moveit_resources_pr2_description:/home/vinayak/ws_moveit2/install/moveit_resources_panda_description:/home/vinayak/ws_moveit2/install/moveit_common:/opt/ros/humble LD_LIBRARY_PATH=/home/vinayak/ws_moveit2/install/moveit_ros_planning/lib:/home/vinayak/ws_moveit2/install/moveit_ros_occupancy_map_monitor/lib:/home/vinayak/ws_moveit2/install/moveit_core/lib:/home/vinayak/ws_moveit2/install/srdfdom/lib:${LD_LIBRARY_PATH} PATH=/home/vinayak/ws_moveit2/install/moveit_core/bin:${PATH} PYTHONPATH=/home/vinayak/ws_moveit2/install/moveit_configs_utils/lib/python3.10/site-packages:/home/vinayak/ws_moveit2/install/srdfdom/local/lib/python3.10/dist-packages:/home/vinayak/ws_moveit2/install/launch_param_builder/lib/python3.10/site-packages:${PYTHONPATH} /usr/bin/cmake --build /home/vinayak/ws_moveit2/build/moveit_visual_tools -- -j8 -l8
[0.363s] [ 66%] Built target moveit_visual_tools
[0.859s] [100%] Built target moveit_visual_tools_demo
[1.265s] Invoked command in '/home/vinayak/ws_moveit2/build/moveit_visual_tools' returned '0': AMENT_PREFIX_PATH=/home/vinayak/ws_moveit2/install/moveit_ros_planning:/home/vinayak/ws_moveit2/install/moveit_ros_occupancy_map_monitor:/home/vinayak/ws_moveit2/install/moveit_core:/home/vinayak/ws_moveit2/install/moveit_resources_panda_moveit_config:/home/vinayak/ws_moveit2/install/moveit_configs_utils:/home/vinayak/ws_moveit2/install/srdfdom:/home/vinayak/ws_moveit2/install/moveit_resources_pr2_description:/home/vinayak/ws_moveit2/install/moveit_resources_panda_description:/home/vinayak/ws_moveit2/install/moveit_common:/home/vinayak/ws_moveit2/install/launch_param_builder:${AMENT_PREFIX_PATH} CMAKE_PREFIX_PATH=/home/vinayak/ws_moveit2/install/moveit_ros_planning:/home/vinayak/ws_moveit2/install/moveit_ros_occupancy_map_monitor:/home/vinayak/ws_moveit2/install/moveit_core:/home/vinayak/ws_moveit2/install/moveit_resources_panda_moveit_config:/home/vinayak/ws_moveit2/install/srdfdom:/home/vinayak/ws_moveit2/install/moveit_resources_pr2_description:/home/vinayak/ws_moveit2/install/moveit_resources_panda_description:/home/vinayak/ws_moveit2/install/moveit_common:/opt/ros/humble LD_LIBRARY_PATH=/home/vinayak/ws_moveit2/install/moveit_ros_planning/lib:/home/vinayak/ws_moveit2/install/moveit_ros_occupancy_map_monitor/lib:/home/vinayak/ws_moveit2/install/moveit_core/lib:/home/vinayak/ws_moveit2/install/srdfdom/lib:${LD_LIBRARY_PATH} PATH=/home/vinayak/ws_moveit2/install/moveit_core/bin:${PATH} PYTHONPATH=/home/vinayak/ws_moveit2/install/moveit_configs_utils/lib/python3.10/site-packages:/home/vinayak/ws_moveit2/install/srdfdom/local/lib/python3.10/dist-packages:/home/vinayak/ws_moveit2/install/launch_param_builder/lib/python3.10/site-packages:${PYTHONPATH} /usr/bin/cmake --build /home/vinayak/ws_moveit2/build/moveit_visual_tools -- -j8 -l8
[1.271s] Invoking command in '/home/vinayak/ws_moveit2/build/moveit_visual_tools': AMENT_PREFIX_PATH=/home/vinayak/ws_moveit2/install/moveit_ros_planning:/home/vinayak/ws_moveit2/install/moveit_ros_occupancy_map_monitor:/home/vinayak/ws_moveit2/install/moveit_core:/home/vinayak/ws_moveit2/install/moveit_resources_panda_moveit_config:/home/vinayak/ws_moveit2/install/moveit_configs_utils:/home/vinayak/ws_moveit2/install/srdfdom:/home/vinayak/ws_moveit2/install/moveit_resources_pr2_description:/home/vinayak/ws_moveit2/install/moveit_resources_panda_description:/home/vinayak/ws_moveit2/install/moveit_common:/home/vinayak/ws_moveit2/install/launch_param_builder:${AMENT_PREFIX_PATH} CMAKE_PREFIX_PATH=/home/vinayak/ws_moveit2/install/moveit_ros_planning:/home/vinayak/ws_moveit2/install/moveit_ros_occupancy_map_monitor:/home/vinayak/ws_moveit2/install/moveit_core:/home/vinayak/ws_moveit2/install/moveit_resources_panda_moveit_config:/home/vinayak/ws_moveit2/install/srdfdom:/home/vinayak/ws_moveit2/install/moveit_resources_pr2_description:/home/vinayak/ws_moveit2/install/moveit_resources_panda_description:/home/vinayak/ws_moveit2/install/moveit_common:/opt/ros/humble LD_LIBRARY_PATH=/home/vinayak/ws_moveit2/install/moveit_ros_planning/lib:/home/vinayak/ws_moveit2/install/moveit_ros_occupancy_map_monitor/lib:/home/vinayak/ws_moveit2/install/moveit_core/lib:/home/vinayak/ws_moveit2/install/srdfdom/lib:${LD_LIBRARY_PATH} PATH=/home/vinayak/ws_moveit2/install/moveit_core/bin:${PATH} PYTHONPATH=/home/vinayak/ws_moveit2/install/moveit_configs_utils/lib/python3.10/site-packages:/home/vinayak/ws_moveit2/install/srdfdom/local/lib/python3.10/dist-packages:/home/vinayak/ws_moveit2/install/launch_param_builder/lib/python3.10/site-packages:${PYTHONPATH} /usr/bin/cmake --install /home/vinayak/ws_moveit2/build/moveit_visual_tools
[1.314s] -- Install configuration: "Release"
[1.314s] -- Up-to-date: /home/vinayak/ws_moveit2/install/moveit_visual_tools/share/moveit_visual_tools/environment/library_path.sh
[1.315s] -- Up-to-date: /home/vinayak/ws_moveit2/install/moveit_visual_tools/share/moveit_visual_tools/environment/library_path.dsv
[1.321s] -- Up-to-date: /home/vinayak/ws_moveit2/install/moveit_visual_tools/lib/libmoveit_visual_tools.so
[1.326s] -- Up-to-date: /home/vinayak/ws_moveit2/install/moveit_visual_tools/lib/moveit_visual_tools/moveit_visual_tools_demo
[1.327s] -- Up-to-date: /home/vinayak/ws_moveit2/install/moveit_visual_tools/include
[1.328s] -- Up-to-date: /home/vinayak/ws_moveit2/install/moveit_visual_tools/include/moveit_visual_tools
[1.329s] -- Up-to-date: /home/vinayak/ws_moveit2/install/moveit_visual_tools/include/moveit_visual_tools/moveit_visual_tools.h
[1.330s] -- Up-to-date: /home/vinayak/ws_moveit2/install/moveit_visual_tools/include/moveit_visual_tools/imarker_end_effector.h
[1.333s] -- Up-to-date: /home/vinayak/ws_moveit2/install/moveit_visual_tools/include/moveit_visual_tools/imarker_robot_state.h
[1.348s] -- Up-to-date: /home/vinayak/ws_moveit2/install/moveit_visual_tools/share/moveit_visual_tools/launch
[1.353s] -- Up-to-date: /home/vinayak/ws_moveit2/install/moveit_visual_tools/share/moveit_visual_tools/launch/demo.rviz
[1.354s] -- Up-to-date: /home/vinayak/ws_moveit2/install/moveit_visual_tools/share/moveit_visual_tools/launch/demo_rviz.launch.py
[1.354s] -- Up-to-date: /home/vinayak/ws_moveit2/install/moveit_visual_tools/share/moveit_visual_tools/resources
[1.355s] -- Up-to-date: /home/vinayak/ws_moveit2/install/moveit_visual_tools/share/moveit_visual_tools/resources/rrbot.urdf
[1.356s] -- Up-to-date: /home/vinayak/ws_moveit2/install/moveit_visual_tools/share/moveit_visual_tools/resources/demo.png
[1.357s] -- Up-to-date: /home/vinayak/ws_moveit2/install/moveit_visual_tools/share/moveit_visual_tools/resources/screenshot.png
[1.357s] -- Up-to-date: /home/vinayak/ws_moveit2/install/moveit_visual_tools/share/moveit_visual_tools/resources/rrbot.srdf
[1.358s] -- Up-to-date: /home/vinayak/ws_moveit2/install/moveit_visual_tools/share/moveit_visual_tools/resources/demo_mesh.stl
[1.358s] -- Up-to-date: /home/vinayak/ws_moveit2/install/moveit_visual_tools/share/ament_index/resource_index/package_run_dependencies/moveit_visual_tools
[1.359s] -- Up-to-date: /home/vinayak/ws_moveit2/install/moveit_visual_tools/share/ament_index/resource_index/parent_prefix_path/moveit_visual_tools
[1.359s] -- Up-to-date: /home/vinayak/ws_moveit2/install/moveit_visual_tools/share/moveit_visual_tools/environment/ament_prefix_path.sh
[1.360s] -- Up-to-date: /home/vinayak/ws_moveit2/install/moveit_visual_tools/share/moveit_visual_tools/environment/ament_prefix_path.dsv
[1.362s] -- Up-to-date: /home/vinayak/ws_moveit2/install/moveit_visual_tools/share/moveit_visual_tools/environment/path.sh
[1.362s] -- Up-to-date: /home/vinayak/ws_moveit2/install/moveit_visual_tools/share/moveit_visual_tools/environment/path.dsv
[1.363s] -- Up-to-date: /home/vinayak/ws_moveit2/install/moveit_visual_tools/share/moveit_visual_tools/local_setup.bash
[1.364s] -- Up-to-date: /home/vinayak/ws_moveit2/install/moveit_visual_tools/share/moveit_visual_tools/local_setup.sh
[1.365s] -- Up-to-date: /home/vinayak/ws_moveit2/install/moveit_visual_tools/share/moveit_visual_tools/local_setup.zsh
[1.366s] -- Up-to-date: /home/vinayak/ws_moveit2/install/moveit_visual_tools/share/moveit_visual_tools/local_setup.dsv
[1.367s] -- Installing: /home/vinayak/ws_moveit2/install/moveit_visual_tools/share/moveit_visual_tools/package.dsv
[1.368s] -- Up-to-date: /home/vinayak/ws_moveit2/install/moveit_visual_tools/share/ament_index/resource_index/packages/moveit_visual_tools
[1.368s] -- Up-to-date: /home/vinayak/ws_moveit2/install/moveit_visual_tools/share/moveit_visual_tools/cmake/export_moveit_visual_toolsExport.cmake
[1.369s] -- Up-to-date: /home/vinayak/ws_moveit2/install/moveit_visual_tools/share/moveit_visual_tools/cmake/export_moveit_visual_toolsExport-release.cmake
[1.370s] -- Up-to-date: /home/vinayak/ws_moveit2/install/moveit_visual_tools/share/moveit_visual_tools/cmake/ament_cmake_export_targets-extras.cmake
[1.371s] -- Up-to-date: /home/vinayak/ws_moveit2/install/moveit_visual_tools/share/moveit_visual_tools/cmake/ament_cmake_export_dependencies-extras.cmake
[1.371s] -- Up-to-date: /home/vinayak/ws_moveit2/install/moveit_visual_tools/share/moveit_visual_tools/cmake/moveit_visual_toolsConfig.cmake
[1.372s] -- Up-to-date: /home/vinayak/ws_moveit2/install/moveit_visual_tools/share/moveit_visual_tools/cmake/moveit_visual_toolsConfig-version.cmake
[1.373s] -- Up-to-date: /home/vinayak/ws_moveit2/install/moveit_visual_tools/share/moveit_visual_tools/package.xml
[1.377s] Invoked command in '/home/vinayak/ws_moveit2/build/moveit_visual_tools' returned '0': AMENT_PREFIX_PATH=/home/vinayak/ws_moveit2/install/moveit_ros_planning:/home/vinayak/ws_moveit2/install/moveit_ros_occupancy_map_monitor:/home/vinayak/ws_moveit2/install/moveit_core:/home/vinayak/ws_moveit2/install/moveit_resources_panda_moveit_config:/home/vinayak/ws_moveit2/install/moveit_configs_utils:/home/vinayak/ws_moveit2/install/srdfdom:/home/vinayak/ws_moveit2/install/moveit_resources_pr2_description:/home/vinayak/ws_moveit2/install/moveit_resources_panda_description:/home/vinayak/ws_moveit2/install/moveit_common:/home/vinayak/ws_moveit2/install/launch_param_builder:${AMENT_PREFIX_PATH} CMAKE_PREFIX_PATH=/home/vinayak/ws_moveit2/install/moveit_ros_planning:/home/vinayak/ws_moveit2/install/moveit_ros_occupancy_map_monitor:/home/vinayak/ws_moveit2/install/moveit_core:/home/vinayak/ws_moveit2/install/moveit_resources_panda_moveit_config:/home/vinayak/ws_moveit2/install/srdfdom:/home/vinayak/ws_moveit2/install/moveit_resources_pr2_description:/home/vinayak/ws_moveit2/install/moveit_resources_panda_description:/home/vinayak/ws_moveit2/install/moveit_common:/opt/ros/humble LD_LIBRARY_PATH=/home/vinayak/ws_moveit2/install/moveit_ros_planning/lib:/home/vinayak/ws_moveit2/install/moveit_ros_occupancy_map_monitor/lib:/home/vinayak/ws_moveit2/install/moveit_core/lib:/home/vinayak/ws_moveit2/install/srdfdom/lib:${LD_LIBRARY_PATH} PATH=/home/vinayak/ws_moveit2/install/moveit_core/bin:${PATH} PYTHONPATH=/home/vinayak/ws_moveit2/install/moveit_configs_utils/lib/python3.10/site-packages:/home/vinayak/ws_moveit2/install/srdfdom/local/lib/python3.10/dist-packages:/home/vinayak/ws_moveit2/install/launch_param_builder/lib/python3.10/site-packages:${PYTHONPATH} /usr/bin/cmake --install /home/vinayak/ws_moveit2/build/moveit_visual_tools
