[0.093s] Invoking command in '/home/vinayak/ws_moveit2/build/rviz_marker_tools': AMENT_PREFIX_PATH=/home/vinayak/ws_moveit2/install/moveit_common:${AMENT_PREFIX_PATH} CMAKE_PREFIX_PATH=/home/vinayak/ws_moveit2/install/moveit_common:/opt/ros/humble /usr/bin/cmake --build /home/vinayak/ws_moveit2/build/rviz_marker_tools -- -j8 -l8
[0.218s] [100%] Built target rviz_marker_tools
[0.288s] Invoked command in '/home/vinayak/ws_moveit2/build/rviz_marker_tools' returned '0': AMENT_PREFIX_PATH=/home/vinayak/ws_moveit2/install/moveit_common:${AMENT_PREFIX_PATH} CMAKE_PREFIX_PATH=/home/vinayak/ws_moveit2/install/moveit_common:/opt/ros/humble /usr/bin/cmake --build /home/vinayak/ws_moveit2/build/rviz_marker_tools -- -j8 -l8
[0.290s] Invoking command in '/home/vinayak/ws_moveit2/build/rviz_marker_tools': AMENT_PREFIX_PATH=/home/vinayak/ws_moveit2/install/moveit_common:${AMENT_PREFIX_PATH} CMAKE_PREFIX_PATH=/home/vinayak/ws_moveit2/install/moveit_common:/opt/ros/humble /usr/bin/cmake --install /home/vinayak/ws_moveit2/build/rviz_marker_tools
[0.308s] -- Install configuration: "Release"
[0.309s] -- Up-to-date: /home/vinayak/ws_moveit2/install/rviz_marker_tools/include
[0.309s] -- Up-to-date: /home/vinayak/ws_moveit2/install/rviz_marker_tools/include/rviz_marker_tools
[0.309s] -- Up-to-date: /home/vinayak/ws_moveit2/install/rviz_marker_tools/include/rviz_marker_tools/marker_creation.h
[0.309s] -- Up-to-date: /home/vinayak/ws_moveit2/install/rviz_marker_tools/lib/librviz_marker_tools.so
[0.309s] -- Up-to-date: /home/vinayak/ws_moveit2/install/rviz_marker_tools/share/rviz_marker_tools/environment/library_path.sh
[0.310s] -- Up-to-date: /home/vinayak/ws_moveit2/install/rviz_marker_tools/share/rviz_marker_tools/environment/library_path.dsv
[0.310s] -- Up-to-date: /home/vinayak/ws_moveit2/install/rviz_marker_tools/share/ament_index/resource_index/package_run_dependencies/rviz_marker_tools
[0.310s] -- Up-to-date: /home/vinayak/ws_moveit2/install/rviz_marker_tools/share/ament_index/resource_index/parent_prefix_path/rviz_marker_tools
[0.310s] -- Up-to-date: /home/vinayak/ws_moveit2/install/rviz_marker_tools/share/rviz_marker_tools/environment/ament_prefix_path.sh
[0.319s] -- Up-to-date: /home/vinayak/ws_moveit2/install/rviz_marker_tools/share/rviz_marker_tools/environment/ament_prefix_path.dsv
[0.320s] -- Up-to-date: /home/vinayak/ws_moveit2/install/rviz_marker_tools/share/rviz_marker_tools/environment/path.sh
[0.321s] -- Up-to-date: /home/vinayak/ws_moveit2/install/rviz_marker_tools/share/rviz_marker_tools/environment/path.dsv
[0.325s] -- Up-to-date: /home/vinayak/ws_moveit2/install/rviz_marker_tools/share/rviz_marker_tools/local_setup.bash
[0.326s] -- Up-to-date: /home/vinayak/ws_moveit2/install/rviz_marker_tools/share/rviz_marker_tools/local_setup.sh
[0.326s] -- Up-to-date: /home/vinayak/ws_moveit2/install/rviz_marker_tools/share/rviz_marker_tools/local_setup.zsh
[0.329s] -- Up-to-date: /home/vinayak/ws_moveit2/install/rviz_marker_tools/share/rviz_marker_tools/local_setup.dsv
[0.329s] -- Installing: /home/vinayak/ws_moveit2/install/rviz_marker_tools/share/rviz_marker_tools/package.dsv
[0.329s] -- Up-to-date: /home/vinayak/ws_moveit2/install/rviz_marker_tools/share/ament_index/resource_index/packages/rviz_marker_tools
[0.329s] -- Up-to-date: /home/vinayak/ws_moveit2/install/rviz_marker_tools/share/rviz_marker_tools/cmake/rviz_marker_toolsTargetsExport.cmake
[0.330s] -- Up-to-date: /home/vinayak/ws_moveit2/install/rviz_marker_tools/share/rviz_marker_tools/cmake/rviz_marker_toolsTargetsExport-release.cmake
[0.330s] -- Up-to-date: /home/vinayak/ws_moveit2/install/rviz_marker_tools/share/rviz_marker_tools/cmake/ament_cmake_export_targets-extras.cmake
[0.330s] -- Up-to-date: /home/vinayak/ws_moveit2/install/rviz_marker_tools/share/rviz_marker_tools/cmake/ament_cmake_export_dependencies-extras.cmake
[0.330s] -- Up-to-date: /home/vinayak/ws_moveit2/install/rviz_marker_tools/share/rviz_marker_tools/cmake/rviz_marker_toolsConfig.cmake
[0.330s] -- Up-to-date: /home/vinayak/ws_moveit2/install/rviz_marker_tools/share/rviz_marker_tools/cmake/rviz_marker_toolsConfig-version.cmake
[0.330s] -- Up-to-date: /home/vinayak/ws_moveit2/install/rviz_marker_tools/share/rviz_marker_tools/package.xml
[0.344s] Invoked command in '/home/vinayak/ws_moveit2/build/rviz_marker_tools' returned '0': AMENT_PREFIX_PATH=/home/vinayak/ws_moveit2/install/moveit_common:${AMENT_PREFIX_PATH} CMAKE_PREFIX_PATH=/home/vinayak/ws_moveit2/install/moveit_common:/opt/ros/humble /usr/bin/cmake --install /home/vinayak/ws_moveit2/build/rviz_marker_tools
