[0.018s] Invoking command in '/home/vinayak/ws_moveit2/build/moveit_core': CMAKE_PREFIX_PATH=/home/vinayak/ws_moveit2/install/moveit_resources_panda_moveit_config:/home/vinayak/ws_moveit2/install/srdfdom:/home/vinayak/ws_moveit2/install/moveit_resources_pr2_description:/home/vinayak/ws_moveit2/install/moveit_resources_panda_description:/home/vinayak/ws_moveit2/install/moveit_common:/home/vinayak/ws_moveit2/install/ur:/home/vinayak/ws_moveit2/install/ur_calibration:/home/vinayak/ws_moveit2/install/ur_robot_driver:/home/vinayak/ws_moveit2/install/ur_moveit_config:/home/vinayak/ws_moveit2/install/ur_bringup:/home/vinayak/ws_moveit2/install/ur_controllers:/home/vinayak/ws_moveit2/install/ur_dashboard_msgs:/home/vinayak/ws_moveit2/install/new_configuration:/home/vinayak/ws_moveit2/install/ur3e:/home/vinayak/ws_moveit2/install/pilz_industrial_motion_planner_testutils:/home/vinayak/ws_moveit2/install/moveit_runtime:/home/vinayak/ws_moveit2/install/moveit2_tutorials:/home/vinayak/ws_moveit2/install/moveit:/home/vinayak/ws_moveit2/install/moveit_planners:/home/vinayak/ws_moveit2/install/pilz_industrial_motion_planner:/home/vinayak/ws_moveit2/install/moveit_visual_tools:/home/vinayak/ws_moveit2/install/moveit_task_constructor_visualization:/home/vinayak/ws_moveit2/install/moveit_task_constructor_demo:/home/vinayak/ws_moveit2/install/moveit_task_constructor_capabilities:/home/vinayak/ws_moveit2/install/moveit_task_constructor_core:/home/vinayak/ws_moveit2/install/moveit_ros_control_interface:/home/vinayak/ws_moveit2/install/moveit_plugins:/home/vinayak/ws_moveit2/install/moveit_simple_controller_manager:/home/vinayak/ws_moveit2/install/moveit_setup_assistant:/home/vinayak/ws_moveit2/install/moveit_setup_srdf_plugins:/home/vinayak/ws_moveit2/install/moveit_setup_core_plugins:/home/vinayak/ws_moveit2/install/moveit_setup_controllers:/home/vinayak/ws_moveit2/install/moveit_setup_app_plugins:/home/vinayak/ws_moveit2/install/moveit_setup_framework:/home/vinayak/ws_moveit2/install/moveit_servo:/home/vinayak/ws_moveit2/install/moveit_ros:/home/vinayak/ws_moveit2/install/moveit_ros_visualization:/home/vinayak/ws_moveit2/install/moveit_hybrid_planning:/home/vinayak/ws_moveit2/install/moveit_ros_planning_interface:/home/vinayak/ws_moveit2/install/moveit_ros_benchmarks:/home/vinayak/ws_moveit2/install/moveit_ros_warehouse:/home/vinayak/ws_moveit2/install/moveit_ros_robot_interaction:/home/vinayak/ws_moveit2/install/moveit_ros_perception:/home/vinayak/ws_moveit2/install/moveit_resources_prbt_pg70_support:/home/vinayak/ws_moveit2/install/moveit_resources_prbt_moveit_config:/home/vinayak/ws_moveit2/install/moveit_ros_move_group:/home/vinayak/ws_moveit2/install/moveit_planners_ompl:/home/vinayak/ws_moveit2/install/moveit_ros_planning:/home/vinayak/ws_moveit2/install/moveit_ros_occupancy_map_monitor:/home/vinayak/ws_moveit2/install/moveit_resources_prbt_ikfast_manipulator_plugin:/home/vinayak/ws_moveit2/install/moveit_planners_chomp:/home/vinayak/ws_moveit2/install/moveit_kinematics:/home/vinayak/ws_moveit2/install/moveit_chomp_optimizer_adapter:/home/vinayak/ws_moveit2/install/chomp_motion_planner:/home/vinayak/ws_moveit2/install/moveit_core:/home/vinayak/ws_moveit2/install/rviz_marker_tools:/home/vinayak/ws_moveit2/install/rosparam_shortcuts:/home/vinayak/ws_moveit2/install/moveit_task_constructor_msgs:/home/vinayak/ws_moveit2/install/moveit_resources_prbt_support:/home/vinayak/ws_moveit2/install/moveit_resources:/home/vinayak/ws_moveit2/install/moveit_resources_fanuc_moveit_config:/home/vinayak/ws_moveit2/install/moveit_resources_fanuc_description:/home/vinayak/ws_moveit2/install/ur3e_rl:/home/vinayak/ws_moveit2/install/ur3e_motion_package:/home/vinayak/ws_moveit2/install/moveit_configs_utils:/home/vinayak/ws_moveit2/install/launch_param_builder:/opt/ros/humble LD_LIBRARY_PATH=/home/vinayak/ws_moveit2/install/srdfdom/lib:/home/vinayak/ws_moveit2/install/ur_robot_driver/lib:/home/vinayak/ws_moveit2/install/ur_controllers/lib:/home/vinayak/ws_moveit2/install/ur_dashboard_msgs/lib:/home/vinayak/ws_moveit2/install/pilz_industrial_motion_planner_testutils/lib:/home/vinayak/ws_moveit2/install/pilz_industrial_motion_planner/lib:/home/vinayak/ws_moveit2/install/moveit_visual_tools/lib:/home/vinayak/ws_moveit2/install/moveit_task_constructor_visualization/lib:/home/vinayak/ws_moveit2/install/moveit_task_constructor_demo/lib:/home/vinayak/ws_moveit2/install/moveit_task_constructor_capabilities/lib:/home/vinayak/ws_moveit2/install/moveit_task_constructor_core/lib:/home/vinayak/ws_moveit2/install/moveit_ros_control_interface/lib:/home/vinayak/ws_moveit2/install/moveit_simple_controller_manager/lib:/home/vinayak/ws_moveit2/install/moveit_setup_assistant/lib:/home/vinayak/ws_moveit2/install/moveit_setup_srdf_plugins/lib:/home/vinayak/ws_moveit2/install/moveit_setup_core_plugins/lib:/home/vinayak/ws_moveit2/install/moveit_setup_controllers/lib:/home/vinayak/ws_moveit2/install/moveit_setup_app_plugins/lib:/home/vinayak/ws_moveit2/install/moveit_setup_framework/lib:/home/vinayak/ws_moveit2/install/moveit_servo/lib:/home/vinayak/ws_moveit2/install/moveit_ros_visualization/lib:/home/vinayak/ws_moveit2/install/moveit_hybrid_planning/lib:/home/vinayak/ws_moveit2/install/moveit_ros_planning_interface/lib:/home/vinayak/ws_moveit2/install/moveit_ros_benchmarks/lib:/home/vinayak/ws_moveit2/install/moveit_ros_warehouse/lib:/home/vinayak/ws_moveit2/install/moveit_ros_robot_interaction/lib:/home/vinayak/ws_moveit2/install/moveit_ros_perception/lib:/home/vinayak/ws_moveit2/install/moveit_ros_move_group/lib:/home/vinayak/ws_moveit2/install/moveit_planners_ompl/lib:/home/vinayak/ws_moveit2/install/moveit_ros_planning/lib:/home/vinayak/ws_moveit2/install/moveit_ros_occupancy_map_monitor/lib:/home/vinayak/ws_moveit2/install/moveit_resources_prbt_ikfast_manipulator_plugin/lib:/home/vinayak/ws_moveit2/install/moveit_planners_chomp/lib:/home/vinayak/ws_moveit2/install/moveit_kinematics/lib:/home/vinayak/ws_moveit2/install/moveit_chomp_optimizer_adapter/lib:/home/vinayak/ws_moveit2/install/chomp_motion_planner/lib:/home/vinayak/ws_moveit2/install/moveit_core/lib:/home/vinayak/ws_moveit2/install/rviz_marker_tools/lib:/home/vinayak/ws_moveit2/install/rosparam_shortcuts/lib:/home/vinayak/ws_moveit2/install/moveit_task_constructor_msgs/lib:/usr/lib/x86_64-linux-gnu/gazebo-11/plugins:/opt/ros/humble/opt/rviz_ogre_vendor/lib:/opt/ros/humble/lib/x86_64-linux-gnu:/opt/ros/humble/lib:/usr/local/cuda-12.4/lib64 /usr/bin/cmake --build /home/vinayak/ws_moveit2/build/moveit_core
[0.081s] [  1%] [32mBuilding CXX object transforms/CMakeFiles/moveit_transforms.dir/src/transforms.cpp.o[0m
[5.717s] [  1%] [32m[1mLinking CXX shared library libmoveit_transforms.so[0m
[5.866s] [  1%] Built target moveit_transforms
[5.892s] [  2%] [32mBuilding CXX object distance_field/CMakeFiles/moveit_distance_field.dir/src/distance_field.cpp.o[0m
[11.670s] [  3%] [32mBuilding CXX object distance_field/CMakeFiles/moveit_distance_field.dir/src/find_internal_points.cpp.o[0m
[13.061s] [  3%] [32mBuilding CXX object distance_field/CMakeFiles/moveit_distance_field.dir/src/propagation_distance_field.cpp.o[0m
[19.405s] [  4%] [32m[1mLinking CXX shared library libmoveit_distance_field.so[0m
[19.587s] [  4%] Built target moveit_distance_field
[19.600s] [35m[1mConsolidate compiler generated dependencies of target moveit_utils[0m
[19.617s] [  7%] Built target moveit_utils
[19.644s] [  7%] [32mBuilding CXX object gtest/CMakeFiles/gtest.dir/src/gtest-all.cc.o[0m
[26.176s] [  8%] [32m[1mLinking CXX static library libgtest.a[0m
[26.253s] [  8%] Built target gtest
[26.266s] [35m[1mConsolidate compiler generated dependencies of target gtest_main[0m
[26.281s] [  9%] Built target gtest_main
[26.294s] [35m[1mConsolidate compiler generated dependencies of target gmock[0m
[26.308s] [  9%] [32mBuilding CXX object gmock/CMakeFiles/gmock.dir/opt/ros/humble/src/gtest_vendor/src/gtest-all.cc.o[0m
[32.849s] [ 10%] [32mBuilding CXX object gmock/CMakeFiles/gmock.dir/src/gmock-all.cc.o[0m
[35.507s] [ 11%] [32m[1mLinking CXX static library libgmock.a[0m
[35.580s] [ 11%] Built target gmock
[35.605s] [ 11%] [32mBuilding CXX object gmock/CMakeFiles/gmock_main.dir/src/gmock_main.cc.o[0m
[36.687s] [ 12%] [32m[1mLinking CXX static library libgmock_main.a[0m
[36.751s] [ 12%] Built target gmock_main
[36.777s] [ 13%] [32mBuilding CXX object distance_field/CMakeFiles/test_voxel_grid.dir/test/test_voxel_grid.cpp.o[0m
[40.596s] [ 13%] [32m[1mLinking CXX executable test_voxel_grid[0m
[40.765s] [ 13%] Built target test_voxel_grid
[40.791s] [ 14%] [32mBuilding CXX object distance_field/CMakeFiles/test_distance_field.dir/test/test_distance_field.cpp.o[0m
[49.073s] [ 14%] [32m[1mLinking CXX executable test_distance_field[0m
[49.291s] [ 14%] Built target test_distance_field
[49.317s] [ 15%] [32mBuilding CXX object online_signal_smoothing/CMakeFiles/moveit_smoothing_base.dir/src/smoothing_base_class.cpp.o[0m
[51.691s] [ 15%] [32m[1mLinking CXX shared library libmoveit_smoothing_base.so[0m
[51.803s] [ 15%] Built target moveit_smoothing_base
[51.828s] [ 16%] [34m[1mRunning `/opt/ros/humble/bin/generate_parameter_library_cpp /home/vinayak/ws_moveit2/build/moveit_core/online_signal_smoothing/include/moveit_core/moveit_butterworth_parameters.hpp /home/vinayak/ws_moveit2/src/moveit2/moveit_core/online_signal_smoothing/src/butterworth_parameters.yaml `[0m
[51.963s] [ 17%] [34m[1mCreating deprecated header file /home/vinayak/ws_moveit2/build/moveit_core/online_signal_smoothing/include/moveit_butterworth_parameters.hpp[0m
[52.013s] [ 17%] Built target moveit_butterworth_parameters
[52.038s] [ 17%] [32mBuilding CXX object transforms/CMakeFiles/test_transforms.dir/test/test_transforms.cpp.o[0m
[54.653s] [ 18%] [32m[1mLinking CXX executable test_transforms[0m
[54.786s] [ 18%] Built target test_transforms
[54.811s] [ 18%] [32mBuilding CXX object version/CMakeFiles/moveit_version.dir/version.cpp.o[0m
[54.852s] [ 19%] [32m[1mLinking CXX executable moveit_version[0m
[54.924s] [ 19%] Built target moveit_version
[54.949s] [ 20%] [32mBuilding CXX object kinematics_base/CMakeFiles/moveit_kinematics_base.dir/src/kinematics_base.cpp.o[0m
[58.967s] [ 20%] [32m[1mLinking CXX shared library libmoveit_kinematics_base.so[0m
[59.096s] [ 20%] Built target moveit_kinematics_base
[59.109s] [35m[1mConsolidate compiler generated dependencies of target moveit_exceptions[0m
[59.124s] [ 21%] Built target moveit_exceptions
[59.151s] [ 21%] [32mBuilding CXX object robot_model/CMakeFiles/moveit_robot_model.dir/src/aabb.cpp.o[0m
[60.900s] [ 22%] [32mBuilding CXX object robot_model/CMakeFiles/moveit_robot_model.dir/src/joint_model.cpp.o[0m
[63.244s] [ 22%] [32mBuilding CXX object robot_model/CMakeFiles/moveit_robot_model.dir/src/joint_model_group.cpp.o[0m
[68.808s] [ 23%] [32mBuilding CXX object robot_model/CMakeFiles/moveit_robot_model.dir/src/link_model.cpp.o[0m
[71.982s] [ 24%] [32mBuilding CXX object robot_model/CMakeFiles/moveit_robot_model.dir/src/planar_joint_model.cpp.o[0m
[74.801s] [ 24%] [32mBuilding CXX object robot_model/CMakeFiles/moveit_robot_model.dir/src/prismatic_joint_model.cpp.o[0m
[76.407s] [ 25%] [32mBuilding CXX object robot_model/CMakeFiles/moveit_robot_model.dir/src/revolute_joint_model.cpp.o[0m
[78.915s] [ 25%] [32mBuilding CXX object robot_model/CMakeFiles/moveit_robot_model.dir/src/robot_model.cpp.o[0m
[86.569s] [ 25%] [32mBuilding CXX object robot_model/CMakeFiles/moveit_robot_model.dir/src/floating_joint_model.cpp.o[0m
[89.724s] [ 26%] [32mBuilding CXX object robot_model/CMakeFiles/moveit_robot_model.dir/src/fixed_joint_model.cpp.o[0m
[91.060s] [ 27%] [32m[1mLinking CXX shared library libmoveit_robot_model.so[0m
[91.237s] [ 27%] Built target moveit_robot_model
[91.262s] [ 28%] [32mBuilding CXX object robot_state/CMakeFiles/moveit_robot_state.dir/src/attached_body.cpp.o[0m
[94.106s] [ 28%] [32mBuilding CXX object robot_state/CMakeFiles/moveit_robot_state.dir/src/conversions.cpp.o[0m
[102.240s] [ 29%] [32mBuilding CXX object robot_state/CMakeFiles/moveit_robot_state.dir/src/robot_state.cpp.o[0m
[120.453s] [ 29%] [32mBuilding CXX object robot_state/CMakeFiles/moveit_robot_state.dir/src/cartesian_interpolator.cpp.o[0m
[125.739s] [ 30%] [32m[1mLinking CXX shared library libmoveit_robot_state.so[0m
[125.914s] [ 30%] Built target moveit_robot_state
[125.940s] [ 31%] [32mBuilding CXX object online_signal_smoothing/CMakeFiles/moveit_butterworth_filter.dir/src/butterworth_filter.cpp.o[0m
[126.572s] In file included from [01m[K/home/vinayak/ws_moveit2/src/moveit2/moveit_core/online_signal_smoothing/include/moveit/online_signal_smoothing/butterworth_filter.h:44[m[K,
[126.572s]                  from [01m[K/home/vinayak/ws_moveit2/src/moveit2/moveit_core/online_signal_smoothing/src/butterworth_filter.cpp:39[m[K:
[126.572s] [01m[K/home/vinayak/ws_moveit2/build/moveit_core/online_signal_smoothing/include/moveit_butterworth_parameters.hpp:1:150:[m[K [01;36m[Knote: [m[K‘[01m[K#pragma message: #include "moveit_butterworth_parameters.hpp" is deprecated. Use #include <moveit_core/moveit_butterworth_parameters.hpp> instead.[m[K’
[126.572s]     1 | Use #include <moveit_core/moveit_butterworth_parameters.hpp> instead."[01;36m[K)[m[K
[126.572s]       |                                                                       [01;36m[K^[m[K
[126.573s] 
[131.206s] [ 31%] [32m[1mLinking CXX shared library libmoveit_butterworth_filter.so[0m
[131.390s] [ 31%] Built target moveit_butterworth_filter
[131.416s] [ 32%] [32mBuilding CXX object robot_trajectory/CMakeFiles/moveit_robot_trajectory.dir/src/robot_trajectory.cpp.o[0m
[138.877s] [ 32%] [32m[1mLinking CXX shared library libmoveit_robot_trajectory.so[0m
[139.042s] [ 32%] Built target moveit_robot_trajectory
[139.068s] [ 32%] [32mBuilding CXX object dynamics_solver/CMakeFiles/moveit_dynamics_solver.dir/src/dynamics_solver.cpp.o[0m
[144.182s] [ 33%] [32m[1mLinking CXX shared library libmoveit_dynamics_solver.so[0m
[144.346s] [ 33%] Built target moveit_dynamics_solver
[144.372s] [ 34%] [32mBuilding CXX object kinematics_metrics/CMakeFiles/moveit_kinematics_metrics.dir/src/kinematics_metrics.cpp.o[0m
[159.156s] [ 34%] [32m[1mLinking CXX shared library libmoveit_kinematics_metrics.so[0m
[159.322s] [ 34%] Built target moveit_kinematics_metrics
[159.348s] [ 34%] [32mBuilding CXX object online_signal_smoothing/CMakeFiles/test_butterworth_filter.dir/test/test_butterworth_filter.cpp.o[0m
[160.619s] In file included from [01m[K/home/vinayak/ws_moveit2/src/moveit2/moveit_core/online_signal_smoothing/include/moveit/online_signal_smoothing/butterworth_filter.h:44[m[K,
[160.619s]                  from [01m[K/home/vinayak/ws_moveit2/src/moveit2/moveit_core/online_signal_smoothing/test/test_butterworth_filter.cpp:43[m[K:
[160.619s] [01m[K/home/vinayak/ws_moveit2/build/moveit_core/online_signal_smoothing/include/moveit_butterworth_parameters.hpp:1:150:[m[K [01;36m[Knote: [m[K‘[01m[K#pragma message: #include "moveit_butterworth_parameters.hpp" is deprecated. Use #include <moveit_core/moveit_butterworth_parameters.hpp> instead.[m[K’
[160.619s]     1 | Use #include <moveit_core/moveit_butterworth_parameters.hpp> instead."[01;36m[K)[m[K
[160.619s]       |                                                                       [01;36m[K^[m[K
[160.619s] 
[164.906s] [ 35%] [32m[1mLinking CXX executable test_butterworth_filter[0m
[165.055s] [ 35%] Built target test_butterworth_filter
[165.081s] [ 36%] [32mBuilding CXX object planning_interface/CMakeFiles/moveit_planning_interface.dir/src/planning_interface.cpp.o[0m
[172.497s] [ 37%] [32mBuilding CXX object planning_interface/CMakeFiles/moveit_planning_interface.dir/src/planning_response.cpp.o[0m
[177.949s] [ 37%] [32m[1mLinking CXX shared library libmoveit_planning_interface.so[0m
[178.099s] [ 37%] Built target moveit_planning_interface
[178.125s] [ 37%] [32mBuilding CXX object trajectory_processing/CMakeFiles/moveit_trajectory_processing.dir/src/iterative_time_parameterization.cpp.o[0m
[183.828s] [ 38%] [32mBuilding CXX object trajectory_processing/CMakeFiles/moveit_trajectory_processing.dir/src/iterative_spline_parameterization.cpp.o[0m
[189.881s] [ 38%] [32mBuilding CXX object trajectory_processing/CMakeFiles/moveit_trajectory_processing.dir/src/ruckig_traj_smoothing.cpp.o[0m
[197.378s] [ 39%] [32mBuilding CXX object trajectory_processing/CMakeFiles/moveit_trajectory_processing.dir/src/trajectory_tools.cpp.o[0m
[198.029s] [ 39%] [32mBuilding CXX object trajectory_processing/CMakeFiles/moveit_trajectory_processing.dir/src/time_optimal_trajectory_generation.cpp.o[0m
[205.103s] [ 40%] [32m[1mLinking CXX shared library libmoveit_trajectory_processing.so[0m
[205.272s] [ 40%] Built target moveit_trajectory_processing
[205.298s] [ 40%] [32mBuilding CXX object collision_detection/CMakeFiles/moveit_collision_detection.dir/src/allvalid/collision_env_allvalid.cpp.o[0m
[209.653s] [ 40%] [32mBuilding CXX object collision_detection/CMakeFiles/moveit_collision_detection.dir/src/collision_matrix.cpp.o[0m
[214.464s] [ 41%] [32mBuilding CXX object collision_detection/CMakeFiles/moveit_collision_detection.dir/src/collision_octomap_filter.cpp.o[0m
[219.206s] [ 42%] [32mBuilding CXX object collision_detection/CMakeFiles/moveit_collision_detection.dir/src/collision_tools.cpp.o[0m
[225.250s] [ 42%] [32mBuilding CXX object collision_detection/CMakeFiles/moveit_collision_detection.dir/src/world.cpp.o[0m
[228.696s] [ 43%] [32mBuilding CXX object collision_detection/CMakeFiles/moveit_collision_detection.dir/src/world_diff.cpp.o[0m
[230.730s] [ 43%] [32mBuilding CXX object collision_detection/CMakeFiles/moveit_collision_detection.dir/src/collision_env.cpp.o[0m
[235.645s] [ 44%] [32mBuilding CXX object collision_detection/CMakeFiles/moveit_collision_detection.dir/src/collision_plugin_cache.cpp.o[0m
[246.132s] [ 45%] [32mBuilding CXX object collision_detection/CMakeFiles/moveit_collision_detection.dir/src/collision_common.cpp.o[0m
[249.886s] [ 45%] [32m[1mLinking CXX shared library libmoveit_collision_detection.so[0m
[250.077s] [ 45%] Built target moveit_collision_detection
[250.102s] [ 46%] [32mBuilding CXX object utils/CMakeFiles/moveit_test_utils.dir/src/robot_model_test_utils.cpp.o[0m
[257.599s] [ 47%] [32m[1mLinking CXX shared library libmoveit_test_utils.so[0m
[257.771s] [ 47%] Built target moveit_test_utils
[257.796s] [ 48%] [32mBuilding CXX object collision_detection/CMakeFiles/test_world_diff.dir/test/test_world_diff.cpp.o[0m
[261.701s] [ 49%] [32m[1mLinking CXX executable test_world_diff[0m
[261.932s] [ 49%] Built target test_world_diff
[261.958s] [ 50%] [32mBuilding CXX object collision_detection/CMakeFiles/test_all_valid.dir/test/test_all_valid.cpp.o[0m
[267.330s] [ 50%] [32m[1mLinking CXX executable test_all_valid[0m
[267.564s] [ 50%] Built target test_all_valid
[267.590s] [ 51%] [32mBuilding CXX object collision_detection_bullet/CMakeFiles/moveit_collision_detection_bullet.dir/src/bullet_integration/bullet_utils.cpp.o[0m
[274.020s] [ 52%] [32mBuilding CXX object collision_detection_bullet/CMakeFiles/moveit_collision_detection_bullet.dir/src/bullet_integration/bullet_discrete_bvh_manager.cpp.o[0m
[278.516s] [ 52%] [32mBuilding CXX object collision_detection_bullet/CMakeFiles/moveit_collision_detection_bullet.dir/src/bullet_integration/bullet_cast_bvh_manager.cpp.o[0m
[283.228s] [ 53%] [32mBuilding CXX object collision_detection_bullet/CMakeFiles/moveit_collision_detection_bullet.dir/src/collision_env_bullet.cpp.o[0m
[289.395s] [ 53%] [32mBuilding CXX object collision_detection_bullet/CMakeFiles/moveit_collision_detection_bullet.dir/src/bullet_integration/bullet_bvh_manager.cpp.o[0m
[293.821s] [ 54%] [32mBuilding CXX object collision_detection_bullet/CMakeFiles/moveit_collision_detection_bullet.dir/src/bullet_integration/contact_checker_common.cpp.o[0m
[298.086s] [ 55%] [32mBuilding CXX object collision_detection_bullet/CMakeFiles/moveit_collision_detection_bullet.dir/src/bullet_integration/ros_bullet_utils.cpp.o[0m
[302.601s] [ 55%] [32m[1mLinking CXX shared library libmoveit_collision_detection_bullet.so[0m
[302.808s] [ 55%] Built target moveit_collision_detection_bullet
[302.834s] [ 56%] [32mBuilding CXX object robot_model/CMakeFiles/test_robot_model.dir/test/test.cpp.o[0m
[307.661s] [ 56%] [32m[1mLinking CXX executable test_robot_model[0m
[307.907s] [ 56%] Built target test_robot_model
[307.933s] [ 57%] [32mBuilding CXX object robot_state/CMakeFiles/test_robot_state.dir/test/robot_state_test.cpp.o[0m
[316.202s] [ 58%] [32m[1mLinking CXX executable test_robot_state[0m
[316.482s] [ 58%] Built target test_robot_state
[316.507s] [ 58%] [32mBuilding CXX object robot_state/CMakeFiles/test_robot_state_benchmark.dir/test/robot_state_benchmark.cpp.o[0m
[322.613s] [ 59%] [32m[1mLinking CXX executable test_robot_state_benchmark[0m
[322.876s] [ 59%] Built target test_robot_state_benchmark
[322.903s] [ 59%] [32mBuilding CXX object robot_state/CMakeFiles/test_robot_state_complex.dir/test/test_kinematic_complex.cpp.o[0m
[330.470s] [ 60%] [32m[1mLinking CXX executable test_robot_state_complex[0m
[330.750s] [ 60%] Built target test_robot_state_complex
[330.775s] [ 60%] [32mBuilding CXX object robot_state/CMakeFiles/test_aabb.dir/test/test_aabb.cpp.o[0m
[337.347s] [ 61%] [32m[1mLinking CXX executable test_aabb[0m
[337.597s] [ 61%] Built target test_aabb
[337.624s] [ 62%] [32mBuilding CXX object robot_state/CMakeFiles/test_cartesian_interpolator.dir/test/test_cartesian_interpolator.cpp.o[0m
[342.866s] [ 62%] [32m[1mLinking CXX executable test_cartesian_interpolator[0m
[343.117s] [ 62%] Built target test_cartesian_interpolator
[343.142s] [ 63%] [32mBuilding CXX object robot_trajectory/CMakeFiles/test_robot_trajectory.dir/test/test_robot_trajectory.cpp.o[0m
[350.390s] [ 63%] [32m[1mLinking CXX executable test_robot_trajectory[0m
[350.656s] [ 63%] Built target test_robot_trajectory
[350.682s] [ 63%] [32mBuilding CXX object trajectory_processing/CMakeFiles/test_time_parameterization.dir/test/test_time_parameterization.cpp.o[0m
[357.201s] [ 64%] [32m[1mLinking CXX executable test_time_parameterization[0m
[357.467s] [ 64%] Built target test_time_parameterization
[357.494s] [ 65%] [32mBuilding CXX object trajectory_processing/CMakeFiles/test_time_optimal_trajectory_generation.dir/test/test_time_optimal_trajectory_generation.cpp.o[0m
[365.304s] [ 66%] [32m[1mLinking CXX executable test_time_optimal_trajectory_generation[0m
[365.575s] [ 66%] Built target test_time_optimal_trajectory_generation
[365.601s] [ 67%] [32mBuilding CXX object trajectory_processing/CMakeFiles/test_ruckig_traj_smoothing.dir/test/test_ruckig_traj_smoothing.cpp.o[0m
[372.237s] [ 67%] [32m[1mLinking CXX executable test_ruckig_traj_smoothing[0m
[372.500s] [ 67%] Built target test_ruckig_traj_smoothing
[372.527s] [ 68%] [32mBuilding CXX object collision_detection_bullet/CMakeFiles/test_bullet_collision_detection.dir/test/test_bullet_collision_detection_pr2.cpp.o[0m
[381.010s] [ 68%] [32m[1mLinking CXX executable test_bullet_collision_detection[0m
[381.304s] [ 68%] Built target test_bullet_collision_detection
[381.330s] [ 69%] [32mBuilding CXX object collision_detection_bullet/CMakeFiles/test_bullet_collision_detection_panda.dir/test/test_bullet_collision_detection_panda.cpp.o[0m
[388.528s] [ 70%] [32m[1mLinking CXX executable test_bullet_collision_detection_panda[0m
[388.805s] [ 70%] Built target test_bullet_collision_detection_panda
[388.830s] [ 70%] [32mBuilding CXX object collision_detection_bullet/CMakeFiles/test_bullet_continuous_collision_checking.dir/test/test_bullet_continuous_collision_checking.cpp.o[0m
[397.540s] [ 71%] [32m[1mLinking CXX executable test_bullet_continuous_collision_checking[0m
[397.829s] [ 71%] Built target test_bullet_continuous_collision_checking
[397.854s] [ 72%] [32mBuilding CXX object collision_detection/CMakeFiles/test_world.dir/test/test_world.cpp.o[0m
[402.522s] [ 72%] [32m[1mLinking CXX executable test_world[0m
[402.753s] [ 72%] Built target test_world
[402.778s] [ 73%] [32mBuilding CXX object collision_detection_fcl/CMakeFiles/moveit_collision_detection_fcl.dir/src/collision_common.cpp.o[0m
[410.254s] [ 73%] [32mBuilding CXX object collision_detection_fcl/CMakeFiles/moveit_collision_detection_fcl.dir/src/collision_env_fcl.cpp.o[0m
[416.684s] [ 74%] [32m[1mLinking CXX shared library libmoveit_collision_detection_fcl.so[0m
[416.878s] [ 74%] Built target moveit_collision_detection_fcl
[416.904s] [ 75%] [32mBuilding CXX object kinematic_constraints/CMakeFiles/moveit_kinematic_constraints.dir/src/kinematic_constraint.cpp.o[0m
[428.387s] [ 75%] [32mBuilding CXX object kinematic_constraints/CMakeFiles/moveit_kinematic_constraints.dir/src/utils.cpp.o[0m
[437.264s] [ 76%] [32m[1mLinking CXX shared library libmoveit_kinematic_constraints.so[0m
[437.458s] [ 76%] Built target moveit_kinematic_constraints
[437.484s] [ 77%] [32mBuilding CXX object collision_detection_fcl/CMakeFiles/test_fcl_collision_detection_panda.dir/test/test_fcl_collision_detection_panda.cpp.o[0m
[445.739s] [ 78%] [32m[1mLinking CXX executable test_fcl_collision_detection_panda[0m
[446.012s] [ 78%] Built target test_fcl_collision_detection_panda
[446.037s] [ 79%] [32mBuilding CXX object planning_scene/CMakeFiles/moveit_planning_scene.dir/src/planning_scene.cpp.o[0m
[461.308s] [ 80%] [32m[1mLinking CXX shared library libmoveit_planning_scene.so[0m
[461.510s] [ 80%] Built target moveit_planning_scene
[461.536s] [ 80%] [32mBuilding CXX object kinematic_constraints/CMakeFiles/test_constraints.dir/test/test_constraints.cpp.o[0m
[471.232s] [ 81%] [32m[1mLinking CXX executable test_constraints[0m
[471.502s] [ 81%] Built target test_constraints
[471.527s] [ 82%] [32mBuilding CXX object kinematic_constraints/CMakeFiles/test_orientation_constraints.dir/test/test_orientation_constraints.cpp.o[0m
[479.804s] [ 82%] [32m[1mLinking CXX executable test_orientation_constraints[0m
[480.073s] [ 82%] Built target test_orientation_constraints
[480.099s] [ 83%] [32mBuilding CXX object planning_request_adapter/CMakeFiles/moveit_planning_request_adapter.dir/src/planning_request_adapter.cpp.o[0m
[486.121s] [ 83%] [32m[1mLinking CXX shared library libmoveit_planning_request_adapter.so[0m
[486.287s] [ 83%] Built target moveit_planning_request_adapter
[486.313s] [ 84%] [32mBuilding CXX object planning_scene/CMakeFiles/test_planning_scene.dir/test/test_planning_scene.cpp.o[0m
[498.541s] [ 84%] [32m[1mLinking CXX executable test_planning_scene[0m
[498.830s] [ 84%] Built target test_planning_scene
[498.856s] [ 85%] [32mBuilding CXX object planning_scene/CMakeFiles/test_collision_objects.dir/test/test_collision_objects.cpp.o[0m
[507.888s] [ 85%] [32m[1mLinking CXX executable test_collision_objects[0m
[508.155s] [ 85%] Built target test_collision_objects
[508.181s] [ 85%] [32mBuilding CXX object planning_scene/CMakeFiles/test_multi_threaded.dir/test/test_multi_threaded.cpp.o[0m
[515.420s] [ 86%] [32m[1mLinking CXX executable test_multi_threaded[0m
[515.689s] [ 86%] Built target test_multi_threaded
[515.714s] [ 86%] [32mBuilding CXX object collision_detection_bullet/CMakeFiles/collision_detector_bullet_plugin.dir/src/collision_detector_bullet_plugin_loader.cpp.o[0m
[522.075s] [ 87%] [32m[1mLinking CXX shared library libcollision_detector_bullet_plugin.so[0m
[522.234s] [ 87%] Built target collision_detector_bullet_plugin
[522.259s] [ 87%] [32mBuilding CXX object collision_detection_fcl/CMakeFiles/collision_detector_fcl_plugin.dir/src/collision_detector_fcl_plugin_loader.cpp.o[0m
[529.427s] [ 88%] [32m[1mLinking CXX shared library libcollision_detector_fcl_plugin.so[0m
[529.577s] [ 88%] Built target collision_detector_fcl_plugin
[529.603s] [ 89%] [32mBuilding CXX object collision_distance_field/CMakeFiles/moveit_collision_distance_field.dir/src/collision_distance_field_types.cpp.o[0m
[535.269s] [ 89%] [32mBuilding CXX object collision_distance_field/CMakeFiles/moveit_collision_distance_field.dir/src/collision_common_distance_field.cpp.o[0m
[542.634s] [ 90%] [32mBuilding CXX object collision_distance_field/CMakeFiles/moveit_collision_distance_field.dir/src/collision_env_distance_field.cpp.o[0m
[554.677s] [ 90%] [32mBuilding CXX object collision_distance_field/CMakeFiles/moveit_collision_distance_field.dir/src/collision_env_hybrid.cpp.o[0m
[562.187s] [ 91%] [32m[1mLinking CXX shared library libmoveit_collision_distance_field.so[0m
[562.385s] [ 91%] Built target moveit_collision_distance_field
[562.412s] [ 92%] [32mBuilding CXX object constraint_samplers/CMakeFiles/moveit_constraint_samplers.dir/src/constraint_sampler.cpp.o[0m
[568.224s] [ 92%] [32mBuilding CXX object constraint_samplers/CMakeFiles/moveit_constraint_samplers.dir/src/constraint_sampler_manager.cpp.o[0m
[575.275s] [ 93%] [32mBuilding CXX object constraint_samplers/CMakeFiles/moveit_constraint_samplers.dir/src/constraint_sampler_tools.cpp.o[0m
[581.349s] [ 93%] [32mBuilding CXX object constraint_samplers/CMakeFiles/moveit_constraint_samplers.dir/src/default_constraint_samplers.cpp.o[0m
[589.951s] [ 94%] [32mBuilding CXX object constraint_samplers/CMakeFiles/moveit_constraint_samplers.dir/src/union_constraint_sampler.cpp.o[0m
[596.233s] [ 94%] [32m[1mLinking CXX shared library libmoveit_constraint_samplers.so[0m
[596.413s] [ 94%] Built target moveit_constraint_samplers
[596.440s] [ 95%] [32mBuilding CXX object collision_distance_field/CMakeFiles/test_collision_distance_field.dir/test/test_collision_distance_field.cpp.o[0m
[605.786s] [ 95%] [32m[1mLinking CXX executable test_collision_distance_field[0m
[606.068s] [ 95%] Built target test_collision_distance_field
[606.095s] [ 96%] [32mBuilding CXX object constraint_samplers/CMakeFiles/test_constraint_samplers.dir/test/test_constraint_samplers.cpp.o[0m
[618.248s] [ 97%] [32mBuilding CXX object constraint_samplers/CMakeFiles/test_constraint_samplers.dir/test/pr2_arm_kinematics_plugin.cpp.o[0m
[624.003s] [ 97%] [32mBuilding CXX object constraint_samplers/CMakeFiles/test_constraint_samplers.dir/test/pr2_arm_ik.cpp.o[0m
[629.287s] [ 98%] [32m[1mLinking CXX executable test_constraint_samplers[0m
[629.602s] [ 98%] Built target test_constraint_samplers
[629.627s] [ 99%] [32mBuilding CXX object collision_detection_fcl/CMakeFiles/test_fcl_collision_detection.dir/test/test_fcl_collision_detection_pr2.cpp.o[0m
[638.480s] [ 99%] [32m[1mLinking CXX executable test_fcl_collision_detection[0m
[638.770s] [ 99%] Built target test_fcl_collision_detection
[638.795s] [ 99%] [32mBuilding CXX object collision_detection_fcl/CMakeFiles/test_fcl_collision_env.dir/test/test_fcl_env.cpp.o[0m
[646.543s] [100%] [32m[1mLinking CXX executable test_fcl_collision_env[0m
[646.828s] [100%] Built target test_fcl_collision_env
[646.840s] Invoked command in '/home/vinayak/ws_moveit2/build/moveit_core' returned '0': CMAKE_PREFIX_PATH=/home/vinayak/ws_moveit2/install/moveit_resources_panda_moveit_config:/home/vinayak/ws_moveit2/install/srdfdom:/home/vinayak/ws_moveit2/install/moveit_resources_pr2_description:/home/vinayak/ws_moveit2/install/moveit_resources_panda_description:/home/vinayak/ws_moveit2/install/moveit_common:/home/vinayak/ws_moveit2/install/ur:/home/vinayak/ws_moveit2/install/ur_calibration:/home/vinayak/ws_moveit2/install/ur_robot_driver:/home/vinayak/ws_moveit2/install/ur_moveit_config:/home/vinayak/ws_moveit2/install/ur_bringup:/home/vinayak/ws_moveit2/install/ur_controllers:/home/vinayak/ws_moveit2/install/ur_dashboard_msgs:/home/vinayak/ws_moveit2/install/new_configuration:/home/vinayak/ws_moveit2/install/ur3e:/home/vinayak/ws_moveit2/install/pilz_industrial_motion_planner_testutils:/home/vinayak/ws_moveit2/install/moveit_runtime:/home/vinayak/ws_moveit2/install/moveit2_tutorials:/home/vinayak/ws_moveit2/install/moveit:/home/vinayak/ws_moveit2/install/moveit_planners:/home/vinayak/ws_moveit2/install/pilz_industrial_motion_planner:/home/vinayak/ws_moveit2/install/moveit_visual_tools:/home/vinayak/ws_moveit2/install/moveit_task_constructor_visualization:/home/vinayak/ws_moveit2/install/moveit_task_constructor_demo:/home/vinayak/ws_moveit2/install/moveit_task_constructor_capabilities:/home/vinayak/ws_moveit2/install/moveit_task_constructor_core:/home/vinayak/ws_moveit2/install/moveit_ros_control_interface:/home/vinayak/ws_moveit2/install/moveit_plugins:/home/vinayak/ws_moveit2/install/moveit_simple_controller_manager:/home/vinayak/ws_moveit2/install/moveit_setup_assistant:/home/vinayak/ws_moveit2/install/moveit_setup_srdf_plugins:/home/vinayak/ws_moveit2/install/moveit_setup_core_plugins:/home/vinayak/ws_moveit2/install/moveit_setup_controllers:/home/vinayak/ws_moveit2/install/moveit_setup_app_plugins:/home/vinayak/ws_moveit2/install/moveit_setup_framework:/home/vinayak/ws_moveit2/install/moveit_servo:/home/vinayak/ws_moveit2/install/moveit_ros:/home/vinayak/ws_moveit2/install/moveit_ros_visualization:/home/vinayak/ws_moveit2/install/moveit_hybrid_planning:/home/vinayak/ws_moveit2/install/moveit_ros_planning_interface:/home/vinayak/ws_moveit2/install/moveit_ros_benchmarks:/home/vinayak/ws_moveit2/install/moveit_ros_warehouse:/home/vinayak/ws_moveit2/install/moveit_ros_robot_interaction:/home/vinayak/ws_moveit2/install/moveit_ros_perception:/home/vinayak/ws_moveit2/install/moveit_resources_prbt_pg70_support:/home/vinayak/ws_moveit2/install/moveit_resources_prbt_moveit_config:/home/vinayak/ws_moveit2/install/moveit_ros_move_group:/home/vinayak/ws_moveit2/install/moveit_planners_ompl:/home/vinayak/ws_moveit2/install/moveit_ros_planning:/home/vinayak/ws_moveit2/install/moveit_ros_occupancy_map_monitor:/home/vinayak/ws_moveit2/install/moveit_resources_prbt_ikfast_manipulator_plugin:/home/vinayak/ws_moveit2/install/moveit_planners_chomp:/home/vinayak/ws_moveit2/install/moveit_kinematics:/home/vinayak/ws_moveit2/install/moveit_chomp_optimizer_adapter:/home/vinayak/ws_moveit2/install/chomp_motion_planner:/home/vinayak/ws_moveit2/install/moveit_core:/home/vinayak/ws_moveit2/install/rviz_marker_tools:/home/vinayak/ws_moveit2/install/rosparam_shortcuts:/home/vinayak/ws_moveit2/install/moveit_task_constructor_msgs:/home/vinayak/ws_moveit2/install/moveit_resources_prbt_support:/home/vinayak/ws_moveit2/install/moveit_resources:/home/vinayak/ws_moveit2/install/moveit_resources_fanuc_moveit_config:/home/vinayak/ws_moveit2/install/moveit_resources_fanuc_description:/home/vinayak/ws_moveit2/install/ur3e_rl:/home/vinayak/ws_moveit2/install/ur3e_motion_package:/home/vinayak/ws_moveit2/install/moveit_configs_utils:/home/vinayak/ws_moveit2/install/launch_param_builder:/opt/ros/humble LD_LIBRARY_PATH=/home/vinayak/ws_moveit2/install/srdfdom/lib:/home/vinayak/ws_moveit2/install/ur_robot_driver/lib:/home/vinayak/ws_moveit2/install/ur_controllers/lib:/home/vinayak/ws_moveit2/install/ur_dashboard_msgs/lib:/home/vinayak/ws_moveit2/install/pilz_industrial_motion_planner_testutils/lib:/home/vinayak/ws_moveit2/install/pilz_industrial_motion_planner/lib:/home/vinayak/ws_moveit2/install/moveit_visual_tools/lib:/home/vinayak/ws_moveit2/install/moveit_task_constructor_visualization/lib:/home/vinayak/ws_moveit2/install/moveit_task_constructor_demo/lib:/home/vinayak/ws_moveit2/install/moveit_task_constructor_capabilities/lib:/home/vinayak/ws_moveit2/install/moveit_task_constructor_core/lib:/home/vinayak/ws_moveit2/install/moveit_ros_control_interface/lib:/home/vinayak/ws_moveit2/install/moveit_simple_controller_manager/lib:/home/vinayak/ws_moveit2/install/moveit_setup_assistant/lib:/home/vinayak/ws_moveit2/install/moveit_setup_srdf_plugins/lib:/home/vinayak/ws_moveit2/install/moveit_setup_core_plugins/lib:/home/vinayak/ws_moveit2/install/moveit_setup_controllers/lib:/home/vinayak/ws_moveit2/install/moveit_setup_app_plugins/lib:/home/vinayak/ws_moveit2/install/moveit_setup_framework/lib:/home/vinayak/ws_moveit2/install/moveit_servo/lib:/home/vinayak/ws_moveit2/install/moveit_ros_visualization/lib:/home/vinayak/ws_moveit2/install/moveit_hybrid_planning/lib:/home/vinayak/ws_moveit2/install/moveit_ros_planning_interface/lib:/home/vinayak/ws_moveit2/install/moveit_ros_benchmarks/lib:/home/vinayak/ws_moveit2/install/moveit_ros_warehouse/lib:/home/vinayak/ws_moveit2/install/moveit_ros_robot_interaction/lib:/home/vinayak/ws_moveit2/install/moveit_ros_perception/lib:/home/vinayak/ws_moveit2/install/moveit_ros_move_group/lib:/home/vinayak/ws_moveit2/install/moveit_planners_ompl/lib:/home/vinayak/ws_moveit2/install/moveit_ros_planning/lib:/home/vinayak/ws_moveit2/install/moveit_ros_occupancy_map_monitor/lib:/home/vinayak/ws_moveit2/install/moveit_resources_prbt_ikfast_manipulator_plugin/lib:/home/vinayak/ws_moveit2/install/moveit_planners_chomp/lib:/home/vinayak/ws_moveit2/install/moveit_kinematics/lib:/home/vinayak/ws_moveit2/install/moveit_chomp_optimizer_adapter/lib:/home/vinayak/ws_moveit2/install/chomp_motion_planner/lib:/home/vinayak/ws_moveit2/install/moveit_core/lib:/home/vinayak/ws_moveit2/install/rviz_marker_tools/lib:/home/vinayak/ws_moveit2/install/rosparam_shortcuts/lib:/home/vinayak/ws_moveit2/install/moveit_task_constructor_msgs/lib:/usr/lib/x86_64-linux-gnu/gazebo-11/plugins:/opt/ros/humble/opt/rviz_ogre_vendor/lib:/opt/ros/humble/lib/x86_64-linux-gnu:/opt/ros/humble/lib:/usr/local/cuda-12.4/lib64 /usr/bin/cmake --build /home/vinayak/ws_moveit2/build/moveit_core
[646.842s] Invoking command in '/home/vinayak/ws_moveit2/build/moveit_core': CMAKE_PREFIX_PATH=/home/vinayak/ws_moveit2/install/moveit_resources_panda_moveit_config:/home/vinayak/ws_moveit2/install/srdfdom:/home/vinayak/ws_moveit2/install/moveit_resources_pr2_description:/home/vinayak/ws_moveit2/install/moveit_resources_panda_description:/home/vinayak/ws_moveit2/install/moveit_common:/home/vinayak/ws_moveit2/install/ur:/home/vinayak/ws_moveit2/install/ur_calibration:/home/vinayak/ws_moveit2/install/ur_robot_driver:/home/vinayak/ws_moveit2/install/ur_moveit_config:/home/vinayak/ws_moveit2/install/ur_bringup:/home/vinayak/ws_moveit2/install/ur_controllers:/home/vinayak/ws_moveit2/install/ur_dashboard_msgs:/home/vinayak/ws_moveit2/install/new_configuration:/home/vinayak/ws_moveit2/install/ur3e:/home/vinayak/ws_moveit2/install/pilz_industrial_motion_planner_testutils:/home/vinayak/ws_moveit2/install/moveit_runtime:/home/vinayak/ws_moveit2/install/moveit2_tutorials:/home/vinayak/ws_moveit2/install/moveit:/home/vinayak/ws_moveit2/install/moveit_planners:/home/vinayak/ws_moveit2/install/pilz_industrial_motion_planner:/home/vinayak/ws_moveit2/install/moveit_visual_tools:/home/vinayak/ws_moveit2/install/moveit_task_constructor_visualization:/home/vinayak/ws_moveit2/install/moveit_task_constructor_demo:/home/vinayak/ws_moveit2/install/moveit_task_constructor_capabilities:/home/vinayak/ws_moveit2/install/moveit_task_constructor_core:/home/vinayak/ws_moveit2/install/moveit_ros_control_interface:/home/vinayak/ws_moveit2/install/moveit_plugins:/home/vinayak/ws_moveit2/install/moveit_simple_controller_manager:/home/vinayak/ws_moveit2/install/moveit_setup_assistant:/home/vinayak/ws_moveit2/install/moveit_setup_srdf_plugins:/home/vinayak/ws_moveit2/install/moveit_setup_core_plugins:/home/vinayak/ws_moveit2/install/moveit_setup_controllers:/home/vinayak/ws_moveit2/install/moveit_setup_app_plugins:/home/vinayak/ws_moveit2/install/moveit_setup_framework:/home/vinayak/ws_moveit2/install/moveit_servo:/home/vinayak/ws_moveit2/install/moveit_ros:/home/vinayak/ws_moveit2/install/moveit_ros_visualization:/home/vinayak/ws_moveit2/install/moveit_hybrid_planning:/home/vinayak/ws_moveit2/install/moveit_ros_planning_interface:/home/vinayak/ws_moveit2/install/moveit_ros_benchmarks:/home/vinayak/ws_moveit2/install/moveit_ros_warehouse:/home/vinayak/ws_moveit2/install/moveit_ros_robot_interaction:/home/vinayak/ws_moveit2/install/moveit_ros_perception:/home/vinayak/ws_moveit2/install/moveit_resources_prbt_pg70_support:/home/vinayak/ws_moveit2/install/moveit_resources_prbt_moveit_config:/home/vinayak/ws_moveit2/install/moveit_ros_move_group:/home/vinayak/ws_moveit2/install/moveit_planners_ompl:/home/vinayak/ws_moveit2/install/moveit_ros_planning:/home/vinayak/ws_moveit2/install/moveit_ros_occupancy_map_monitor:/home/vinayak/ws_moveit2/install/moveit_resources_prbt_ikfast_manipulator_plugin:/home/vinayak/ws_moveit2/install/moveit_planners_chomp:/home/vinayak/ws_moveit2/install/moveit_kinematics:/home/vinayak/ws_moveit2/install/moveit_chomp_optimizer_adapter:/home/vinayak/ws_moveit2/install/chomp_motion_planner:/home/vinayak/ws_moveit2/install/moveit_core:/home/vinayak/ws_moveit2/install/rviz_marker_tools:/home/vinayak/ws_moveit2/install/rosparam_shortcuts:/home/vinayak/ws_moveit2/install/moveit_task_constructor_msgs:/home/vinayak/ws_moveit2/install/moveit_resources_prbt_support:/home/vinayak/ws_moveit2/install/moveit_resources:/home/vinayak/ws_moveit2/install/moveit_resources_fanuc_moveit_config:/home/vinayak/ws_moveit2/install/moveit_resources_fanuc_description:/home/vinayak/ws_moveit2/install/ur3e_rl:/home/vinayak/ws_moveit2/install/ur3e_motion_package:/home/vinayak/ws_moveit2/install/moveit_configs_utils:/home/vinayak/ws_moveit2/install/launch_param_builder:/opt/ros/humble LD_LIBRARY_PATH=/home/vinayak/ws_moveit2/install/srdfdom/lib:/home/vinayak/ws_moveit2/install/ur_robot_driver/lib:/home/vinayak/ws_moveit2/install/ur_controllers/lib:/home/vinayak/ws_moveit2/install/ur_dashboard_msgs/lib:/home/vinayak/ws_moveit2/install/pilz_industrial_motion_planner_testutils/lib:/home/vinayak/ws_moveit2/install/pilz_industrial_motion_planner/lib:/home/vinayak/ws_moveit2/install/moveit_visual_tools/lib:/home/vinayak/ws_moveit2/install/moveit_task_constructor_visualization/lib:/home/vinayak/ws_moveit2/install/moveit_task_constructor_demo/lib:/home/vinayak/ws_moveit2/install/moveit_task_constructor_capabilities/lib:/home/vinayak/ws_moveit2/install/moveit_task_constructor_core/lib:/home/vinayak/ws_moveit2/install/moveit_ros_control_interface/lib:/home/vinayak/ws_moveit2/install/moveit_simple_controller_manager/lib:/home/vinayak/ws_moveit2/install/moveit_setup_assistant/lib:/home/vinayak/ws_moveit2/install/moveit_setup_srdf_plugins/lib:/home/vinayak/ws_moveit2/install/moveit_setup_core_plugins/lib:/home/vinayak/ws_moveit2/install/moveit_setup_controllers/lib:/home/vinayak/ws_moveit2/install/moveit_setup_app_plugins/lib:/home/vinayak/ws_moveit2/install/moveit_setup_framework/lib:/home/vinayak/ws_moveit2/install/moveit_servo/lib:/home/vinayak/ws_moveit2/install/moveit_ros_visualization/lib:/home/vinayak/ws_moveit2/install/moveit_hybrid_planning/lib:/home/vinayak/ws_moveit2/install/moveit_ros_planning_interface/lib:/home/vinayak/ws_moveit2/install/moveit_ros_benchmarks/lib:/home/vinayak/ws_moveit2/install/moveit_ros_warehouse/lib:/home/vinayak/ws_moveit2/install/moveit_ros_robot_interaction/lib:/home/vinayak/ws_moveit2/install/moveit_ros_perception/lib:/home/vinayak/ws_moveit2/install/moveit_ros_move_group/lib:/home/vinayak/ws_moveit2/install/moveit_planners_ompl/lib:/home/vinayak/ws_moveit2/install/moveit_ros_planning/lib:/home/vinayak/ws_moveit2/install/moveit_ros_occupancy_map_monitor/lib:/home/vinayak/ws_moveit2/install/moveit_resources_prbt_ikfast_manipulator_plugin/lib:/home/vinayak/ws_moveit2/install/moveit_planners_chomp/lib:/home/vinayak/ws_moveit2/install/moveit_kinematics/lib:/home/vinayak/ws_moveit2/install/moveit_chomp_optimizer_adapter/lib:/home/vinayak/ws_moveit2/install/chomp_motion_planner/lib:/home/vinayak/ws_moveit2/install/moveit_core/lib:/home/vinayak/ws_moveit2/install/rviz_marker_tools/lib:/home/vinayak/ws_moveit2/install/rosparam_shortcuts/lib:/home/vinayak/ws_moveit2/install/moveit_task_constructor_msgs/lib:/usr/lib/x86_64-linux-gnu/gazebo-11/plugins:/opt/ros/humble/opt/rviz_ogre_vendor/lib:/opt/ros/humble/lib/x86_64-linux-gnu:/opt/ros/humble/lib:/usr/local/cuda-12.4/lib64 /usr/bin/cmake --install /home/vinayak/ws_moveit2/build/moveit_core
[646.851s] -- Install configuration: "Release"
[646.851s] -- Installing: /home/vinayak/ws_moveit2/install/moveit_core/include/moveit/version.h
[646.851s] -- Up-to-date: /home/vinayak/ws_moveit2/install/moveit_core/include
[646.851s] -- Up-to-date: /home/vinayak/ws_moveit2/install/moveit_core/include/moveit
[646.851s] -- Installing: /home/vinayak/ws_moveit2/install/moveit_core/include/moveit/collision_distance_field
[646.851s] -- Installing: /home/vinayak/ws_moveit2/install/moveit_core/include/moveit/collision_distance_field/collision_env_hybrid.h
[646.851s] -- Installing: /home/vinayak/ws_moveit2/install/moveit_core/include/moveit/collision_distance_field/collision_distance_field_types.h
[646.851s] -- Installing: /home/vinayak/ws_moveit2/install/moveit_core/include/moveit/collision_distance_field/collision_env_distance_field.h
[646.852s] -- Installing: /home/vinayak/ws_moveit2/install/moveit_core/include/moveit/collision_distance_field/collision_detector_allocator_distance_field.h
[646.852s] -- Installing: /home/vinayak/ws_moveit2/install/moveit_core/include/moveit/collision_distance_field/collision_common_distance_field.h
[646.852s] -- Installing: /home/vinayak/ws_moveit2/install/moveit_core/include/moveit/collision_distance_field/collision_detector_allocator_hybrid.h
[646.852s] -- Installing: /home/vinayak/ws_moveit2/install/moveit_core/include/moveit_collision_distance_field_export.h
[646.852s] -- Up-to-date: /home/vinayak/ws_moveit2/install/moveit_core/include
[646.852s] -- Up-to-date: /home/vinayak/ws_moveit2/install/moveit_core/include/moveit
[646.853s] -- Installing: /home/vinayak/ws_moveit2/install/moveit_core/include/moveit/constraint_samplers
[646.853s] -- Installing: /home/vinayak/ws_moveit2/install/moveit_core/include/moveit/constraint_samplers/constraint_sampler_tools.h
[646.853s] -- Installing: /home/vinayak/ws_moveit2/install/moveit_core/include/moveit/constraint_samplers/constraint_sampler_allocator.h
[646.853s] -- Installing: /home/vinayak/ws_moveit2/install/moveit_core/include/moveit/constraint_samplers/constraint_sampler.h
[646.853s] -- Installing: /home/vinayak/ws_moveit2/install/moveit_core/include/moveit/constraint_samplers/constraint_sampler_manager.h
[646.853s] -- Installing: /home/vinayak/ws_moveit2/install/moveit_core/include/moveit/constraint_samplers/default_constraint_samplers.h
[646.853s] -- Installing: /home/vinayak/ws_moveit2/install/moveit_core/include/moveit/constraint_samplers/union_constraint_sampler.h
[646.854s] -- Up-to-date: /home/vinayak/ws_moveit2/install/moveit_core/include
[646.854s] -- Up-to-date: /home/vinayak/ws_moveit2/install/moveit_core/include/moveit
[646.854s] -- Installing: /home/vinayak/ws_moveit2/install/moveit_core/include/moveit/controller_manager
[646.854s] -- Installing: /home/vinayak/ws_moveit2/install/moveit_core/include/moveit/controller_manager/controller_manager.h
[646.854s] -- Up-to-date: /home/vinayak/ws_moveit2/install/moveit_core/include
[646.854s] -- Up-to-date: /home/vinayak/ws_moveit2/install/moveit_core/include/moveit
[646.854s] -- Installing: /home/vinayak/ws_moveit2/install/moveit_core/include/moveit/distance_field
[646.854s] -- Installing: /home/vinayak/ws_moveit2/install/moveit_core/include/moveit/distance_field/voxel_grid.h
[646.855s] -- Installing: /home/vinayak/ws_moveit2/install/moveit_core/include/moveit/distance_field/propagation_distance_field.h
[646.855s] -- Installing: /home/vinayak/ws_moveit2/install/moveit_core/include/moveit/distance_field/distance_field.h
[646.855s] -- Installing: /home/vinayak/ws_moveit2/install/moveit_core/include/moveit/distance_field/find_internal_points.h
[646.855s] -- Up-to-date: /home/vinayak/ws_moveit2/install/moveit_core/include
[646.855s] -- Up-to-date: /home/vinayak/ws_moveit2/install/moveit_core/include/moveit
[646.855s] -- Installing: /home/vinayak/ws_moveit2/install/moveit_core/include/moveit/dynamics_solver
[646.855s] -- Installing: /home/vinayak/ws_moveit2/install/moveit_core/include/moveit/dynamics_solver/dynamics_solver.h
[646.856s] -- Up-to-date: /home/vinayak/ws_moveit2/install/moveit_core/include
[646.856s] -- Up-to-date: /home/vinayak/ws_moveit2/install/moveit_core/include/moveit
[646.856s] -- Installing: /home/vinayak/ws_moveit2/install/moveit_core/include/moveit/exceptions
[646.856s] -- Installing: /home/vinayak/ws_moveit2/install/moveit_core/include/moveit/exceptions/exceptions.h
[646.856s] -- Up-to-date: /home/vinayak/ws_moveit2/install/moveit_core/include
[646.856s] -- Up-to-date: /home/vinayak/ws_moveit2/install/moveit_core/include/moveit
[646.856s] -- Installing: /home/vinayak/ws_moveit2/install/moveit_core/include/moveit/kinematics_base
[646.856s] -- Installing: /home/vinayak/ws_moveit2/install/moveit_core/include/moveit/kinematics_base/kinematics_base.h
[646.856s] -- Installing: /home/vinayak/ws_moveit2/install/moveit_core/include/moveit_kinematics_base_export.h
[646.857s] -- Up-to-date: /home/vinayak/ws_moveit2/install/moveit_core/include
[646.857s] -- Up-to-date: /home/vinayak/ws_moveit2/install/moveit_core/include/moveit
[646.857s] -- Installing: /home/vinayak/ws_moveit2/install/moveit_core/include/moveit/kinematic_constraints
[646.857s] -- Installing: /home/vinayak/ws_moveit2/install/moveit_core/include/moveit/kinematic_constraints/kinematic_constraint.h
[646.857s] -- Installing: /home/vinayak/ws_moveit2/install/moveit_core/include/moveit/kinematic_constraints/utils.h
[646.857s] -- Up-to-date: /home/vinayak/ws_moveit2/install/moveit_core/include
[646.857s] -- Up-to-date: /home/vinayak/ws_moveit2/install/moveit_core/include/moveit
[646.857s] -- Installing: /home/vinayak/ws_moveit2/install/moveit_core/include/moveit/kinematics_metrics
[646.857s] -- Installing: /home/vinayak/ws_moveit2/install/moveit_core/include/moveit/kinematics_metrics/kinematics_metrics.h
[646.858s] -- Up-to-date: /home/vinayak/ws_moveit2/install/moveit_core/include
[646.858s] -- Up-to-date: /home/vinayak/ws_moveit2/install/moveit_core/include/moveit
[646.858s] -- Installing: /home/vinayak/ws_moveit2/install/moveit_core/include/moveit/macros
[646.858s] -- Installing: /home/vinayak/ws_moveit2/install/moveit_core/include/moveit/macros/declare_ptr.h
[646.858s] -- Installing: /home/vinayak/ws_moveit2/install/moveit_core/include/moveit/macros/console_colors.h
[646.858s] -- Installing: /home/vinayak/ws_moveit2/install/moveit_core/include/moveit/macros/class_forward.h
[646.858s] -- Installing: /home/vinayak/ws_moveit2/install/moveit_core/include/moveit/macros/deprecation.h
[646.859s] -- Installing: /home/vinayak/ws_moveit2/install/moveit_core/include/moveit_core
[646.859s] -- Installing: /home/vinayak/ws_moveit2/install/moveit_core/include/moveit_core/moveit_butterworth_parameters.hpp
[646.859s] -- Up-to-date: /home/vinayak/ws_moveit2/install/moveit_core/include
[646.859s] -- Up-to-date: /home/vinayak/ws_moveit2/install/moveit_core/include/moveit
[646.859s] -- Installing: /home/vinayak/ws_moveit2/install/moveit_core/include/moveit/online_signal_smoothing
[646.859s] -- Installing: /home/vinayak/ws_moveit2/install/moveit_core/include/moveit/online_signal_smoothing/butterworth_filter.h
[646.859s] -- Installing: /home/vinayak/ws_moveit2/install/moveit_core/include/moveit/online_signal_smoothing/smoothing_base_class.h
[646.859s] -- Installing: /home/vinayak/ws_moveit2/install/moveit_core/include/moveit_smoothing_base_export.h
[646.859s] -- Installing: /home/vinayak/ws_moveit2/install/moveit_core/include/moveit_butterworth_filter_export.h
[646.860s] -- Up-to-date: /home/vinayak/ws_moveit2/install/moveit_core/include
[646.860s] -- Up-to-date: /home/vinayak/ws_moveit2/install/moveit_core/include/moveit
[646.860s] -- Installing: /home/vinayak/ws_moveit2/install/moveit_core/include/moveit/planning_interface
[646.860s] -- Installing: /home/vinayak/ws_moveit2/install/moveit_core/include/moveit/planning_interface/planning_interface.h
[646.860s] -- Installing: /home/vinayak/ws_moveit2/install/moveit_core/include/moveit/planning_interface/planning_request.h
[646.860s] -- Installing: /home/vinayak/ws_moveit2/install/moveit_core/include/moveit/planning_interface/planning_response.h
[646.860s] -- Up-to-date: /home/vinayak/ws_moveit2/install/moveit_core/include
[646.860s] -- Up-to-date: /home/vinayak/ws_moveit2/install/moveit_core/include/moveit
[646.860s] -- Installing: /home/vinayak/ws_moveit2/install/moveit_core/include/moveit/planning_request_adapter
[646.860s] -- Installing: /home/vinayak/ws_moveit2/install/moveit_core/include/moveit/planning_request_adapter/planning_request_adapter.h
[646.861s] -- Up-to-date: /home/vinayak/ws_moveit2/install/moveit_core/include
[646.861s] -- Up-to-date: /home/vinayak/ws_moveit2/install/moveit_core/include/moveit
[646.861s] -- Installing: /home/vinayak/ws_moveit2/install/moveit_core/include/moveit/planning_scene
[646.861s] -- Installing: /home/vinayak/ws_moveit2/install/moveit_core/include/moveit/planning_scene/planning_scene.h
[646.861s] -- Installing: /home/vinayak/ws_moveit2/install/moveit_core/include/moveit_planning_scene_export.h
[646.861s] -- Up-to-date: /home/vinayak/ws_moveit2/install/moveit_core/include
[646.861s] -- Up-to-date: /home/vinayak/ws_moveit2/install/moveit_core/include/moveit
[646.861s] -- Installing: /home/vinayak/ws_moveit2/install/moveit_core/include/moveit/robot_model
[646.862s] -- Installing: /home/vinayak/ws_moveit2/install/moveit_core/include/moveit/robot_model/planar_joint_model.h
[646.862s] -- Installing: /home/vinayak/ws_moveit2/install/moveit_core/include/moveit/robot_model/robot_model.h
[646.862s] -- Installing: /home/vinayak/ws_moveit2/install/moveit_core/include/moveit/robot_model/revolute_joint_model.h
[646.862s] -- Installing: /home/vinayak/ws_moveit2/install/moveit_core/include/moveit/robot_model/fixed_joint_model.h
[646.862s] -- Installing: /home/vinayak/ws_moveit2/install/moveit_core/include/moveit/robot_model/link_model.h
[646.862s] -- Installing: /home/vinayak/ws_moveit2/install/moveit_core/include/moveit/robot_model/joint_model_group.h
[646.862s] -- Installing: /home/vinayak/ws_moveit2/install/moveit_core/include/moveit/robot_model/aabb.h
[646.862s] -- Installing: /home/vinayak/ws_moveit2/install/moveit_core/include/moveit/robot_model/joint_model.h
[646.862s] -- Installing: /home/vinayak/ws_moveit2/install/moveit_core/include/moveit/robot_model/prismatic_joint_model.h
[646.863s] -- Installing: /home/vinayak/ws_moveit2/install/moveit_core/include/moveit/robot_model/floating_joint_model.h
[646.863s] -- Up-to-date: /home/vinayak/ws_moveit2/install/moveit_core/include
[646.863s] -- Up-to-date: /home/vinayak/ws_moveit2/install/moveit_core/include/moveit
[646.863s] -- Installing: /home/vinayak/ws_moveit2/install/moveit_core/include/moveit/robot_state
[646.863s] -- Installing: /home/vinayak/ws_moveit2/install/moveit_core/include/moveit/robot_state/conversions.h
[646.863s] -- Installing: /home/vinayak/ws_moveit2/install/moveit_core/include/moveit/robot_state/robot_state.h
[646.863s] -- Installing: /home/vinayak/ws_moveit2/install/moveit_core/include/moveit/robot_state/attached_body.h
[646.863s] -- Installing: /home/vinayak/ws_moveit2/install/moveit_core/include/moveit/robot_state/cartesian_interpolator.h
[646.864s] -- Up-to-date: /home/vinayak/ws_moveit2/install/moveit_core/include
[646.864s] -- Up-to-date: /home/vinayak/ws_moveit2/install/moveit_core/include/moveit
[646.864s] -- Installing: /home/vinayak/ws_moveit2/install/moveit_core/include/moveit/robot_trajectory
[646.864s] -- Installing: /home/vinayak/ws_moveit2/install/moveit_core/include/moveit/robot_trajectory/robot_trajectory.h
[646.864s] -- Up-to-date: /home/vinayak/ws_moveit2/install/moveit_core/include
[646.864s] -- Up-to-date: /home/vinayak/ws_moveit2/install/moveit_core/include/moveit
[646.864s] -- Installing: /home/vinayak/ws_moveit2/install/moveit_core/include/moveit/sensor_manager
[646.864s] -- Installing: /home/vinayak/ws_moveit2/install/moveit_core/include/moveit/sensor_manager/sensor_manager.h
[646.865s] -- Up-to-date: /home/vinayak/ws_moveit2/install/moveit_core/include
[646.865s] -- Up-to-date: /home/vinayak/ws_moveit2/install/moveit_core/include/moveit
[646.865s] -- Installing: /home/vinayak/ws_moveit2/install/moveit_core/include/moveit/trajectory_processing
[646.865s] -- Installing: /home/vinayak/ws_moveit2/install/moveit_core/include/moveit/trajectory_processing/iterative_spline_parameterization.h
[646.865s] -- Installing: /home/vinayak/ws_moveit2/install/moveit_core/include/moveit/trajectory_processing/ruckig_traj_smoothing.h
[646.865s] -- Installing: /home/vinayak/ws_moveit2/install/moveit_core/include/moveit/trajectory_processing/time_parameterization.h
[646.865s] -- Installing: /home/vinayak/ws_moveit2/install/moveit_core/include/moveit/trajectory_processing/iterative_time_parameterization.h
[646.865s] -- Installing: /home/vinayak/ws_moveit2/install/moveit_core/include/moveit/trajectory_processing/time_optimal_trajectory_generation.h
[646.865s] -- Installing: /home/vinayak/ws_moveit2/install/moveit_core/include/moveit/trajectory_processing/trajectory_tools.h
[646.866s] -- Up-to-date: /home/vinayak/ws_moveit2/install/moveit_core/include
[646.866s] -- Up-to-date: /home/vinayak/ws_moveit2/install/moveit_core/include/moveit
[646.866s] -- Installing: /home/vinayak/ws_moveit2/install/moveit_core/include/moveit/transforms
[646.866s] -- Installing: /home/vinayak/ws_moveit2/install/moveit_core/include/moveit/transforms/transforms.h
[646.866s] -- Up-to-date: /home/vinayak/ws_moveit2/install/moveit_core/include
[646.866s] -- Up-to-date: /home/vinayak/ws_moveit2/install/moveit_core/include/moveit
[646.866s] -- Installing: /home/vinayak/ws_moveit2/install/moveit_core/include/moveit/utils
[646.866s] -- Installing: /home/vinayak/ws_moveit2/install/moveit_core/include/moveit/utils/moveit_error_code.h
[646.867s] -- Installing: /home/vinayak/ws_moveit2/install/moveit_core/include/moveit/utils/rclcpp_utils.h
[646.867s] -- Installing: /home/vinayak/ws_moveit2/install/moveit_core/include/moveit/utils/robot_model_test_utils.h
[646.867s] -- Installing: /home/vinayak/ws_moveit2/install/moveit_core/include/moveit/utils/message_checks.h
[646.867s] -- Installing: /home/vinayak/ws_moveit2/install/moveit_core/include/moveit/utils/lexical_casts.h
[646.867s] -- Installing: /home/vinayak/ws_moveit2/install/moveit_core/bin/moveit_version
[646.868s] -- Up-to-date: /home/vinayak/ws_moveit2/install/moveit_core/include
[646.868s] -- Up-to-date: /home/vinayak/ws_moveit2/install/moveit_core/include/moveit
[646.868s] -- Installing: /home/vinayak/ws_moveit2/install/moveit_core/include/moveit/collision_detection
[646.868s] -- Installing: /home/vinayak/ws_moveit2/install/moveit_core/include/moveit/collision_detection/collision_plugin_cache.h
[646.868s] -- Installing: /home/vinayak/ws_moveit2/install/moveit_core/include/moveit/collision_detection/test_collision_common_panda.h
[646.868s] -- Installing: /home/vinayak/ws_moveit2/install/moveit_core/include/moveit/collision_detection/collision_tools.h
[646.868s] -- Installing: /home/vinayak/ws_moveit2/install/moveit_core/include/moveit/collision_detection/world.h
[646.868s] -- Installing: /home/vinayak/ws_moveit2/install/moveit_core/include/moveit/collision_detection/collision_env.h
[646.868s] -- Installing: /home/vinayak/ws_moveit2/install/moveit_core/include/moveit/collision_detection/collision_octomap_filter.h
[646.868s] -- Installing: /home/vinayak/ws_moveit2/install/moveit_core/include/moveit/collision_detection/allvalid
[646.869s] -- Installing: /home/vinayak/ws_moveit2/install/moveit_core/include/moveit/collision_detection/allvalid/collision_env_allvalid.h
[646.869s] -- Installing: /home/vinayak/ws_moveit2/install/moveit_core/include/moveit/collision_detection/allvalid/collision_detector_allocator_allvalid.h
[646.869s] -- Installing: /home/vinayak/ws_moveit2/install/moveit_core/include/moveit/collision_detection/collision_plugin.h
[646.869s] -- Installing: /home/vinayak/ws_moveit2/install/moveit_core/include/moveit/collision_detection/world_diff.h
[646.869s] -- Installing: /home/vinayak/ws_moveit2/install/moveit_core/include/moveit/collision_detection/collision_matrix.h
[646.869s] -- Installing: /home/vinayak/ws_moveit2/install/moveit_core/include/moveit/collision_detection/occupancy_map.h
[646.869s] -- Installing: /home/vinayak/ws_moveit2/install/moveit_core/include/moveit/collision_detection/test_collision_common_pr2.h
[646.869s] -- Installing: /home/vinayak/ws_moveit2/install/moveit_core/include/moveit/collision_detection/collision_detector_allocator.h
[646.869s] -- Installing: /home/vinayak/ws_moveit2/install/moveit_core/include/moveit/collision_detection/collision_common.h
[646.870s] -- Installing: /home/vinayak/ws_moveit2/install/moveit_core/include/moveit_collision_detection_export.h
[646.870s] -- Up-to-date: /home/vinayak/ws_moveit2/install/moveit_core/include
[646.870s] -- Up-to-date: /home/vinayak/ws_moveit2/install/moveit_core/include/moveit
[646.870s] -- Installing: /home/vinayak/ws_moveit2/install/moveit_core/include/moveit/collision_detection_bullet
[646.870s] -- Installing: /home/vinayak/ws_moveit2/install/moveit_core/include/moveit/collision_detection_bullet/collision_detector_bullet_plugin_loader.h
[646.870s] -- Installing: /home/vinayak/ws_moveit2/install/moveit_core/include/moveit/collision_detection_bullet/bullet_integration
[646.870s] -- Installing: /home/vinayak/ws_moveit2/install/moveit_core/include/moveit/collision_detection_bullet/bullet_integration/bullet_cast_bvh_manager.h
[646.870s] -- Installing: /home/vinayak/ws_moveit2/install/moveit_core/include/moveit/collision_detection_bullet/bullet_integration/basic_types.h
[646.871s] -- Installing: /home/vinayak/ws_moveit2/install/moveit_core/include/moveit/collision_detection_bullet/bullet_integration/ros_bullet_utils.h
[646.871s] -- Installing: /home/vinayak/ws_moveit2/install/moveit_core/include/moveit/collision_detection_bullet/bullet_integration/bullet_discrete_bvh_manager.h
[646.871s] -- Installing: /home/vinayak/ws_moveit2/install/moveit_core/include/moveit/collision_detection_bullet/bullet_integration/contact_checker_common.h
[646.871s] -- Installing: /home/vinayak/ws_moveit2/install/moveit_core/include/moveit/collision_detection_bullet/bullet_integration/bullet_utils.h
[646.871s] -- Installing: /home/vinayak/ws_moveit2/install/moveit_core/include/moveit/collision_detection_bullet/bullet_integration/bullet_bvh_manager.h
[646.871s] -- Installing: /home/vinayak/ws_moveit2/install/moveit_core/include/moveit/collision_detection_bullet/collision_env_bullet.h
[646.871s] -- Installing: /home/vinayak/ws_moveit2/install/moveit_core/include/moveit/collision_detection_bullet/collision_detector_allocator_bullet.h
[646.871s] -- Installing: /home/vinayak/ws_moveit2/install/moveit_core/include/moveit_collision_detection_bullet_export.h
[646.872s] -- Up-to-date: /home/vinayak/ws_moveit2/install/moveit_core/include
[646.872s] -- Up-to-date: /home/vinayak/ws_moveit2/install/moveit_core/include/moveit
[646.872s] -- Installing: /home/vinayak/ws_moveit2/install/moveit_core/include/moveit/collision_detection_fcl
[646.872s] -- Installing: /home/vinayak/ws_moveit2/install/moveit_core/include/moveit/collision_detection_fcl/fcl_compat.h
[646.872s] -- Installing: /home/vinayak/ws_moveit2/install/moveit_core/include/moveit/collision_detection_fcl/collision_detector_fcl_plugin_loader.h
[646.872s] -- Installing: /home/vinayak/ws_moveit2/install/moveit_core/include/moveit/collision_detection_fcl/collision_env_fcl.h
[646.872s] -- Installing: /home/vinayak/ws_moveit2/install/moveit_core/include/moveit/collision_detection_fcl/collision_detector_allocator_fcl.h
[646.872s] -- Installing: /home/vinayak/ws_moveit2/install/moveit_core/include/moveit/collision_detection_fcl/collision_common.h
[646.872s] -- Installing: /home/vinayak/ws_moveit2/install/moveit_core/include/moveit_collision_detection_fcl_export.h
[646.873s] -- Installing: /home/vinayak/ws_moveit2/install/moveit_core/lib/libcollision_detector_bullet_plugin.so.2.5.6
[646.873s] -- Set runtime path of "/home/vinayak/ws_moveit2/install/moveit_core/lib/libcollision_detector_bullet_plugin.so.2.5.6" to ""
[646.873s] -- Installing: /home/vinayak/ws_moveit2/install/moveit_core/lib/libcollision_detector_bullet_plugin.so
[646.874s] -- Installing: /home/vinayak/ws_moveit2/install/moveit_core/lib/libmoveit_butterworth_filter.so.2.5.6
[646.874s] -- Set runtime path of "/home/vinayak/ws_moveit2/install/moveit_core/lib/libmoveit_butterworth_filter.so.2.5.6" to ""
[646.874s] -- Installing: /home/vinayak/ws_moveit2/install/moveit_core/lib/libmoveit_butterworth_filter.so
[646.874s] -- Installing: /home/vinayak/ws_moveit2/install/moveit_core/lib/libmoveit_collision_distance_field.so.2.5.6
[646.875s] -- Set runtime path of "/home/vinayak/ws_moveit2/install/moveit_core/lib/libmoveit_collision_distance_field.so.2.5.6" to ""
[646.875s] -- Installing: /home/vinayak/ws_moveit2/install/moveit_core/lib/libmoveit_collision_distance_field.so
[646.875s] -- Installing: /home/vinayak/ws_moveit2/install/moveit_core/lib/libmoveit_collision_detection.so.2.5.6
[646.876s] -- Set runtime path of "/home/vinayak/ws_moveit2/install/moveit_core/lib/libmoveit_collision_detection.so.2.5.6" to ""
[646.876s] -- Installing: /home/vinayak/ws_moveit2/install/moveit_core/lib/libmoveit_collision_detection.so
[646.877s] -- Installing: /home/vinayak/ws_moveit2/install/moveit_core/lib/libmoveit_collision_detection_fcl.so.2.5.6
[646.877s] -- Set runtime path of "/home/vinayak/ws_moveit2/install/moveit_core/lib/libmoveit_collision_detection_fcl.so.2.5.6" to ""
[646.877s] -- Installing: /home/vinayak/ws_moveit2/install/moveit_core/lib/libmoveit_collision_detection_fcl.so
[646.877s] -- Installing: /home/vinayak/ws_moveit2/install/moveit_core/lib/libmoveit_collision_detection_bullet.so.2.5.6
[646.878s] -- Set runtime path of "/home/vinayak/ws_moveit2/install/moveit_core/lib/libmoveit_collision_detection_bullet.so.2.5.6" to ""
[646.878s] -- Installing: /home/vinayak/ws_moveit2/install/moveit_core/lib/libmoveit_collision_detection_bullet.so
[646.878s] -- Installing: /home/vinayak/ws_moveit2/install/moveit_core/lib/libmoveit_dynamics_solver.so.2.5.6
[646.879s] -- Set runtime path of "/home/vinayak/ws_moveit2/install/moveit_core/lib/libmoveit_dynamics_solver.so.2.5.6" to ""
[646.879s] -- Installing: /home/vinayak/ws_moveit2/install/moveit_core/lib/libmoveit_dynamics_solver.so
[646.879s] -- Installing: /home/vinayak/ws_moveit2/install/moveit_core/lib/libmoveit_constraint_samplers.so.2.5.6
[646.880s] -- Set runtime path of "/home/vinayak/ws_moveit2/install/moveit_core/lib/libmoveit_constraint_samplers.so.2.5.6" to ""
[646.880s] -- Installing: /home/vinayak/ws_moveit2/install/moveit_core/lib/libmoveit_constraint_samplers.so
[646.880s] -- Installing: /home/vinayak/ws_moveit2/install/moveit_core/lib/libmoveit_distance_field.so.2.5.6
[646.881s] -- Set runtime path of "/home/vinayak/ws_moveit2/install/moveit_core/lib/libmoveit_distance_field.so.2.5.6" to ""
[646.881s] -- Installing: /home/vinayak/ws_moveit2/install/moveit_core/lib/libmoveit_distance_field.so
[646.881s] -- Installing: /home/vinayak/ws_moveit2/install/moveit_core/lib/libmoveit_exceptions.so.2.5.6
[646.881s] -- Set runtime path of "/home/vinayak/ws_moveit2/install/moveit_core/lib/libmoveit_exceptions.so.2.5.6" to ""
[646.881s] -- Installing: /home/vinayak/ws_moveit2/install/moveit_core/lib/libmoveit_exceptions.so
[646.882s] -- Installing: /home/vinayak/ws_moveit2/install/moveit_core/lib/libmoveit_kinematics_base.so
[646.882s] -- Set runtime path of "/home/vinayak/ws_moveit2/install/moveit_core/lib/libmoveit_kinematics_base.so" to ""
[646.882s] -- Installing: /home/vinayak/ws_moveit2/install/moveit_core/lib/libmoveit_kinematic_constraints.so.2.5.6
[646.883s] -- Set runtime path of "/home/vinayak/ws_moveit2/install/moveit_core/lib/libmoveit_kinematic_constraints.so.2.5.6" to ""
[646.883s] -- Installing: /home/vinayak/ws_moveit2/install/moveit_core/lib/libmoveit_kinematic_constraints.so
[646.883s] -- Installing: /home/vinayak/ws_moveit2/install/moveit_core/lib/libmoveit_kinematics_metrics.so.2.5.6
[646.884s] -- Set runtime path of "/home/vinayak/ws_moveit2/install/moveit_core/lib/libmoveit_kinematics_metrics.so.2.5.6" to ""
[646.884s] -- Installing: /home/vinayak/ws_moveit2/install/moveit_core/lib/libmoveit_kinematics_metrics.so
[646.884s] -- Installing: /home/vinayak/ws_moveit2/install/moveit_core/lib/libmoveit_planning_interface.so.2.5.6
[646.885s] -- Set runtime path of "/home/vinayak/ws_moveit2/install/moveit_core/lib/libmoveit_planning_interface.so.2.5.6" to ""
[646.885s] -- Installing: /home/vinayak/ws_moveit2/install/moveit_core/lib/libmoveit_planning_interface.so
[646.885s] -- Installing: /home/vinayak/ws_moveit2/install/moveit_core/lib/libmoveit_planning_scene.so.2.5.6
[646.886s] -- Set runtime path of "/home/vinayak/ws_moveit2/install/moveit_core/lib/libmoveit_planning_scene.so.2.5.6" to ""
[646.886s] -- Installing: /home/vinayak/ws_moveit2/install/moveit_core/lib/libmoveit_planning_scene.so
[646.886s] -- Installing: /home/vinayak/ws_moveit2/install/moveit_core/lib/libmoveit_planning_request_adapter.so.2.5.6
[646.886s] -- Set runtime path of "/home/vinayak/ws_moveit2/install/moveit_core/lib/libmoveit_planning_request_adapter.so.2.5.6" to ""
[646.886s] -- Installing: /home/vinayak/ws_moveit2/install/moveit_core/lib/libmoveit_planning_request_adapter.so
[646.887s] -- Installing: /home/vinayak/ws_moveit2/install/moveit_core/lib/libmoveit_robot_model.so.2.5.6
[646.887s] -- Set runtime path of "/home/vinayak/ws_moveit2/install/moveit_core/lib/libmoveit_robot_model.so.2.5.6" to ""
[646.887s] -- Installing: /home/vinayak/ws_moveit2/install/moveit_core/lib/libmoveit_robot_model.so
[646.888s] -- Installing: /home/vinayak/ws_moveit2/install/moveit_core/lib/libmoveit_robot_state.so.2.5.6
[646.889s] -- Set runtime path of "/home/vinayak/ws_moveit2/install/moveit_core/lib/libmoveit_robot_state.so.2.5.6" to ""
[646.889s] -- Installing: /home/vinayak/ws_moveit2/install/moveit_core/lib/libmoveit_robot_state.so
[646.889s] -- Installing: /home/vinayak/ws_moveit2/install/moveit_core/lib/libmoveit_robot_trajectory.so.2.5.6
[646.889s] -- Set runtime path of "/home/vinayak/ws_moveit2/install/moveit_core/lib/libmoveit_robot_trajectory.so.2.5.6" to ""
[646.889s] -- Installing: /home/vinayak/ws_moveit2/install/moveit_core/lib/libmoveit_robot_trajectory.so
[646.889s] -- Installing: /home/vinayak/ws_moveit2/install/moveit_core/lib/libmoveit_smoothing_base.so.2.5.6
[646.890s] -- Set runtime path of "/home/vinayak/ws_moveit2/install/moveit_core/lib/libmoveit_smoothing_base.so.2.5.6" to ""
[646.890s] -- Installing: /home/vinayak/ws_moveit2/install/moveit_core/lib/libmoveit_smoothing_base.so
[646.890s] -- Installing: /home/vinayak/ws_moveit2/install/moveit_core/lib/libmoveit_test_utils.so.2.5.6
[646.891s] -- Set runtime path of "/home/vinayak/ws_moveit2/install/moveit_core/lib/libmoveit_test_utils.so.2.5.6" to ""
[646.891s] -- Installing: /home/vinayak/ws_moveit2/install/moveit_core/lib/libmoveit_test_utils.so
[646.891s] -- Installing: /home/vinayak/ws_moveit2/install/moveit_core/lib/libmoveit_trajectory_processing.so.2.5.6
[646.892s] -- Set runtime path of "/home/vinayak/ws_moveit2/install/moveit_core/lib/libmoveit_trajectory_processing.so.2.5.6" to ""
[646.892s] -- Installing: /home/vinayak/ws_moveit2/install/moveit_core/lib/libmoveit_trajectory_processing.so
[646.892s] -- Installing: /home/vinayak/ws_moveit2/install/moveit_core/lib/libmoveit_transforms.so.2.5.6
[646.892s] -- Set runtime path of "/home/vinayak/ws_moveit2/install/moveit_core/lib/libmoveit_transforms.so.2.5.6" to ""
[646.892s] -- Installing: /home/vinayak/ws_moveit2/install/moveit_core/lib/libmoveit_transforms.so
[646.892s] -- Installing: /home/vinayak/ws_moveit2/install/moveit_core/lib/libmoveit_utils.so.2.5.6
[646.893s] -- Set runtime path of "/home/vinayak/ws_moveit2/install/moveit_core/lib/libmoveit_utils.so.2.5.6" to ""
[646.893s] -- Installing: /home/vinayak/ws_moveit2/install/moveit_core/lib/libmoveit_utils.so
[646.893s] -- Installing: /home/vinayak/ws_moveit2/install/moveit_core/share/moveit_core/environment/library_path.sh
[646.893s] -- Installing: /home/vinayak/ws_moveit2/install/moveit_core/share/moveit_core/environment/library_path.dsv
[646.893s] -- Installing: /home/vinayak/ws_moveit2/install/moveit_core/share/moveit_core/collision_detector_fcl_description.xml
[646.894s] -- Installing: /home/vinayak/ws_moveit2/install/moveit_core/share/moveit_core/collision_detector_bullet_description.xml
[646.894s] -- Installing: /home/vinayak/ws_moveit2/install/moveit_core/share/moveit_core/filter_plugin_butterworth.xml
[646.894s] -- Installing: /home/vinayak/ws_moveit2/install/moveit_core/share/ament_index/resource_index/package_run_dependencies/moveit_core
[646.894s] -- Installing: /home/vinayak/ws_moveit2/install/moveit_core/share/ament_index/resource_index/parent_prefix_path/moveit_core
[646.895s] -- Installing: /home/vinayak/ws_moveit2/install/moveit_core/share/moveit_core/environment/ament_prefix_path.sh
[646.895s] -- Installing: /home/vinayak/ws_moveit2/install/moveit_core/share/moveit_core/environment/ament_prefix_path.dsv
[646.895s] -- Installing: /home/vinayak/ws_moveit2/install/moveit_core/share/moveit_core/environment/path.sh
[646.895s] -- Installing: /home/vinayak/ws_moveit2/install/moveit_core/share/moveit_core/environment/path.dsv
[646.895s] -- Installing: /home/vinayak/ws_moveit2/install/moveit_core/share/moveit_core/local_setup.bash
[646.895s] -- Installing: /home/vinayak/ws_moveit2/install/moveit_core/share/moveit_core/local_setup.sh
[646.895s] -- Installing: /home/vinayak/ws_moveit2/install/moveit_core/share/moveit_core/local_setup.zsh
[646.896s] -- Installing: /home/vinayak/ws_moveit2/install/moveit_core/share/moveit_core/local_setup.dsv
[646.896s] -- Installing: /home/vinayak/ws_moveit2/install/moveit_core/share/moveit_core/package.dsv
[646.896s] -- Installing: /home/vinayak/ws_moveit2/install/moveit_core/share/ament_index/resource_index/packages/moveit_core
[646.896s] -- Installing: /home/vinayak/ws_moveit2/install/moveit_core/share/ament_index/resource_index/moveit_core__pluginlib__plugin/moveit_core
[646.896s] -- Installing: /home/vinayak/ws_moveit2/install/moveit_core/share/moveit_core/cmake/export_moveit_coreExport.cmake
[646.896s] -- Installing: /home/vinayak/ws_moveit2/install/moveit_core/share/moveit_core/cmake/export_moveit_coreExport-release.cmake
[646.897s] -- Installing: /home/vinayak/ws_moveit2/install/moveit_core/share/moveit_core/cmake/ConfigExtras.cmake
[646.897s] -- Installing: /home/vinayak/ws_moveit2/install/moveit_core/share/moveit_core/cmake/ament_cmake_export_targets-extras.cmake
[646.897s] -- Installing: /home/vinayak/ws_moveit2/install/moveit_core/share/moveit_core/cmake/ament_cmake_export_dependencies-extras.cmake
[646.897s] -- Installing: /home/vinayak/ws_moveit2/install/moveit_core/share/moveit_core/cmake/moveit_coreConfig.cmake
[646.897s] -- Installing: /home/vinayak/ws_moveit2/install/moveit_core/share/moveit_core/cmake/moveit_coreConfig-version.cmake
[646.897s] -- Installing: /home/vinayak/ws_moveit2/install/moveit_core/share/moveit_core/package.xml
[646.900s] Invoked command in '/home/vinayak/ws_moveit2/build/moveit_core' returned '0': CMAKE_PREFIX_PATH=/home/vinayak/ws_moveit2/install/moveit_resources_panda_moveit_config:/home/vinayak/ws_moveit2/install/srdfdom:/home/vinayak/ws_moveit2/install/moveit_resources_pr2_description:/home/vinayak/ws_moveit2/install/moveit_resources_panda_description:/home/vinayak/ws_moveit2/install/moveit_common:/home/vinayak/ws_moveit2/install/ur:/home/vinayak/ws_moveit2/install/ur_calibration:/home/vinayak/ws_moveit2/install/ur_robot_driver:/home/vinayak/ws_moveit2/install/ur_moveit_config:/home/vinayak/ws_moveit2/install/ur_bringup:/home/vinayak/ws_moveit2/install/ur_controllers:/home/vinayak/ws_moveit2/install/ur_dashboard_msgs:/home/vinayak/ws_moveit2/install/new_configuration:/home/vinayak/ws_moveit2/install/ur3e:/home/vinayak/ws_moveit2/install/pilz_industrial_motion_planner_testutils:/home/vinayak/ws_moveit2/install/moveit_runtime:/home/vinayak/ws_moveit2/install/moveit2_tutorials:/home/vinayak/ws_moveit2/install/moveit:/home/vinayak/ws_moveit2/install/moveit_planners:/home/vinayak/ws_moveit2/install/pilz_industrial_motion_planner:/home/vinayak/ws_moveit2/install/moveit_visual_tools:/home/vinayak/ws_moveit2/install/moveit_task_constructor_visualization:/home/vinayak/ws_moveit2/install/moveit_task_constructor_demo:/home/vinayak/ws_moveit2/install/moveit_task_constructor_capabilities:/home/vinayak/ws_moveit2/install/moveit_task_constructor_core:/home/vinayak/ws_moveit2/install/moveit_ros_control_interface:/home/vinayak/ws_moveit2/install/moveit_plugins:/home/vinayak/ws_moveit2/install/moveit_simple_controller_manager:/home/vinayak/ws_moveit2/install/moveit_setup_assistant:/home/vinayak/ws_moveit2/install/moveit_setup_srdf_plugins:/home/vinayak/ws_moveit2/install/moveit_setup_core_plugins:/home/vinayak/ws_moveit2/install/moveit_setup_controllers:/home/vinayak/ws_moveit2/install/moveit_setup_app_plugins:/home/vinayak/ws_moveit2/install/moveit_setup_framework:/home/vinayak/ws_moveit2/install/moveit_servo:/home/vinayak/ws_moveit2/install/moveit_ros:/home/vinayak/ws_moveit2/install/moveit_ros_visualization:/home/vinayak/ws_moveit2/install/moveit_hybrid_planning:/home/vinayak/ws_moveit2/install/moveit_ros_planning_interface:/home/vinayak/ws_moveit2/install/moveit_ros_benchmarks:/home/vinayak/ws_moveit2/install/moveit_ros_warehouse:/home/vinayak/ws_moveit2/install/moveit_ros_robot_interaction:/home/vinayak/ws_moveit2/install/moveit_ros_perception:/home/vinayak/ws_moveit2/install/moveit_resources_prbt_pg70_support:/home/vinayak/ws_moveit2/install/moveit_resources_prbt_moveit_config:/home/vinayak/ws_moveit2/install/moveit_ros_move_group:/home/vinayak/ws_moveit2/install/moveit_planners_ompl:/home/vinayak/ws_moveit2/install/moveit_ros_planning:/home/vinayak/ws_moveit2/install/moveit_ros_occupancy_map_monitor:/home/vinayak/ws_moveit2/install/moveit_resources_prbt_ikfast_manipulator_plugin:/home/vinayak/ws_moveit2/install/moveit_planners_chomp:/home/vinayak/ws_moveit2/install/moveit_kinematics:/home/vinayak/ws_moveit2/install/moveit_chomp_optimizer_adapter:/home/vinayak/ws_moveit2/install/chomp_motion_planner:/home/vinayak/ws_moveit2/install/moveit_core:/home/vinayak/ws_moveit2/install/rviz_marker_tools:/home/vinayak/ws_moveit2/install/rosparam_shortcuts:/home/vinayak/ws_moveit2/install/moveit_task_constructor_msgs:/home/vinayak/ws_moveit2/install/moveit_resources_prbt_support:/home/vinayak/ws_moveit2/install/moveit_resources:/home/vinayak/ws_moveit2/install/moveit_resources_fanuc_moveit_config:/home/vinayak/ws_moveit2/install/moveit_resources_fanuc_description:/home/vinayak/ws_moveit2/install/ur3e_rl:/home/vinayak/ws_moveit2/install/ur3e_motion_package:/home/vinayak/ws_moveit2/install/moveit_configs_utils:/home/vinayak/ws_moveit2/install/launch_param_builder:/opt/ros/humble LD_LIBRARY_PATH=/home/vinayak/ws_moveit2/install/srdfdom/lib:/home/vinayak/ws_moveit2/install/ur_robot_driver/lib:/home/vinayak/ws_moveit2/install/ur_controllers/lib:/home/vinayak/ws_moveit2/install/ur_dashboard_msgs/lib:/home/vinayak/ws_moveit2/install/pilz_industrial_motion_planner_testutils/lib:/home/vinayak/ws_moveit2/install/pilz_industrial_motion_planner/lib:/home/vinayak/ws_moveit2/install/moveit_visual_tools/lib:/home/vinayak/ws_moveit2/install/moveit_task_constructor_visualization/lib:/home/vinayak/ws_moveit2/install/moveit_task_constructor_demo/lib:/home/vinayak/ws_moveit2/install/moveit_task_constructor_capabilities/lib:/home/vinayak/ws_moveit2/install/moveit_task_constructor_core/lib:/home/vinayak/ws_moveit2/install/moveit_ros_control_interface/lib:/home/vinayak/ws_moveit2/install/moveit_simple_controller_manager/lib:/home/vinayak/ws_moveit2/install/moveit_setup_assistant/lib:/home/vinayak/ws_moveit2/install/moveit_setup_srdf_plugins/lib:/home/vinayak/ws_moveit2/install/moveit_setup_core_plugins/lib:/home/vinayak/ws_moveit2/install/moveit_setup_controllers/lib:/home/vinayak/ws_moveit2/install/moveit_setup_app_plugins/lib:/home/vinayak/ws_moveit2/install/moveit_setup_framework/lib:/home/vinayak/ws_moveit2/install/moveit_servo/lib:/home/vinayak/ws_moveit2/install/moveit_ros_visualization/lib:/home/vinayak/ws_moveit2/install/moveit_hybrid_planning/lib:/home/vinayak/ws_moveit2/install/moveit_ros_planning_interface/lib:/home/vinayak/ws_moveit2/install/moveit_ros_benchmarks/lib:/home/vinayak/ws_moveit2/install/moveit_ros_warehouse/lib:/home/vinayak/ws_moveit2/install/moveit_ros_robot_interaction/lib:/home/vinayak/ws_moveit2/install/moveit_ros_perception/lib:/home/vinayak/ws_moveit2/install/moveit_ros_move_group/lib:/home/vinayak/ws_moveit2/install/moveit_planners_ompl/lib:/home/vinayak/ws_moveit2/install/moveit_ros_planning/lib:/home/vinayak/ws_moveit2/install/moveit_ros_occupancy_map_monitor/lib:/home/vinayak/ws_moveit2/install/moveit_resources_prbt_ikfast_manipulator_plugin/lib:/home/vinayak/ws_moveit2/install/moveit_planners_chomp/lib:/home/vinayak/ws_moveit2/install/moveit_kinematics/lib:/home/vinayak/ws_moveit2/install/moveit_chomp_optimizer_adapter/lib:/home/vinayak/ws_moveit2/install/chomp_motion_planner/lib:/home/vinayak/ws_moveit2/install/moveit_core/lib:/home/vinayak/ws_moveit2/install/rviz_marker_tools/lib:/home/vinayak/ws_moveit2/install/rosparam_shortcuts/lib:/home/vinayak/ws_moveit2/install/moveit_task_constructor_msgs/lib:/usr/lib/x86_64-linux-gnu/gazebo-11/plugins:/opt/ros/humble/opt/rviz_ogre_vendor/lib:/opt/ros/humble/lib/x86_64-linux-gnu:/opt/ros/humble/lib:/usr/local/cuda-12.4/lib64 /usr/bin/cmake --install /home/vinayak/ws_moveit2/build/moveit_core
