[1.785s] Invoking command in '/home/vinayak/ws_moveit2/src/launch_param_builder': PYTHONPATH=/home/vinayak/ws_moveit2/build/launch_param_builder/prefix_override:/usr/lib/python3/dist-packages/colcon_core/task/python/colcon_distutils_commands:/home/vinayak/ws_moveit2/install/launch_param_builder/lib/python3.10/site-packages:${PYTHONPATH} /usr/bin/python3 -W ignore:setup.py install is deprecated -W ignore:easy_install command is deprecated setup.py egg_info --egg-base ../../build/launch_param_builder build --build-base /home/vinayak/ws_moveit2/build/launch_param_builder/build install --record /home/vinayak/ws_moveit2/build/launch_param_builder/install.log --single-version-externally-managed install_data
[2.311s] running egg_info
[2.312s] writing ../../build/launch_param_builder/launch_param_builder.egg-info/PKG-INFO
[2.314s] writing dependency_links to ../../build/launch_param_builder/launch_param_builder.egg-info/dependency_links.txt
[2.314s] writing entry points to ../../build/launch_param_builder/launch_param_builder.egg-info/entry_points.txt
[2.314s] writing requirements to ../../build/launch_param_builder/launch_param_builder.egg-info/requires.txt
[2.314s] writing top-level names to ../../build/launch_param_builder/launch_param_builder.egg-info/top_level.txt
[2.317s] reading manifest file '../../build/launch_param_builder/launch_param_builder.egg-info/SOURCES.txt'
[2.317s] adding license file 'LICENSE'
[2.318s] writing manifest file '../../build/launch_param_builder/launch_param_builder.egg-info/SOURCES.txt'
[2.318s] running build
[2.318s] running build_py
[2.319s] running install
[2.320s] running install_lib
[2.322s] running install_data
[2.322s] running install_egg_info
[2.327s] removing '/home/vinayak/ws_moveit2/install/launch_param_builder/lib/python3.10/site-packages/launch_param_builder-0.1.1-py3.10.egg-info' (and everything under it)
[2.329s] Copying ../../build/launch_param_builder/launch_param_builder.egg-info to /home/vinayak/ws_moveit2/install/launch_param_builder/lib/python3.10/site-packages/launch_param_builder-0.1.1-py3.10.egg-info
[2.329s] running install_scripts
[2.357s] writing list of installed files to '/home/vinayak/ws_moveit2/build/launch_param_builder/install.log'
[2.418s] Invoked command in '/home/vinayak/ws_moveit2/src/launch_param_builder' returned '0': PYTHONPATH=/home/vinayak/ws_moveit2/build/launch_param_builder/prefix_override:/usr/lib/python3/dist-packages/colcon_core/task/python/colcon_distutils_commands:/home/vinayak/ws_moveit2/install/launch_param_builder/lib/python3.10/site-packages:${PYTHONPATH} /usr/bin/python3 -W ignore:setup.py install is deprecated -W ignore:easy_install command is deprecated setup.py egg_info --egg-base ../../build/launch_param_builder build --build-base /home/vinayak/ws_moveit2/build/launch_param_builder/build install --record /home/vinayak/ws_moveit2/build/launch_param_builder/install.log --single-version-externally-managed install_data
