[0.331s] Invoking command in '/home/vinayak/ws_moveit2/build/moveit_resources_fanuc_description': CMAKE_PREFIX_PATH=/opt/ros/humble /usr/bin/cmake --build /home/vinayak/ws_moveit2/build/moveit_resources_fanuc_description -- -j8 -l8
[0.456s] Invoked command in '/home/vinayak/ws_moveit2/build/moveit_resources_fanuc_description' returned '0': CMAKE_PREFIX_PATH=/opt/ros/humble /usr/bin/cmake --build /home/vinayak/ws_moveit2/build/moveit_resources_fanuc_description -- -j8 -l8
[0.457s] Invoking command in '/home/vinayak/ws_moveit2/build/moveit_resources_fanuc_description': CMAKE_PREFIX_PATH=/opt/ros/humble /usr/bin/cmake --install /home/vinayak/ws_moveit2/build/moveit_resources_fanuc_description
[0.480s] -- Install configuration: ""
[0.480s] -- Up-to-date: /home/vinayak/ws_moveit2/install/moveit_resources_fanuc_description/share/ament_index/resource_index/package_run_dependencies/moveit_resources_fanuc_description
[0.480s] -- Up-to-date: /home/vinayak/ws_moveit2/install/moveit_resources_fanuc_description/share/ament_index/resource_index/parent_prefix_path/moveit_resources_fanuc_description
[0.481s] -- Up-to-date: /home/vinayak/ws_moveit2/install/moveit_resources_fanuc_description/share/moveit_resources_fanuc_description/environment/ament_prefix_path.sh
[0.481s] -- Up-to-date: /home/vinayak/ws_moveit2/install/moveit_resources_fanuc_description/share/moveit_resources_fanuc_description/environment/ament_prefix_path.dsv
[0.481s] -- Up-to-date: /home/vinayak/ws_moveit2/install/moveit_resources_fanuc_description/share/moveit_resources_fanuc_description/environment/path.sh
[0.481s] -- Up-to-date: /home/vinayak/ws_moveit2/install/moveit_resources_fanuc_description/share/moveit_resources_fanuc_description/environment/path.dsv
[0.481s] -- Up-to-date: /home/vinayak/ws_moveit2/install/moveit_resources_fanuc_description/share/moveit_resources_fanuc_description/local_setup.bash
[0.481s] -- Up-to-date: /home/vinayak/ws_moveit2/install/moveit_resources_fanuc_description/share/moveit_resources_fanuc_description/local_setup.sh
[0.481s] -- Up-to-date: /home/vinayak/ws_moveit2/install/moveit_resources_fanuc_description/share/moveit_resources_fanuc_description/local_setup.zsh
[0.483s] -- Up-to-date: /home/vinayak/ws_moveit2/install/moveit_resources_fanuc_description/share/moveit_resources_fanuc_description/local_setup.dsv
[0.484s] -- Installing: /home/vinayak/ws_moveit2/install/moveit_resources_fanuc_description/share/moveit_resources_fanuc_description/package.dsv
[0.484s] -- Up-to-date: /home/vinayak/ws_moveit2/install/moveit_resources_fanuc_description/share/ament_index/resource_index/packages/moveit_resources_fanuc_description
[0.484s] -- Up-to-date: /home/vinayak/ws_moveit2/install/moveit_resources_fanuc_description/share/moveit_resources_fanuc_description/cmake/moveit_resources_fanuc_descriptionConfig.cmake
[0.484s] -- Up-to-date: /home/vinayak/ws_moveit2/install/moveit_resources_fanuc_description/share/moveit_resources_fanuc_description/cmake/moveit_resources_fanuc_descriptionConfig-version.cmake
[0.485s] -- Up-to-date: /home/vinayak/ws_moveit2/install/moveit_resources_fanuc_description/share/moveit_resources_fanuc_description/package.xml
[0.486s] -- Up-to-date: /home/vinayak/ws_moveit2/install/moveit_resources_fanuc_description/share/moveit_resources_fanuc_description/meshes
[0.486s] -- Up-to-date: /home/vinayak/ws_moveit2/install/moveit_resources_fanuc_description/share/moveit_resources_fanuc_description/meshes/visual
[0.486s] -- Up-to-date: /home/vinayak/ws_moveit2/install/moveit_resources_fanuc_description/share/moveit_resources_fanuc_description/meshes/visual/link_5.stl
[0.487s] -- Up-to-date: /home/vinayak/ws_moveit2/install/moveit_resources_fanuc_description/share/moveit_resources_fanuc_description/meshes/visual/base_link.stl
[0.487s] -- Up-to-date: /home/vinayak/ws_moveit2/install/moveit_resources_fanuc_description/share/moveit_resources_fanuc_description/meshes/visual/link_2.stl
[0.487s] -- Up-to-date: /home/vinayak/ws_moveit2/install/moveit_resources_fanuc_description/share/moveit_resources_fanuc_description/meshes/visual/link_1.stl
[0.487s] -- Up-to-date: /home/vinayak/ws_moveit2/install/moveit_resources_fanuc_description/share/moveit_resources_fanuc_description/meshes/visual/link_3.stl
[0.488s] -- Up-to-date: /home/vinayak/ws_moveit2/install/moveit_resources_fanuc_description/share/moveit_resources_fanuc_description/meshes/visual/link_6.stl
[0.488s] -- Up-to-date: /home/vinayak/ws_moveit2/install/moveit_resources_fanuc_description/share/moveit_resources_fanuc_description/meshes/visual/link_4.stl
[0.488s] -- Up-to-date: /home/vinayak/ws_moveit2/install/moveit_resources_fanuc_description/share/moveit_resources_fanuc_description/meshes/collision
[0.488s] -- Up-to-date: /home/vinayak/ws_moveit2/install/moveit_resources_fanuc_description/share/moveit_resources_fanuc_description/meshes/collision/link_5.stl
[0.489s] -- Up-to-date: /home/vinayak/ws_moveit2/install/moveit_resources_fanuc_description/share/moveit_resources_fanuc_description/meshes/collision/base_link.stl
[0.489s] -- Up-to-date: /home/vinayak/ws_moveit2/install/moveit_resources_fanuc_description/share/moveit_resources_fanuc_description/meshes/collision/link_2.stl
[0.489s] -- Up-to-date: /home/vinayak/ws_moveit2/install/moveit_resources_fanuc_description/share/moveit_resources_fanuc_description/meshes/collision/link_1.stl
[0.489s] -- Up-to-date: /home/vinayak/ws_moveit2/install/moveit_resources_fanuc_description/share/moveit_resources_fanuc_description/meshes/collision/link_3.stl
[0.489s] -- Up-to-date: /home/vinayak/ws_moveit2/install/moveit_resources_fanuc_description/share/moveit_resources_fanuc_description/meshes/collision/link_6.stl
[0.489s] -- Up-to-date: /home/vinayak/ws_moveit2/install/moveit_resources_fanuc_description/share/moveit_resources_fanuc_description/meshes/collision/link_4.stl
[0.489s] -- Up-to-date: /home/vinayak/ws_moveit2/install/moveit_resources_fanuc_description/share/moveit_resources_fanuc_description/urdf
[0.490s] -- Up-to-date: /home/vinayak/ws_moveit2/install/moveit_resources_fanuc_description/share/moveit_resources_fanuc_description/urdf/fanuc.urdf
[0.545s] Invoked command in '/home/vinayak/ws_moveit2/build/moveit_resources_fanuc_description' returned '0': CMAKE_PREFIX_PATH=/opt/ros/humble /usr/bin/cmake --install /home/vinayak/ws_moveit2/build/moveit_resources_fanuc_description
