[0.010s] Invoking command in '/home/vinayak/ws_moveit2/build/ur3e': CMAKE_PREFIX_PATH=${CMAKE_PREFIX_PATH}:/home/vinayak/ws_moveit2/install/ur3e_motion_package:/home/vinayak/ws_moveit2/install/moveit_configs_utils:/home/vinayak/ws_moveit2/install/launch_param_builder:/opt/ros/humble /usr/bin/cmake /home/vinayak/ws_moveit2/src/ur3e -DCMAKE_INSTALL_PREFIX=/home/vinayak/ws_moveit2/install/ur3e
[0.070s] -- The C compiler identification is GNU 11.4.0
[0.126s] -- The CXX compiler identification is GNU 11.4.0
[0.133s] -- Detecting C compiler ABI info
[0.207s] -- Detecting C compiler ABI info - done
[0.213s] -- Check for working C compiler: /usr/bin/cc - skipped
[0.214s] -- Detecting C compile features
[0.214s] -- Detecting C compile features - done
[0.217s] -- Detecting CXX compiler ABI info
[0.301s] -- Detecting CXX compiler ABI info - done
[0.307s] -- Check for working CXX compiler: /usr/bin/c++ - skipped
[0.308s] -- Detecting CXX compile features
[0.308s] -- Detecting CXX compile features - done
[0.312s] -- Found ament_cmake: 1.3.11 (/opt/ros/humble/share/ament_cmake/cmake)
[0.466s] -- Found Python3: /usr/bin/python3 (found version "3.10.12") found components: Interpreter 
[0.572s] -- Found urdf: 2.6.1 (/opt/ros/humble/share/urdf/cmake)
[0.643s] -- Found xacro: 2.0.8 (/opt/ros/humble/share/xacro/cmake)
[0.646s] -- Found robot_state_publisher: 3.0.3 (/opt/ros/humble/share/robot_state_publisher/cmake)
[0.676s] -- Found rosidl_generator_c: 3.1.6 (/opt/ros/humble/share/rosidl_generator_c/cmake)
[0.683s] -- Found rosidl_adapter: 3.1.6 (/opt/ros/humble/share/rosidl_adapter/cmake)
[0.693s] -- Found rosidl_generator_cpp: 3.1.6 (/opt/ros/humble/share/rosidl_generator_cpp/cmake)
[0.708s] -- Using all available rosidl_typesupport_c: rosidl_typesupport_fastrtps_c;rosidl_typesupport_introspection_c
[0.725s] -- Using all available rosidl_typesupport_cpp: rosidl_typesupport_fastrtps_cpp;rosidl_typesupport_introspection_cpp
[0.790s] -- Found eigen3_cmake_module: 0.1.1 (/opt/ros/humble/share/eigen3_cmake_module/cmake)
[0.791s] -- Found Eigen3: TRUE (found version "3.4.0") 
[0.791s] -- Ensuring Eigen3 include directory is part of orocos-kdl CMake target
[0.839s] -- Found rmw_implementation_cmake: 6.1.2 (/opt/ros/humble/share/rmw_implementation_cmake/cmake)
[0.845s] -- Found rmw_fastrtps_cpp: 6.2.7 (/opt/ros/humble/share/rmw_fastrtps_cpp/cmake)
[0.873s] -- Found TinyXML2 via Config file: TinyXML2_DIR-NOTFOUND
[0.946s] -- Found OpenSSL: /usr/lib/x86_64-linux-gnu/libcrypto.so (found version "3.0.2")  
[0.948s] -- Found TinyXML2 via Config file: TinyXML2_DIR-NOTFOUND
[0.966s] -- Found FastRTPS: /opt/ros/humble/include  
[0.969s] -- Found TinyXML2 via Config file: TinyXML2_DIR-NOTFOUND
[0.977s] -- Found TinyXML2 via Config file: TinyXML2_DIR-NOTFOUND
[0.990s] -- Using RMW implementation 'rmw_fastrtps_cpp' as default
[1.002s] -- Looking for pthread.h
[1.081s] -- Looking for pthread.h - found
[1.081s] -- Performing Test CMAKE_HAVE_LIBC_PTHREAD
[1.169s] -- Performing Test CMAKE_HAVE_LIBC_PTHREAD - Success
[1.170s] -- Found Threads: TRUE  
[1.353s] -- Found rviz2: 11.2.16 (/opt/ros/humble/share/rviz2/cmake)
[1.356s] -- Found ament_lint_auto: 0.12.11 (/opt/ros/humble/share/ament_lint_auto/cmake)
[1.439s] -- Added test 'flake8' to check Python code syntax and style conventions
[1.440s] -- Added test 'lint_cmake' to check CMake code style
[1.442s] -- Added test 'pep257' to check Python code against some of the docstring style conventions in PEP 257
[1.444s] -- Added test 'xmllint' to check XML markup files
[1.448s] -- Configuring done
[1.452s] -- Generating done
[1.454s] -- Build files have been written to: /home/vinayak/ws_moveit2/build/ur3e
[1.463s] Invoked command in '/home/vinayak/ws_moveit2/build/ur3e' returned '0': CMAKE_PREFIX_PATH=${CMAKE_PREFIX_PATH}:/home/vinayak/ws_moveit2/install/ur3e_motion_package:/home/vinayak/ws_moveit2/install/moveit_configs_utils:/home/vinayak/ws_moveit2/install/launch_param_builder:/opt/ros/humble /usr/bin/cmake /home/vinayak/ws_moveit2/src/ur3e -DCMAKE_INSTALL_PREFIX=/home/vinayak/ws_moveit2/install/ur3e
[1.465s] Invoking command in '/home/vinayak/ws_moveit2/build/ur3e': CMAKE_PREFIX_PATH=${CMAKE_PREFIX_PATH}:/home/vinayak/ws_moveit2/install/ur3e_motion_package:/home/vinayak/ws_moveit2/install/moveit_configs_utils:/home/vinayak/ws_moveit2/install/launch_param_builder:/opt/ros/humble /usr/bin/cmake --build /home/vinayak/ws_moveit2/build/ur3e
[1.508s] Invoked command in '/home/vinayak/ws_moveit2/build/ur3e' returned '0': CMAKE_PREFIX_PATH=${CMAKE_PREFIX_PATH}:/home/vinayak/ws_moveit2/install/ur3e_motion_package:/home/vinayak/ws_moveit2/install/moveit_configs_utils:/home/vinayak/ws_moveit2/install/launch_param_builder:/opt/ros/humble /usr/bin/cmake --build /home/vinayak/ws_moveit2/build/ur3e
[1.509s] Invoking command in '/home/vinayak/ws_moveit2/build/ur3e': CMAKE_PREFIX_PATH=${CMAKE_PREFIX_PATH}:/home/vinayak/ws_moveit2/install/ur3e_motion_package:/home/vinayak/ws_moveit2/install/moveit_configs_utils:/home/vinayak/ws_moveit2/install/launch_param_builder:/opt/ros/humble /usr/bin/cmake --install /home/vinayak/ws_moveit2/build/ur3e
[1.517s] -- Install configuration: ""
[1.517s] -- Installing: /home/vinayak/ws_moveit2/install/ur3e/share/ur3e/urdf
[1.518s] -- Installing: /home/vinayak/ws_moveit2/install/ur3e/share/ur3e/urdf/ur3e.urdf
[1.518s] -- Installing: /home/vinayak/ws_moveit2/install/ur3e/share/ur3e/meshes
[1.518s] -- Installing: /home/vinayak/ws_moveit2/install/ur3e/share/ur3e/meshes/visual
[1.518s] -- Installing: /home/vinayak/ws_moveit2/install/ur3e/share/ur3e/meshes/visual/wrist2.dae
[1.520s] -- Installing: /home/vinayak/ws_moveit2/install/ur3e/share/ur3e/meshes/visual/wrist3.dae
[1.521s] -- Installing: /home/vinayak/ws_moveit2/install/ur3e/share/ur3e/meshes/visual/upperarm.dae
[1.527s] -- Installing: /home/vinayak/ws_moveit2/install/ur3e/share/ur3e/meshes/visual/shoulder.dae
[1.536s] -- Installing: /home/vinayak/ws_moveit2/install/ur3e/share/ur3e/meshes/visual/forearm.dae
[1.541s] -- Installing: /home/vinayak/ws_moveit2/install/ur3e/share/ur3e/meshes/visual/wrist1.dae
[1.546s] -- Installing: /home/vinayak/ws_moveit2/install/ur3e/share/ur3e/meshes/visual/base.dae
[1.550s] -- Installing: /home/vinayak/ws_moveit2/install/ur3e/share/ur3e/meshes/collision
[1.551s] -- Installing: /home/vinayak/ws_moveit2/install/ur3e/share/ur3e/meshes/collision/base.stl
[1.553s] -- Installing: /home/vinayak/ws_moveit2/install/ur3e/share/ur3e/meshes/collision/wrist2.stl
[1.554s] -- Installing: /home/vinayak/ws_moveit2/install/ur3e/share/ur3e/meshes/collision/wrist1.stl
[1.556s] -- Installing: /home/vinayak/ws_moveit2/install/ur3e/share/ur3e/meshes/collision/wrist3.stl
[1.556s] -- Installing: /home/vinayak/ws_moveit2/install/ur3e/share/ur3e/meshes/collision/upperarm.stl
[1.560s] -- Installing: /home/vinayak/ws_moveit2/install/ur3e/share/ur3e/meshes/collision/shoulder.stl
[1.561s] -- Installing: /home/vinayak/ws_moveit2/install/ur3e/share/ur3e/meshes/collision/forearm.stl
[1.563s] -- Installing: /home/vinayak/ws_moveit2/install/ur3e/share/ur3e/launch
[1.563s] -- Installing: /home/vinayak/ws_moveit2/install/ur3e/share/ur3e/launch/display.launch.py
[1.563s] -- Installing: /home/vinayak/ws_moveit2/install/ur3e/share/ament_index/resource_index/package_run_dependencies/ur3e
[1.564s] -- Installing: /home/vinayak/ws_moveit2/install/ur3e/share/ament_index/resource_index/parent_prefix_path/ur3e
[1.564s] -- Installing: /home/vinayak/ws_moveit2/install/ur3e/share/ur3e/environment/ament_prefix_path.sh
[1.564s] -- Installing: /home/vinayak/ws_moveit2/install/ur3e/share/ur3e/environment/ament_prefix_path.dsv
[1.564s] -- Installing: /home/vinayak/ws_moveit2/install/ur3e/share/ur3e/environment/path.sh
[1.564s] -- Installing: /home/vinayak/ws_moveit2/install/ur3e/share/ur3e/environment/path.dsv
[1.565s] -- Installing: /home/vinayak/ws_moveit2/install/ur3e/share/ur3e/local_setup.bash
[1.565s] -- Installing: /home/vinayak/ws_moveit2/install/ur3e/share/ur3e/local_setup.sh
[1.565s] -- Installing: /home/vinayak/ws_moveit2/install/ur3e/share/ur3e/local_setup.zsh
[1.565s] -- Installing: /home/vinayak/ws_moveit2/install/ur3e/share/ur3e/local_setup.dsv
[1.566s] -- Installing: /home/vinayak/ws_moveit2/install/ur3e/share/ur3e/package.dsv
[1.566s] -- Installing: /home/vinayak/ws_moveit2/install/ur3e/share/ament_index/resource_index/packages/ur3e
[1.566s] -- Installing: /home/vinayak/ws_moveit2/install/ur3e/share/ur3e/cmake/ur3eConfig.cmake
[1.566s] -- Installing: /home/vinayak/ws_moveit2/install/ur3e/share/ur3e/cmake/ur3eConfig-version.cmake
[1.566s] -- Installing: /home/vinayak/ws_moveit2/install/ur3e/share/ur3e/package.xml
[1.569s] Invoked command in '/home/vinayak/ws_moveit2/build/ur3e' returned '0': CMAKE_PREFIX_PATH=${CMAKE_PREFIX_PATH}:/home/vinayak/ws_moveit2/install/ur3e_motion_package:/home/vinayak/ws_moveit2/install/moveit_configs_utils:/home/vinayak/ws_moveit2/install/launch_param_builder:/opt/ros/humble /usr/bin/cmake --install /home/vinayak/ws_moveit2/build/ur3e
