[0.684s] Invoking command in '/home/vinayak/ws_moveit2/src/launch_param_builder': PYTHONPATH=/home/vinayak/ws_moveit2/build/launch_param_builder/prefix_override:/usr/lib/python3/dist-packages/colcon_core/task/python/colcon_distutils_commands:/home/vinayak/ws_moveit2/install/launch_param_builder/lib/python3.10/site-packages:${PYTHONPATH} /usr/bin/python3 -W ignore:setup.py install is deprecated -W ignore:easy_install command is deprecated setup.py egg_info --egg-base ../../build/launch_param_builder build --build-base /home/vinayak/ws_moveit2/build/launch_param_builder/build install --record /home/vinayak/ws_moveit2/build/launch_param_builder/install.log --single-version-externally-managed install_data
[0.953s] running egg_info
[0.954s] creating ../../build/launch_param_builder/launch_param_builder.egg-info
[0.954s] writing ../../build/launch_param_builder/launch_param_builder.egg-info/PKG-INFO
[0.954s] writing dependency_links to ../../build/launch_param_builder/launch_param_builder.egg-info/dependency_links.txt
[0.955s] writing entry points to ../../build/launch_param_builder/launch_param_builder.egg-info/entry_points.txt
[0.955s] writing requirements to ../../build/launch_param_builder/launch_param_builder.egg-info/requires.txt
[0.955s] writing top-level names to ../../build/launch_param_builder/launch_param_builder.egg-info/top_level.txt
[0.955s] writing manifest file '../../build/launch_param_builder/launch_param_builder.egg-info/SOURCES.txt'
[0.956s] reading manifest file '../../build/launch_param_builder/launch_param_builder.egg-info/SOURCES.txt'
[0.956s] adding license file 'LICENSE'
[0.957s] writing manifest file '../../build/launch_param_builder/launch_param_builder.egg-info/SOURCES.txt'
[0.957s] running build
[0.957s] running build_py
[0.957s] creating /home/vinayak/ws_moveit2/build/launch_param_builder/build
[0.957s] creating /home/vinayak/ws_moveit2/build/launch_param_builder/build/lib
[0.957s] creating /home/vinayak/ws_moveit2/build/launch_param_builder/build/lib/launch_param_builder
[0.958s] copying launch_param_builder/utils.py -> /home/vinayak/ws_moveit2/build/launch_param_builder/build/lib/launch_param_builder
[0.963s] copying launch_param_builder/launch_param_builder.py -> /home/vinayak/ws_moveit2/build/launch_param_builder/build/lib/launch_param_builder
[0.963s] copying launch_param_builder/__init__.py -> /home/vinayak/ws_moveit2/build/launch_param_builder/build/lib/launch_param_builder
[0.964s] running install
[0.965s] running install_lib
[0.967s] creating /home/vinayak/ws_moveit2/install/launch_param_builder/lib/python3.10/site-packages/launch_param_builder
[0.967s] copying /home/vinayak/ws_moveit2/build/launch_param_builder/build/lib/launch_param_builder/utils.py -> /home/vinayak/ws_moveit2/install/launch_param_builder/lib/python3.10/site-packages/launch_param_builder
[0.967s] copying /home/vinayak/ws_moveit2/build/launch_param_builder/build/lib/launch_param_builder/launch_param_builder.py -> /home/vinayak/ws_moveit2/install/launch_param_builder/lib/python3.10/site-packages/launch_param_builder
[0.967s] copying /home/vinayak/ws_moveit2/build/launch_param_builder/build/lib/launch_param_builder/__init__.py -> /home/vinayak/ws_moveit2/install/launch_param_builder/lib/python3.10/site-packages/launch_param_builder
[0.968s] byte-compiling /home/vinayak/ws_moveit2/install/launch_param_builder/lib/python3.10/site-packages/launch_param_builder/utils.py to utils.cpython-310.pyc
[0.969s] byte-compiling /home/vinayak/ws_moveit2/install/launch_param_builder/lib/python3.10/site-packages/launch_param_builder/launch_param_builder.py to launch_param_builder.cpython-310.pyc
[0.970s] byte-compiling /home/vinayak/ws_moveit2/install/launch_param_builder/lib/python3.10/site-packages/launch_param_builder/__init__.py to __init__.cpython-310.pyc
[0.970s] running install_data
[0.971s] creating /home/vinayak/ws_moveit2/install/launch_param_builder/share/ament_index
[0.971s] creating /home/vinayak/ws_moveit2/install/launch_param_builder/share/ament_index/resource_index
[0.971s] creating /home/vinayak/ws_moveit2/install/launch_param_builder/share/ament_index/resource_index/packages
[0.972s] copying resource/launch_param_builder -> /home/vinayak/ws_moveit2/install/launch_param_builder/share/ament_index/resource_index/packages
[0.972s] creating /home/vinayak/ws_moveit2/install/launch_param_builder/share/launch_param_builder/launch
[0.972s] copying example/launch_param_builder_example.launch.py -> /home/vinayak/ws_moveit2/install/launch_param_builder/share/launch_param_builder/launch
[0.972s] creating /home/vinayak/ws_moveit2/install/launch_param_builder/share/launch_param_builder/config
[0.972s] copying test/data/parameters_injection.yaml -> /home/vinayak/ws_moveit2/install/launch_param_builder/share/launch_param_builder/config
[0.972s] copying test/data/parameter.xacro -> /home/vinayak/ws_moveit2/install/launch_param_builder/share/launch_param_builder/config
[0.973s] copying test/data/param_file_to_inject.yaml -> /home/vinayak/ws_moveit2/install/launch_param_builder/share/launch_param_builder/config
[0.973s] copying test/data/parameters.yaml -> /home/vinayak/ws_moveit2/install/launch_param_builder/share/launch_param_builder/config
[0.973s] copying test/data/parameter_file -> /home/vinayak/ws_moveit2/install/launch_param_builder/share/launch_param_builder/config
[0.973s] copying package.xml -> /home/vinayak/ws_moveit2/install/launch_param_builder/share/launch_param_builder
[0.974s] creating /home/vinayak/ws_moveit2/install/launch_param_builder/lib/launch_param_builder
[0.974s] copying example/example_node.py -> /home/vinayak/ws_moveit2/install/launch_param_builder/lib/launch_param_builder
[0.974s] running install_egg_info
[0.976s] Copying ../../build/launch_param_builder/launch_param_builder.egg-info to /home/vinayak/ws_moveit2/install/launch_param_builder/lib/python3.10/site-packages/launch_param_builder-0.1.1-py3.10.egg-info
[0.977s] running install_scripts
[0.998s] writing list of installed files to '/home/vinayak/ws_moveit2/build/launch_param_builder/install.log'
[1.017s] Invoked command in '/home/vinayak/ws_moveit2/src/launch_param_builder' returned '0': PYTHONPATH=/home/vinayak/ws_moveit2/build/launch_param_builder/prefix_override:/usr/lib/python3/dist-packages/colcon_core/task/python/colcon_distutils_commands:/home/vinayak/ws_moveit2/install/launch_param_builder/lib/python3.10/site-packages:${PYTHONPATH} /usr/bin/python3 -W ignore:setup.py install is deprecated -W ignore:easy_install command is deprecated setup.py egg_info --egg-base ../../build/launch_param_builder build --build-base /home/vinayak/ws_moveit2/build/launch_param_builder/build install --record /home/vinayak/ws_moveit2/build/launch_param_builder/install.log --single-version-externally-managed install_data
