[1.519s] Invoking command in '/home/vinayak/ws_moveit2/src/launch_param_builder': PYTHONPATH=/home/vinayak/ws_moveit2/build/launch_param_builder/prefix_override:/usr/lib/python3/dist-packages/colcon_core/task/python/colcon_distutils_commands:/home/vinayak/ws_moveit2/install/launch_param_builder/lib/python3.10/site-packages:${PYTHONPATH} /usr/bin/python3 -W ignore:setup.py install is deprecated -W ignore:easy_install command is deprecated setup.py egg_info --egg-base ../../build/launch_param_builder build --build-base /home/vinayak/ws_moveit2/build/launch_param_builder/build install --record /home/vinayak/ws_moveit2/build/launch_param_builder/install.log --single-version-externally-managed install_data
[1.902s] running egg_info
[1.903s] writing ../../build/launch_param_builder/launch_param_builder.egg-info/PKG-INFO
[1.903s] writing dependency_links to ../../build/launch_param_builder/launch_param_builder.egg-info/dependency_links.txt
[1.903s] writing entry points to ../../build/launch_param_builder/launch_param_builder.egg-info/entry_points.txt
[1.903s] writing requirements to ../../build/launch_param_builder/launch_param_builder.egg-info/requires.txt
[1.903s] writing top-level names to ../../build/launch_param_builder/launch_param_builder.egg-info/top_level.txt
[1.906s] reading manifest file '../../build/launch_param_builder/launch_param_builder.egg-info/SOURCES.txt'
[1.907s] adding license file 'LICENSE'
[1.907s] writing manifest file '../../build/launch_param_builder/launch_param_builder.egg-info/SOURCES.txt'
[1.907s] running build
[1.908s] running build_py
[1.908s] running install
[1.908s] running install_lib
[1.910s] running install_data
[1.911s] running install_egg_info
[1.913s] removing '/home/vinayak/ws_moveit2/install/launch_param_builder/lib/python3.10/site-packages/launch_param_builder-0.1.1-py3.10.egg-info' (and everything under it)
[1.913s] Copying ../../build/launch_param_builder/launch_param_builder.egg-info to /home/vinayak/ws_moveit2/install/launch_param_builder/lib/python3.10/site-packages/launch_param_builder-0.1.1-py3.10.egg-info
[1.914s] running install_scripts
[1.938s] writing list of installed files to '/home/vinayak/ws_moveit2/build/launch_param_builder/install.log'
[2.001s] Invoked command in '/home/vinayak/ws_moveit2/src/launch_param_builder' returned '0': PYTHONPATH=/home/vinayak/ws_moveit2/build/launch_param_builder/prefix_override:/usr/lib/python3/dist-packages/colcon_core/task/python/colcon_distutils_commands:/home/vinayak/ws_moveit2/install/launch_param_builder/lib/python3.10/site-packages:${PYTHONPATH} /usr/bin/python3 -W ignore:setup.py install is deprecated -W ignore:easy_install command is deprecated setup.py egg_info --egg-base ../../build/launch_param_builder build --build-base /home/vinayak/ws_moveit2/build/launch_param_builder/build install --record /home/vinayak/ws_moveit2/build/launch_param_builder/install.log --single-version-externally-managed install_data
