[0.983s] Invoking command in '/home/vinayak/ws_moveit2/src/ur3e_rl': PYTHONPATH=/home/vinayak/ws_moveit2/build/ur3e_rl/prefix_override:/usr/lib/python3/dist-packages/colcon_core/task/python/colcon_distutils_commands:/home/vinayak/ws_moveit2/install/ur3e_rl/lib/python3.10/site-packages:${PYTHONPATH} /usr/bin/python3 -W ignore:setup.py install is deprecated -W ignore:easy_install command is deprecated setup.py egg_info --egg-base ../../build/ur3e_rl build --build-base /home/vinayak/ws_moveit2/build/ur3e_rl/build install --record /home/vinayak/ws_moveit2/build/ur3e_rl/install.log --single-version-externally-managed install_data
[1.318s] running egg_info
[1.318s] creating ../../build/ur3e_rl/ur3e_rl.egg-info
[1.319s] writing ../../build/ur3e_rl/ur3e_rl.egg-info/PKG-INFO
[1.319s] writing dependency_links to ../../build/ur3e_rl/ur3e_rl.egg-info/dependency_links.txt
[1.319s] writing entry points to ../../build/ur3e_rl/ur3e_rl.egg-info/entry_points.txt
[1.319s] writing requirements to ../../build/ur3e_rl/ur3e_rl.egg-info/requires.txt
[1.319s] writing top-level names to ../../build/ur3e_rl/ur3e_rl.egg-info/top_level.txt
[1.320s] writing manifest file '../../build/ur3e_rl/ur3e_rl.egg-info/SOURCES.txt'
[1.322s] reading manifest file '../../build/ur3e_rl/ur3e_rl.egg-info/SOURCES.txt'
[1.323s] writing manifest file '../../build/ur3e_rl/ur3e_rl.egg-info/SOURCES.txt'
[1.323s] running build
[1.323s] running build_py
[1.323s] creating /home/vinayak/ws_moveit2/build/ur3e_rl/build
[1.324s] creating /home/vinayak/ws_moveit2/build/ur3e_rl/build/lib
[1.324s] creating /home/vinayak/ws_moveit2/build/ur3e_rl/build/lib/ur3e_rl
[1.324s] copying ur3e_rl/test.py -> /home/vinayak/ws_moveit2/build/ur3e_rl/build/lib/ur3e_rl
[1.324s] copying ur3e_rl/ur3e_env.py -> /home/vinayak/ws_moveit2/build/ur3e_rl/build/lib/ur3e_rl
[1.324s] copying ur3e_rl/ur3e_motion.py -> /home/vinayak/ws_moveit2/build/ur3e_rl/build/lib/ur3e_rl
[1.324s] copying ur3e_rl/train.py -> /home/vinayak/ws_moveit2/build/ur3e_rl/build/lib/ur3e_rl
[1.324s] copying ur3e_rl/__init__.py -> /home/vinayak/ws_moveit2/build/ur3e_rl/build/lib/ur3e_rl
[1.324s] running install
[1.325s] running install_lib
[1.326s] creating /home/vinayak/ws_moveit2/install/ur3e_rl/lib/python3.10/site-packages/ur3e_rl
[1.326s] copying /home/vinayak/ws_moveit2/build/ur3e_rl/build/lib/ur3e_rl/test.py -> /home/vinayak/ws_moveit2/install/ur3e_rl/lib/python3.10/site-packages/ur3e_rl
[1.326s] copying /home/vinayak/ws_moveit2/build/ur3e_rl/build/lib/ur3e_rl/ur3e_env.py -> /home/vinayak/ws_moveit2/install/ur3e_rl/lib/python3.10/site-packages/ur3e_rl
[1.326s] copying /home/vinayak/ws_moveit2/build/ur3e_rl/build/lib/ur3e_rl/ur3e_motion.py -> /home/vinayak/ws_moveit2/install/ur3e_rl/lib/python3.10/site-packages/ur3e_rl
[1.326s] copying /home/vinayak/ws_moveit2/build/ur3e_rl/build/lib/ur3e_rl/train.py -> /home/vinayak/ws_moveit2/install/ur3e_rl/lib/python3.10/site-packages/ur3e_rl
[1.326s] copying /home/vinayak/ws_moveit2/build/ur3e_rl/build/lib/ur3e_rl/__init__.py -> /home/vinayak/ws_moveit2/install/ur3e_rl/lib/python3.10/site-packages/ur3e_rl
[1.327s] byte-compiling /home/vinayak/ws_moveit2/install/ur3e_rl/lib/python3.10/site-packages/ur3e_rl/test.py to test.cpython-310.pyc
[1.328s] byte-compiling /home/vinayak/ws_moveit2/install/ur3e_rl/lib/python3.10/site-packages/ur3e_rl/ur3e_env.py to ur3e_env.cpython-310.pyc
[1.329s] byte-compiling /home/vinayak/ws_moveit2/install/ur3e_rl/lib/python3.10/site-packages/ur3e_rl/ur3e_motion.py to ur3e_motion.cpython-310.pyc
[1.330s] byte-compiling /home/vinayak/ws_moveit2/install/ur3e_rl/lib/python3.10/site-packages/ur3e_rl/train.py to train.cpython-310.pyc
[1.331s] byte-compiling /home/vinayak/ws_moveit2/install/ur3e_rl/lib/python3.10/site-packages/ur3e_rl/__init__.py to __init__.cpython-310.pyc
[1.331s] running install_data
[1.331s] creating /home/vinayak/ws_moveit2/install/ur3e_rl/share/ament_index
[1.331s] creating /home/vinayak/ws_moveit2/install/ur3e_rl/share/ament_index/resource_index
[1.331s] creating /home/vinayak/ws_moveit2/install/ur3e_rl/share/ament_index/resource_index/packages
[1.331s] copying resource/ur3e_rl -> /home/vinayak/ws_moveit2/install/ur3e_rl/share/ament_index/resource_index/packages
[1.331s] copying package.xml -> /home/vinayak/ws_moveit2/install/ur3e_rl/share/ur3e_rl
[1.331s] running install_egg_info
[1.334s] Copying ../../build/ur3e_rl/ur3e_rl.egg-info to /home/vinayak/ws_moveit2/install/ur3e_rl/lib/python3.10/site-packages/ur3e_rl-0.0.0-py3.10.egg-info
[1.335s] running install_scripts
[1.359s] Installing test_rl script to /home/vinayak/ws_moveit2/install/ur3e_rl/lib/ur3e_rl
[1.359s] Installing train_rl script to /home/vinayak/ws_moveit2/install/ur3e_rl/lib/ur3e_rl
[1.359s] Installing ur3e_motion script to /home/vinayak/ws_moveit2/install/ur3e_rl/lib/ur3e_rl
[1.360s] writing list of installed files to '/home/vinayak/ws_moveit2/build/ur3e_rl/install.log'
[1.387s] Invoked command in '/home/vinayak/ws_moveit2/src/ur3e_rl' returned '0': PYTHONPATH=/home/vinayak/ws_moveit2/build/ur3e_rl/prefix_override:/usr/lib/python3/dist-packages/colcon_core/task/python/colcon_distutils_commands:/home/vinayak/ws_moveit2/install/ur3e_rl/lib/python3.10/site-packages:${PYTHONPATH} /usr/bin/python3 -W ignore:setup.py install is deprecated -W ignore:easy_install command is deprecated setup.py egg_info --egg-base ../../build/ur3e_rl build --build-base /home/vinayak/ws_moveit2/build/ur3e_rl/build install --record /home/vinayak/ws_moveit2/build/ur3e_rl/install.log --single-version-externally-managed install_data
