-- Install configuration: ""
-- Up-to-date: /home/vinayak/ws_moveit2/install/new_configuration/share/ament_index/resource_index/package_run_dependencies/new_configuration
-- Up-to-date: /home/vinayak/ws_moveit2/install/new_configuration/share/ament_index/resource_index/parent_prefix_path/new_configuration
-- Up-to-date: /home/vinayak/ws_moveit2/install/new_configuration/share/new_configuration/environment/ament_prefix_path.sh
-- Up-to-date: /home/vinayak/ws_moveit2/install/new_configuration/share/new_configuration/environment/ament_prefix_path.dsv
-- Up-to-date: /home/vinayak/ws_moveit2/install/new_configuration/share/new_configuration/environment/path.sh
-- Up-to-date: /home/vinayak/ws_moveit2/install/new_configuration/share/new_configuration/environment/path.dsv
-- Up-to-date: /home/vinayak/ws_moveit2/install/new_configuration/share/new_configuration/local_setup.bash
-- Up-to-date: /home/vinayak/ws_moveit2/install/new_configuration/share/new_configuration/local_setup.sh
-- Up-to-date: /home/vinayak/ws_moveit2/install/new_configuration/share/new_configuration/local_setup.zsh
-- Up-to-date: /home/vinayak/ws_moveit2/install/new_configuration/share/new_configuration/local_setup.dsv
-- Installing: /home/vinayak/ws_moveit2/install/new_configuration/share/new_configuration/package.dsv
-- Up-to-date: /home/vinayak/ws_moveit2/install/new_configuration/share/ament_index/resource_index/packages/new_configuration
-- Up-to-date: /home/vinayak/ws_moveit2/install/new_configuration/share/new_configuration/cmake/new_configurationConfig.cmake
-- Up-to-date: /home/vinayak/ws_moveit2/install/new_configuration/share/new_configuration/cmake/new_configurationConfig-version.cmake
-- Up-to-date: /home/vinayak/ws_moveit2/install/new_configuration/share/new_configuration/package.xml
-- Up-to-date: /home/vinayak/ws_moveit2/install/new_configuration/share/new_configuration/launch
-- Up-to-date: /home/vinayak/ws_moveit2/install/new_configuration/share/new_configuration/launch/rsp.launch.py
-- Up-to-date: /home/vinayak/ws_moveit2/install/new_configuration/share/new_configuration/launch/demo.launch.py
-- Up-to-date: /home/vinayak/ws_moveit2/install/new_configuration/share/new_configuration/launch/moveit_rviz.launch.py
-- Up-to-date: /home/vinayak/ws_moveit2/install/new_configuration/share/new_configuration/launch/warehouse_db.launch.py
-- Up-to-date: /home/vinayak/ws_moveit2/install/new_configuration/share/new_configuration/launch/static_virtual_joint_tfs.launch.py
-- Up-to-date: /home/vinayak/ws_moveit2/install/new_configuration/share/new_configuration/launch/spawn_controllers.launch.py
-- Up-to-date: /home/vinayak/ws_moveit2/install/new_configuration/share/new_configuration/launch/setup_assistant.launch.py
-- Up-to-date: /home/vinayak/ws_moveit2/install/new_configuration/share/new_configuration/launch/move_group.launch.py
-- Up-to-date: /home/vinayak/ws_moveit2/install/new_configuration/share/new_configuration/config
-- Up-to-date: /home/vinayak/ws_moveit2/install/new_configuration/share/new_configuration/config/moveit_controllers.yaml
-- Up-to-date: /home/vinayak/ws_moveit2/install/new_configuration/share/new_configuration/config/pilz_cartesian_limits.yaml
-- Up-to-date: /home/vinayak/ws_moveit2/install/new_configuration/share/new_configuration/config/initial_positions.yaml
-- Up-to-date: /home/vinayak/ws_moveit2/install/new_configuration/share/new_configuration/config/ur3e_robot.ros2_control.xacro
-- Up-to-date: /home/vinayak/ws_moveit2/install/new_configuration/share/new_configuration/config/ur3e_robot.urdf.xacro
-- Up-to-date: /home/vinayak/ws_moveit2/install/new_configuration/share/new_configuration/config/moveit.rviz
-- Up-to-date: /home/vinayak/ws_moveit2/install/new_configuration/share/new_configuration/config/kinematics.yaml
-- Up-to-date: /home/vinayak/ws_moveit2/install/new_configuration/share/new_configuration/config/ur3e_robot.srdf
-- Up-to-date: /home/vinayak/ws_moveit2/install/new_configuration/share/new_configuration/config/joint_limits.yaml
-- Up-to-date: /home/vinayak/ws_moveit2/install/new_configuration/share/new_configuration/config/ros2_controllers.yaml
-- Up-to-date: /home/vinayak/ws_moveit2/install/new_configuration/share/new_configuration/.setup_assistant
