[0.035s] Invoking command in '/home/vinayak/ws_moveit2/build/moveit_common': CMAKE_PREFIX_PATH=${CMAKE_PREFIX_PATH}:/home/vinayak/ws_moveit2/install/ur3e_rl:/home/vinayak/ws_moveit2/install/ur3e_motion_package:/home/vinayak/ws_moveit2/install/moveit_configs_utils:/home/vinayak/ws_moveit2/install/launch_param_builder:/opt/ros/humble /usr/bin/cmake /home/vinayak/ws_moveit2/src/moveit2/moveit_common -DCMAKE_INSTALL_PREFIX=/home/vinayak/ws_moveit2/install/moveit_common
[0.422s] -- Found ament_cmake: 1.3.11 (/opt/ros/humble/share/ament_cmake/cmake)
[0.423s] -- Found Python3: /usr/bin/python3 (found version "3.10.12") found components: Interpreter 
[0.473s] -- Found ament_lint_auto: 0.12.11 (/opt/ros/humble/share/ament_lint_auto/cmake)
[0.634s] -- Added test 'copyright' to check source files copyright and LICENSE
[0.641s] -- Added test 'lint_cmake' to check CMake code style
[0.643s] -- Added test 'xmllint' to check XML markup files
[0.655s] -- Configuring done
[0.656s] -- Generating done
[0.658s] -- Build files have been written to: /home/vinayak/ws_moveit2/build/moveit_common
[0.663s] Invoked command in '/home/vinayak/ws_moveit2/build/moveit_common' returned '0': CMAKE_PREFIX_PATH=${CMAKE_PREFIX_PATH}:/home/vinayak/ws_moveit2/install/ur3e_rl:/home/vinayak/ws_moveit2/install/ur3e_motion_package:/home/vinayak/ws_moveit2/install/moveit_configs_utils:/home/vinayak/ws_moveit2/install/launch_param_builder:/opt/ros/humble /usr/bin/cmake /home/vinayak/ws_moveit2/src/moveit2/moveit_common -DCMAKE_INSTALL_PREFIX=/home/vinayak/ws_moveit2/install/moveit_common
[0.671s] Invoking command in '/home/vinayak/ws_moveit2/build/moveit_common': CMAKE_PREFIX_PATH=${CMAKE_PREFIX_PATH}:/home/vinayak/ws_moveit2/install/ur3e_rl:/home/vinayak/ws_moveit2/install/ur3e_motion_package:/home/vinayak/ws_moveit2/install/moveit_configs_utils:/home/vinayak/ws_moveit2/install/launch_param_builder:/opt/ros/humble /usr/bin/cmake --build /home/vinayak/ws_moveit2/build/moveit_common -- -j8 -l8
[1.032s] Invoked command in '/home/vinayak/ws_moveit2/build/moveit_common' returned '0': CMAKE_PREFIX_PATH=${CMAKE_PREFIX_PATH}:/home/vinayak/ws_moveit2/install/ur3e_rl:/home/vinayak/ws_moveit2/install/ur3e_motion_package:/home/vinayak/ws_moveit2/install/moveit_configs_utils:/home/vinayak/ws_moveit2/install/launch_param_builder:/opt/ros/humble /usr/bin/cmake --build /home/vinayak/ws_moveit2/build/moveit_common -- -j8 -l8
[1.047s] Invoking command in '/home/vinayak/ws_moveit2/build/moveit_common': CMAKE_PREFIX_PATH=${CMAKE_PREFIX_PATH}:/home/vinayak/ws_moveit2/install/ur3e_rl:/home/vinayak/ws_moveit2/install/ur3e_motion_package:/home/vinayak/ws_moveit2/install/moveit_configs_utils:/home/vinayak/ws_moveit2/install/launch_param_builder:/opt/ros/humble /usr/bin/cmake --install /home/vinayak/ws_moveit2/build/moveit_common
[1.061s] -- Install configuration: ""
[1.061s] -- Installing: /home/vinayak/ws_moveit2/install/moveit_common/share/ament_index/resource_index/package_run_dependencies/moveit_common
[1.062s] -- Installing: /home/vinayak/ws_moveit2/install/moveit_common/share/ament_index/resource_index/parent_prefix_path/moveit_common
[1.062s] -- Installing: /home/vinayak/ws_moveit2/install/moveit_common/share/moveit_common/environment/ament_prefix_path.sh
[1.062s] -- Installing: /home/vinayak/ws_moveit2/install/moveit_common/share/moveit_common/environment/ament_prefix_path.dsv
[1.063s] -- Installing: /home/vinayak/ws_moveit2/install/moveit_common/share/moveit_common/environment/path.sh
[1.063s] -- Installing: /home/vinayak/ws_moveit2/install/moveit_common/share/moveit_common/environment/path.dsv
[1.064s] -- Installing: /home/vinayak/ws_moveit2/install/moveit_common/share/moveit_common/local_setup.bash
[1.064s] -- Installing: /home/vinayak/ws_moveit2/install/moveit_common/share/moveit_common/local_setup.sh
[1.064s] -- Installing: /home/vinayak/ws_moveit2/install/moveit_common/share/moveit_common/local_setup.zsh
[1.064s] -- Installing: /home/vinayak/ws_moveit2/install/moveit_common/share/moveit_common/local_setup.dsv
[1.064s] -- Installing: /home/vinayak/ws_moveit2/install/moveit_common/share/moveit_common/package.dsv
[1.064s] -- Installing: /home/vinayak/ws_moveit2/install/moveit_common/share/ament_index/resource_index/packages/moveit_common
[1.065s] -- Installing: /home/vinayak/ws_moveit2/install/moveit_common/share/moveit_common/cmake/moveit_common-extras.cmake
[1.065s] -- Installing: /home/vinayak/ws_moveit2/install/moveit_common/share/moveit_common/cmake/moveit_commonConfig.cmake
[1.065s] -- Installing: /home/vinayak/ws_moveit2/install/moveit_common/share/moveit_common/cmake/moveit_commonConfig-version.cmake
[1.065s] -- Installing: /home/vinayak/ws_moveit2/install/moveit_common/share/moveit_common/package.xml
[1.065s] -- Up-to-date: /home/vinayak/ws_moveit2/install/moveit_common/share/moveit_common/cmake
[1.065s] -- Installing: /home/vinayak/ws_moveit2/install/moveit_common/share/moveit_common/cmake/moveit_package.cmake
[1.069s] Invoked command in '/home/vinayak/ws_moveit2/build/moveit_common' returned '0': CMAKE_PREFIX_PATH=${CMAKE_PREFIX_PATH}:/home/vinayak/ws_moveit2/install/ur3e_rl:/home/vinayak/ws_moveit2/install/ur3e_motion_package:/home/vinayak/ws_moveit2/install/moveit_configs_utils:/home/vinayak/ws_moveit2/install/launch_param_builder:/opt/ros/humble /usr/bin/cmake --install /home/vinayak/ws_moveit2/build/moveit_common
