[0.035s] Invoking command in '/home/vinayak/ws_moveit2/build/moveit_ros_warehouse': AMENT_PREFIX_PATH=/home/vinayak/ws_moveit2/install/moveit_ros_planning:/home/vinayak/ws_moveit2/install/moveit_ros_occupancy_map_monitor:/home/vinayak/ws_moveit2/install/moveit_core:/home/vinayak/ws_moveit2/install/moveit_resources_panda_moveit_config:/home/vinayak/ws_moveit2/install/moveit_configs_utils:/home/vinayak/ws_moveit2/install/srdfdom:/home/vinayak/ws_moveit2/install/moveit_resources_pr2_description:/home/vinayak/ws_moveit2/install/moveit_resources_panda_description:/home/vinayak/ws_moveit2/install/moveit_common:/home/vinayak/ws_moveit2/install/launch_param_builder:${AMENT_PREFIX_PATH} CMAKE_PREFIX_PATH=/home/vinayak/ws_moveit2/install/moveit_ros_planning:/home/vinayak/ws_moveit2/install/moveit_ros_occupancy_map_monitor:/home/vinayak/ws_moveit2/install/moveit_core:/home/vinayak/ws_moveit2/install/moveit_resources_panda_moveit_config:/home/vinayak/ws_moveit2/install/srdfdom:/home/vinayak/ws_moveit2/install/moveit_resources_pr2_description:/home/vinayak/ws_moveit2/install/moveit_resources_panda_description:/home/vinayak/ws_moveit2/install/moveit_common:/opt/ros/humble LD_LIBRARY_PATH=/home/vinayak/ws_moveit2/install/moveit_ros_planning/lib:/home/vinayak/ws_moveit2/install/moveit_ros_occupancy_map_monitor/lib:/home/vinayak/ws_moveit2/install/moveit_core/lib:/home/vinayak/ws_moveit2/install/srdfdom/lib:${LD_LIBRARY_PATH} PATH=/home/vinayak/ws_moveit2/install/moveit_core/bin:${PATH} PYTHONPATH=/home/vinayak/ws_moveit2/install/moveit_configs_utils/lib/python3.10/site-packages:/home/vinayak/ws_moveit2/install/srdfdom/local/lib/python3.10/dist-packages:/home/vinayak/ws_moveit2/install/launch_param_builder/lib/python3.10/site-packages:${PYTHONPATH} /usr/bin/cmake --build /home/vinayak/ws_moveit2/build/moveit_ros_warehouse -- -j8 -l8
[0.203s] [ 40%] Built target moveit_warehouse
[0.542s] [ 50%] Built target moveit_warehouse_import_from_text
[0.590s] [ 60%] Built target moveit_warehouse_broadcast
[0.603s] [ 70%] Built target moveit_warehouse_services
[0.632s] [ 80%] Built target moveit_warehouse_save_as_text
[0.653s] [ 90%] Built target moveit_save_to_warehouse
[0.661s] [100%] Built target moveit_init_demo_warehouse
[0.776s] Invoked command in '/home/vinayak/ws_moveit2/build/moveit_ros_warehouse' returned '0': AMENT_PREFIX_PATH=/home/vinayak/ws_moveit2/install/moveit_ros_planning:/home/vinayak/ws_moveit2/install/moveit_ros_occupancy_map_monitor:/home/vinayak/ws_moveit2/install/moveit_core:/home/vinayak/ws_moveit2/install/moveit_resources_panda_moveit_config:/home/vinayak/ws_moveit2/install/moveit_configs_utils:/home/vinayak/ws_moveit2/install/srdfdom:/home/vinayak/ws_moveit2/install/moveit_resources_pr2_description:/home/vinayak/ws_moveit2/install/moveit_resources_panda_description:/home/vinayak/ws_moveit2/install/moveit_common:/home/vinayak/ws_moveit2/install/launch_param_builder:${AMENT_PREFIX_PATH} CMAKE_PREFIX_PATH=/home/vinayak/ws_moveit2/install/moveit_ros_planning:/home/vinayak/ws_moveit2/install/moveit_ros_occupancy_map_monitor:/home/vinayak/ws_moveit2/install/moveit_core:/home/vinayak/ws_moveit2/install/moveit_resources_panda_moveit_config:/home/vinayak/ws_moveit2/install/srdfdom:/home/vinayak/ws_moveit2/install/moveit_resources_pr2_description:/home/vinayak/ws_moveit2/install/moveit_resources_panda_description:/home/vinayak/ws_moveit2/install/moveit_common:/opt/ros/humble LD_LIBRARY_PATH=/home/vinayak/ws_moveit2/install/moveit_ros_planning/lib:/home/vinayak/ws_moveit2/install/moveit_ros_occupancy_map_monitor/lib:/home/vinayak/ws_moveit2/install/moveit_core/lib:/home/vinayak/ws_moveit2/install/srdfdom/lib:${LD_LIBRARY_PATH} PATH=/home/vinayak/ws_moveit2/install/moveit_core/bin:${PATH} PYTHONPATH=/home/vinayak/ws_moveit2/install/moveit_configs_utils/lib/python3.10/site-packages:/home/vinayak/ws_moveit2/install/srdfdom/local/lib/python3.10/dist-packages:/home/vinayak/ws_moveit2/install/launch_param_builder/lib/python3.10/site-packages:${PYTHONPATH} /usr/bin/cmake --build /home/vinayak/ws_moveit2/build/moveit_ros_warehouse -- -j8 -l8
[0.852s] Invoking command in '/home/vinayak/ws_moveit2/build/moveit_ros_warehouse': AMENT_PREFIX_PATH=/home/vinayak/ws_moveit2/install/moveit_ros_planning:/home/vinayak/ws_moveit2/install/moveit_ros_occupancy_map_monitor:/home/vinayak/ws_moveit2/install/moveit_core:/home/vinayak/ws_moveit2/install/moveit_resources_panda_moveit_config:/home/vinayak/ws_moveit2/install/moveit_configs_utils:/home/vinayak/ws_moveit2/install/srdfdom:/home/vinayak/ws_moveit2/install/moveit_resources_pr2_description:/home/vinayak/ws_moveit2/install/moveit_resources_panda_description:/home/vinayak/ws_moveit2/install/moveit_common:/home/vinayak/ws_moveit2/install/launch_param_builder:${AMENT_PREFIX_PATH} CMAKE_PREFIX_PATH=/home/vinayak/ws_moveit2/install/moveit_ros_planning:/home/vinayak/ws_moveit2/install/moveit_ros_occupancy_map_monitor:/home/vinayak/ws_moveit2/install/moveit_core:/home/vinayak/ws_moveit2/install/moveit_resources_panda_moveit_config:/home/vinayak/ws_moveit2/install/srdfdom:/home/vinayak/ws_moveit2/install/moveit_resources_pr2_description:/home/vinayak/ws_moveit2/install/moveit_resources_panda_description:/home/vinayak/ws_moveit2/install/moveit_common:/opt/ros/humble LD_LIBRARY_PATH=/home/vinayak/ws_moveit2/install/moveit_ros_planning/lib:/home/vinayak/ws_moveit2/install/moveit_ros_occupancy_map_monitor/lib:/home/vinayak/ws_moveit2/install/moveit_core/lib:/home/vinayak/ws_moveit2/install/srdfdom/lib:${LD_LIBRARY_PATH} PATH=/home/vinayak/ws_moveit2/install/moveit_core/bin:${PATH} PYTHONPATH=/home/vinayak/ws_moveit2/install/moveit_configs_utils/lib/python3.10/site-packages:/home/vinayak/ws_moveit2/install/srdfdom/local/lib/python3.10/dist-packages:/home/vinayak/ws_moveit2/install/launch_param_builder/lib/python3.10/site-packages:${PYTHONPATH} /usr/bin/cmake --install /home/vinayak/ws_moveit2/build/moveit_ros_warehouse
[0.880s] -- Install configuration: "Release"
[0.883s] -- Up-to-date: /home/vinayak/ws_moveit2/install/moveit_ros_warehouse/lib/moveit_ros_warehouse/moveit_save_to_warehouse
[0.894s] -- Up-to-date: /home/vinayak/ws_moveit2/install/moveit_ros_warehouse/lib/moveit_ros_warehouse/moveit_warehouse_broadcast
[0.902s] -- Up-to-date: /home/vinayak/ws_moveit2/install/moveit_ros_warehouse/lib/moveit_ros_warehouse/moveit_warehouse_import_from_text
[0.917s] -- Up-to-date: /home/vinayak/ws_moveit2/install/moveit_ros_warehouse/lib/moveit_ros_warehouse/moveit_warehouse_save_as_text
[0.918s] -- Up-to-date: /home/vinayak/ws_moveit2/install/moveit_ros_warehouse/lib/moveit_ros_warehouse/moveit_init_demo_warehouse
[0.918s] -- Up-to-date: /home/vinayak/ws_moveit2/install/moveit_ros_warehouse/lib/moveit_ros_warehouse/moveit_warehouse_services
[0.927s] -- Up-to-date: /home/vinayak/ws_moveit2/install/moveit_ros_warehouse/include
[0.928s] -- Up-to-date: /home/vinayak/ws_moveit2/install/moveit_ros_warehouse/include/moveit
[0.928s] -- Up-to-date: /home/vinayak/ws_moveit2/install/moveit_ros_warehouse/include/moveit/warehouse
[0.929s] -- Up-to-date: /home/vinayak/ws_moveit2/install/moveit_ros_warehouse/include/moveit/warehouse/planning_scene_storage.h
[0.929s] -- Up-to-date: /home/vinayak/ws_moveit2/install/moveit_ros_warehouse/include/moveit/warehouse/moveit_message_storage.h
[0.930s] -- Up-to-date: /home/vinayak/ws_moveit2/install/moveit_ros_warehouse/include/moveit/warehouse/planning_scene_world_storage.h
[0.940s] -- Up-to-date: /home/vinayak/ws_moveit2/install/moveit_ros_warehouse/include/moveit/warehouse/trajectory_constraints_storage.h
[0.945s] -- Up-to-date: /home/vinayak/ws_moveit2/install/moveit_ros_warehouse/include/moveit/warehouse/warehouse_connector.h
[0.946s] -- Up-to-date: /home/vinayak/ws_moveit2/install/moveit_ros_warehouse/include/moveit/warehouse/constraints_storage.h
[0.946s] -- Up-to-date: /home/vinayak/ws_moveit2/install/moveit_ros_warehouse/include/moveit/warehouse/state_storage.h
[0.947s] -- Up-to-date: /home/vinayak/ws_moveit2/install/moveit_ros_warehouse/include/moveit_warehouse_export.h
[0.947s] -- Up-to-date: /home/vinayak/ws_moveit2/install/moveit_ros_warehouse/lib/libmoveit_warehouse.so.2.5.6
[0.947s] -- Up-to-date: /home/vinayak/ws_moveit2/install/moveit_ros_warehouse/lib/libmoveit_warehouse.so
[0.948s] -- Up-to-date: /home/vinayak/ws_moveit2/install/moveit_ros_warehouse/share/moveit_ros_warehouse/environment/library_path.sh
[0.956s] -- Up-to-date: /home/vinayak/ws_moveit2/install/moveit_ros_warehouse/share/moveit_ros_warehouse/environment/library_path.dsv
[0.957s] -- Up-to-date: /home/vinayak/ws_moveit2/install/moveit_ros_warehouse/share/ament_index/resource_index/package_run_dependencies/moveit_ros_warehouse
[0.958s] -- Up-to-date: /home/vinayak/ws_moveit2/install/moveit_ros_warehouse/share/ament_index/resource_index/parent_prefix_path/moveit_ros_warehouse
[0.958s] -- Up-to-date: /home/vinayak/ws_moveit2/install/moveit_ros_warehouse/share/moveit_ros_warehouse/environment/ament_prefix_path.sh
[0.959s] -- Up-to-date: /home/vinayak/ws_moveit2/install/moveit_ros_warehouse/share/moveit_ros_warehouse/environment/ament_prefix_path.dsv
[0.959s] -- Up-to-date: /home/vinayak/ws_moveit2/install/moveit_ros_warehouse/share/moveit_ros_warehouse/environment/path.sh
[0.963s] -- Up-to-date: /home/vinayak/ws_moveit2/install/moveit_ros_warehouse/share/moveit_ros_warehouse/environment/path.dsv
[0.964s] -- Up-to-date: /home/vinayak/ws_moveit2/install/moveit_ros_warehouse/share/moveit_ros_warehouse/local_setup.bash
[0.965s] -- Up-to-date: /home/vinayak/ws_moveit2/install/moveit_ros_warehouse/share/moveit_ros_warehouse/local_setup.sh
[0.965s] -- Up-to-date: /home/vinayak/ws_moveit2/install/moveit_ros_warehouse/share/moveit_ros_warehouse/local_setup.zsh
[0.966s] -- Up-to-date: /home/vinayak/ws_moveit2/install/moveit_ros_warehouse/share/moveit_ros_warehouse/local_setup.dsv
[0.972s] -- Installing: /home/vinayak/ws_moveit2/install/moveit_ros_warehouse/share/moveit_ros_warehouse/package.dsv
[0.973s] -- Up-to-date: /home/vinayak/ws_moveit2/install/moveit_ros_warehouse/share/ament_index/resource_index/packages/moveit_ros_warehouse
[0.974s] -- Up-to-date: /home/vinayak/ws_moveit2/install/moveit_ros_warehouse/share/moveit_ros_warehouse/cmake/export_moveit_ros_warehouseExport.cmake
[0.974s] -- Up-to-date: /home/vinayak/ws_moveit2/install/moveit_ros_warehouse/share/moveit_ros_warehouse/cmake/export_moveit_ros_warehouseExport-release.cmake
[0.975s] -- Up-to-date: /home/vinayak/ws_moveit2/install/moveit_ros_warehouse/share/moveit_ros_warehouse/cmake/ConfigExtras.cmake
[0.975s] -- Up-to-date: /home/vinayak/ws_moveit2/install/moveit_ros_warehouse/share/moveit_ros_warehouse/cmake/ament_cmake_export_targets-extras.cmake
[0.976s] -- Up-to-date: /home/vinayak/ws_moveit2/install/moveit_ros_warehouse/share/moveit_ros_warehouse/cmake/ament_cmake_export_dependencies-extras.cmake
[0.981s] -- Up-to-date: /home/vinayak/ws_moveit2/install/moveit_ros_warehouse/share/moveit_ros_warehouse/cmake/moveit_ros_warehouseConfig.cmake
[0.981s] -- Up-to-date: /home/vinayak/ws_moveit2/install/moveit_ros_warehouse/share/moveit_ros_warehouse/cmake/moveit_ros_warehouseConfig-version.cmake
[0.982s] -- Up-to-date: /home/vinayak/ws_moveit2/install/moveit_ros_warehouse/share/moveit_ros_warehouse/package.xml
[1.216s] Invoked command in '/home/vinayak/ws_moveit2/build/moveit_ros_warehouse' returned '0': AMENT_PREFIX_PATH=/home/vinayak/ws_moveit2/install/moveit_ros_planning:/home/vinayak/ws_moveit2/install/moveit_ros_occupancy_map_monitor:/home/vinayak/ws_moveit2/install/moveit_core:/home/vinayak/ws_moveit2/install/moveit_resources_panda_moveit_config:/home/vinayak/ws_moveit2/install/moveit_configs_utils:/home/vinayak/ws_moveit2/install/srdfdom:/home/vinayak/ws_moveit2/install/moveit_resources_pr2_description:/home/vinayak/ws_moveit2/install/moveit_resources_panda_description:/home/vinayak/ws_moveit2/install/moveit_common:/home/vinayak/ws_moveit2/install/launch_param_builder:${AMENT_PREFIX_PATH} CMAKE_PREFIX_PATH=/home/vinayak/ws_moveit2/install/moveit_ros_planning:/home/vinayak/ws_moveit2/install/moveit_ros_occupancy_map_monitor:/home/vinayak/ws_moveit2/install/moveit_core:/home/vinayak/ws_moveit2/install/moveit_resources_panda_moveit_config:/home/vinayak/ws_moveit2/install/srdfdom:/home/vinayak/ws_moveit2/install/moveit_resources_pr2_description:/home/vinayak/ws_moveit2/install/moveit_resources_panda_description:/home/vinayak/ws_moveit2/install/moveit_common:/opt/ros/humble LD_LIBRARY_PATH=/home/vinayak/ws_moveit2/install/moveit_ros_planning/lib:/home/vinayak/ws_moveit2/install/moveit_ros_occupancy_map_monitor/lib:/home/vinayak/ws_moveit2/install/moveit_core/lib:/home/vinayak/ws_moveit2/install/srdfdom/lib:${LD_LIBRARY_PATH} PATH=/home/vinayak/ws_moveit2/install/moveit_core/bin:${PATH} PYTHONPATH=/home/vinayak/ws_moveit2/install/moveit_configs_utils/lib/python3.10/site-packages:/home/vinayak/ws_moveit2/install/srdfdom/local/lib/python3.10/dist-packages:/home/vinayak/ws_moveit2/install/launch_param_builder/lib/python3.10/site-packages:${PYTHONPATH} /usr/bin/cmake --install /home/vinayak/ws_moveit2/build/moveit_ros_warehouse
