-- Install configuration: ""
-- Up-to-date: /home/vinayak/ws_moveit2/install/ur3e/share/ur3e/urdf
-- Up-to-date: /home/vinayak/ws_moveit2/install/ur3e/share/ur3e/urdf/ur3e.urdf
-- Up-to-date: /home/vinayak/ws_moveit2/install/ur3e/share/ur3e/meshes
-- Up-to-date: /home/vinayak/ws_moveit2/install/ur3e/share/ur3e/meshes/visual
-- Up-to-date: /home/vinayak/ws_moveit2/install/ur3e/share/ur3e/meshes/visual/wrist2.dae
-- Up-to-date: /home/vinayak/ws_moveit2/install/ur3e/share/ur3e/meshes/visual/wrist3.dae
-- Up-to-date: /home/vinayak/ws_moveit2/install/ur3e/share/ur3e/meshes/visual/upperarm.dae
-- Up-to-date: /home/vinayak/ws_moveit2/install/ur3e/share/ur3e/meshes/visual/shoulder.dae
-- Up-to-date: /home/vinayak/ws_moveit2/install/ur3e/share/ur3e/meshes/visual/forearm.dae
-- Up-to-date: /home/vinayak/ws_moveit2/install/ur3e/share/ur3e/meshes/visual/wrist1.dae
-- Up-to-date: /home/vinayak/ws_moveit2/install/ur3e/share/ur3e/meshes/visual/base.dae
-- Up-to-date: /home/vinayak/ws_moveit2/install/ur3e/share/ur3e/meshes/collision
-- Up-to-date: /home/vinayak/ws_moveit2/install/ur3e/share/ur3e/meshes/collision/base.stl
-- Up-to-date: /home/vinayak/ws_moveit2/install/ur3e/share/ur3e/meshes/collision/wrist2.stl
-- Up-to-date: /home/vinayak/ws_moveit2/install/ur3e/share/ur3e/meshes/collision/wrist1.stl
-- Up-to-date: /home/vinayak/ws_moveit2/install/ur3e/share/ur3e/meshes/collision/wrist3.stl
-- Up-to-date: /home/vinayak/ws_moveit2/install/ur3e/share/ur3e/meshes/collision/upperarm.stl
-- Up-to-date: /home/vinayak/ws_moveit2/install/ur3e/share/ur3e/meshes/collision/shoulder.stl
-- Up-to-date: /home/vinayak/ws_moveit2/install/ur3e/share/ur3e/meshes/collision/forearm.stl
-- Up-to-date: /home/vinayak/ws_moveit2/install/ur3e/share/ur3e/launch
-- Up-to-date: /home/vinayak/ws_moveit2/install/ur3e/share/ur3e/launch/display.launch.py
-- Up-to-date: /home/vinayak/ws_moveit2/install/ur3e/share/ament_index/resource_index/package_run_dependencies/ur3e
-- Up-to-date: /home/vinayak/ws_moveit2/install/ur3e/share/ament_index/resource_index/parent_prefix_path/ur3e
-- Up-to-date: /home/vinayak/ws_moveit2/install/ur3e/share/ur3e/environment/ament_prefix_path.sh
-- Up-to-date: /home/vinayak/ws_moveit2/install/ur3e/share/ur3e/environment/ament_prefix_path.dsv
-- Up-to-date: /home/vinayak/ws_moveit2/install/ur3e/share/ur3e/environment/path.sh
-- Up-to-date: /home/vinayak/ws_moveit2/install/ur3e/share/ur3e/environment/path.dsv
-- Up-to-date: /home/vinayak/ws_moveit2/install/ur3e/share/ur3e/local_setup.bash
-- Up-to-date: /home/vinayak/ws_moveit2/install/ur3e/share/ur3e/local_setup.sh
-- Up-to-date: /home/vinayak/ws_moveit2/install/ur3e/share/ur3e/local_setup.zsh
-- Up-to-date: /home/vinayak/ws_moveit2/install/ur3e/share/ur3e/local_setup.dsv
-- Up-to-date: /home/vinayak/ws_moveit2/install/ur3e/share/ur3e/package.dsv
-- Up-to-date: /home/vinayak/ws_moveit2/install/ur3e/share/ament_index/resource_index/packages/ur3e
-- Up-to-date: /home/vinayak/ws_moveit2/install/ur3e/share/ur3e/cmake/ur3eConfig.cmake
-- Up-to-date: /home/vinayak/ws_moveit2/install/ur3e/share/ur3e/cmake/ur3eConfig-version.cmake
-- Up-to-date: /home/vinayak/ws_moveit2/install/ur3e/share/ur3e/package.xml
