[0.032s] Invoking command in '/home/vinayak/ws_moveit2/build/rosparam_shortcuts': CMAKE_PREFIX_PATH=${CMAKE_PREFIX_PATH}:/home/vinayak/ws_moveit2/install/ur3e_motion_package:/home/vinayak/ws_moveit2/install/moveit_configs_utils:/home/vinayak/ws_moveit2/install/launch_param_builder:/opt/ros/humble /usr/bin/cmake --build /home/vinayak/ws_moveit2/build/rosparam_shortcuts -- -j8 -l8
[0.228s] [ 15%] Built target gtest_main
[0.243s] [ 30%] Built target gtest
[0.252s] [ 53%] Built target rosparam_shortcuts
[0.321s] [ 69%] Built target test_node_parameters
[0.330s] [ 84%] Built target rosparam_shortcuts_node_parameters_example
[0.333s] [100%] Built target rosparam_shortcuts_example
[1.021s] Invoked command in '/home/vinayak/ws_moveit2/build/rosparam_shortcuts' returned '0': CMAKE_PREFIX_PATH=${CMAKE_PREFIX_PATH}:/home/vinayak/ws_moveit2/install/ur3e_motion_package:/home/vinayak/ws_moveit2/install/moveit_configs_utils:/home/vinayak/ws_moveit2/install/launch_param_builder:/opt/ros/humble /usr/bin/cmake --build /home/vinayak/ws_moveit2/build/rosparam_shortcuts -- -j8 -l8
[1.026s] Invoking command in '/home/vinayak/ws_moveit2/build/rosparam_shortcuts': CMAKE_PREFIX_PATH=${CMAKE_PREFIX_PATH}:/home/vinayak/ws_moveit2/install/ur3e_motion_package:/home/vinayak/ws_moveit2/install/moveit_configs_utils:/home/vinayak/ws_moveit2/install/launch_param_builder:/opt/ros/humble /usr/bin/cmake --install /home/vinayak/ws_moveit2/build/rosparam_shortcuts
[1.053s] -- Install configuration: ""
[1.061s] -- Up-to-date: /home/vinayak/ws_moveit2/install/rosparam_shortcuts/lib/librosparam_shortcuts.so
[1.061s] -- Up-to-date: /home/vinayak/ws_moveit2/install/rosparam_shortcuts/lib/rosparam_shortcuts/example
[1.061s] -- Up-to-date: /home/vinayak/ws_moveit2/install/rosparam_shortcuts/lib/rosparam_shortcuts/node_parameters_example
[1.084s] -- Up-to-date: /home/vinayak/ws_moveit2/install/rosparam_shortcuts/include
[1.084s] -- Up-to-date: /home/vinayak/ws_moveit2/install/rosparam_shortcuts/include/rosparam_shortcuts
[1.084s] -- Up-to-date: /home/vinayak/ws_moveit2/install/rosparam_shortcuts/include/rosparam_shortcuts/rosparam_shortcuts.h
[1.084s] -- Up-to-date: /home/vinayak/ws_moveit2/install/rosparam_shortcuts/include/rosparam_shortcuts/node_parameters.h
[1.084s] -- Up-to-date: /home/vinayak/ws_moveit2/install/rosparam_shortcuts/share/rosparam_shortcuts/launch
[1.084s] -- Up-to-date: /home/vinayak/ws_moveit2/install/rosparam_shortcuts/share/rosparam_shortcuts/launch/example.launch.py
[1.084s] -- Up-to-date: /home/vinayak/ws_moveit2/install/rosparam_shortcuts/share/rosparam_shortcuts/config
[1.084s] -- Up-to-date: /home/vinayak/ws_moveit2/install/rosparam_shortcuts/share/rosparam_shortcuts/config/example.yaml
[1.091s] -- Up-to-date: /home/vinayak/ws_moveit2/install/rosparam_shortcuts/share/rosparam_shortcuts/environment/library_path.sh
[1.091s] -- Up-to-date: /home/vinayak/ws_moveit2/install/rosparam_shortcuts/share/rosparam_shortcuts/environment/library_path.dsv
[1.091s] -- Up-to-date: /home/vinayak/ws_moveit2/install/rosparam_shortcuts/share/ament_index/resource_index/package_run_dependencies/rosparam_shortcuts
[1.092s] -- Up-to-date: /home/vinayak/ws_moveit2/install/rosparam_shortcuts/share/ament_index/resource_index/parent_prefix_path/rosparam_shortcuts
[1.092s] -- Up-to-date: /home/vinayak/ws_moveit2/install/rosparam_shortcuts/share/rosparam_shortcuts/environment/ament_prefix_path.sh
[1.092s] -- Up-to-date: /home/vinayak/ws_moveit2/install/rosparam_shortcuts/share/rosparam_shortcuts/environment/ament_prefix_path.dsv
[1.092s] -- Up-to-date: /home/vinayak/ws_moveit2/install/rosparam_shortcuts/share/rosparam_shortcuts/environment/path.sh
[1.092s] -- Up-to-date: /home/vinayak/ws_moveit2/install/rosparam_shortcuts/share/rosparam_shortcuts/environment/path.dsv
[1.092s] -- Up-to-date: /home/vinayak/ws_moveit2/install/rosparam_shortcuts/share/rosparam_shortcuts/local_setup.bash
[1.092s] -- Up-to-date: /home/vinayak/ws_moveit2/install/rosparam_shortcuts/share/rosparam_shortcuts/local_setup.sh
[1.092s] -- Up-to-date: /home/vinayak/ws_moveit2/install/rosparam_shortcuts/share/rosparam_shortcuts/local_setup.zsh
[1.092s] -- Up-to-date: /home/vinayak/ws_moveit2/install/rosparam_shortcuts/share/rosparam_shortcuts/local_setup.dsv
[1.092s] -- Installing: /home/vinayak/ws_moveit2/install/rosparam_shortcuts/share/rosparam_shortcuts/package.dsv
[1.098s] -- Up-to-date: /home/vinayak/ws_moveit2/install/rosparam_shortcuts/share/ament_index/resource_index/packages/rosparam_shortcuts
[1.098s] -- Up-to-date: /home/vinayak/ws_moveit2/install/rosparam_shortcuts/share/rosparam_shortcuts/cmake/export_rosparam_shortcutsExport.cmake
[1.098s] -- Up-to-date: /home/vinayak/ws_moveit2/install/rosparam_shortcuts/share/rosparam_shortcuts/cmake/export_rosparam_shortcutsExport-noconfig.cmake
[1.098s] -- Up-to-date: /home/vinayak/ws_moveit2/install/rosparam_shortcuts/share/rosparam_shortcuts/cmake/ament_cmake_export_targets-extras.cmake
[1.098s] -- Up-to-date: /home/vinayak/ws_moveit2/install/rosparam_shortcuts/share/rosparam_shortcuts/cmake/ament_cmake_export_dependencies-extras.cmake
[1.099s] -- Up-to-date: /home/vinayak/ws_moveit2/install/rosparam_shortcuts/share/rosparam_shortcuts/cmake/rosparam_shortcutsConfig.cmake
[1.099s] -- Up-to-date: /home/vinayak/ws_moveit2/install/rosparam_shortcuts/share/rosparam_shortcuts/cmake/rosparam_shortcutsConfig-version.cmake
[1.099s] -- Up-to-date: /home/vinayak/ws_moveit2/install/rosparam_shortcuts/share/rosparam_shortcuts/package.xml
[1.106s] Invoked command in '/home/vinayak/ws_moveit2/build/rosparam_shortcuts' returned '0': CMAKE_PREFIX_PATH=${CMAKE_PREFIX_PATH}:/home/vinayak/ws_moveit2/install/ur3e_motion_package:/home/vinayak/ws_moveit2/install/moveit_configs_utils:/home/vinayak/ws_moveit2/install/launch_param_builder:/opt/ros/humble /usr/bin/cmake --install /home/vinayak/ws_moveit2/build/rosparam_shortcuts
