[0.033s] Invoking command in '/home/vinayak/ws_moveit2/build/moveit_resources_pr2_description': CMAKE_PREFIX_PATH=${CMAKE_PREFIX_PATH}:/home/vinayak/ws_moveit2/install/ur3e_rl:/home/vinayak/ws_moveit2/install/ur3e_motion_package:/home/vinayak/ws_moveit2/install/moveit_configs_utils:/home/vinayak/ws_moveit2/install/launch_param_builder:/opt/ros/humble /usr/bin/cmake /home/vinayak/ws_moveit2/src/moveit_resources/pr2_description -DCMAKE_INSTALL_PREFIX=/home/vinayak/ws_moveit2/install/moveit_resources_pr2_description
[0.419s] -- The C compiler identification is GNU 11.4.0
[0.419s] -- The CXX compiler identification is GNU 11.4.0
[0.420s] -- Detecting C compiler ABI info
[0.420s] -- Detecting C compiler ABI info - done
[0.420s] -- Check for working C compiler: /usr/bin/cc - skipped
[0.420s] -- Detecting C compile features
[0.420s] -- Detecting C compile features - done
[0.420s] -- Detecting CXX compiler ABI info
[0.536s] -- Detecting CXX compiler ABI info - done
[0.551s] -- Check for working CXX compiler: /usr/bin/c++ - skipped
[0.551s] -- Detecting CXX compile features
[0.552s] -- Detecting CXX compile features - done
[0.555s] -- Found ament_cmake: 1.3.11 (/opt/ros/humble/share/ament_cmake/cmake)
[0.808s] -- Found Python3: /usr/bin/python3 (found version "3.10.12") found components: Interpreter 
[1.067s] -- Configuring done
[1.070s] -- Generating done
[1.076s] -- Build files have been written to: /home/vinayak/ws_moveit2/build/moveit_resources_pr2_description
[1.110s] Invoked command in '/home/vinayak/ws_moveit2/build/moveit_resources_pr2_description' returned '0': CMAKE_PREFIX_PATH=${CMAKE_PREFIX_PATH}:/home/vinayak/ws_moveit2/install/ur3e_rl:/home/vinayak/ws_moveit2/install/ur3e_motion_package:/home/vinayak/ws_moveit2/install/moveit_configs_utils:/home/vinayak/ws_moveit2/install/launch_param_builder:/opt/ros/humble /usr/bin/cmake /home/vinayak/ws_moveit2/src/moveit_resources/pr2_description -DCMAKE_INSTALL_PREFIX=/home/vinayak/ws_moveit2/install/moveit_resources_pr2_description
[1.112s] Invoking command in '/home/vinayak/ws_moveit2/build/moveit_resources_pr2_description': CMAKE_PREFIX_PATH=${CMAKE_PREFIX_PATH}:/home/vinayak/ws_moveit2/install/ur3e_rl:/home/vinayak/ws_moveit2/install/ur3e_motion_package:/home/vinayak/ws_moveit2/install/moveit_configs_utils:/home/vinayak/ws_moveit2/install/launch_param_builder:/opt/ros/humble /usr/bin/cmake --build /home/vinayak/ws_moveit2/build/moveit_resources_pr2_description -- -j8 -l8
[1.180s] Invoked command in '/home/vinayak/ws_moveit2/build/moveit_resources_pr2_description' returned '0': CMAKE_PREFIX_PATH=${CMAKE_PREFIX_PATH}:/home/vinayak/ws_moveit2/install/ur3e_rl:/home/vinayak/ws_moveit2/install/ur3e_motion_package:/home/vinayak/ws_moveit2/install/moveit_configs_utils:/home/vinayak/ws_moveit2/install/launch_param_builder:/opt/ros/humble /usr/bin/cmake --build /home/vinayak/ws_moveit2/build/moveit_resources_pr2_description -- -j8 -l8
[1.182s] Invoking command in '/home/vinayak/ws_moveit2/build/moveit_resources_pr2_description': CMAKE_PREFIX_PATH=${CMAKE_PREFIX_PATH}:/home/vinayak/ws_moveit2/install/ur3e_rl:/home/vinayak/ws_moveit2/install/ur3e_motion_package:/home/vinayak/ws_moveit2/install/moveit_configs_utils:/home/vinayak/ws_moveit2/install/launch_param_builder:/opt/ros/humble /usr/bin/cmake --install /home/vinayak/ws_moveit2/build/moveit_resources_pr2_description
[1.193s] -- Install configuration: ""
[1.193s] -- Installing: /home/vinayak/ws_moveit2/install/moveit_resources_pr2_description/share/ament_index/resource_index/package_run_dependencies/moveit_resources_pr2_description
[1.194s] -- Installing: /home/vinayak/ws_moveit2/install/moveit_resources_pr2_description/share/ament_index/resource_index/parent_prefix_path/moveit_resources_pr2_description
[1.194s] -- Installing: /home/vinayak/ws_moveit2/install/moveit_resources_pr2_description/share/moveit_resources_pr2_description/environment/ament_prefix_path.sh
[1.194s] -- Installing: /home/vinayak/ws_moveit2/install/moveit_resources_pr2_description/share/moveit_resources_pr2_description/environment/ament_prefix_path.dsv
[1.195s] -- Installing: /home/vinayak/ws_moveit2/install/moveit_resources_pr2_description/share/moveit_resources_pr2_description/environment/path.sh
[1.195s] -- Installing: /home/vinayak/ws_moveit2/install/moveit_resources_pr2_description/share/moveit_resources_pr2_description/environment/path.dsv
[1.195s] -- Installing: /home/vinayak/ws_moveit2/install/moveit_resources_pr2_description/share/moveit_resources_pr2_description/local_setup.bash
[1.195s] -- Installing: /home/vinayak/ws_moveit2/install/moveit_resources_pr2_description/share/moveit_resources_pr2_description/local_setup.sh
[1.196s] -- Installing: /home/vinayak/ws_moveit2/install/moveit_resources_pr2_description/share/moveit_resources_pr2_description/local_setup.zsh
[1.196s] -- Installing: /home/vinayak/ws_moveit2/install/moveit_resources_pr2_description/share/moveit_resources_pr2_description/local_setup.dsv
[1.197s] -- Installing: /home/vinayak/ws_moveit2/install/moveit_resources_pr2_description/share/moveit_resources_pr2_description/package.dsv
[1.197s] -- Installing: /home/vinayak/ws_moveit2/install/moveit_resources_pr2_description/share/ament_index/resource_index/packages/moveit_resources_pr2_description
[1.197s] -- Installing: /home/vinayak/ws_moveit2/install/moveit_resources_pr2_description/share/moveit_resources_pr2_description/cmake/moveit_resources_pr2_descriptionConfig.cmake
[1.197s] -- Installing: /home/vinayak/ws_moveit2/install/moveit_resources_pr2_description/share/moveit_resources_pr2_description/cmake/moveit_resources_pr2_descriptionConfig-version.cmake
[1.197s] -- Installing: /home/vinayak/ws_moveit2/install/moveit_resources_pr2_description/share/moveit_resources_pr2_description/package.xml
[1.198s] -- Installing: /home/vinayak/ws_moveit2/install/moveit_resources_pr2_description/share/moveit_resources_pr2_description/srdf
[1.198s] -- Installing: /home/vinayak/ws_moveit2/install/moveit_resources_pr2_description/share/moveit_resources_pr2_description/srdf/robot.xml
[1.199s] -- Installing: /home/vinayak/ws_moveit2/install/moveit_resources_pr2_description/share/moveit_resources_pr2_description/urdf
[1.200s] -- Installing: /home/vinayak/ws_moveit2/install/moveit_resources_pr2_description/share/moveit_resources_pr2_description/urdf/robot.xml
[1.200s] -- Installing: /home/vinayak/ws_moveit2/install/moveit_resources_pr2_description/share/moveit_resources_pr2_description/urdf/meshes
[1.200s] -- Installing: /home/vinayak/ws_moveit2/install/moveit_resources_pr2_description/share/moveit_resources_pr2_description/urdf/meshes/forearm_v0
[1.200s] -- Installing: /home/vinayak/ws_moveit2/install/moveit_resources_pr2_description/share/moveit_resources_pr2_description/urdf/meshes/forearm_v0/wrist_roll.stl
[1.200s] -- Installing: /home/vinayak/ws_moveit2/install/moveit_resources_pr2_description/share/moveit_resources_pr2_description/urdf/meshes/forearm_v0/wrist_normals.tif
[1.201s] -- Installing: /home/vinayak/ws_moveit2/install/moveit_resources_pr2_description/share/moveit_resources_pr2_description/urdf/meshes/forearm_v0/wrist_color.tif
[1.206s] -- Installing: /home/vinayak/ws_moveit2/install/moveit_resources_pr2_description/share/moveit_resources_pr2_description/urdf/meshes/forearm_v0/wrist_flex.stl
[1.207s] -- Installing: /home/vinayak/ws_moveit2/install/moveit_resources_pr2_description/share/moveit_resources_pr2_description/urdf/meshes/forearm_v0/wrist_roll_L.stl
[1.207s] -- Installing: /home/vinayak/ws_moveit2/install/moveit_resources_pr2_description/share/moveit_resources_pr2_description/urdf/meshes/forearm_v0/forearm.dae
[1.207s] -- Installing: /home/vinayak/ws_moveit2/install/moveit_resources_pr2_description/share/moveit_resources_pr2_description/urdf/meshes/forearm_v0/convex
[1.207s] -- Installing: /home/vinayak/ws_moveit2/install/moveit_resources_pr2_description/share/moveit_resources_pr2_description/urdf/meshes/forearm_v0/convex/wrist_flex_convex.stlb
[1.207s] -- Installing: /home/vinayak/ws_moveit2/install/moveit_resources_pr2_description/share/moveit_resources_pr2_description/urdf/meshes/forearm_v0/convex/wrist_roll.xml
[1.207s] -- Installing: /home/vinayak/ws_moveit2/install/moveit_resources_pr2_description/share/moveit_resources_pr2_description/urdf/meshes/forearm_v0/convex/wrist_flex.xml
[1.216s] -- Installing: /home/vinayak/ws_moveit2/install/moveit_resources_pr2_description/share/moveit_resources_pr2_description/urdf/meshes/forearm_v0/convex/wrist_roll.dae
[1.216s] -- Installing: /home/vinayak/ws_moveit2/install/moveit_resources_pr2_description/share/moveit_resources_pr2_description/urdf/meshes/forearm_v0/convex/forearm_convex.stlb
[1.216s] -- Installing: /home/vinayak/ws_moveit2/install/moveit_resources_pr2_description/share/moveit_resources_pr2_description/urdf/meshes/forearm_v0/convex/wrist_roll_L.dae
[1.216s] -- Installing: /home/vinayak/ws_moveit2/install/moveit_resources_pr2_description/share/moveit_resources_pr2_description/urdf/meshes/forearm_v0/convex/forearm.dae
[1.217s] -- Installing: /home/vinayak/ws_moveit2/install/moveit_resources_pr2_description/share/moveit_resources_pr2_description/urdf/meshes/forearm_v0/convex/wrist_roll_convex.stlb
[1.217s] -- Installing: /home/vinayak/ws_moveit2/install/moveit_resources_pr2_description/share/moveit_resources_pr2_description/urdf/meshes/forearm_v0/convex/wrist_roll_L_convex.stlb
[1.217s] -- Installing: /home/vinayak/ws_moveit2/install/moveit_resources_pr2_description/share/moveit_resources_pr2_description/urdf/meshes/forearm_v0/convex/wrist_flex.dae
[1.217s] -- Installing: /home/vinayak/ws_moveit2/install/moveit_resources_pr2_description/share/moveit_resources_pr2_description/urdf/meshes/forearm_v0/convex/wrist_flex_convex.stla
[1.217s] -- Installing: /home/vinayak/ws_moveit2/install/moveit_resources_pr2_description/share/moveit_resources_pr2_description/urdf/meshes/forearm_v0/convex/wrist_roll_L.xml
[1.217s] -- Installing: /home/vinayak/ws_moveit2/install/moveit_resources_pr2_description/share/moveit_resources_pr2_description/urdf/meshes/forearm_v0/convex/forearm_convex.stla
[1.217s] -- Installing: /home/vinayak/ws_moveit2/install/moveit_resources_pr2_description/share/moveit_resources_pr2_description/urdf/meshes/forearm_v0/convex/forearm.xml
[1.217s] -- Installing: /home/vinayak/ws_moveit2/install/moveit_resources_pr2_description/share/moveit_resources_pr2_description/urdf/meshes/forearm_v0/convex/wrist_roll_L_convex.stla
[1.217s] -- Installing: /home/vinayak/ws_moveit2/install/moveit_resources_pr2_description/share/moveit_resources_pr2_description/urdf/meshes/forearm_v0/convex/wrist_roll_convex.stla
[1.218s] -- Installing: /home/vinayak/ws_moveit2/install/moveit_resources_pr2_description/share/moveit_resources_pr2_description/urdf/meshes/forearm_v0/forearm.jpg
[1.218s] -- Installing: /home/vinayak/ws_moveit2/install/moveit_resources_pr2_description/share/moveit_resources_pr2_description/urdf/meshes/forearm_v0/wrist_flex.dae
[1.218s] -- Installing: /home/vinayak/ws_moveit2/install/moveit_resources_pr2_description/share/moveit_resources_pr2_description/urdf/meshes/forearm_v0/forearm_color.tif
[1.230s] -- Installing: /home/vinayak/ws_moveit2/install/moveit_resources_pr2_description/share/moveit_resources_pr2_description/urdf/meshes/forearm_v0/forearm_normals.tif
[1.235s] -- Installing: /home/vinayak/ws_moveit2/install/moveit_resources_pr2_description/share/moveit_resources_pr2_description/urdf/meshes/forearm_v0/forearm.stl
[1.236s] -- Installing: /home/vinayak/ws_moveit2/install/moveit_resources_pr2_description/share/moveit_resources_pr2_description/urdf/meshes/gripper_v0
[1.237s] -- Installing: /home/vinayak/ws_moveit2/install/moveit_resources_pr2_description/share/moveit_resources_pr2_description/urdf/meshes/gripper_v0/gripper_palm.stl
[1.237s] -- Installing: /home/vinayak/ws_moveit2/install/moveit_resources_pr2_description/share/moveit_resources_pr2_description/urdf/meshes/gripper_v0/gripper_palm_color.tif
[1.237s] -- Installing: /home/vinayak/ws_moveit2/install/moveit_resources_pr2_description/share/moveit_resources_pr2_description/urdf/meshes/gripper_v0/palm_H_Color_100430.tif
[1.242s] -- Installing: /home/vinayak/ws_moveit2/install/moveit_resources_pr2_description/share/moveit_resources_pr2_description/urdf/meshes/gripper_v0/l_finger_tip.stl
[1.244s] -- Installing: /home/vinayak/ws_moveit2/install/moveit_resources_pr2_description/share/moveit_resources_pr2_description/urdf/meshes/gripper_v0/finger_H_UV_100430.dae
[1.247s] -- Installing: /home/vinayak/ws_moveit2/install/moveit_resources_pr2_description/share/moveit_resources_pr2_description/urdf/meshes/gripper_v0/float_H_Color_100430.tif
[1.247s] -- Installing: /home/vinayak/ws_moveit2/install/moveit_resources_pr2_description/share/moveit_resources_pr2_description/urdf/meshes/gripper_v0/gripper_palm.dae
[1.248s] -- Installing: /home/vinayak/ws_moveit2/install/moveit_resources_pr2_description/share/moveit_resources_pr2_description/urdf/meshes/gripper_v0/finger_tip_pad2_l.stl
[1.248s] -- Installing: /home/vinayak/ws_moveit2/install/moveit_resources_pr2_description/share/moveit_resources_pr2_description/urdf/meshes/gripper_v0/l_finger_tip_normals.tif
[1.252s] -- Installing: /home/vinayak/ws_moveit2/install/moveit_resources_pr2_description/share/moveit_resources_pr2_description/urdf/meshes/gripper_v0/l_finger_tip.dae
[1.252s] -- Installing: /home/vinayak/ws_moveit2/install/moveit_resources_pr2_description/share/moveit_resources_pr2_description/urdf/meshes/gripper_v0/convex
[1.253s] -- Installing: /home/vinayak/ws_moveit2/install/moveit_resources_pr2_description/share/moveit_resources_pr2_description/urdf/meshes/gripper_v0/convex/l_finger_tip_convex.stlb
[1.253s] -- Installing: /home/vinayak/ws_moveit2/install/moveit_resources_pr2_description/share/moveit_resources_pr2_description/urdf/meshes/gripper_v0/convex/l_finger_tip.xml
[1.253s] -- Installing: /home/vinayak/ws_moveit2/install/moveit_resources_pr2_description/share/moveit_resources_pr2_description/urdf/meshes/gripper_v0/convex/l_finger_convex.stla
[1.254s] -- Installing: /home/vinayak/ws_moveit2/install/moveit_resources_pr2_description/share/moveit_resources_pr2_description/urdf/meshes/gripper_v0/convex/upper_finger_l_convex.stla
[1.254s] -- Installing: /home/vinayak/ws_moveit2/install/moveit_resources_pr2_description/share/moveit_resources_pr2_description/urdf/meshes/gripper_v0/convex/gripper_palm.dae
[1.255s] -- Installing: /home/vinayak/ws_moveit2/install/moveit_resources_pr2_description/share/moveit_resources_pr2_description/urdf/meshes/gripper_v0/convex/finger_tip_r_convex.stlb
[1.255s] -- Installing: /home/vinayak/ws_moveit2/install/moveit_resources_pr2_description/share/moveit_resources_pr2_description/urdf/meshes/gripper_v0/convex/upper_finger_l_convex.stlb
[1.255s] -- Installing: /home/vinayak/ws_moveit2/install/moveit_resources_pr2_description/share/moveit_resources_pr2_description/urdf/meshes/gripper_v0/convex/l_finger_convex.stlb
[1.255s] -- Installing: /home/vinayak/ws_moveit2/install/moveit_resources_pr2_description/share/moveit_resources_pr2_description/urdf/meshes/gripper_v0/convex/finger_tip_l_convex.stlb
[1.256s] -- Installing: /home/vinayak/ws_moveit2/install/moveit_resources_pr2_description/share/moveit_resources_pr2_description/urdf/meshes/gripper_v0/convex/finger_tip_pad2_l_convex.stlb
[1.256s] -- Installing: /home/vinayak/ws_moveit2/install/moveit_resources_pr2_description/share/moveit_resources_pr2_description/urdf/meshes/gripper_v0/convex/l_floating.xml
[1.256s] -- Installing: /home/vinayak/ws_moveit2/install/moveit_resources_pr2_description/share/moveit_resources_pr2_description/urdf/meshes/gripper_v0/convex/gripper_palm.xml
[1.256s] -- Installing: /home/vinayak/ws_moveit2/install/moveit_resources_pr2_description/share/moveit_resources_pr2_description/urdf/meshes/gripper_v0/convex/finger_tip_pad2_r_convex.stlb
[1.257s] -- Installing: /home/vinayak/ws_moveit2/install/moveit_resources_pr2_description/share/moveit_resources_pr2_description/urdf/meshes/gripper_v0/convex/finger_tip_pad2_r.dae
[1.257s] -- Installing: /home/vinayak/ws_moveit2/install/moveit_resources_pr2_description/share/moveit_resources_pr2_description/urdf/meshes/gripper_v0/convex/finger_tip_r_convex.stla
[1.258s] -- Installing: /home/vinayak/ws_moveit2/install/moveit_resources_pr2_description/share/moveit_resources_pr2_description/urdf/meshes/gripper_v0/convex/l_finger_tip.dae
[1.259s] -- Installing: /home/vinayak/ws_moveit2/install/moveit_resources_pr2_description/share/moveit_resources_pr2_description/urdf/meshes/gripper_v0/convex/gripper_palm_convex.stlb
[1.259s] -- Installing: /home/vinayak/ws_moveit2/install/moveit_resources_pr2_description/share/moveit_resources_pr2_description/urdf/meshes/gripper_v0/convex/finger_tip_pad2_l.xml
[1.259s] -- Installing: /home/vinayak/ws_moveit2/install/moveit_resources_pr2_description/share/moveit_resources_pr2_description/urdf/meshes/gripper_v0/convex/l_finger.dae
[1.260s] -- Installing: /home/vinayak/ws_moveit2/install/moveit_resources_pr2_description/share/moveit_resources_pr2_description/urdf/meshes/gripper_v0/convex/upper_finger_r.xml
[1.260s] -- Installing: /home/vinayak/ws_moveit2/install/moveit_resources_pr2_description/share/moveit_resources_pr2_description/urdf/meshes/gripper_v0/convex/finger_tip_l.xml
[1.260s] -- Installing: /home/vinayak/ws_moveit2/install/moveit_resources_pr2_description/share/moveit_resources_pr2_description/urdf/meshes/gripper_v0/convex/l_finger.xml
[1.261s] -- Installing: /home/vinayak/ws_moveit2/install/moveit_resources_pr2_description/share/moveit_resources_pr2_description/urdf/meshes/gripper_v0/convex/upper_finger_r_convex.stlb
[1.261s] -- Installing: /home/vinayak/ws_moveit2/install/moveit_resources_pr2_description/share/moveit_resources_pr2_description/urdf/meshes/gripper_v0/convex/l_floating_convex.stla
[1.261s] -- Installing: /home/vinayak/ws_moveit2/install/moveit_resources_pr2_description/share/moveit_resources_pr2_description/urdf/meshes/gripper_v0/convex/gripper_palm_convex.stla
[1.262s] -- Installing: /home/vinayak/ws_moveit2/install/moveit_resources_pr2_description/share/moveit_resources_pr2_description/urdf/meshes/gripper_v0/convex/upper_finger_l.xml
[1.262s] -- Installing: /home/vinayak/ws_moveit2/install/moveit_resources_pr2_description/share/moveit_resources_pr2_description/urdf/meshes/gripper_v0/convex/finger_tip_l_convex.stla
[1.262s] -- Installing: /home/vinayak/ws_moveit2/install/moveit_resources_pr2_description/share/moveit_resources_pr2_description/urdf/meshes/gripper_v0/convex/finger_tip_pad2_r_convex.stla
[1.263s] -- Installing: /home/vinayak/ws_moveit2/install/moveit_resources_pr2_description/share/moveit_resources_pr2_description/urdf/meshes/gripper_v0/convex/upper_finger_r.dae
[1.263s] -- Installing: /home/vinayak/ws_moveit2/install/moveit_resources_pr2_description/share/moveit_resources_pr2_description/urdf/meshes/gripper_v0/convex/l_finger_tip_convex.stla
[1.263s] -- Installing: /home/vinayak/ws_moveit2/install/moveit_resources_pr2_description/share/moveit_resources_pr2_description/urdf/meshes/gripper_v0/convex/finger_tip_l.dae
[1.267s] -- Installing: /home/vinayak/ws_moveit2/install/moveit_resources_pr2_description/share/moveit_resources_pr2_description/urdf/meshes/gripper_v0/convex/l_floating_convex.stlb
[1.267s] -- Installing: /home/vinayak/ws_moveit2/install/moveit_resources_pr2_description/share/moveit_resources_pr2_description/urdf/meshes/gripper_v0/convex/l_floating.dae
[1.268s] -- Installing: /home/vinayak/ws_moveit2/install/moveit_resources_pr2_description/share/moveit_resources_pr2_description/urdf/meshes/gripper_v0/convex/finger_tip_r.xml
[1.268s] -- Installing: /home/vinayak/ws_moveit2/install/moveit_resources_pr2_description/share/moveit_resources_pr2_description/urdf/meshes/gripper_v0/convex/finger_tip_r.dae
[1.269s] -- Installing: /home/vinayak/ws_moveit2/install/moveit_resources_pr2_description/share/moveit_resources_pr2_description/urdf/meshes/gripper_v0/convex/finger_tip_pad2_r.xml
[1.269s] -- Installing: /home/vinayak/ws_moveit2/install/moveit_resources_pr2_description/share/moveit_resources_pr2_description/urdf/meshes/gripper_v0/convex/finger_tip_pad2_l_convex.stla
[1.269s] -- Installing: /home/vinayak/ws_moveit2/install/moveit_resources_pr2_description/share/moveit_resources_pr2_description/urdf/meshes/gripper_v0/convex/upper_finger_r_convex.stla
[1.270s] -- Installing: /home/vinayak/ws_moveit2/install/moveit_resources_pr2_description/share/moveit_resources_pr2_description/urdf/meshes/gripper_v0/convex/finger_tip_pad2_l.dae
[1.270s] -- Installing: /home/vinayak/ws_moveit2/install/moveit_resources_pr2_description/share/moveit_resources_pr2_description/urdf/meshes/gripper_v0/convex/upper_finger_l.dae
[1.271s] -- Installing: /home/vinayak/ws_moveit2/install/moveit_resources_pr2_description/share/moveit_resources_pr2_description/urdf/meshes/gripper_v0/l_finger_tip_color.tif
[1.271s] -- Installing: /home/vinayak/ws_moveit2/install/moveit_resources_pr2_description/share/moveit_resources_pr2_description/urdf/meshes/gripper_v0/l_finger_color.tif
[1.272s] -- Installing: /home/vinayak/ws_moveit2/install/moveit_resources_pr2_description/share/moveit_resources_pr2_description/urdf/meshes/gripper_v0/l_finger.dae
[1.273s] -- Installing: /home/vinayak/ws_moveit2/install/moveit_resources_pr2_description/share/moveit_resources_pr2_description/urdf/meshes/gripper_v0/float_H_UV_100430.dae
[1.278s] -- Installing: /home/vinayak/ws_moveit2/install/moveit_resources_pr2_description/share/moveit_resources_pr2_description/urdf/meshes/gripper_v0/finger_H_Color_100430.tif
[1.278s] -- Installing: /home/vinayak/ws_moveit2/install/moveit_resources_pr2_description/share/moveit_resources_pr2_description/urdf/meshes/gripper_v0/l_float_normals.tif
[1.282s] -- Installing: /home/vinayak/ws_moveit2/install/moveit_resources_pr2_description/share/moveit_resources_pr2_description/urdf/meshes/gripper_v0/upper_finger_r.stl
[1.282s] -- Installing: /home/vinayak/ws_moveit2/install/moveit_resources_pr2_description/share/moveit_resources_pr2_description/urdf/meshes/gripper_v0/l_float_color.tif
[1.284s] -- Installing: /home/vinayak/ws_moveit2/install/moveit_resources_pr2_description/share/moveit_resources_pr2_description/urdf/meshes/gripper_v0/fingertip_H_Color_100430.tif
[1.285s] -- Installing: /home/vinayak/ws_moveit2/install/moveit_resources_pr2_description/share/moveit_resources_pr2_description/urdf/meshes/gripper_v0/l_float.dae
[1.285s] -- Installing: /home/vinayak/ws_moveit2/install/moveit_resources_pr2_description/share/moveit_resources_pr2_description/urdf/meshes/gripper_v0/finger_tip_pad2_r.stl
[1.286s] -- Installing: /home/vinayak/ws_moveit2/install/moveit_resources_pr2_description/share/moveit_resources_pr2_description/urdf/meshes/gripper_v0/l_floating.stl
[1.286s] -- Installing: /home/vinayak/ws_moveit2/install/moveit_resources_pr2_description/share/moveit_resources_pr2_description/urdf/meshes/gripper_v0/finger_tip_r.stl
[1.287s] -- Installing: /home/vinayak/ws_moveit2/install/moveit_resources_pr2_description/share/moveit_resources_pr2_description/urdf/meshes/gripper_v0/gripper_palm_normals.tif
[1.291s] -- Installing: /home/vinayak/ws_moveit2/install/moveit_resources_pr2_description/share/moveit_resources_pr2_description/urdf/meshes/gripper_v0/l_finger_normals.tif
[1.299s] -- Installing: /home/vinayak/ws_moveit2/install/moveit_resources_pr2_description/share/moveit_resources_pr2_description/urdf/meshes/gripper_v0/upper_finger_l.stl
[1.299s] -- Installing: /home/vinayak/ws_moveit2/install/moveit_resources_pr2_description/share/moveit_resources_pr2_description/urdf/meshes/gripper_v0/finger_tip_l.stl
[1.300s] -- Installing: /home/vinayak/ws_moveit2/install/moveit_resources_pr2_description/share/moveit_resources_pr2_description/urdf/meshes/gripper_v0/finger_tip_H_UV_100430.dae
[1.307s] -- Installing: /home/vinayak/ws_moveit2/install/moveit_resources_pr2_description/share/moveit_resources_pr2_description/urdf/meshes/gripper_v0/l_finger.stl
[1.310s] -- Installing: /home/vinayak/ws_moveit2/install/moveit_resources_pr2_description/share/moveit_resources_pr2_description/urdf/meshes/gripper_v0/palm_H_UV_100430.dae
[1.313s] -- Installing: /home/vinayak/ws_moveit2/install/moveit_resources_pr2_description/share/moveit_resources_pr2_description/urdf/meshes/upper_arm_v0
[1.314s] -- Installing: /home/vinayak/ws_moveit2/install/moveit_resources_pr2_description/share/moveit_resources_pr2_description/urdf/meshes/upper_arm_v0/forearm_roll.stl
[1.315s] -- Installing: /home/vinayak/ws_moveit2/install/moveit_resources_pr2_description/share/moveit_resources_pr2_description/urdf/meshes/upper_arm_v0/elbow_flex_color.tif
[1.316s] -- Installing: /home/vinayak/ws_moveit2/install/moveit_resources_pr2_description/share/moveit_resources_pr2_description/urdf/meshes/upper_arm_v0/upper_arm.jpg
[1.317s] -- Installing: /home/vinayak/ws_moveit2/install/moveit_resources_pr2_description/share/moveit_resources_pr2_description/urdf/meshes/upper_arm_v0/upper_arm_color.tif
[1.318s] -- Installing: /home/vinayak/ws_moveit2/install/moveit_resources_pr2_description/share/moveit_resources_pr2_description/urdf/meshes/upper_arm_v0/upper_arm.stl
[1.322s] -- Installing: /home/vinayak/ws_moveit2/install/moveit_resources_pr2_description/share/moveit_resources_pr2_description/urdf/meshes/upper_arm_v0/elbow_flex_normals.tif
[1.326s] -- Installing: /home/vinayak/ws_moveit2/install/moveit_resources_pr2_description/share/moveit_resources_pr2_description/urdf/meshes/upper_arm_v0/convex
[1.327s] -- Installing: /home/vinayak/ws_moveit2/install/moveit_resources_pr2_description/share/moveit_resources_pr2_description/urdf/meshes/upper_arm_v0/convex/forearm_roll_L.xml
[1.328s] -- Installing: /home/vinayak/ws_moveit2/install/moveit_resources_pr2_description/share/moveit_resources_pr2_description/urdf/meshes/upper_arm_v0/convex/forearm_roll_L_convex.stla
[1.328s] -- Installing: /home/vinayak/ws_moveit2/install/moveit_resources_pr2_description/share/moveit_resources_pr2_description/urdf/meshes/upper_arm_v0/convex/elbow_flex_convex.stlb
[1.329s] -- Installing: /home/vinayak/ws_moveit2/install/moveit_resources_pr2_description/share/moveit_resources_pr2_description/urdf/meshes/upper_arm_v0/convex/forearm_roll_convex.stlb
[1.329s] -- Installing: /home/vinayak/ws_moveit2/install/moveit_resources_pr2_description/share/moveit_resources_pr2_description/urdf/meshes/upper_arm_v0/convex/upper_arm_convex.stla
[1.330s] -- Installing: /home/vinayak/ws_moveit2/install/moveit_resources_pr2_description/share/moveit_resources_pr2_description/urdf/meshes/upper_arm_v0/convex/forearm_roll.xml
[1.331s] -- Installing: /home/vinayak/ws_moveit2/install/moveit_resources_pr2_description/share/moveit_resources_pr2_description/urdf/meshes/upper_arm_v0/convex/forearm_roll.dae
[1.331s] -- Installing: /home/vinayak/ws_moveit2/install/moveit_resources_pr2_description/share/moveit_resources_pr2_description/urdf/meshes/upper_arm_v0/convex/elbow_flex.dae
[1.332s] -- Installing: /home/vinayak/ws_moveit2/install/moveit_resources_pr2_description/share/moveit_resources_pr2_description/urdf/meshes/upper_arm_v0/convex/elbow_flex_convex.stla
[1.332s] -- Installing: /home/vinayak/ws_moveit2/install/moveit_resources_pr2_description/share/moveit_resources_pr2_description/urdf/meshes/upper_arm_v0/convex/forearm_roll_convex.stla
[1.333s] -- Installing: /home/vinayak/ws_moveit2/install/moveit_resources_pr2_description/share/moveit_resources_pr2_description/urdf/meshes/upper_arm_v0/convex/forearm_roll_L.dae
[1.334s] -- Installing: /home/vinayak/ws_moveit2/install/moveit_resources_pr2_description/share/moveit_resources_pr2_description/urdf/meshes/upper_arm_v0/convex/elbow_flex.xml
[1.334s] -- Installing: /home/vinayak/ws_moveit2/install/moveit_resources_pr2_description/share/moveit_resources_pr2_description/urdf/meshes/upper_arm_v0/convex/upper_arm.dae
[1.335s] -- Installing: /home/vinayak/ws_moveit2/install/moveit_resources_pr2_description/share/moveit_resources_pr2_description/urdf/meshes/upper_arm_v0/convex/forearm_roll_L_convex.stlb
[1.336s] -- Installing: /home/vinayak/ws_moveit2/install/moveit_resources_pr2_description/share/moveit_resources_pr2_description/urdf/meshes/upper_arm_v0/convex/upper_arm.xml
[1.336s] -- Installing: /home/vinayak/ws_moveit2/install/moveit_resources_pr2_description/share/moveit_resources_pr2_description/urdf/meshes/upper_arm_v0/convex/upper_arm_convex.stlb
[1.337s] -- Installing: /home/vinayak/ws_moveit2/install/moveit_resources_pr2_description/share/moveit_resources_pr2_description/urdf/meshes/upper_arm_v0/elbow_flex.dae
[1.338s] -- Installing: /home/vinayak/ws_moveit2/install/moveit_resources_pr2_description/share/moveit_resources_pr2_description/urdf/meshes/upper_arm_v0/upper_arm.dae
[1.339s] -- Installing: /home/vinayak/ws_moveit2/install/moveit_resources_pr2_description/share/moveit_resources_pr2_description/urdf/meshes/upper_arm_v0/forearm_roll_L.stl
[1.340s] -- Installing: /home/vinayak/ws_moveit2/install/moveit_resources_pr2_description/share/moveit_resources_pr2_description/urdf/meshes/upper_arm_v0/upper_arm_normals.tif
[1.344s] -- Installing: /home/vinayak/ws_moveit2/install/moveit_resources_pr2_description/share/moveit_resources_pr2_description/urdf/meshes/upper_arm_v0/elbow_flex.stl
[1.345s] -- Installing: /home/vinayak/ws_moveit2/install/moveit_resources_pr2_description/share/moveit_resources_pr2_description/urdf/meshes/head_v0
[1.345s] -- Installing: /home/vinayak/ws_moveit2/install/moveit_resources_pr2_description/share/moveit_resources_pr2_description/urdf/meshes/head_v0/head_pan.stl
[1.346s] -- Installing: /home/vinayak/ws_moveit2/install/moveit_resources_pr2_description/share/moveit_resources_pr2_description/urdf/meshes/head_v0/head_tilt_L.stl
[1.347s] -- Installing: /home/vinayak/ws_moveit2/install/moveit_resources_pr2_description/share/moveit_resources_pr2_description/urdf/meshes/head_v0/convex
[1.347s] -- Installing: /home/vinayak/ws_moveit2/install/moveit_resources_pr2_description/share/moveit_resources_pr2_description/urdf/meshes/head_v0/convex/head_pan_convex.stlb
[1.348s] -- Installing: /home/vinayak/ws_moveit2/install/moveit_resources_pr2_description/share/moveit_resources_pr2_description/urdf/meshes/head_v0/convex/head_pan_L.xml
[1.348s] -- Installing: /home/vinayak/ws_moveit2/install/moveit_resources_pr2_description/share/moveit_resources_pr2_description/urdf/meshes/head_v0/convex/head_tilt_L.xml
[1.349s] -- Installing: /home/vinayak/ws_moveit2/install/moveit_resources_pr2_description/share/moveit_resources_pr2_description/urdf/meshes/head_v0/convex/head_pan_L_convex.stlb
[1.349s] -- Installing: /home/vinayak/ws_moveit2/install/moveit_resources_pr2_description/share/moveit_resources_pr2_description/urdf/meshes/head_v0/convex/head_pan_L_convex.stla
[1.350s] -- Installing: /home/vinayak/ws_moveit2/install/moveit_resources_pr2_description/share/moveit_resources_pr2_description/urdf/meshes/head_v0/convex/head_tilt_convex.stla
[1.351s] -- Installing: /home/vinayak/ws_moveit2/install/moveit_resources_pr2_description/share/moveit_resources_pr2_description/urdf/meshes/head_v0/convex/head_tilt_L_convex.stla
[1.351s] -- Installing: /home/vinayak/ws_moveit2/install/moveit_resources_pr2_description/share/moveit_resources_pr2_description/urdf/meshes/head_v0/convex/head_pan.xml
[1.352s] -- Installing: /home/vinayak/ws_moveit2/install/moveit_resources_pr2_description/share/moveit_resources_pr2_description/urdf/meshes/head_v0/convex/head_tilt_L_convex.stlb
[1.352s] -- Installing: /home/vinayak/ws_moveit2/install/moveit_resources_pr2_description/share/moveit_resources_pr2_description/urdf/meshes/head_v0/convex/head_tilt_convex.stlb
[1.352s] -- Installing: /home/vinayak/ws_moveit2/install/moveit_resources_pr2_description/share/moveit_resources_pr2_description/urdf/meshes/head_v0/convex/head_pan_L.dae
[1.353s] -- Installing: /home/vinayak/ws_moveit2/install/moveit_resources_pr2_description/share/moveit_resources_pr2_description/urdf/meshes/head_v0/convex/head_pan_convex.stla
[1.353s] -- Installing: /home/vinayak/ws_moveit2/install/moveit_resources_pr2_description/share/moveit_resources_pr2_description/urdf/meshes/head_v0/convex/head_pan.dae
[1.354s] -- Installing: /home/vinayak/ws_moveit2/install/moveit_resources_pr2_description/share/moveit_resources_pr2_description/urdf/meshes/head_v0/convex/head_tilt.dae
[1.355s] -- Installing: /home/vinayak/ws_moveit2/install/moveit_resources_pr2_description/share/moveit_resources_pr2_description/urdf/meshes/head_v0/convex/head_tilt.xml
[1.355s] -- Installing: /home/vinayak/ws_moveit2/install/moveit_resources_pr2_description/share/moveit_resources_pr2_description/urdf/meshes/head_v0/convex/head_tilt_L.dae
[1.356s] -- Installing: /home/vinayak/ws_moveit2/install/moveit_resources_pr2_description/share/moveit_resources_pr2_description/urdf/meshes/head_v0/head_tilt_color_red.tif
[1.357s] -- Installing: /home/vinayak/ws_moveit2/install/moveit_resources_pr2_description/share/moveit_resources_pr2_description/urdf/meshes/head_v0/head_tilt.stl
[1.358s] -- Installing: /home/vinayak/ws_moveit2/install/moveit_resources_pr2_description/share/moveit_resources_pr2_description/urdf/meshes/head_v0/head_tilt_color.tif
[1.366s] -- Installing: /home/vinayak/ws_moveit2/install/moveit_resources_pr2_description/share/moveit_resources_pr2_description/urdf/meshes/head_v0/head_tilt_green.tif
[1.368s] -- Installing: /home/vinayak/ws_moveit2/install/moveit_resources_pr2_description/share/moveit_resources_pr2_description/urdf/meshes/head_v0/head_tilt_color_yellow.tif
[1.369s] -- Installing: /home/vinayak/ws_moveit2/install/moveit_resources_pr2_description/share/moveit_resources_pr2_description/urdf/meshes/head_v0/head_tilt_normals.tif
[1.372s] -- Installing: /home/vinayak/ws_moveit2/install/moveit_resources_pr2_description/share/moveit_resources_pr2_description/urdf/meshes/head_v0/head_pan.dae
[1.374s] -- Installing: /home/vinayak/ws_moveit2/install/moveit_resources_pr2_description/share/moveit_resources_pr2_description/urdf/meshes/head_v0/head_tilt.dae
[1.375s] -- Installing: /home/vinayak/ws_moveit2/install/moveit_resources_pr2_description/share/moveit_resources_pr2_description/urdf/meshes/head_v0/head_pan_color.tif
[1.376s] -- Installing: /home/vinayak/ws_moveit2/install/moveit_resources_pr2_description/share/moveit_resources_pr2_description/urdf/meshes/head_v0/head_pan_L.stl
[1.376s] -- Installing: /home/vinayak/ws_moveit2/install/moveit_resources_pr2_description/share/moveit_resources_pr2_description/urdf/meshes/head_v0/head_pan_normals.tif
[1.388s] -- Installing: /home/vinayak/ws_moveit2/install/moveit_resources_pr2_description/share/moveit_resources_pr2_description/urdf/meshes/base_v0
[1.389s] -- Installing: /home/vinayak/ws_moveit2/install/moveit_resources_pr2_description/share/moveit_resources_pr2_description/urdf/meshes/base_v0/base.stl
[1.389s] -- Installing: /home/vinayak/ws_moveit2/install/moveit_resources_pr2_description/share/moveit_resources_pr2_description/urdf/meshes/base_v0/pr2_wheel.stl
[1.390s] -- Installing: /home/vinayak/ws_moveit2/install/moveit_resources_pr2_description/share/moveit_resources_pr2_description/urdf/meshes/base_v0/convex
[1.390s] -- Installing: /home/vinayak/ws_moveit2/install/moveit_resources_pr2_description/share/moveit_resources_pr2_description/urdf/meshes/base_v0/convex/pr2_wheel.xml
[1.391s] -- Installing: /home/vinayak/ws_moveit2/install/moveit_resources_pr2_description/share/moveit_resources_pr2_description/urdf/meshes/base_v0/convex/wheel.xml
[1.391s] -- Installing: /home/vinayak/ws_moveit2/install/moveit_resources_pr2_description/share/moveit_resources_pr2_description/urdf/meshes/base_v0/convex/wheel_convex.stla
[1.392s] -- Installing: /home/vinayak/ws_moveit2/install/moveit_resources_pr2_description/share/moveit_resources_pr2_description/urdf/meshes/base_v0/convex/base.xml
[1.394s] -- Installing: /home/vinayak/ws_moveit2/install/moveit_resources_pr2_description/share/moveit_resources_pr2_description/urdf/meshes/base_v0/convex/caster_convex.stlb
[1.394s] -- Installing: /home/vinayak/ws_moveit2/install/moveit_resources_pr2_description/share/moveit_resources_pr2_description/urdf/meshes/base_v0/convex/caster_L_convex.stla
[1.395s] -- Installing: /home/vinayak/ws_moveit2/install/moveit_resources_pr2_description/share/moveit_resources_pr2_description/urdf/meshes/base_v0/convex/caster.dae
[1.396s] -- Installing: /home/vinayak/ws_moveit2/install/moveit_resources_pr2_description/share/moveit_resources_pr2_description/urdf/meshes/base_v0/convex/caster_L.dae
[1.397s] -- Installing: /home/vinayak/ws_moveit2/install/moveit_resources_pr2_description/share/moveit_resources_pr2_description/urdf/meshes/base_v0/convex/caster_L.xml
[1.397s] -- Installing: /home/vinayak/ws_moveit2/install/moveit_resources_pr2_description/share/moveit_resources_pr2_description/urdf/meshes/base_v0/convex/caster.xml
[1.397s] -- Installing: /home/vinayak/ws_moveit2/install/moveit_resources_pr2_description/share/moveit_resources_pr2_description/urdf/meshes/base_v0/convex/wheel_convex.stlb
[1.398s] -- Installing: /home/vinayak/ws_moveit2/install/moveit_resources_pr2_description/share/moveit_resources_pr2_description/urdf/meshes/base_v0/convex/base_L.xml
[1.398s] -- Installing: /home/vinayak/ws_moveit2/install/moveit_resources_pr2_description/share/moveit_resources_pr2_description/urdf/meshes/base_v0/convex/wheel.dae
[1.400s] -- Installing: /home/vinayak/ws_moveit2/install/moveit_resources_pr2_description/share/moveit_resources_pr2_description/urdf/meshes/base_v0/convex/pr2_wheel_convex.stlb
[1.401s] -- Installing: /home/vinayak/ws_moveit2/install/moveit_resources_pr2_description/share/moveit_resources_pr2_description/urdf/meshes/base_v0/convex/base_L_convex.stlb
[1.401s] -- Installing: /home/vinayak/ws_moveit2/install/moveit_resources_pr2_description/share/moveit_resources_pr2_description/urdf/meshes/base_v0/convex/pr2_wheel_convex.stla
[1.403s] -- Installing: /home/vinayak/ws_moveit2/install/moveit_resources_pr2_description/share/moveit_resources_pr2_description/urdf/meshes/base_v0/convex/base_convex.stla
[1.404s] -- Installing: /home/vinayak/ws_moveit2/install/moveit_resources_pr2_description/share/moveit_resources_pr2_description/urdf/meshes/base_v0/convex/base_convex.stlb
[1.404s] -- Installing: /home/vinayak/ws_moveit2/install/moveit_resources_pr2_description/share/moveit_resources_pr2_description/urdf/meshes/base_v0/convex/base_L_convex.stla
[1.405s] -- Installing: /home/vinayak/ws_moveit2/install/moveit_resources_pr2_description/share/moveit_resources_pr2_description/urdf/meshes/base_v0/convex/base_L.dae
[1.406s] -- Installing: /home/vinayak/ws_moveit2/install/moveit_resources_pr2_description/share/moveit_resources_pr2_description/urdf/meshes/base_v0/convex/caster_convex.stla
[1.407s] -- Installing: /home/vinayak/ws_moveit2/install/moveit_resources_pr2_description/share/moveit_resources_pr2_description/urdf/meshes/base_v0/convex/caster_L_convex.stlb
[1.407s] -- Installing: /home/vinayak/ws_moveit2/install/moveit_resources_pr2_description/share/moveit_resources_pr2_description/urdf/meshes/base_v0/convex/base.dae
[1.408s] -- Installing: /home/vinayak/ws_moveit2/install/moveit_resources_pr2_description/share/moveit_resources_pr2_description/urdf/meshes/base_v0/convex/pr2_wheel.dae
[1.408s] -- Installing: /home/vinayak/ws_moveit2/install/moveit_resources_pr2_description/share/moveit_resources_pr2_description/urdf/meshes/base_v0/wheel_normals.tif
[1.413s] -- Installing: /home/vinayak/ws_moveit2/install/moveit_resources_pr2_description/share/moveit_resources_pr2_description/urdf/meshes/base_v0/wheel_color.tif
[1.414s] -- Installing: /home/vinayak/ws_moveit2/install/moveit_resources_pr2_description/share/moveit_resources_pr2_description/urdf/meshes/base_v0/caster_L.stl
[1.414s] -- Installing: /home/vinayak/ws_moveit2/install/moveit_resources_pr2_description/share/moveit_resources_pr2_description/urdf/meshes/base_v0/caster.stl
[1.415s] -- Installing: /home/vinayak/ws_moveit2/install/moveit_resources_pr2_description/share/moveit_resources_pr2_description/urdf/meshes/base_v0/wheel_h.dae
[1.421s] -- Installing: /home/vinayak/ws_moveit2/install/moveit_resources_pr2_description/share/moveit_resources_pr2_description/urdf/meshes/base_v0/wheel.dae
[1.422s] -- Installing: /home/vinayak/ws_moveit2/install/moveit_resources_pr2_description/share/moveit_resources_pr2_description/urdf/meshes/base_v0/base_color.tif
[1.423s] -- Installing: /home/vinayak/ws_moveit2/install/moveit_resources_pr2_description/share/moveit_resources_pr2_description/urdf/meshes/base_v0/base_L.stl
[1.424s] -- Installing: /home/vinayak/ws_moveit2/install/moveit_resources_pr2_description/share/moveit_resources_pr2_description/urdf/meshes/base_v0/wheel.stl
[1.424s] -- Installing: /home/vinayak/ws_moveit2/install/moveit_resources_pr2_description/share/moveit_resources_pr2_description/urdf/meshes/base_v0/base.dae
[1.425s] -- Installing: /home/vinayak/ws_moveit2/install/moveit_resources_pr2_description/share/moveit_resources_pr2_description/urdf/meshes/base_v0/base_normals.tif
[1.428s] -- Installing: /home/vinayak/ws_moveit2/install/moveit_resources_pr2_description/share/moveit_resources_pr2_description/urdf/meshes/base_v0/wheel_h_color.tif
[1.429s] -- Installing: /home/vinayak/ws_moveit2/install/moveit_resources_pr2_description/share/moveit_resources_pr2_description/urdf/meshes/shoulder_v0
[1.429s] -- Installing: /home/vinayak/ws_moveit2/install/moveit_resources_pr2_description/share/moveit_resources_pr2_description/urdf/meshes/shoulder_v0/shoulder_lift_color.tif
[1.430s] -- Installing: /home/vinayak/ws_moveit2/install/moveit_resources_pr2_description/share/moveit_resources_pr2_description/urdf/meshes/shoulder_v0/upper_arm_roll_normals.tif
[1.433s] -- Installing: /home/vinayak/ws_moveit2/install/moveit_resources_pr2_description/share/moveit_resources_pr2_description/urdf/meshes/shoulder_v0/shoulder_pan_color.tif
[1.442s] -- Installing: /home/vinayak/ws_moveit2/install/moveit_resources_pr2_description/share/moveit_resources_pr2_description/urdf/meshes/shoulder_v0/shoulder_yaw.stl
[1.444s] -- Installing: /home/vinayak/ws_moveit2/install/moveit_resources_pr2_description/share/moveit_resources_pr2_description/urdf/meshes/shoulder_v0/upper_arm_roll_color.tif
[1.446s] -- Installing: /home/vinayak/ws_moveit2/install/moveit_resources_pr2_description/share/moveit_resources_pr2_description/urdf/meshes/shoulder_v0/upper_arm_roll.stl
[1.446s] -- Installing: /home/vinayak/ws_moveit2/install/moveit_resources_pr2_description/share/moveit_resources_pr2_description/urdf/meshes/shoulder_v0/shoulder_lift_normals.tif
[1.448s] -- Installing: /home/vinayak/ws_moveit2/install/moveit_resources_pr2_description/share/moveit_resources_pr2_description/urdf/meshes/shoulder_v0/convex
[1.448s] -- Installing: /home/vinayak/ws_moveit2/install/moveit_resources_pr2_description/share/moveit_resources_pr2_description/urdf/meshes/shoulder_v0/convex/shoulder_lift_convex.stlb
[1.449s] -- Installing: /home/vinayak/ws_moveit2/install/moveit_resources_pr2_description/share/moveit_resources_pr2_description/urdf/meshes/shoulder_v0/convex/shoulder_lift.xml
[1.449s] -- Installing: /home/vinayak/ws_moveit2/install/moveit_resources_pr2_description/share/moveit_resources_pr2_description/urdf/meshes/shoulder_v0/convex/upper_arm_roll.xml
[1.450s] -- Installing: /home/vinayak/ws_moveit2/install/moveit_resources_pr2_description/share/moveit_resources_pr2_description/urdf/meshes/shoulder_v0/convex/upper_arm_roll_L_convex.stlb
[1.450s] -- Installing: /home/vinayak/ws_moveit2/install/moveit_resources_pr2_description/share/moveit_resources_pr2_description/urdf/meshes/shoulder_v0/convex/shoulder_pan_convex.stla
[1.451s] -- Installing: /home/vinayak/ws_moveit2/install/moveit_resources_pr2_description/share/moveit_resources_pr2_description/urdf/meshes/shoulder_v0/convex/upper_arm_roll_L.xml
[1.451s] -- Installing: /home/vinayak/ws_moveit2/install/moveit_resources_pr2_description/share/moveit_resources_pr2_description/urdf/meshes/shoulder_v0/convex/shoulder_yaw.dae
[1.453s] -- Installing: /home/vinayak/ws_moveit2/install/moveit_resources_pr2_description/share/moveit_resources_pr2_description/urdf/meshes/shoulder_v0/convex/shoulder_pan_convex.stlb
[1.453s] -- Installing: /home/vinayak/ws_moveit2/install/moveit_resources_pr2_description/share/moveit_resources_pr2_description/urdf/meshes/shoulder_v0/convex/upper_arm_roll_convex.stla
[1.453s] -- Installing: /home/vinayak/ws_moveit2/install/moveit_resources_pr2_description/share/moveit_resources_pr2_description/urdf/meshes/shoulder_v0/convex/shoulder_pan.xml
[1.454s] -- Installing: /home/vinayak/ws_moveit2/install/moveit_resources_pr2_description/share/moveit_resources_pr2_description/urdf/meshes/shoulder_v0/convex/upper_arm_roll.dae
[1.454s] -- Installing: /home/vinayak/ws_moveit2/install/moveit_resources_pr2_description/share/moveit_resources_pr2_description/urdf/meshes/shoulder_v0/convex/shoulder_pan.dae
[1.454s] -- Installing: /home/vinayak/ws_moveit2/install/moveit_resources_pr2_description/share/moveit_resources_pr2_description/urdf/meshes/shoulder_v0/convex/shoulder_yaw_convex.stla
[1.455s] -- Installing: /home/vinayak/ws_moveit2/install/moveit_resources_pr2_description/share/moveit_resources_pr2_description/urdf/meshes/shoulder_v0/convex/upper_arm_roll_convex.stlb
[1.455s] -- Installing: /home/vinayak/ws_moveit2/install/moveit_resources_pr2_description/share/moveit_resources_pr2_description/urdf/meshes/shoulder_v0/convex/shoulder_yaw_convex.stlb
[1.456s] -- Installing: /home/vinayak/ws_moveit2/install/moveit_resources_pr2_description/share/moveit_resources_pr2_description/urdf/meshes/shoulder_v0/convex/upper_arm_roll_L.dae
[1.457s] -- Installing: /home/vinayak/ws_moveit2/install/moveit_resources_pr2_description/share/moveit_resources_pr2_description/urdf/meshes/shoulder_v0/convex/shoulder_lift.dae
[1.458s] -- Installing: /home/vinayak/ws_moveit2/install/moveit_resources_pr2_description/share/moveit_resources_pr2_description/urdf/meshes/shoulder_v0/convex/shoulder_lift_convex.stla
[1.459s] -- Installing: /home/vinayak/ws_moveit2/install/moveit_resources_pr2_description/share/moveit_resources_pr2_description/urdf/meshes/shoulder_v0/convex/upper_arm_roll_L_convex.stla
[1.460s] -- Installing: /home/vinayak/ws_moveit2/install/moveit_resources_pr2_description/share/moveit_resources_pr2_description/urdf/meshes/shoulder_v0/convex/shoulder_yaw.xml
[1.460s] -- Installing: /home/vinayak/ws_moveit2/install/moveit_resources_pr2_description/share/moveit_resources_pr2_description/urdf/meshes/shoulder_v0/shoulder_pan.stl
[1.461s] -- Installing: /home/vinayak/ws_moveit2/install/moveit_resources_pr2_description/share/moveit_resources_pr2_description/urdf/meshes/shoulder_v0/upper_arm_roll.dae
[1.462s] -- Installing: /home/vinayak/ws_moveit2/install/moveit_resources_pr2_description/share/moveit_resources_pr2_description/urdf/meshes/shoulder_v0/shoulder_pan.dae
[1.463s] -- Installing: /home/vinayak/ws_moveit2/install/moveit_resources_pr2_description/share/moveit_resources_pr2_description/urdf/meshes/shoulder_v0/upper_arm_roll_L.stl
[1.464s] -- Installing: /home/vinayak/ws_moveit2/install/moveit_resources_pr2_description/share/moveit_resources_pr2_description/urdf/meshes/shoulder_v0/shoulder_lift.dae
[1.465s] -- Installing: /home/vinayak/ws_moveit2/install/moveit_resources_pr2_description/share/moveit_resources_pr2_description/urdf/meshes/shoulder_v0/shoulder_pan_normals.tif
[1.470s] -- Installing: /home/vinayak/ws_moveit2/install/moveit_resources_pr2_description/share/moveit_resources_pr2_description/urdf/meshes/shoulder_v0/shoulder_lift.stl
[1.470s] -- Installing: /home/vinayak/ws_moveit2/install/moveit_resources_pr2_description/share/moveit_resources_pr2_description/urdf/meshes/tilting_laser_v0
[1.471s] -- Installing: /home/vinayak/ws_moveit2/install/moveit_resources_pr2_description/share/moveit_resources_pr2_description/urdf/meshes/tilting_laser_v0/tilting_hokuyo_color.tif
[1.472s] -- Installing: /home/vinayak/ws_moveit2/install/moveit_resources_pr2_description/share/moveit_resources_pr2_description/urdf/meshes/tilting_laser_v0/convex
[1.473s] -- Installing: /home/vinayak/ws_moveit2/install/moveit_resources_pr2_description/share/moveit_resources_pr2_description/urdf/meshes/tilting_laser_v0/convex/tilting_hokuyo.xml
[1.473s] -- Installing: /home/vinayak/ws_moveit2/install/moveit_resources_pr2_description/share/moveit_resources_pr2_description/urdf/meshes/tilting_laser_v0/convex/hok_tilt.dae
[1.475s] -- Installing: /home/vinayak/ws_moveit2/install/moveit_resources_pr2_description/share/moveit_resources_pr2_description/urdf/meshes/tilting_laser_v0/convex/tilting_hokuyo_L_convex.stla
[1.475s] -- Installing: /home/vinayak/ws_moveit2/install/moveit_resources_pr2_description/share/moveit_resources_pr2_description/urdf/meshes/tilting_laser_v0/convex/tilting_hokuyo_L.dae
[1.476s] -- Installing: /home/vinayak/ws_moveit2/install/moveit_resources_pr2_description/share/moveit_resources_pr2_description/urdf/meshes/tilting_laser_v0/convex/tilting_hokuyo_convex.stlb
[1.477s] -- Installing: /home/vinayak/ws_moveit2/install/moveit_resources_pr2_description/share/moveit_resources_pr2_description/urdf/meshes/tilting_laser_v0/convex/tilting_hokuyo_L_convex.stlb
[1.477s] -- Installing: /home/vinayak/ws_moveit2/install/moveit_resources_pr2_description/share/moveit_resources_pr2_description/urdf/meshes/tilting_laser_v0/convex/tilting_hokuyo_L.xml
[1.477s] -- Installing: /home/vinayak/ws_moveit2/install/moveit_resources_pr2_description/share/moveit_resources_pr2_description/urdf/meshes/tilting_laser_v0/convex/tilting_hokuyo.dae
[1.478s] -- Installing: /home/vinayak/ws_moveit2/install/moveit_resources_pr2_description/share/moveit_resources_pr2_description/urdf/meshes/tilting_laser_v0/convex/tilting_hokuyo_convex.stla
[1.478s] -- Installing: /home/vinayak/ws_moveit2/install/moveit_resources_pr2_description/share/moveit_resources_pr2_description/urdf/meshes/tilting_laser_v0/convex/hok_tilt.xml
[1.479s] -- Installing: /home/vinayak/ws_moveit2/install/moveit_resources_pr2_description/share/moveit_resources_pr2_description/urdf/meshes/tilting_laser_v0/convex/hok_tilt_convex.stlb
[1.480s] -- Installing: /home/vinayak/ws_moveit2/install/moveit_resources_pr2_description/share/moveit_resources_pr2_description/urdf/meshes/tilting_laser_v0/convex/hok_tilt_convex.stla
[1.480s] -- Installing: /home/vinayak/ws_moveit2/install/moveit_resources_pr2_description/share/moveit_resources_pr2_description/urdf/meshes/tilting_laser_v0/tilting_hokuyo_normals.tif
[1.483s] -- Installing: /home/vinayak/ws_moveit2/install/moveit_resources_pr2_description/share/moveit_resources_pr2_description/urdf/meshes/tilting_laser_v0/tilting_hokuyo.dae
[1.484s] -- Installing: /home/vinayak/ws_moveit2/install/moveit_resources_pr2_description/share/moveit_resources_pr2_description/urdf/meshes/tilting_laser_v0/tilting_hokuyo_L.stl
[1.484s] -- Installing: /home/vinayak/ws_moveit2/install/moveit_resources_pr2_description/share/moveit_resources_pr2_description/urdf/meshes/tilting_laser_v0/hok_tilt.stl
[1.485s] -- Installing: /home/vinayak/ws_moveit2/install/moveit_resources_pr2_description/share/moveit_resources_pr2_description/urdf/meshes/tilting_laser_v0/tilting_hokuyo.stl
[1.485s] -- Installing: /home/vinayak/ws_moveit2/install/moveit_resources_pr2_description/share/moveit_resources_pr2_description/urdf/meshes/sensors
[1.486s] -- Installing: /home/vinayak/ws_moveit2/install/moveit_resources_pr2_description/share/moveit_resources_pr2_description/urdf/meshes/sensors/kinect_prosilica_v0
[1.486s] -- Installing: /home/vinayak/ws_moveit2/install/moveit_resources_pr2_description/share/moveit_resources_pr2_description/urdf/meshes/sensors/kinect_prosilica_v0/115x100_swept_fwd--coarse.STL
[1.489s] -- Installing: /home/vinayak/ws_moveit2/install/moveit_resources_pr2_description/share/moveit_resources_pr2_description/urdf/meshes/sensors/kinect_prosilica_v0/115x100_swept_back_no_sensors--coarse.STL
[1.491s] -- Installing: /home/vinayak/ws_moveit2/install/moveit_resources_pr2_description/share/moveit_resources_pr2_description/urdf/meshes/sensors/kinect_prosilica_v0/Prosilica_w_Lens--coarse.STL
[1.497s] -- Installing: /home/vinayak/ws_moveit2/install/moveit_resources_pr2_description/share/moveit_resources_pr2_description/urdf/meshes/sensors/kinect_prosilica_v0/115x100_swept_back--coarse.STL
[1.503s] -- Installing: /home/vinayak/ws_moveit2/install/moveit_resources_pr2_description/share/moveit_resources_pr2_description/urdf/meshes/sensors/kinect_prosilica_v0/115x100_swept_fwd_no_sensors--coarse.STL
[1.506s] -- Installing: /home/vinayak/ws_moveit2/install/moveit_resources_pr2_description/share/moveit_resources_pr2_description/urdf/meshes/sensors/kinect_prosilica_v0/68-04546_Kinect_Sensor--coarse.STL
[1.506s] -- Installing: /home/vinayak/ws_moveit2/install/moveit_resources_pr2_description/share/moveit_resources_pr2_description/urdf/meshes/sensors/kinect_v0
[1.506s] -- Installing: /home/vinayak/ws_moveit2/install/moveit_resources_pr2_description/share/moveit_resources_pr2_description/urdf/meshes/sensors/kinect_v0/kinect.tga
[1.506s] -- Installing: /home/vinayak/ws_moveit2/install/moveit_resources_pr2_description/share/moveit_resources_pr2_description/urdf/meshes/sensors/kinect_v0/kinect_mount.stl
[1.507s] -- Installing: /home/vinayak/ws_moveit2/install/moveit_resources_pr2_description/share/moveit_resources_pr2_description/urdf/meshes/sensors/kinect_v0/kinect.dae
[1.508s] -- Installing: /home/vinayak/ws_moveit2/install/moveit_resources_pr2_description/share/moveit_resources_pr2_description/urdf/meshes/sensors/kinect_v0/kinect_color.tga
[1.508s] -- Installing: /home/vinayak/ws_moveit2/install/moveit_resources_pr2_description/share/moveit_resources_pr2_description/urdf/meshes/torso_v0
[1.508s] -- Installing: /home/vinayak/ws_moveit2/install/moveit_resources_pr2_description/share/moveit_resources_pr2_description/urdf/meshes/torso_v0/torso_lift_L.stl
[1.509s] -- Installing: /home/vinayak/ws_moveit2/install/moveit_resources_pr2_description/share/moveit_resources_pr2_description/urdf/meshes/torso_v0/torso_lift_normals.tif
[1.510s] -- Installing: /home/vinayak/ws_moveit2/install/moveit_resources_pr2_description/share/moveit_resources_pr2_description/urdf/meshes/torso_v0/torso_lift.dae
[1.511s] -- Installing: /home/vinayak/ws_moveit2/install/moveit_resources_pr2_description/share/moveit_resources_pr2_description/urdf/meshes/torso_v0/convex
[1.512s] -- Installing: /home/vinayak/ws_moveit2/install/moveit_resources_pr2_description/share/moveit_resources_pr2_description/urdf/meshes/torso_v0/convex/torso_lift.xml
[1.512s] -- Installing: /home/vinayak/ws_moveit2/install/moveit_resources_pr2_description/share/moveit_resources_pr2_description/urdf/meshes/torso_v0/convex/torso_lift_L_convex.stlb
[1.512s] -- Installing: /home/vinayak/ws_moveit2/install/moveit_resources_pr2_description/share/moveit_resources_pr2_description/urdf/meshes/torso_v0/convex/torso_lift.dae
[1.513s] -- Installing: /home/vinayak/ws_moveit2/install/moveit_resources_pr2_description/share/moveit_resources_pr2_description/urdf/meshes/torso_v0/convex/torso_lift_convex.stlb
[1.513s] -- Installing: /home/vinayak/ws_moveit2/install/moveit_resources_pr2_description/share/moveit_resources_pr2_description/urdf/meshes/torso_v0/convex/torso_lift_L.dae
[1.514s] -- Installing: /home/vinayak/ws_moveit2/install/moveit_resources_pr2_description/share/moveit_resources_pr2_description/urdf/meshes/torso_v0/convex/torso_lift_L_convex.stla
[1.514s] -- Installing: /home/vinayak/ws_moveit2/install/moveit_resources_pr2_description/share/moveit_resources_pr2_description/urdf/meshes/torso_v0/convex/torso.xml
[1.515s] -- Installing: /home/vinayak/ws_moveit2/install/moveit_resources_pr2_description/share/moveit_resources_pr2_description/urdf/meshes/torso_v0/convex/torso.dae
[1.515s] -- Installing: /home/vinayak/ws_moveit2/install/moveit_resources_pr2_description/share/moveit_resources_pr2_description/urdf/meshes/torso_v0/convex/torso_convex.stla
[1.516s] -- Installing: /home/vinayak/ws_moveit2/install/moveit_resources_pr2_description/share/moveit_resources_pr2_description/urdf/meshes/torso_v0/convex/torso_lift_convex.stla
[1.516s] -- Installing: /home/vinayak/ws_moveit2/install/moveit_resources_pr2_description/share/moveit_resources_pr2_description/urdf/meshes/torso_v0/convex/torso_lift_L.xml
[1.517s] -- Installing: /home/vinayak/ws_moveit2/install/moveit_resources_pr2_description/share/moveit_resources_pr2_description/urdf/meshes/torso_v0/convex/torso_convex.stlb
[1.517s] -- Installing: /home/vinayak/ws_moveit2/install/moveit_resources_pr2_description/share/moveit_resources_pr2_description/urdf/meshes/torso_v0/torso_lift_color.tif
[1.521s] -- Installing: /home/vinayak/ws_moveit2/install/moveit_resources_pr2_description/share/moveit_resources_pr2_description/urdf/meshes/torso_v0/torso_lift.stl
[1.522s] -- Installing: /home/vinayak/ws_moveit2/install/moveit_resources_pr2_description/share/moveit_resources_pr2_description/urdf/meshes/torso_v0/torso.stl
[1.522s] -- Installing: /home/vinayak/ws_moveit2/install/moveit_resources_pr2_description/share/moveit_resources_pr2_description/urdf/materials
[1.522s] -- Installing: /home/vinayak/ws_moveit2/install/moveit_resources_pr2_description/share/moveit_resources_pr2_description/urdf/materials/textures
[1.523s] -- Installing: /home/vinayak/ws_moveit2/install/moveit_resources_pr2_description/share/moveit_resources_pr2_description/urdf/materials/textures/pr2_wheel_right.png
[1.523s] -- Installing: /home/vinayak/ws_moveit2/install/moveit_resources_pr2_description/share/moveit_resources_pr2_description/urdf/materials/textures/pr2_wheel_left.png
[1.524s] -- Installing: /home/vinayak/ws_moveit2/install/moveit_resources_pr2_description/share/moveit_resources_pr2_description/urdf/materials/textures/pr2_caster_texture.png
[1.524s] -- Installing: /home/vinayak/ws_moveit2/install/moveit_resources_pr2_description/share/moveit_resources_pr2_description/kinect.dae
[1.540s] Invoked command in '/home/vinayak/ws_moveit2/build/moveit_resources_pr2_description' returned '0': CMAKE_PREFIX_PATH=${CMAKE_PREFIX_PATH}:/home/vinayak/ws_moveit2/install/ur3e_rl:/home/vinayak/ws_moveit2/install/ur3e_motion_package:/home/vinayak/ws_moveit2/install/moveit_configs_utils:/home/vinayak/ws_moveit2/install/launch_param_builder:/opt/ros/humble /usr/bin/cmake --install /home/vinayak/ws_moveit2/build/moveit_resources_pr2_description
