[0.029s] Invoking command in '/home/vinayak/ws_moveit2/build/moveit_core': CMAKE_PREFIX_PATH=/home/vinayak/ws_moveit2/install/moveit_resources_panda_moveit_config:/home/vinayak/ws_moveit2/install/srdfdom:/home/vinayak/ws_moveit2/install/moveit_resources_pr2_description:/home/vinayak/ws_moveit2/install/moveit_resources_panda_description:/home/vinayak/ws_moveit2/install/moveit_common:/home/vinayak/ws_moveit2/install/ur_calibration:/home/vinayak/ws_moveit2/install/ur_robot_driver:/home/vinayak/ws_moveit2/install/ur_bringup:/home/vinayak/ws_moveit2/install/ur_controllers:/home/vinayak/ws_moveit2/install/ur_dashboard_msgs:/home/vinayak/ws_moveit2/install/ur3e:/home/vinayak/ws_moveit2/install/pilz_industrial_motion_planner_testutils:/home/vinayak/ws_moveit2/install/moveit_ros_control_interface:/home/vinayak/ws_moveit2/install/moveit_plugins:/home/vinayak/ws_moveit2/install/moveit_simple_controller_manager:/home/vinayak/ws_moveit2/install/moveit_ros_planning:/home/vinayak/ws_moveit2/install/moveit_ros_occupancy_map_monitor:/home/vinayak/ws_moveit2/install/moveit_resources_prbt_ikfast_manipulator_plugin:/home/vinayak/ws_moveit2/install/moveit_planners_chomp:/home/vinayak/ws_moveit2/install/moveit_kinematics:/home/vinayak/ws_moveit2/install/moveit_chomp_optimizer_adapter:/home/vinayak/ws_moveit2/install/chomp_motion_planner:/home/vinayak/ws_moveit2/install/moveit_core:/home/vinayak/ws_moveit2/install/rviz_marker_tools:/home/vinayak/ws_moveit2/install/rosparam_shortcuts:/home/vinayak/ws_moveit2/install/moveit_task_constructor_msgs:/home/vinayak/ws_moveit2/install/moveit_resources_prbt_support:/home/vinayak/ws_moveit2/install/moveit_resources:/home/vinayak/ws_moveit2/install/moveit_resources_fanuc_moveit_config:/home/vinayak/ws_moveit2/install/moveit_resources_fanuc_description:/home/vinayak/ws_moveit2/install/ur3e_motion_package:/home/vinayak/ws_moveit2/install/moveit_configs_utils:/home/vinayak/ws_moveit2/install/launch_param_builder:/opt/ros/humble LD_LIBRARY_PATH=/home/vinayak/ws_moveit2/install/srdfdom/lib:/home/vinayak/ws_moveit2/install/ur_robot_driver/lib:/home/vinayak/ws_moveit2/install/ur_controllers/lib:/home/vinayak/ws_moveit2/install/ur_dashboard_msgs/lib:/home/vinayak/ws_moveit2/install/pilz_industrial_motion_planner_testutils/lib:/home/vinayak/ws_moveit2/install/moveit_ros_control_interface/lib:/home/vinayak/ws_moveit2/install/moveit_simple_controller_manager/lib:/home/vinayak/ws_moveit2/install/moveit_ros_planning/lib:/home/vinayak/ws_moveit2/install/moveit_ros_occupancy_map_monitor/lib:/home/vinayak/ws_moveit2/install/moveit_resources_prbt_ikfast_manipulator_plugin/lib:/home/vinayak/ws_moveit2/install/moveit_planners_chomp/lib:/home/vinayak/ws_moveit2/install/moveit_kinematics/lib:/home/vinayak/ws_moveit2/install/moveit_chomp_optimizer_adapter/lib:/home/vinayak/ws_moveit2/install/chomp_motion_planner/lib:/home/vinayak/ws_moveit2/install/moveit_core/lib:/home/vinayak/ws_moveit2/install/rviz_marker_tools/lib:/home/vinayak/ws_moveit2/install/rosparam_shortcuts/lib:/home/vinayak/ws_moveit2/install/moveit_task_constructor_msgs/lib:/usr/lib/x86_64-linux-gnu/gazebo-11/plugins:/opt/ros/humble/opt/rviz_ogre_vendor/lib:/opt/ros/humble/lib/x86_64-linux-gnu:/opt/ros/humble/lib:/usr/local/cuda-12.4/lib64 /usr/bin/cmake --build /home/vinayak/ws_moveit2/build/moveit_core
[0.110s] [  1%] Built target moveit_exceptions
[0.120s] [  2%] Built target moveit_transforms
[0.180s] [  5%] Built target moveit_utils
[0.198s] [  8%] Built target moveit_distance_field
[0.230s] [  9%] Built target gtest_main
[0.275s] [ 11%] Built target gmock
[0.315s] [ 12%] Built target gmock_main
[0.347s] [ 13%] Built target moveit_smoothing_base
[0.373s] [ 15%] Built target moveit_butterworth_parameters
[0.402s] [ 16%] Built target moveit_version
[0.436s] [ 17%] Built target gtest
[0.473s] [ 18%] Built target moveit_kinematics_base
[0.514s] [ 19%] Built target test_transforms
[0.569s] [ 25%] Built target moveit_robot_model
[0.612s] [ 26%] Built target test_distance_field
[0.658s] [ 28%] Built target moveit_test_utils
[0.697s] [ 29%] Built target moveit_butterworth_filter
[0.735s] [ 30%] Built target test_robot_model
[0.770s] [ 31%] Built target test_butterworth_filter
[0.813s] [ 34%] Built target moveit_robot_state
[0.846s] [ 35%] Built target test_voxel_grid
[0.879s] [ 36%] Built target moveit_dynamics_solver
[0.917s] [ 37%] Built target moveit_kinematics_metrics
[0.953s] [ 39%] Built target test_robot_state
[0.989s] [ 40%] Built target test_robot_state_benchmark
[1.034s] [ 41%] Built target test_robot_state_complex
[1.090s] [ 42%] Built target test_aabb
[1.134s] [ 43%] Built target test_cartesian_interpolator
[1.170s] [ 44%] Built target moveit_robot_trajectory
[1.221s] [ 49%] Built target moveit_collision_detection
[1.255s] [ 50%] Built target test_robot_trajectory
[1.302s] [ 52%] Built target moveit_collision_detection_fcl
[1.345s] [ 53%] Built target test_world
[1.386s] [ 55%] Built target test_world_diff
[1.427s] [ 56%] Built target test_all_valid
[1.480s] [ 61%] Built target moveit_collision_detection_bullet
[1.525s] [ 62%] Built target test_fcl_collision_env
[1.568s] [ 63%] Built target test_fcl_collision_detection
[1.610s] [ 65%] Built target test_fcl_collision_detection_panda
[1.653s] [ 67%] Built target moveit_kinematic_constraints
[1.691s] [ 68%] Built target test_bullet_collision_detection
[1.730s] [ 70%] Built target test_bullet_collision_detection_panda
[1.770s] [ 71%] Built target test_bullet_continuous_collision_checking
[1.807s] [ 72%] Built target test_constraints
[1.845s] [ 73%] Built target test_orientation_constraints
[1.882s] [ 75%] Built target moveit_planning_interface
[1.927s] [ 78%] Built target moveit_trajectory_processing
[1.971s] [ 80%] Built target moveit_planning_scene
[2.005s] [ 81%] Built target test_ruckig_traj_smoothing
[2.051s] [ 84%] Built target moveit_collision_distance_field
[2.092s] [ 87%] Built target moveit_constraint_samplers
[2.127s] [ 88%] Built target moveit_planning_request_adapter
[2.164s] [ 89%] Built target test_planning_scene
[2.200s] [ 90%] Built target test_collision_objects
[2.235s] [ 91%] Built target test_multi_threaded
[2.270s] [ 92%] Built target collision_detector_bullet_plugin
[2.307s] [ 93%] Built target collision_detector_fcl_plugin
[2.347s] [ 94%] Built target test_collision_distance_field
[2.396s] [ 97%] Built target test_constraint_samplers
[2.438s] [ 99%] Built target test_time_optimal_trajectory_generation
[2.472s] [100%] Built target test_time_parameterization
[2.486s] Invoked command in '/home/vinayak/ws_moveit2/build/moveit_core' returned '0': CMAKE_PREFIX_PATH=/home/vinayak/ws_moveit2/install/moveit_resources_panda_moveit_config:/home/vinayak/ws_moveit2/install/srdfdom:/home/vinayak/ws_moveit2/install/moveit_resources_pr2_description:/home/vinayak/ws_moveit2/install/moveit_resources_panda_description:/home/vinayak/ws_moveit2/install/moveit_common:/home/vinayak/ws_moveit2/install/ur_calibration:/home/vinayak/ws_moveit2/install/ur_robot_driver:/home/vinayak/ws_moveit2/install/ur_bringup:/home/vinayak/ws_moveit2/install/ur_controllers:/home/vinayak/ws_moveit2/install/ur_dashboard_msgs:/home/vinayak/ws_moveit2/install/ur3e:/home/vinayak/ws_moveit2/install/pilz_industrial_motion_planner_testutils:/home/vinayak/ws_moveit2/install/moveit_ros_control_interface:/home/vinayak/ws_moveit2/install/moveit_plugins:/home/vinayak/ws_moveit2/install/moveit_simple_controller_manager:/home/vinayak/ws_moveit2/install/moveit_ros_planning:/home/vinayak/ws_moveit2/install/moveit_ros_occupancy_map_monitor:/home/vinayak/ws_moveit2/install/moveit_resources_prbt_ikfast_manipulator_plugin:/home/vinayak/ws_moveit2/install/moveit_planners_chomp:/home/vinayak/ws_moveit2/install/moveit_kinematics:/home/vinayak/ws_moveit2/install/moveit_chomp_optimizer_adapter:/home/vinayak/ws_moveit2/install/chomp_motion_planner:/home/vinayak/ws_moveit2/install/moveit_core:/home/vinayak/ws_moveit2/install/rviz_marker_tools:/home/vinayak/ws_moveit2/install/rosparam_shortcuts:/home/vinayak/ws_moveit2/install/moveit_task_constructor_msgs:/home/vinayak/ws_moveit2/install/moveit_resources_prbt_support:/home/vinayak/ws_moveit2/install/moveit_resources:/home/vinayak/ws_moveit2/install/moveit_resources_fanuc_moveit_config:/home/vinayak/ws_moveit2/install/moveit_resources_fanuc_description:/home/vinayak/ws_moveit2/install/ur3e_motion_package:/home/vinayak/ws_moveit2/install/moveit_configs_utils:/home/vinayak/ws_moveit2/install/launch_param_builder:/opt/ros/humble LD_LIBRARY_PATH=/home/vinayak/ws_moveit2/install/srdfdom/lib:/home/vinayak/ws_moveit2/install/ur_robot_driver/lib:/home/vinayak/ws_moveit2/install/ur_controllers/lib:/home/vinayak/ws_moveit2/install/ur_dashboard_msgs/lib:/home/vinayak/ws_moveit2/install/pilz_industrial_motion_planner_testutils/lib:/home/vinayak/ws_moveit2/install/moveit_ros_control_interface/lib:/home/vinayak/ws_moveit2/install/moveit_simple_controller_manager/lib:/home/vinayak/ws_moveit2/install/moveit_ros_planning/lib:/home/vinayak/ws_moveit2/install/moveit_ros_occupancy_map_monitor/lib:/home/vinayak/ws_moveit2/install/moveit_resources_prbt_ikfast_manipulator_plugin/lib:/home/vinayak/ws_moveit2/install/moveit_planners_chomp/lib:/home/vinayak/ws_moveit2/install/moveit_kinematics/lib:/home/vinayak/ws_moveit2/install/moveit_chomp_optimizer_adapter/lib:/home/vinayak/ws_moveit2/install/chomp_motion_planner/lib:/home/vinayak/ws_moveit2/install/moveit_core/lib:/home/vinayak/ws_moveit2/install/rviz_marker_tools/lib:/home/vinayak/ws_moveit2/install/rosparam_shortcuts/lib:/home/vinayak/ws_moveit2/install/moveit_task_constructor_msgs/lib:/usr/lib/x86_64-linux-gnu/gazebo-11/plugins:/opt/ros/humble/opt/rviz_ogre_vendor/lib:/opt/ros/humble/lib/x86_64-linux-gnu:/opt/ros/humble/lib:/usr/local/cuda-12.4/lib64 /usr/bin/cmake --build /home/vinayak/ws_moveit2/build/moveit_core
[2.487s] Invoking command in '/home/vinayak/ws_moveit2/build/moveit_core': CMAKE_PREFIX_PATH=/home/vinayak/ws_moveit2/install/moveit_resources_panda_moveit_config:/home/vinayak/ws_moveit2/install/srdfdom:/home/vinayak/ws_moveit2/install/moveit_resources_pr2_description:/home/vinayak/ws_moveit2/install/moveit_resources_panda_description:/home/vinayak/ws_moveit2/install/moveit_common:/home/vinayak/ws_moveit2/install/ur_calibration:/home/vinayak/ws_moveit2/install/ur_robot_driver:/home/vinayak/ws_moveit2/install/ur_bringup:/home/vinayak/ws_moveit2/install/ur_controllers:/home/vinayak/ws_moveit2/install/ur_dashboard_msgs:/home/vinayak/ws_moveit2/install/ur3e:/home/vinayak/ws_moveit2/install/pilz_industrial_motion_planner_testutils:/home/vinayak/ws_moveit2/install/moveit_ros_control_interface:/home/vinayak/ws_moveit2/install/moveit_plugins:/home/vinayak/ws_moveit2/install/moveit_simple_controller_manager:/home/vinayak/ws_moveit2/install/moveit_ros_planning:/home/vinayak/ws_moveit2/install/moveit_ros_occupancy_map_monitor:/home/vinayak/ws_moveit2/install/moveit_resources_prbt_ikfast_manipulator_plugin:/home/vinayak/ws_moveit2/install/moveit_planners_chomp:/home/vinayak/ws_moveit2/install/moveit_kinematics:/home/vinayak/ws_moveit2/install/moveit_chomp_optimizer_adapter:/home/vinayak/ws_moveit2/install/chomp_motion_planner:/home/vinayak/ws_moveit2/install/moveit_core:/home/vinayak/ws_moveit2/install/rviz_marker_tools:/home/vinayak/ws_moveit2/install/rosparam_shortcuts:/home/vinayak/ws_moveit2/install/moveit_task_constructor_msgs:/home/vinayak/ws_moveit2/install/moveit_resources_prbt_support:/home/vinayak/ws_moveit2/install/moveit_resources:/home/vinayak/ws_moveit2/install/moveit_resources_fanuc_moveit_config:/home/vinayak/ws_moveit2/install/moveit_resources_fanuc_description:/home/vinayak/ws_moveit2/install/ur3e_motion_package:/home/vinayak/ws_moveit2/install/moveit_configs_utils:/home/vinayak/ws_moveit2/install/launch_param_builder:/opt/ros/humble LD_LIBRARY_PATH=/home/vinayak/ws_moveit2/install/srdfdom/lib:/home/vinayak/ws_moveit2/install/ur_robot_driver/lib:/home/vinayak/ws_moveit2/install/ur_controllers/lib:/home/vinayak/ws_moveit2/install/ur_dashboard_msgs/lib:/home/vinayak/ws_moveit2/install/pilz_industrial_motion_planner_testutils/lib:/home/vinayak/ws_moveit2/install/moveit_ros_control_interface/lib:/home/vinayak/ws_moveit2/install/moveit_simple_controller_manager/lib:/home/vinayak/ws_moveit2/install/moveit_ros_planning/lib:/home/vinayak/ws_moveit2/install/moveit_ros_occupancy_map_monitor/lib:/home/vinayak/ws_moveit2/install/moveit_resources_prbt_ikfast_manipulator_plugin/lib:/home/vinayak/ws_moveit2/install/moveit_planners_chomp/lib:/home/vinayak/ws_moveit2/install/moveit_kinematics/lib:/home/vinayak/ws_moveit2/install/moveit_chomp_optimizer_adapter/lib:/home/vinayak/ws_moveit2/install/chomp_motion_planner/lib:/home/vinayak/ws_moveit2/install/moveit_core/lib:/home/vinayak/ws_moveit2/install/rviz_marker_tools/lib:/home/vinayak/ws_moveit2/install/rosparam_shortcuts/lib:/home/vinayak/ws_moveit2/install/moveit_task_constructor_msgs/lib:/usr/lib/x86_64-linux-gnu/gazebo-11/plugins:/opt/ros/humble/opt/rviz_ogre_vendor/lib:/opt/ros/humble/lib/x86_64-linux-gnu:/opt/ros/humble/lib:/usr/local/cuda-12.4/lib64 /usr/bin/cmake --install /home/vinayak/ws_moveit2/build/moveit_core
[2.497s] -- Install configuration: "Release"
[2.497s] -- Up-to-date: /home/vinayak/ws_moveit2/install/moveit_core/include/moveit/version.h
[2.497s] -- Up-to-date: /home/vinayak/ws_moveit2/install/moveit_core/include
[2.497s] -- Up-to-date: /home/vinayak/ws_moveit2/install/moveit_core/include/moveit
[2.497s] -- Up-to-date: /home/vinayak/ws_moveit2/install/moveit_core/include/moveit/collision_distance_field
[2.497s] -- Up-to-date: /home/vinayak/ws_moveit2/install/moveit_core/include/moveit/collision_distance_field/collision_env_hybrid.h
[2.498s] -- Up-to-date: /home/vinayak/ws_moveit2/install/moveit_core/include/moveit/collision_distance_field/collision_distance_field_types.h
[2.498s] -- Up-to-date: /home/vinayak/ws_moveit2/install/moveit_core/include/moveit/collision_distance_field/collision_env_distance_field.h
[2.498s] -- Up-to-date: /home/vinayak/ws_moveit2/install/moveit_core/include/moveit/collision_distance_field/collision_detector_allocator_distance_field.h
[2.498s] -- Up-to-date: /home/vinayak/ws_moveit2/install/moveit_core/include/moveit/collision_distance_field/collision_common_distance_field.h
[2.498s] -- Up-to-date: /home/vinayak/ws_moveit2/install/moveit_core/include/moveit/collision_distance_field/collision_detector_allocator_hybrid.h
[2.498s] -- Up-to-date: /home/vinayak/ws_moveit2/install/moveit_core/include/moveit_collision_distance_field_export.h
[2.498s] -- Up-to-date: /home/vinayak/ws_moveit2/install/moveit_core/include
[2.498s] -- Up-to-date: /home/vinayak/ws_moveit2/install/moveit_core/include/moveit
[2.498s] -- Up-to-date: /home/vinayak/ws_moveit2/install/moveit_core/include/moveit/constraint_samplers
[2.499s] -- Up-to-date: /home/vinayak/ws_moveit2/install/moveit_core/include/moveit/constraint_samplers/constraint_sampler_tools.h
[2.499s] -- Up-to-date: /home/vinayak/ws_moveit2/install/moveit_core/include/moveit/constraint_samplers/constraint_sampler_allocator.h
[2.499s] -- Up-to-date: /home/vinayak/ws_moveit2/install/moveit_core/include/moveit/constraint_samplers/constraint_sampler.h
[2.499s] -- Up-to-date: /home/vinayak/ws_moveit2/install/moveit_core/include/moveit/constraint_samplers/constraint_sampler_manager.h
[2.499s] -- Up-to-date: /home/vinayak/ws_moveit2/install/moveit_core/include/moveit/constraint_samplers/default_constraint_samplers.h
[2.499s] -- Up-to-date: /home/vinayak/ws_moveit2/install/moveit_core/include/moveit/constraint_samplers/union_constraint_sampler.h
[2.499s] -- Up-to-date: /home/vinayak/ws_moveit2/install/moveit_core/include
[2.499s] -- Up-to-date: /home/vinayak/ws_moveit2/install/moveit_core/include/moveit
[2.499s] -- Up-to-date: /home/vinayak/ws_moveit2/install/moveit_core/include/moveit/controller_manager
[2.499s] -- Up-to-date: /home/vinayak/ws_moveit2/install/moveit_core/include/moveit/controller_manager/controller_manager.h
[2.499s] -- Up-to-date: /home/vinayak/ws_moveit2/install/moveit_core/include
[2.500s] -- Up-to-date: /home/vinayak/ws_moveit2/install/moveit_core/include/moveit
[2.500s] -- Up-to-date: /home/vinayak/ws_moveit2/install/moveit_core/include/moveit/distance_field
[2.500s] -- Up-to-date: /home/vinayak/ws_moveit2/install/moveit_core/include/moveit/distance_field/voxel_grid.h
[2.500s] -- Up-to-date: /home/vinayak/ws_moveit2/install/moveit_core/include/moveit/distance_field/propagation_distance_field.h
[2.500s] -- Up-to-date: /home/vinayak/ws_moveit2/install/moveit_core/include/moveit/distance_field/distance_field.h
[2.500s] -- Up-to-date: /home/vinayak/ws_moveit2/install/moveit_core/include/moveit/distance_field/find_internal_points.h
[2.500s] -- Up-to-date: /home/vinayak/ws_moveit2/install/moveit_core/include
[2.500s] -- Up-to-date: /home/vinayak/ws_moveit2/install/moveit_core/include/moveit
[2.500s] -- Up-to-date: /home/vinayak/ws_moveit2/install/moveit_core/include/moveit/dynamics_solver
[2.500s] -- Up-to-date: /home/vinayak/ws_moveit2/install/moveit_core/include/moveit/dynamics_solver/dynamics_solver.h
[2.501s] -- Up-to-date: /home/vinayak/ws_moveit2/install/moveit_core/include
[2.501s] -- Up-to-date: /home/vinayak/ws_moveit2/install/moveit_core/include/moveit
[2.501s] -- Up-to-date: /home/vinayak/ws_moveit2/install/moveit_core/include/moveit/exceptions
[2.501s] -- Up-to-date: /home/vinayak/ws_moveit2/install/moveit_core/include/moveit/exceptions/exceptions.h
[2.501s] -- Up-to-date: /home/vinayak/ws_moveit2/install/moveit_core/include
[2.501s] -- Up-to-date: /home/vinayak/ws_moveit2/install/moveit_core/include/moveit
[2.501s] -- Up-to-date: /home/vinayak/ws_moveit2/install/moveit_core/include/moveit/kinematics_base
[2.501s] -- Up-to-date: /home/vinayak/ws_moveit2/install/moveit_core/include/moveit/kinematics_base/kinematics_base.h
[2.501s] -- Up-to-date: /home/vinayak/ws_moveit2/install/moveit_core/include/moveit_kinematics_base_export.h
[2.501s] -- Up-to-date: /home/vinayak/ws_moveit2/install/moveit_core/include
[2.501s] -- Up-to-date: /home/vinayak/ws_moveit2/install/moveit_core/include/moveit
[2.502s] -- Up-to-date: /home/vinayak/ws_moveit2/install/moveit_core/include/moveit/kinematic_constraints
[2.502s] -- Up-to-date: /home/vinayak/ws_moveit2/install/moveit_core/include/moveit/kinematic_constraints/kinematic_constraint.h
[2.502s] -- Up-to-date: /home/vinayak/ws_moveit2/install/moveit_core/include/moveit/kinematic_constraints/utils.h
[2.502s] -- Up-to-date: /home/vinayak/ws_moveit2/install/moveit_core/include
[2.502s] -- Up-to-date: /home/vinayak/ws_moveit2/install/moveit_core/include/moveit
[2.502s] -- Up-to-date: /home/vinayak/ws_moveit2/install/moveit_core/include/moveit/kinematics_metrics
[2.502s] -- Up-to-date: /home/vinayak/ws_moveit2/install/moveit_core/include/moveit/kinematics_metrics/kinematics_metrics.h
[2.502s] -- Up-to-date: /home/vinayak/ws_moveit2/install/moveit_core/include
[2.502s] -- Up-to-date: /home/vinayak/ws_moveit2/install/moveit_core/include/moveit
[2.502s] -- Up-to-date: /home/vinayak/ws_moveit2/install/moveit_core/include/moveit/macros
[2.503s] -- Up-to-date: /home/vinayak/ws_moveit2/install/moveit_core/include/moveit/macros/declare_ptr.h
[2.503s] -- Up-to-date: /home/vinayak/ws_moveit2/install/moveit_core/include/moveit/macros/console_colors.h
[2.503s] -- Up-to-date: /home/vinayak/ws_moveit2/install/moveit_core/include/moveit/macros/class_forward.h
[2.503s] -- Up-to-date: /home/vinayak/ws_moveit2/install/moveit_core/include/moveit/macros/deprecation.h
[2.503s] -- Up-to-date: /home/vinayak/ws_moveit2/install/moveit_core/include/moveit_core
[2.503s] -- Up-to-date: /home/vinayak/ws_moveit2/install/moveit_core/include/moveit_core/moveit_butterworth_parameters.hpp
[2.503s] -- Up-to-date: /home/vinayak/ws_moveit2/install/moveit_core/include
[2.503s] -- Up-to-date: /home/vinayak/ws_moveit2/install/moveit_core/include/moveit
[2.503s] -- Up-to-date: /home/vinayak/ws_moveit2/install/moveit_core/include/moveit/online_signal_smoothing
[2.503s] -- Up-to-date: /home/vinayak/ws_moveit2/install/moveit_core/include/moveit/online_signal_smoothing/butterworth_filter.h
[2.504s] -- Up-to-date: /home/vinayak/ws_moveit2/install/moveit_core/include/moveit/online_signal_smoothing/smoothing_base_class.h
[2.504s] -- Up-to-date: /home/vinayak/ws_moveit2/install/moveit_core/include/moveit_smoothing_base_export.h
[2.504s] -- Up-to-date: /home/vinayak/ws_moveit2/install/moveit_core/include/moveit_butterworth_filter_export.h
[2.504s] -- Up-to-date: /home/vinayak/ws_moveit2/install/moveit_core/include
[2.504s] -- Up-to-date: /home/vinayak/ws_moveit2/install/moveit_core/include/moveit
[2.504s] -- Up-to-date: /home/vinayak/ws_moveit2/install/moveit_core/include/moveit/planning_interface
[2.504s] -- Up-to-date: /home/vinayak/ws_moveit2/install/moveit_core/include/moveit/planning_interface/planning_interface.h
[2.504s] -- Up-to-date: /home/vinayak/ws_moveit2/install/moveit_core/include/moveit/planning_interface/planning_request.h
[2.504s] -- Up-to-date: /home/vinayak/ws_moveit2/install/moveit_core/include/moveit/planning_interface/planning_response.h
[2.504s] -- Up-to-date: /home/vinayak/ws_moveit2/install/moveit_core/include
[2.504s] -- Up-to-date: /home/vinayak/ws_moveit2/install/moveit_core/include/moveit
[2.505s] -- Up-to-date: /home/vinayak/ws_moveit2/install/moveit_core/include/moveit/planning_request_adapter
[2.505s] -- Up-to-date: /home/vinayak/ws_moveit2/install/moveit_core/include/moveit/planning_request_adapter/planning_request_adapter.h
[2.505s] -- Up-to-date: /home/vinayak/ws_moveit2/install/moveit_core/include
[2.505s] -- Up-to-date: /home/vinayak/ws_moveit2/install/moveit_core/include/moveit
[2.505s] -- Up-to-date: /home/vinayak/ws_moveit2/install/moveit_core/include/moveit/planning_scene
[2.505s] -- Up-to-date: /home/vinayak/ws_moveit2/install/moveit_core/include/moveit/planning_scene/planning_scene.h
[2.505s] -- Up-to-date: /home/vinayak/ws_moveit2/install/moveit_core/include/moveit_planning_scene_export.h
[2.505s] -- Up-to-date: /home/vinayak/ws_moveit2/install/moveit_core/include
[2.505s] -- Up-to-date: /home/vinayak/ws_moveit2/install/moveit_core/include/moveit
[2.505s] -- Up-to-date: /home/vinayak/ws_moveit2/install/moveit_core/include/moveit/robot_model
[2.505s] -- Up-to-date: /home/vinayak/ws_moveit2/install/moveit_core/include/moveit/robot_model/planar_joint_model.h
[2.506s] -- Up-to-date: /home/vinayak/ws_moveit2/install/moveit_core/include/moveit/robot_model/robot_model.h
[2.506s] -- Up-to-date: /home/vinayak/ws_moveit2/install/moveit_core/include/moveit/robot_model/revolute_joint_model.h
[2.506s] -- Up-to-date: /home/vinayak/ws_moveit2/install/moveit_core/include/moveit/robot_model/fixed_joint_model.h
[2.506s] -- Up-to-date: /home/vinayak/ws_moveit2/install/moveit_core/include/moveit/robot_model/link_model.h
[2.506s] -- Up-to-date: /home/vinayak/ws_moveit2/install/moveit_core/include/moveit/robot_model/joint_model_group.h
[2.506s] -- Up-to-date: /home/vinayak/ws_moveit2/install/moveit_core/include/moveit/robot_model/aabb.h
[2.506s] -- Up-to-date: /home/vinayak/ws_moveit2/install/moveit_core/include/moveit/robot_model/joint_model.h
[2.506s] -- Up-to-date: /home/vinayak/ws_moveit2/install/moveit_core/include/moveit/robot_model/prismatic_joint_model.h
[2.506s] -- Up-to-date: /home/vinayak/ws_moveit2/install/moveit_core/include/moveit/robot_model/floating_joint_model.h
[2.506s] -- Up-to-date: /home/vinayak/ws_moveit2/install/moveit_core/include
[2.507s] -- Up-to-date: /home/vinayak/ws_moveit2/install/moveit_core/include/moveit
[2.507s] -- Up-to-date: /home/vinayak/ws_moveit2/install/moveit_core/include/moveit/robot_state
[2.507s] -- Up-to-date: /home/vinayak/ws_moveit2/install/moveit_core/include/moveit/robot_state/conversions.h
[2.507s] -- Up-to-date: /home/vinayak/ws_moveit2/install/moveit_core/include/moveit/robot_state/robot_state.h
[2.507s] -- Up-to-date: /home/vinayak/ws_moveit2/install/moveit_core/include/moveit/robot_state/attached_body.h
[2.507s] -- Up-to-date: /home/vinayak/ws_moveit2/install/moveit_core/include/moveit/robot_state/cartesian_interpolator.h
[2.507s] -- Up-to-date: /home/vinayak/ws_moveit2/install/moveit_core/include
[2.507s] -- Up-to-date: /home/vinayak/ws_moveit2/install/moveit_core/include/moveit
[2.507s] -- Up-to-date: /home/vinayak/ws_moveit2/install/moveit_core/include/moveit/robot_trajectory
[2.507s] -- Up-to-date: /home/vinayak/ws_moveit2/install/moveit_core/include/moveit/robot_trajectory/robot_trajectory.h
[2.508s] -- Up-to-date: /home/vinayak/ws_moveit2/install/moveit_core/include
[2.508s] -- Up-to-date: /home/vinayak/ws_moveit2/install/moveit_core/include/moveit
[2.508s] -- Up-to-date: /home/vinayak/ws_moveit2/install/moveit_core/include/moveit/sensor_manager
[2.508s] -- Up-to-date: /home/vinayak/ws_moveit2/install/moveit_core/include/moveit/sensor_manager/sensor_manager.h
[2.508s] -- Up-to-date: /home/vinayak/ws_moveit2/install/moveit_core/include
[2.508s] -- Up-to-date: /home/vinayak/ws_moveit2/install/moveit_core/include/moveit
[2.508s] -- Up-to-date: /home/vinayak/ws_moveit2/install/moveit_core/include/moveit/trajectory_processing
[2.508s] -- Up-to-date: /home/vinayak/ws_moveit2/install/moveit_core/include/moveit/trajectory_processing/iterative_spline_parameterization.h
[2.508s] -- Up-to-date: /home/vinayak/ws_moveit2/install/moveit_core/include/moveit/trajectory_processing/ruckig_traj_smoothing.h
[2.508s] -- Up-to-date: /home/vinayak/ws_moveit2/install/moveit_core/include/moveit/trajectory_processing/time_parameterization.h
[2.508s] -- Up-to-date: /home/vinayak/ws_moveit2/install/moveit_core/include/moveit/trajectory_processing/iterative_time_parameterization.h
[2.508s] -- Up-to-date: /home/vinayak/ws_moveit2/install/moveit_core/include/moveit/trajectory_processing/time_optimal_trajectory_generation.h
[2.509s] -- Up-to-date: /home/vinayak/ws_moveit2/install/moveit_core/include/moveit/trajectory_processing/trajectory_tools.h
[2.509s] -- Up-to-date: /home/vinayak/ws_moveit2/install/moveit_core/include
[2.509s] -- Up-to-date: /home/vinayak/ws_moveit2/install/moveit_core/include/moveit
[2.509s] -- Up-to-date: /home/vinayak/ws_moveit2/install/moveit_core/include/moveit/transforms
[2.509s] -- Up-to-date: /home/vinayak/ws_moveit2/install/moveit_core/include/moveit/transforms/transforms.h
[2.509s] -- Up-to-date: /home/vinayak/ws_moveit2/install/moveit_core/include
[2.509s] -- Up-to-date: /home/vinayak/ws_moveit2/install/moveit_core/include/moveit
[2.509s] -- Up-to-date: /home/vinayak/ws_moveit2/install/moveit_core/include/moveit/utils
[2.509s] -- Up-to-date: /home/vinayak/ws_moveit2/install/moveit_core/include/moveit/utils/moveit_error_code.h
[2.509s] -- Up-to-date: /home/vinayak/ws_moveit2/install/moveit_core/include/moveit/utils/rclcpp_utils.h
[2.509s] -- Up-to-date: /home/vinayak/ws_moveit2/install/moveit_core/include/moveit/utils/robot_model_test_utils.h
[2.510s] -- Up-to-date: /home/vinayak/ws_moveit2/install/moveit_core/include/moveit/utils/message_checks.h
[2.510s] -- Up-to-date: /home/vinayak/ws_moveit2/install/moveit_core/include/moveit/utils/lexical_casts.h
[2.510s] -- Up-to-date: /home/vinayak/ws_moveit2/install/moveit_core/bin/moveit_version
[2.510s] -- Up-to-date: /home/vinayak/ws_moveit2/install/moveit_core/include
[2.510s] -- Up-to-date: /home/vinayak/ws_moveit2/install/moveit_core/include/moveit
[2.510s] -- Up-to-date: /home/vinayak/ws_moveit2/install/moveit_core/include/moveit/collision_detection
[2.510s] -- Up-to-date: /home/vinayak/ws_moveit2/install/moveit_core/include/moveit/collision_detection/collision_plugin_cache.h
[2.510s] -- Up-to-date: /home/vinayak/ws_moveit2/install/moveit_core/include/moveit/collision_detection/test_collision_common_panda.h
[2.510s] -- Up-to-date: /home/vinayak/ws_moveit2/install/moveit_core/include/moveit/collision_detection/collision_tools.h
[2.510s] -- Up-to-date: /home/vinayak/ws_moveit2/install/moveit_core/include/moveit/collision_detection/world.h
[2.510s] -- Up-to-date: /home/vinayak/ws_moveit2/install/moveit_core/include/moveit/collision_detection/collision_env.h
[2.511s] -- Up-to-date: /home/vinayak/ws_moveit2/install/moveit_core/include/moveit/collision_detection/collision_octomap_filter.h
[2.511s] -- Up-to-date: /home/vinayak/ws_moveit2/install/moveit_core/include/moveit/collision_detection/allvalid
[2.511s] -- Up-to-date: /home/vinayak/ws_moveit2/install/moveit_core/include/moveit/collision_detection/allvalid/collision_env_allvalid.h
[2.511s] -- Up-to-date: /home/vinayak/ws_moveit2/install/moveit_core/include/moveit/collision_detection/allvalid/collision_detector_allocator_allvalid.h
[2.511s] -- Up-to-date: /home/vinayak/ws_moveit2/install/moveit_core/include/moveit/collision_detection/collision_plugin.h
[2.511s] -- Up-to-date: /home/vinayak/ws_moveit2/install/moveit_core/include/moveit/collision_detection/world_diff.h
[2.511s] -- Up-to-date: /home/vinayak/ws_moveit2/install/moveit_core/include/moveit/collision_detection/collision_matrix.h
[2.511s] -- Up-to-date: /home/vinayak/ws_moveit2/install/moveit_core/include/moveit/collision_detection/occupancy_map.h
[2.511s] -- Up-to-date: /home/vinayak/ws_moveit2/install/moveit_core/include/moveit/collision_detection/test_collision_common_pr2.h
[2.511s] -- Up-to-date: /home/vinayak/ws_moveit2/install/moveit_core/include/moveit/collision_detection/collision_detector_allocator.h
[2.511s] -- Up-to-date: /home/vinayak/ws_moveit2/install/moveit_core/include/moveit/collision_detection/collision_common.h
[2.512s] -- Up-to-date: /home/vinayak/ws_moveit2/install/moveit_core/include/moveit_collision_detection_export.h
[2.512s] -- Up-to-date: /home/vinayak/ws_moveit2/install/moveit_core/include
[2.512s] -- Up-to-date: /home/vinayak/ws_moveit2/install/moveit_core/include/moveit
[2.512s] -- Up-to-date: /home/vinayak/ws_moveit2/install/moveit_core/include/moveit/collision_detection_bullet
[2.512s] -- Up-to-date: /home/vinayak/ws_moveit2/install/moveit_core/include/moveit/collision_detection_bullet/collision_detector_bullet_plugin_loader.h
[2.512s] -- Up-to-date: /home/vinayak/ws_moveit2/install/moveit_core/include/moveit/collision_detection_bullet/bullet_integration
[2.512s] -- Up-to-date: /home/vinayak/ws_moveit2/install/moveit_core/include/moveit/collision_detection_bullet/bullet_integration/bullet_cast_bvh_manager.h
[2.512s] -- Up-to-date: /home/vinayak/ws_moveit2/install/moveit_core/include/moveit/collision_detection_bullet/bullet_integration/basic_types.h
[2.512s] -- Up-to-date: /home/vinayak/ws_moveit2/install/moveit_core/include/moveit/collision_detection_bullet/bullet_integration/ros_bullet_utils.h
[2.512s] -- Up-to-date: /home/vinayak/ws_moveit2/install/moveit_core/include/moveit/collision_detection_bullet/bullet_integration/bullet_discrete_bvh_manager.h
[2.512s] -- Up-to-date: /home/vinayak/ws_moveit2/install/moveit_core/include/moveit/collision_detection_bullet/bullet_integration/contact_checker_common.h
[2.513s] -- Up-to-date: /home/vinayak/ws_moveit2/install/moveit_core/include/moveit/collision_detection_bullet/bullet_integration/bullet_utils.h
[2.513s] -- Up-to-date: /home/vinayak/ws_moveit2/install/moveit_core/include/moveit/collision_detection_bullet/bullet_integration/bullet_bvh_manager.h
[2.513s] -- Up-to-date: /home/vinayak/ws_moveit2/install/moveit_core/include/moveit/collision_detection_bullet/collision_env_bullet.h
[2.513s] -- Up-to-date: /home/vinayak/ws_moveit2/install/moveit_core/include/moveit/collision_detection_bullet/collision_detector_allocator_bullet.h
[2.513s] -- Up-to-date: /home/vinayak/ws_moveit2/install/moveit_core/include/moveit_collision_detection_bullet_export.h
[2.513s] -- Up-to-date: /home/vinayak/ws_moveit2/install/moveit_core/include
[2.513s] -- Up-to-date: /home/vinayak/ws_moveit2/install/moveit_core/include/moveit
[2.513s] -- Up-to-date: /home/vinayak/ws_moveit2/install/moveit_core/include/moveit/collision_detection_fcl
[2.513s] -- Up-to-date: /home/vinayak/ws_moveit2/install/moveit_core/include/moveit/collision_detection_fcl/fcl_compat.h
[2.513s] -- Up-to-date: /home/vinayak/ws_moveit2/install/moveit_core/include/moveit/collision_detection_fcl/collision_detector_fcl_plugin_loader.h
[2.513s] -- Up-to-date: /home/vinayak/ws_moveit2/install/moveit_core/include/moveit/collision_detection_fcl/collision_env_fcl.h
[2.513s] -- Up-to-date: /home/vinayak/ws_moveit2/install/moveit_core/include/moveit/collision_detection_fcl/collision_detector_allocator_fcl.h
[2.513s] -- Up-to-date: /home/vinayak/ws_moveit2/install/moveit_core/include/moveit/collision_detection_fcl/collision_common.h
[2.513s] -- Up-to-date: /home/vinayak/ws_moveit2/install/moveit_core/include/moveit_collision_detection_fcl_export.h
[2.514s] -- Up-to-date: /home/vinayak/ws_moveit2/install/moveit_core/lib/libcollision_detector_bullet_plugin.so.2.5.6
[2.514s] -- Up-to-date: /home/vinayak/ws_moveit2/install/moveit_core/lib/libcollision_detector_bullet_plugin.so
[2.514s] -- Up-to-date: /home/vinayak/ws_moveit2/install/moveit_core/lib/libmoveit_butterworth_filter.so.2.5.6
[2.514s] -- Up-to-date: /home/vinayak/ws_moveit2/install/moveit_core/lib/libmoveit_butterworth_filter.so
[2.514s] -- Up-to-date: /home/vinayak/ws_moveit2/install/moveit_core/lib/libmoveit_collision_distance_field.so.2.5.6
[2.514s] -- Up-to-date: /home/vinayak/ws_moveit2/install/moveit_core/lib/libmoveit_collision_distance_field.so
[2.514s] -- Up-to-date: /home/vinayak/ws_moveit2/install/moveit_core/lib/libmoveit_collision_detection.so.2.5.6
[2.514s] -- Up-to-date: /home/vinayak/ws_moveit2/install/moveit_core/lib/libmoveit_collision_detection.so
[2.514s] -- Up-to-date: /home/vinayak/ws_moveit2/install/moveit_core/lib/libmoveit_collision_detection_fcl.so.2.5.6
[2.514s] -- Up-to-date: /home/vinayak/ws_moveit2/install/moveit_core/lib/libmoveit_collision_detection_fcl.so
[2.514s] -- Up-to-date: /home/vinayak/ws_moveit2/install/moveit_core/lib/libmoveit_collision_detection_bullet.so.2.5.6
[2.515s] -- Up-to-date: /home/vinayak/ws_moveit2/install/moveit_core/lib/libmoveit_collision_detection_bullet.so
[2.515s] -- Up-to-date: /home/vinayak/ws_moveit2/install/moveit_core/lib/libmoveit_dynamics_solver.so.2.5.6
[2.515s] -- Up-to-date: /home/vinayak/ws_moveit2/install/moveit_core/lib/libmoveit_dynamics_solver.so
[2.515s] -- Up-to-date: /home/vinayak/ws_moveit2/install/moveit_core/lib/libmoveit_constraint_samplers.so.2.5.6
[2.515s] -- Up-to-date: /home/vinayak/ws_moveit2/install/moveit_core/lib/libmoveit_constraint_samplers.so
[2.515s] -- Up-to-date: /home/vinayak/ws_moveit2/install/moveit_core/lib/libmoveit_distance_field.so.2.5.6
[2.515s] -- Up-to-date: /home/vinayak/ws_moveit2/install/moveit_core/lib/libmoveit_distance_field.so
[2.515s] -- Up-to-date: /home/vinayak/ws_moveit2/install/moveit_core/lib/libmoveit_exceptions.so.2.5.6
[2.515s] -- Up-to-date: /home/vinayak/ws_moveit2/install/moveit_core/lib/libmoveit_exceptions.so
[2.515s] -- Up-to-date: /home/vinayak/ws_moveit2/install/moveit_core/lib/libmoveit_kinematics_base.so
[2.515s] -- Up-to-date: /home/vinayak/ws_moveit2/install/moveit_core/lib/libmoveit_kinematic_constraints.so.2.5.6
[2.515s] -- Up-to-date: /home/vinayak/ws_moveit2/install/moveit_core/lib/libmoveit_kinematic_constraints.so
[2.516s] -- Up-to-date: /home/vinayak/ws_moveit2/install/moveit_core/lib/libmoveit_kinematics_metrics.so.2.5.6
[2.516s] -- Up-to-date: /home/vinayak/ws_moveit2/install/moveit_core/lib/libmoveit_kinematics_metrics.so
[2.516s] -- Up-to-date: /home/vinayak/ws_moveit2/install/moveit_core/lib/libmoveit_planning_interface.so.2.5.6
[2.516s] -- Up-to-date: /home/vinayak/ws_moveit2/install/moveit_core/lib/libmoveit_planning_interface.so
[2.516s] -- Up-to-date: /home/vinayak/ws_moveit2/install/moveit_core/lib/libmoveit_planning_scene.so.2.5.6
[2.516s] -- Up-to-date: /home/vinayak/ws_moveit2/install/moveit_core/lib/libmoveit_planning_scene.so
[2.516s] -- Up-to-date: /home/vinayak/ws_moveit2/install/moveit_core/lib/libmoveit_planning_request_adapter.so.2.5.6
[2.516s] -- Up-to-date: /home/vinayak/ws_moveit2/install/moveit_core/lib/libmoveit_planning_request_adapter.so
[2.516s] -- Up-to-date: /home/vinayak/ws_moveit2/install/moveit_core/lib/libmoveit_robot_model.so.2.5.6
[2.516s] -- Up-to-date: /home/vinayak/ws_moveit2/install/moveit_core/lib/libmoveit_robot_model.so
[2.517s] -- Up-to-date: /home/vinayak/ws_moveit2/install/moveit_core/lib/libmoveit_robot_state.so.2.5.6
[2.517s] -- Up-to-date: /home/vinayak/ws_moveit2/install/moveit_core/lib/libmoveit_robot_state.so
[2.517s] -- Up-to-date: /home/vinayak/ws_moveit2/install/moveit_core/lib/libmoveit_robot_trajectory.so.2.5.6
[2.517s] -- Up-to-date: /home/vinayak/ws_moveit2/install/moveit_core/lib/libmoveit_robot_trajectory.so
[2.517s] -- Up-to-date: /home/vinayak/ws_moveit2/install/moveit_core/lib/libmoveit_smoothing_base.so.2.5.6
[2.517s] -- Up-to-date: /home/vinayak/ws_moveit2/install/moveit_core/lib/libmoveit_smoothing_base.so
[2.517s] -- Up-to-date: /home/vinayak/ws_moveit2/install/moveit_core/lib/libmoveit_test_utils.so.2.5.6
[2.517s] -- Up-to-date: /home/vinayak/ws_moveit2/install/moveit_core/lib/libmoveit_test_utils.so
[2.517s] -- Up-to-date: /home/vinayak/ws_moveit2/install/moveit_core/lib/libmoveit_trajectory_processing.so.2.5.6
[2.517s] -- Up-to-date: /home/vinayak/ws_moveit2/install/moveit_core/lib/libmoveit_trajectory_processing.so
[2.517s] -- Up-to-date: /home/vinayak/ws_moveit2/install/moveit_core/lib/libmoveit_transforms.so.2.5.6
[2.518s] -- Up-to-date: /home/vinayak/ws_moveit2/install/moveit_core/lib/libmoveit_transforms.so
[2.518s] -- Up-to-date: /home/vinayak/ws_moveit2/install/moveit_core/lib/libmoveit_utils.so.2.5.6
[2.518s] -- Up-to-date: /home/vinayak/ws_moveit2/install/moveit_core/lib/libmoveit_utils.so
[2.518s] -- Up-to-date: /home/vinayak/ws_moveit2/install/moveit_core/share/moveit_core/environment/library_path.sh
[2.518s] -- Up-to-date: /home/vinayak/ws_moveit2/install/moveit_core/share/moveit_core/environment/library_path.dsv
[2.518s] -- Up-to-date: /home/vinayak/ws_moveit2/install/moveit_core/share/moveit_core/collision_detector_fcl_description.xml
[2.518s] -- Up-to-date: /home/vinayak/ws_moveit2/install/moveit_core/share/moveit_core/collision_detector_bullet_description.xml
[2.518s] -- Up-to-date: /home/vinayak/ws_moveit2/install/moveit_core/share/moveit_core/filter_plugin_butterworth.xml
[2.518s] -- Up-to-date: /home/vinayak/ws_moveit2/install/moveit_core/share/ament_index/resource_index/package_run_dependencies/moveit_core
[2.518s] -- Up-to-date: /home/vinayak/ws_moveit2/install/moveit_core/share/ament_index/resource_index/parent_prefix_path/moveit_core
[2.518s] -- Up-to-date: /home/vinayak/ws_moveit2/install/moveit_core/share/moveit_core/environment/ament_prefix_path.sh
[2.518s] -- Up-to-date: /home/vinayak/ws_moveit2/install/moveit_core/share/moveit_core/environment/ament_prefix_path.dsv
[2.519s] -- Up-to-date: /home/vinayak/ws_moveit2/install/moveit_core/share/moveit_core/environment/path.sh
[2.519s] -- Up-to-date: /home/vinayak/ws_moveit2/install/moveit_core/share/moveit_core/environment/path.dsv
[2.519s] -- Up-to-date: /home/vinayak/ws_moveit2/install/moveit_core/share/moveit_core/local_setup.bash
[2.519s] -- Up-to-date: /home/vinayak/ws_moveit2/install/moveit_core/share/moveit_core/local_setup.sh
[2.519s] -- Up-to-date: /home/vinayak/ws_moveit2/install/moveit_core/share/moveit_core/local_setup.zsh
[2.519s] -- Up-to-date: /home/vinayak/ws_moveit2/install/moveit_core/share/moveit_core/local_setup.dsv
[2.519s] -- Installing: /home/vinayak/ws_moveit2/install/moveit_core/share/moveit_core/package.dsv
[2.519s] -- Up-to-date: /home/vinayak/ws_moveit2/install/moveit_core/share/ament_index/resource_index/packages/moveit_core
[2.520s] -- Up-to-date: /home/vinayak/ws_moveit2/install/moveit_core/share/ament_index/resource_index/moveit_core__pluginlib__plugin/moveit_core
[2.520s] -- Up-to-date: /home/vinayak/ws_moveit2/install/moveit_core/share/moveit_core/cmake/export_moveit_coreExport.cmake
[2.520s] -- Up-to-date: /home/vinayak/ws_moveit2/install/moveit_core/share/moveit_core/cmake/export_moveit_coreExport-release.cmake
[2.520s] -- Up-to-date: /home/vinayak/ws_moveit2/install/moveit_core/share/moveit_core/cmake/ConfigExtras.cmake
[2.520s] -- Up-to-date: /home/vinayak/ws_moveit2/install/moveit_core/share/moveit_core/cmake/ament_cmake_export_targets-extras.cmake
[2.520s] -- Up-to-date: /home/vinayak/ws_moveit2/install/moveit_core/share/moveit_core/cmake/ament_cmake_export_dependencies-extras.cmake
[2.520s] -- Up-to-date: /home/vinayak/ws_moveit2/install/moveit_core/share/moveit_core/cmake/moveit_coreConfig.cmake
[2.520s] -- Up-to-date: /home/vinayak/ws_moveit2/install/moveit_core/share/moveit_core/cmake/moveit_coreConfig-version.cmake
[2.520s] -- Up-to-date: /home/vinayak/ws_moveit2/install/moveit_core/share/moveit_core/package.xml
[2.521s] Invoked command in '/home/vinayak/ws_moveit2/build/moveit_core' returned '0': CMAKE_PREFIX_PATH=/home/vinayak/ws_moveit2/install/moveit_resources_panda_moveit_config:/home/vinayak/ws_moveit2/install/srdfdom:/home/vinayak/ws_moveit2/install/moveit_resources_pr2_description:/home/vinayak/ws_moveit2/install/moveit_resources_panda_description:/home/vinayak/ws_moveit2/install/moveit_common:/home/vinayak/ws_moveit2/install/ur_calibration:/home/vinayak/ws_moveit2/install/ur_robot_driver:/home/vinayak/ws_moveit2/install/ur_bringup:/home/vinayak/ws_moveit2/install/ur_controllers:/home/vinayak/ws_moveit2/install/ur_dashboard_msgs:/home/vinayak/ws_moveit2/install/ur3e:/home/vinayak/ws_moveit2/install/pilz_industrial_motion_planner_testutils:/home/vinayak/ws_moveit2/install/moveit_ros_control_interface:/home/vinayak/ws_moveit2/install/moveit_plugins:/home/vinayak/ws_moveit2/install/moveit_simple_controller_manager:/home/vinayak/ws_moveit2/install/moveit_ros_planning:/home/vinayak/ws_moveit2/install/moveit_ros_occupancy_map_monitor:/home/vinayak/ws_moveit2/install/moveit_resources_prbt_ikfast_manipulator_plugin:/home/vinayak/ws_moveit2/install/moveit_planners_chomp:/home/vinayak/ws_moveit2/install/moveit_kinematics:/home/vinayak/ws_moveit2/install/moveit_chomp_optimizer_adapter:/home/vinayak/ws_moveit2/install/chomp_motion_planner:/home/vinayak/ws_moveit2/install/moveit_core:/home/vinayak/ws_moveit2/install/rviz_marker_tools:/home/vinayak/ws_moveit2/install/rosparam_shortcuts:/home/vinayak/ws_moveit2/install/moveit_task_constructor_msgs:/home/vinayak/ws_moveit2/install/moveit_resources_prbt_support:/home/vinayak/ws_moveit2/install/moveit_resources:/home/vinayak/ws_moveit2/install/moveit_resources_fanuc_moveit_config:/home/vinayak/ws_moveit2/install/moveit_resources_fanuc_description:/home/vinayak/ws_moveit2/install/ur3e_motion_package:/home/vinayak/ws_moveit2/install/moveit_configs_utils:/home/vinayak/ws_moveit2/install/launch_param_builder:/opt/ros/humble LD_LIBRARY_PATH=/home/vinayak/ws_moveit2/install/srdfdom/lib:/home/vinayak/ws_moveit2/install/ur_robot_driver/lib:/home/vinayak/ws_moveit2/install/ur_controllers/lib:/home/vinayak/ws_moveit2/install/ur_dashboard_msgs/lib:/home/vinayak/ws_moveit2/install/pilz_industrial_motion_planner_testutils/lib:/home/vinayak/ws_moveit2/install/moveit_ros_control_interface/lib:/home/vinayak/ws_moveit2/install/moveit_simple_controller_manager/lib:/home/vinayak/ws_moveit2/install/moveit_ros_planning/lib:/home/vinayak/ws_moveit2/install/moveit_ros_occupancy_map_monitor/lib:/home/vinayak/ws_moveit2/install/moveit_resources_prbt_ikfast_manipulator_plugin/lib:/home/vinayak/ws_moveit2/install/moveit_planners_chomp/lib:/home/vinayak/ws_moveit2/install/moveit_kinematics/lib:/home/vinayak/ws_moveit2/install/moveit_chomp_optimizer_adapter/lib:/home/vinayak/ws_moveit2/install/chomp_motion_planner/lib:/home/vinayak/ws_moveit2/install/moveit_core/lib:/home/vinayak/ws_moveit2/install/rviz_marker_tools/lib:/home/vinayak/ws_moveit2/install/rosparam_shortcuts/lib:/home/vinayak/ws_moveit2/install/moveit_task_constructor_msgs/lib:/usr/lib/x86_64-linux-gnu/gazebo-11/plugins:/opt/ros/humble/opt/rviz_ogre_vendor/lib:/opt/ros/humble/lib/x86_64-linux-gnu:/opt/ros/humble/lib:/usr/local/cuda-12.4/lib64 /usr/bin/cmake --install /home/vinayak/ws_moveit2/build/moveit_core
