[0.066s] Invoking command in '/home/vinayak/ws_moveit2/build/moveit_task_constructor_core': AMENT_PREFIX_PATH=/home/vinayak/ws_moveit2/install/moveit_planners:/home/vinayak/ws_moveit2/install/pilz_industrial_motion_planner:/home/vinayak/ws_moveit2/install/moveit_resources_prbt_pg70_support:/home/vinayak/ws_moveit2/install/moveit_ros_planning_interface:/home/vinayak/ws_moveit2/install/moveit_resources_prbt_moveit_config:/home/vinayak/ws_moveit2/install/moveit_ros_move_group:/home/vinayak/ws_moveit2/install/moveit_ros_warehouse:/home/vinayak/ws_moveit2/install/moveit_planners_ompl:/home/vinayak/ws_moveit2/install/moveit_configs_utils:/home/vinayak/ws_moveit2/install/launch_param_builder:/home/vinayak/ws_moveit2/install/ur_calibration:/home/vinayak/ws_moveit2/install/ur_robot_driver:/home/vinayak/ws_moveit2/install/ur_bringup:/home/vinayak/ws_moveit2/install/ur_controllers:/home/vinayak/ws_moveit2/install/ur_dashboard_msgs:/home/vinayak/ws_moveit2/install/ur3e_motion_package:/home/vinayak/ws_moveit2/install/ur3e:/home/vinayak/ws_moveit2/install/pilz_industrial_motion_planner_testutils:/home/vinayak/ws_moveit2/install/moveit_ros_control_interface:/home/vinayak/ws_moveit2/install/moveit_plugins:/home/vinayak/ws_moveit2/install/moveit_simple_controller_manager:/home/vinayak/ws_moveit2/install/moveit_ros_planning:/home/vinayak/ws_moveit2/install/moveit_ros_occupancy_map_monitor:/home/vinayak/ws_moveit2/install/moveit_resources_prbt_ikfast_manipulator_plugin:/home/vinayak/ws_moveit2/install/moveit_planners_chomp:/home/vinayak/ws_moveit2/install/moveit_kinematics:/home/vinayak/ws_moveit2/install/moveit_chomp_optimizer_adapter:/home/vinayak/ws_moveit2/install/chomp_motion_planner:/home/vinayak/ws_moveit2/install/moveit_core:/home/vinayak/ws_moveit2/install/srdfdom:/home/vinayak/ws_moveit2/install/rviz_marker_tools:/home/vinayak/ws_moveit2/install/rosparam_shortcuts:/home/vinayak/ws_moveit2/install/moveit_task_constructor_msgs:/home/vinayak/ws_moveit2/install/moveit_resources_prbt_support:/home/vinayak/ws_moveit2/install/moveit_resources:/home/vinayak/ws_moveit2/install/moveit_resources_pr2_description:/home/vinayak/ws_moveit2/install/moveit_resources_panda_moveit_config:/home/vinayak/ws_moveit2/install/moveit_resources_panda_description:/home/vinayak/ws_moveit2/install/moveit_resources_fanuc_moveit_config:/home/vinayak/ws_moveit2/install/moveit_resources_fanuc_description:/home/vinayak/ws_moveit2/install/moveit_common:/opt/ros/humble CMAKE_PREFIX_PATH=/home/vinayak/ws_moveit2/install/moveit_planners:/home/vinayak/ws_moveit2/install/pilz_industrial_motion_planner:/home/vinayak/ws_moveit2/install/moveit_resources_prbt_pg70_support:/home/vinayak/ws_moveit2/install/moveit_ros_planning_interface:/home/vinayak/ws_moveit2/install/moveit_resources_prbt_moveit_config:/home/vinayak/ws_moveit2/install/moveit_ros_move_group:/home/vinayak/ws_moveit2/install/moveit_ros_warehouse:/home/vinayak/ws_moveit2/install/moveit_planners_ompl:/home/vinayak/ws_moveit2/install/moveit_kinematics:/home/vinayak/ws_moveit2/install/moveit_ros_planning:/home/vinayak/ws_moveit2/install/pilz_industrial_motion_planner_testutils:/home/vinayak/ws_moveit2/install/moveit_simple_controller_manager:/home/vinayak/ws_moveit2/install/moveit_ros_occupancy_map_monitor:/home/vinayak/ws_moveit2/install/moveit_resources_prbt_ikfast_manipulator_plugin:/home/vinayak/ws_moveit2/install/moveit_core:/home/vinayak/ws_moveit2/install/rviz_marker_tools:/home/vinayak/ws_moveit2/install/moveit_resources_panda_moveit_config:/home/vinayak/ws_moveit2/install/moveit_resources_fanuc_moveit_config:/home/vinayak/ws_moveit2/install/srdfdom:/home/vinayak/ws_moveit2/install/moveit_task_constructor_msgs:/home/vinayak/ws_moveit2/install/moveit_resources_prbt_support:/home/vinayak/ws_moveit2/install/moveit_resources_pr2_description:/home/vinayak/ws_moveit2/install/moveit_resources_panda_description:/home/vinayak/ws_moveit2/install/moveit_resources_fanuc_description:/home/vinayak/ws_moveit2/install/moveit_common:/home/vinayak/ws_moveit2/install/ur_calibration:/home/vinayak/ws_moveit2/install/ur_robot_driver:/home/vinayak/ws_moveit2/install/ur_bringup:/home/vinayak/ws_moveit2/install/ur_controllers:/home/vinayak/ws_moveit2/install/ur_dashboard_msgs:/home/vinayak/ws_moveit2/install/ur3e:/home/vinayak/ws_moveit2/install/moveit_ros_control_interface:/home/vinayak/ws_moveit2/install/moveit_plugins:/home/vinayak/ws_moveit2/install/moveit_planners_chomp:/home/vinayak/ws_moveit2/install/moveit_chomp_optimizer_adapter:/home/vinayak/ws_moveit2/install/chomp_motion_planner:/home/vinayak/ws_moveit2/install/rosparam_shortcuts:/home/vinayak/ws_moveit2/install/moveit_resources:/home/vinayak/ws_moveit2/install/ur3e_motion_package:/home/vinayak/ws_moveit2/install/moveit_configs_utils:/home/vinayak/ws_moveit2/install/launch_param_builder:/opt/ros/humble LD_LIBRARY_PATH=/home/vinayak/ws_moveit2/install/pilz_industrial_motion_planner/lib:/home/vinayak/ws_moveit2/install/moveit_ros_planning_interface/lib:/home/vinayak/ws_moveit2/install/moveit_ros_move_group/lib:/home/vinayak/ws_moveit2/install/moveit_ros_warehouse/lib:/home/vinayak/ws_moveit2/install/moveit_planners_ompl/lib:/home/vinayak/ws_moveit2/install/moveit_kinematics/lib:/home/vinayak/ws_moveit2/install/moveit_ros_planning/lib:/home/vinayak/ws_moveit2/install/pilz_industrial_motion_planner_testutils/lib:/home/vinayak/ws_moveit2/install/moveit_simple_controller_manager/lib:/home/vinayak/ws_moveit2/install/moveit_ros_occupancy_map_monitor/lib:/home/vinayak/ws_moveit2/install/moveit_resources_prbt_ikfast_manipulator_plugin/lib:/home/vinayak/ws_moveit2/install/moveit_core/lib:/home/vinayak/ws_moveit2/install/rviz_marker_tools/lib:/home/vinayak/ws_moveit2/install/srdfdom/lib:/home/vinayak/ws_moveit2/install/moveit_task_constructor_msgs/lib:/home/vinayak/ws_moveit2/install/ur_robot_driver/lib:/home/vinayak/ws_moveit2/install/ur_controllers/lib:/home/vinayak/ws_moveit2/install/ur_dashboard_msgs/lib:/home/vinayak/ws_moveit2/install/moveit_ros_control_interface/lib:/home/vinayak/ws_moveit2/install/moveit_planners_chomp/lib:/home/vinayak/ws_moveit2/install/moveit_chomp_optimizer_adapter/lib:/home/vinayak/ws_moveit2/install/chomp_motion_planner/lib:/home/vinayak/ws_moveit2/install/rosparam_shortcuts/lib:/usr/lib/x86_64-linux-gnu/gazebo-11/plugins:/opt/ros/humble/opt/rviz_ogre_vendor/lib:/opt/ros/humble/lib/x86_64-linux-gnu:/opt/ros/humble/lib:/usr/local/cuda-12.4/lib64 PATH=/home/vinayak/ws_moveit2/install/moveit_core/bin:/home/vinayak/ws_moveit2/install/ur_robot_driver/bin:/opt/ros/humble/bin:/usr/local/cuda-12.4/bin:/home/vinayak/.local/bin:/usr/local/sbin:/usr/local/bin:/usr/sbin:/usr/bin:/sbin:/bin:/usr/games:/usr/local/games:/snap/bin:/snap/bin PYTHONPATH=/home/vinayak/ws_moveit2/install/moveit_configs_utils/lib/python3.10/site-packages:/home/vinayak/ws_moveit2/install/launch_param_builder/lib/python3.10/site-packages:/home/vinayak/ws_moveit2/install/ur_robot_driver/local/lib/python3.10/dist-packages:/home/vinayak/ws_moveit2/install/ur_dashboard_msgs/local/lib/python3.10/dist-packages:/home/vinayak/ws_moveit2/install/ur3e_motion_package/lib/python3.10/site-packages:/home/vinayak/ws_moveit2/install/srdfdom/local/lib/python3.10/dist-packages:/home/vinayak/ws_moveit2/install/moveit_task_constructor_msgs/local/lib/python3.10/dist-packages:/opt/ros/humble/lib/python3.10/site-packages:/opt/ros/humble/local/lib/python3.10/dist-packages /usr/bin/cmake --build /home/vinayak/ws_moveit2/build/moveit_task_constructor_core
[0.148s] [  0%] Built target ament_cmake_python_copy_moveit
[0.164s] [35m[1mConsolidate compiler generated dependencies of target gmock[0m
[0.183s] [  3%] Built target gmock
[0.197s] [35m[1mConsolidate compiler generated dependencies of target gmock_main[0m
[0.214s] [  5%] Built target gmock_main
[0.228s] [35m[1mConsolidate compiler generated dependencies of target gtest[0m
[0.246s] [  8%] Built target gtest
[0.540s] running egg_info
[0.541s] writing moveit.egg-info/PKG-INFO
[0.541s] writing dependency_links to moveit.egg-info/dependency_links.txt
[0.541s] writing top-level names to moveit.egg-info/top_level.txt
[0.543s] reading manifest file 'moveit.egg-info/SOURCES.txt'
[0.544s] writing manifest file 'moveit.egg-info/SOURCES.txt'
[0.568s] [  8%] Built target ament_cmake_python_build_moveit_egg
[0.581s] [35m[1mConsolidate compiler generated dependencies of target gtest_main[0m
[0.596s] [ 10%] Built target gtest_main
[0.625s] [35m[1mConsolidate compiler generated dependencies of target moveit_task_constructor_core[0m
[0.711s] [ 29%] Built target moveit_task_constructor_core
[0.747s] [35m[1mConsolidate compiler generated dependencies of target moveit_task_constructor_core_stages[0m
[0.833s] [ 50%] Built target moveit_task_constructor_core_stages
[0.851s] [35m[1mConsolidate compiler generated dependencies of target gtest_utils[0m
[0.884s] [ 55%] Built target gtest_utils
[0.899s] [35m[1mConsolidate compiler generated dependencies of target pick_ur5[0m
[0.927s] [ 57%] Built target pick_ur5
[0.942s] [35m[1mConsolidate compiler generated dependencies of target pick_pr2[0m
[0.970s] [ 60%] Built target pick_pr2
[0.984s] [35m[1mConsolidate compiler generated dependencies of target pick_pa10[0m
[1.010s] [ 62%] Built target pick_pa10
[1.024s] [35m[1mConsolidate compiler generated dependencies of target moveit_task_constructor_core-test-mockups[0m
[1.054s] [ 64%] Built target moveit_task_constructor_core-test-mockups
[1.069s] [35m[1mConsolidate compiler generated dependencies of target moveit_task_constructor_core-test-stage[0m
[1.094s] [ 67%] Built target moveit_task_constructor_core-test-stage
[1.109s] [35m[1mConsolidate compiler generated dependencies of target moveit_task_constructor_core-test-container[0m
[1.139s] [ 69%] Built target moveit_task_constructor_core-test-container
[1.153s] [35m[1mConsolidate compiler generated dependencies of target moveit_task_constructor_core-test-serial[0m
[1.181s] [ 71%] Built target moveit_task_constructor_core-test-serial
[1.196s] [35m[1mConsolidate compiler generated dependencies of target moveit_task_constructor_core-test-pruning[0m
[1.224s] [ 74%] Built target moveit_task_constructor_core-test-pruning
[1.239s] [35m[1mConsolidate compiler generated dependencies of target moveit_task_constructor_core-test-properties[0m
[1.258s] [ 76%] Built target moveit_task_constructor_core-test-properties
[1.274s] [35m[1mConsolidate compiler generated dependencies of target moveit_task_constructor_core-test-cost-terms[0m
[1.308s] [ 78%] Built target moveit_task_constructor_core-test-cost-terms
[1.325s] [35m[1mConsolidate compiler generated dependencies of target moveit_task_constructor_core-test-fallback[0m
[1.358s] [ 81%] Built target moveit_task_constructor_core-test-fallback
[1.373s] [35m[1mConsolidate compiler generated dependencies of target moveit_task_constructor_core-test-cost-queue[0m
[1.393s] [ 83%] Built target moveit_task_constructor_core-test-cost-queue
[1.407s] [35m[1mConsolidate compiler generated dependencies of target moveit_task_constructor_core-test-interface-state[0m
[1.432s] [ 85%] Built target moveit_task_constructor_core-test-interface-state
[1.447s] [35m[1mConsolidate compiler generated dependencies of target moveit_task_constructor_core-test-move-to[0m
[1.472s] [ 88%] Built target moveit_task_constructor_core-test-move-to
[1.486s] [35m[1mConsolidate compiler generated dependencies of target moveit_task_constructor_core-test-move-relative[0m
[1.512s] [ 90%] Built target moveit_task_constructor_core-test-move-relative
[1.530s] [35m[1mConsolidate compiler generated dependencies of target pymoveit_mtc[0m
[1.573s] [ 97%] Built target pymoveit_mtc
[1.588s] [35m[1mConsolidate compiler generated dependencies of target moveit_task_constructor_core_stage_plugins[0m
[1.611s] [100%] Built target moveit_task_constructor_core_stage_plugins
[1.626s] Invoked command in '/home/vinayak/ws_moveit2/build/moveit_task_constructor_core' returned '0': AMENT_PREFIX_PATH=/home/vinayak/ws_moveit2/install/moveit_planners:/home/vinayak/ws_moveit2/install/pilz_industrial_motion_planner:/home/vinayak/ws_moveit2/install/moveit_resources_prbt_pg70_support:/home/vinayak/ws_moveit2/install/moveit_ros_planning_interface:/home/vinayak/ws_moveit2/install/moveit_resources_prbt_moveit_config:/home/vinayak/ws_moveit2/install/moveit_ros_move_group:/home/vinayak/ws_moveit2/install/moveit_ros_warehouse:/home/vinayak/ws_moveit2/install/moveit_planners_ompl:/home/vinayak/ws_moveit2/install/moveit_configs_utils:/home/vinayak/ws_moveit2/install/launch_param_builder:/home/vinayak/ws_moveit2/install/ur_calibration:/home/vinayak/ws_moveit2/install/ur_robot_driver:/home/vinayak/ws_moveit2/install/ur_bringup:/home/vinayak/ws_moveit2/install/ur_controllers:/home/vinayak/ws_moveit2/install/ur_dashboard_msgs:/home/vinayak/ws_moveit2/install/ur3e_motion_package:/home/vinayak/ws_moveit2/install/ur3e:/home/vinayak/ws_moveit2/install/pilz_industrial_motion_planner_testutils:/home/vinayak/ws_moveit2/install/moveit_ros_control_interface:/home/vinayak/ws_moveit2/install/moveit_plugins:/home/vinayak/ws_moveit2/install/moveit_simple_controller_manager:/home/vinayak/ws_moveit2/install/moveit_ros_planning:/home/vinayak/ws_moveit2/install/moveit_ros_occupancy_map_monitor:/home/vinayak/ws_moveit2/install/moveit_resources_prbt_ikfast_manipulator_plugin:/home/vinayak/ws_moveit2/install/moveit_planners_chomp:/home/vinayak/ws_moveit2/install/moveit_kinematics:/home/vinayak/ws_moveit2/install/moveit_chomp_optimizer_adapter:/home/vinayak/ws_moveit2/install/chomp_motion_planner:/home/vinayak/ws_moveit2/install/moveit_core:/home/vinayak/ws_moveit2/install/srdfdom:/home/vinayak/ws_moveit2/install/rviz_marker_tools:/home/vinayak/ws_moveit2/install/rosparam_shortcuts:/home/vinayak/ws_moveit2/install/moveit_task_constructor_msgs:/home/vinayak/ws_moveit2/install/moveit_resources_prbt_support:/home/vinayak/ws_moveit2/install/moveit_resources:/home/vinayak/ws_moveit2/install/moveit_resources_pr2_description:/home/vinayak/ws_moveit2/install/moveit_resources_panda_moveit_config:/home/vinayak/ws_moveit2/install/moveit_resources_panda_description:/home/vinayak/ws_moveit2/install/moveit_resources_fanuc_moveit_config:/home/vinayak/ws_moveit2/install/moveit_resources_fanuc_description:/home/vinayak/ws_moveit2/install/moveit_common:/opt/ros/humble CMAKE_PREFIX_PATH=/home/vinayak/ws_moveit2/install/moveit_planners:/home/vinayak/ws_moveit2/install/pilz_industrial_motion_planner:/home/vinayak/ws_moveit2/install/moveit_resources_prbt_pg70_support:/home/vinayak/ws_moveit2/install/moveit_ros_planning_interface:/home/vinayak/ws_moveit2/install/moveit_resources_prbt_moveit_config:/home/vinayak/ws_moveit2/install/moveit_ros_move_group:/home/vinayak/ws_moveit2/install/moveit_ros_warehouse:/home/vinayak/ws_moveit2/install/moveit_planners_ompl:/home/vinayak/ws_moveit2/install/moveit_kinematics:/home/vinayak/ws_moveit2/install/moveit_ros_planning:/home/vinayak/ws_moveit2/install/pilz_industrial_motion_planner_testutils:/home/vinayak/ws_moveit2/install/moveit_simple_controller_manager:/home/vinayak/ws_moveit2/install/moveit_ros_occupancy_map_monitor:/home/vinayak/ws_moveit2/install/moveit_resources_prbt_ikfast_manipulator_plugin:/home/vinayak/ws_moveit2/install/moveit_core:/home/vinayak/ws_moveit2/install/rviz_marker_tools:/home/vinayak/ws_moveit2/install/moveit_resources_panda_moveit_config:/home/vinayak/ws_moveit2/install/moveit_resources_fanuc_moveit_config:/home/vinayak/ws_moveit2/install/srdfdom:/home/vinayak/ws_moveit2/install/moveit_task_constructor_msgs:/home/vinayak/ws_moveit2/install/moveit_resources_prbt_support:/home/vinayak/ws_moveit2/install/moveit_resources_pr2_description:/home/vinayak/ws_moveit2/install/moveit_resources_panda_description:/home/vinayak/ws_moveit2/install/moveit_resources_fanuc_description:/home/vinayak/ws_moveit2/install/moveit_common:/home/vinayak/ws_moveit2/install/ur_calibration:/home/vinayak/ws_moveit2/install/ur_robot_driver:/home/vinayak/ws_moveit2/install/ur_bringup:/home/vinayak/ws_moveit2/install/ur_controllers:/home/vinayak/ws_moveit2/install/ur_dashboard_msgs:/home/vinayak/ws_moveit2/install/ur3e:/home/vinayak/ws_moveit2/install/moveit_ros_control_interface:/home/vinayak/ws_moveit2/install/moveit_plugins:/home/vinayak/ws_moveit2/install/moveit_planners_chomp:/home/vinayak/ws_moveit2/install/moveit_chomp_optimizer_adapter:/home/vinayak/ws_moveit2/install/chomp_motion_planner:/home/vinayak/ws_moveit2/install/rosparam_shortcuts:/home/vinayak/ws_moveit2/install/moveit_resources:/home/vinayak/ws_moveit2/install/ur3e_motion_package:/home/vinayak/ws_moveit2/install/moveit_configs_utils:/home/vinayak/ws_moveit2/install/launch_param_builder:/opt/ros/humble LD_LIBRARY_PATH=/home/vinayak/ws_moveit2/install/pilz_industrial_motion_planner/lib:/home/vinayak/ws_moveit2/install/moveit_ros_planning_interface/lib:/home/vinayak/ws_moveit2/install/moveit_ros_move_group/lib:/home/vinayak/ws_moveit2/install/moveit_ros_warehouse/lib:/home/vinayak/ws_moveit2/install/moveit_planners_ompl/lib:/home/vinayak/ws_moveit2/install/moveit_kinematics/lib:/home/vinayak/ws_moveit2/install/moveit_ros_planning/lib:/home/vinayak/ws_moveit2/install/pilz_industrial_motion_planner_testutils/lib:/home/vinayak/ws_moveit2/install/moveit_simple_controller_manager/lib:/home/vinayak/ws_moveit2/install/moveit_ros_occupancy_map_monitor/lib:/home/vinayak/ws_moveit2/install/moveit_resources_prbt_ikfast_manipulator_plugin/lib:/home/vinayak/ws_moveit2/install/moveit_core/lib:/home/vinayak/ws_moveit2/install/rviz_marker_tools/lib:/home/vinayak/ws_moveit2/install/srdfdom/lib:/home/vinayak/ws_moveit2/install/moveit_task_constructor_msgs/lib:/home/vinayak/ws_moveit2/install/ur_robot_driver/lib:/home/vinayak/ws_moveit2/install/ur_controllers/lib:/home/vinayak/ws_moveit2/install/ur_dashboard_msgs/lib:/home/vinayak/ws_moveit2/install/moveit_ros_control_interface/lib:/home/vinayak/ws_moveit2/install/moveit_planners_chomp/lib:/home/vinayak/ws_moveit2/install/moveit_chomp_optimizer_adapter/lib:/home/vinayak/ws_moveit2/install/chomp_motion_planner/lib:/home/vinayak/ws_moveit2/install/rosparam_shortcuts/lib:/usr/lib/x86_64-linux-gnu/gazebo-11/plugins:/opt/ros/humble/opt/rviz_ogre_vendor/lib:/opt/ros/humble/lib/x86_64-linux-gnu:/opt/ros/humble/lib:/usr/local/cuda-12.4/lib64 PATH=/home/vinayak/ws_moveit2/install/moveit_core/bin:/home/vinayak/ws_moveit2/install/ur_robot_driver/bin:/opt/ros/humble/bin:/usr/local/cuda-12.4/bin:/home/vinayak/.local/bin:/usr/local/sbin:/usr/local/bin:/usr/sbin:/usr/bin:/sbin:/bin:/usr/games:/usr/local/games:/snap/bin:/snap/bin PYTHONPATH=/home/vinayak/ws_moveit2/install/moveit_configs_utils/lib/python3.10/site-packages:/home/vinayak/ws_moveit2/install/launch_param_builder/lib/python3.10/site-packages:/home/vinayak/ws_moveit2/install/ur_robot_driver/local/lib/python3.10/dist-packages:/home/vinayak/ws_moveit2/install/ur_dashboard_msgs/local/lib/python3.10/dist-packages:/home/vinayak/ws_moveit2/install/ur3e_motion_package/lib/python3.10/site-packages:/home/vinayak/ws_moveit2/install/srdfdom/local/lib/python3.10/dist-packages:/home/vinayak/ws_moveit2/install/moveit_task_constructor_msgs/local/lib/python3.10/dist-packages:/opt/ros/humble/lib/python3.10/site-packages:/opt/ros/humble/local/lib/python3.10/dist-packages /usr/bin/cmake --build /home/vinayak/ws_moveit2/build/moveit_task_constructor_core
[1.628s] Invoking command in '/home/vinayak/ws_moveit2/build/moveit_task_constructor_core': AMENT_PREFIX_PATH=/home/vinayak/ws_moveit2/install/moveit_planners:/home/vinayak/ws_moveit2/install/pilz_industrial_motion_planner:/home/vinayak/ws_moveit2/install/moveit_resources_prbt_pg70_support:/home/vinayak/ws_moveit2/install/moveit_ros_planning_interface:/home/vinayak/ws_moveit2/install/moveit_resources_prbt_moveit_config:/home/vinayak/ws_moveit2/install/moveit_ros_move_group:/home/vinayak/ws_moveit2/install/moveit_ros_warehouse:/home/vinayak/ws_moveit2/install/moveit_planners_ompl:/home/vinayak/ws_moveit2/install/moveit_configs_utils:/home/vinayak/ws_moveit2/install/launch_param_builder:/home/vinayak/ws_moveit2/install/ur_calibration:/home/vinayak/ws_moveit2/install/ur_robot_driver:/home/vinayak/ws_moveit2/install/ur_bringup:/home/vinayak/ws_moveit2/install/ur_controllers:/home/vinayak/ws_moveit2/install/ur_dashboard_msgs:/home/vinayak/ws_moveit2/install/ur3e_motion_package:/home/vinayak/ws_moveit2/install/ur3e:/home/vinayak/ws_moveit2/install/pilz_industrial_motion_planner_testutils:/home/vinayak/ws_moveit2/install/moveit_ros_control_interface:/home/vinayak/ws_moveit2/install/moveit_plugins:/home/vinayak/ws_moveit2/install/moveit_simple_controller_manager:/home/vinayak/ws_moveit2/install/moveit_ros_planning:/home/vinayak/ws_moveit2/install/moveit_ros_occupancy_map_monitor:/home/vinayak/ws_moveit2/install/moveit_resources_prbt_ikfast_manipulator_plugin:/home/vinayak/ws_moveit2/install/moveit_planners_chomp:/home/vinayak/ws_moveit2/install/moveit_kinematics:/home/vinayak/ws_moveit2/install/moveit_chomp_optimizer_adapter:/home/vinayak/ws_moveit2/install/chomp_motion_planner:/home/vinayak/ws_moveit2/install/moveit_core:/home/vinayak/ws_moveit2/install/srdfdom:/home/vinayak/ws_moveit2/install/rviz_marker_tools:/home/vinayak/ws_moveit2/install/rosparam_shortcuts:/home/vinayak/ws_moveit2/install/moveit_task_constructor_msgs:/home/vinayak/ws_moveit2/install/moveit_resources_prbt_support:/home/vinayak/ws_moveit2/install/moveit_resources:/home/vinayak/ws_moveit2/install/moveit_resources_pr2_description:/home/vinayak/ws_moveit2/install/moveit_resources_panda_moveit_config:/home/vinayak/ws_moveit2/install/moveit_resources_panda_description:/home/vinayak/ws_moveit2/install/moveit_resources_fanuc_moveit_config:/home/vinayak/ws_moveit2/install/moveit_resources_fanuc_description:/home/vinayak/ws_moveit2/install/moveit_common:/opt/ros/humble CMAKE_PREFIX_PATH=/home/vinayak/ws_moveit2/install/moveit_planners:/home/vinayak/ws_moveit2/install/pilz_industrial_motion_planner:/home/vinayak/ws_moveit2/install/moveit_resources_prbt_pg70_support:/home/vinayak/ws_moveit2/install/moveit_ros_planning_interface:/home/vinayak/ws_moveit2/install/moveit_resources_prbt_moveit_config:/home/vinayak/ws_moveit2/install/moveit_ros_move_group:/home/vinayak/ws_moveit2/install/moveit_ros_warehouse:/home/vinayak/ws_moveit2/install/moveit_planners_ompl:/home/vinayak/ws_moveit2/install/moveit_kinematics:/home/vinayak/ws_moveit2/install/moveit_ros_planning:/home/vinayak/ws_moveit2/install/pilz_industrial_motion_planner_testutils:/home/vinayak/ws_moveit2/install/moveit_simple_controller_manager:/home/vinayak/ws_moveit2/install/moveit_ros_occupancy_map_monitor:/home/vinayak/ws_moveit2/install/moveit_resources_prbt_ikfast_manipulator_plugin:/home/vinayak/ws_moveit2/install/moveit_core:/home/vinayak/ws_moveit2/install/rviz_marker_tools:/home/vinayak/ws_moveit2/install/moveit_resources_panda_moveit_config:/home/vinayak/ws_moveit2/install/moveit_resources_fanuc_moveit_config:/home/vinayak/ws_moveit2/install/srdfdom:/home/vinayak/ws_moveit2/install/moveit_task_constructor_msgs:/home/vinayak/ws_moveit2/install/moveit_resources_prbt_support:/home/vinayak/ws_moveit2/install/moveit_resources_pr2_description:/home/vinayak/ws_moveit2/install/moveit_resources_panda_description:/home/vinayak/ws_moveit2/install/moveit_resources_fanuc_description:/home/vinayak/ws_moveit2/install/moveit_common:/home/vinayak/ws_moveit2/install/ur_calibration:/home/vinayak/ws_moveit2/install/ur_robot_driver:/home/vinayak/ws_moveit2/install/ur_bringup:/home/vinayak/ws_moveit2/install/ur_controllers:/home/vinayak/ws_moveit2/install/ur_dashboard_msgs:/home/vinayak/ws_moveit2/install/ur3e:/home/vinayak/ws_moveit2/install/moveit_ros_control_interface:/home/vinayak/ws_moveit2/install/moveit_plugins:/home/vinayak/ws_moveit2/install/moveit_planners_chomp:/home/vinayak/ws_moveit2/install/moveit_chomp_optimizer_adapter:/home/vinayak/ws_moveit2/install/chomp_motion_planner:/home/vinayak/ws_moveit2/install/rosparam_shortcuts:/home/vinayak/ws_moveit2/install/moveit_resources:/home/vinayak/ws_moveit2/install/ur3e_motion_package:/home/vinayak/ws_moveit2/install/moveit_configs_utils:/home/vinayak/ws_moveit2/install/launch_param_builder:/opt/ros/humble LD_LIBRARY_PATH=/home/vinayak/ws_moveit2/install/pilz_industrial_motion_planner/lib:/home/vinayak/ws_moveit2/install/moveit_ros_planning_interface/lib:/home/vinayak/ws_moveit2/install/moveit_ros_move_group/lib:/home/vinayak/ws_moveit2/install/moveit_ros_warehouse/lib:/home/vinayak/ws_moveit2/install/moveit_planners_ompl/lib:/home/vinayak/ws_moveit2/install/moveit_kinematics/lib:/home/vinayak/ws_moveit2/install/moveit_ros_planning/lib:/home/vinayak/ws_moveit2/install/pilz_industrial_motion_planner_testutils/lib:/home/vinayak/ws_moveit2/install/moveit_simple_controller_manager/lib:/home/vinayak/ws_moveit2/install/moveit_ros_occupancy_map_monitor/lib:/home/vinayak/ws_moveit2/install/moveit_resources_prbt_ikfast_manipulator_plugin/lib:/home/vinayak/ws_moveit2/install/moveit_core/lib:/home/vinayak/ws_moveit2/install/rviz_marker_tools/lib:/home/vinayak/ws_moveit2/install/srdfdom/lib:/home/vinayak/ws_moveit2/install/moveit_task_constructor_msgs/lib:/home/vinayak/ws_moveit2/install/ur_robot_driver/lib:/home/vinayak/ws_moveit2/install/ur_controllers/lib:/home/vinayak/ws_moveit2/install/ur_dashboard_msgs/lib:/home/vinayak/ws_moveit2/install/moveit_ros_control_interface/lib:/home/vinayak/ws_moveit2/install/moveit_planners_chomp/lib:/home/vinayak/ws_moveit2/install/moveit_chomp_optimizer_adapter/lib:/home/vinayak/ws_moveit2/install/chomp_motion_planner/lib:/home/vinayak/ws_moveit2/install/rosparam_shortcuts/lib:/usr/lib/x86_64-linux-gnu/gazebo-11/plugins:/opt/ros/humble/opt/rviz_ogre_vendor/lib:/opt/ros/humble/lib/x86_64-linux-gnu:/opt/ros/humble/lib:/usr/local/cuda-12.4/lib64 PATH=/home/vinayak/ws_moveit2/install/moveit_core/bin:/home/vinayak/ws_moveit2/install/ur_robot_driver/bin:/opt/ros/humble/bin:/usr/local/cuda-12.4/bin:/home/vinayak/.local/bin:/usr/local/sbin:/usr/local/bin:/usr/sbin:/usr/bin:/sbin:/bin:/usr/games:/usr/local/games:/snap/bin:/snap/bin PYTHONPATH=/home/vinayak/ws_moveit2/install/moveit_configs_utils/lib/python3.10/site-packages:/home/vinayak/ws_moveit2/install/launch_param_builder/lib/python3.10/site-packages:/home/vinayak/ws_moveit2/install/ur_robot_driver/local/lib/python3.10/dist-packages:/home/vinayak/ws_moveit2/install/ur_dashboard_msgs/local/lib/python3.10/dist-packages:/home/vinayak/ws_moveit2/install/ur3e_motion_package/lib/python3.10/site-packages:/home/vinayak/ws_moveit2/install/srdfdom/local/lib/python3.10/dist-packages:/home/vinayak/ws_moveit2/install/moveit_task_constructor_msgs/local/lib/python3.10/dist-packages:/opt/ros/humble/lib/python3.10/site-packages:/opt/ros/humble/local/lib/python3.10/dist-packages /usr/bin/cmake --install /home/vinayak/ws_moveit2/build/moveit_task_constructor_core
[1.638s] -- Install configuration: "Release"
[1.638s] -- Up-to-date: /home/vinayak/ws_moveit2/install/moveit_task_constructor_core/share/moveit_task_constructor_core/environment/pythonpath.sh
[1.638s] -- Up-to-date: /home/vinayak/ws_moveit2/install/moveit_task_constructor_core/share/moveit_task_constructor_core/environment/pythonpath.dsv
[1.638s] -- Up-to-date: /home/vinayak/ws_moveit2/install/moveit_task_constructor_core/local/lib/python3.10/dist-packages/moveit-0.1.3-py3.10.egg-info
[1.638s] -- Installing: /home/vinayak/ws_moveit2/install/moveit_task_constructor_core/local/lib/python3.10/dist-packages/moveit-0.1.3-py3.10.egg-info/dependency_links.txt
[1.638s] -- Installing: /home/vinayak/ws_moveit2/install/moveit_task_constructor_core/local/lib/python3.10/dist-packages/moveit-0.1.3-py3.10.egg-info/top_level.txt
[1.638s] -- Installing: /home/vinayak/ws_moveit2/install/moveit_task_constructor_core/local/lib/python3.10/dist-packages/moveit-0.1.3-py3.10.egg-info/SOURCES.txt
[1.638s] -- Installing: /home/vinayak/ws_moveit2/install/moveit_task_constructor_core/local/lib/python3.10/dist-packages/moveit-0.1.3-py3.10.egg-info/PKG-INFO
[1.638s] -- Up-to-date: /home/vinayak/ws_moveit2/install/moveit_task_constructor_core/local/lib/python3.10/dist-packages/moveit
[1.638s] -- Up-to-date: /home/vinayak/ws_moveit2/install/moveit_task_constructor_core/local/lib/python3.10/dist-packages/moveit/task_constructor
[1.639s] -- Up-to-date: /home/vinayak/ws_moveit2/install/moveit_task_constructor_core/local/lib/python3.10/dist-packages/moveit/task_constructor/stages.py
[1.639s] -- Up-to-date: /home/vinayak/ws_moveit2/install/moveit_task_constructor_core/local/lib/python3.10/dist-packages/moveit/task_constructor/core.py
[1.639s] -- Up-to-date: /home/vinayak/ws_moveit2/install/moveit_task_constructor_core/local/lib/python3.10/dist-packages/moveit/task_constructor/__init__.py
[1.639s] -- Up-to-date: /home/vinayak/ws_moveit2/install/moveit_task_constructor_core/local/lib/python3.10/dist-packages/moveit/__init__.py
[1.673s] Listing '/home/vinayak/ws_moveit2/install/moveit_task_constructor_core/local/lib/python3.10/dist-packages/moveit'...
[1.673s] Listing '/home/vinayak/ws_moveit2/install/moveit_task_constructor_core/local/lib/python3.10/dist-packages/moveit/task_constructor'...
[1.677s] -- Up-to-date: /home/vinayak/ws_moveit2/install/moveit_task_constructor_core/include
[1.678s] -- Up-to-date: /home/vinayak/ws_moveit2/install/moveit_task_constructor_core/include/moveit
[1.678s] -- Up-to-date: /home/vinayak/ws_moveit2/install/moveit_task_constructor_core/include/moveit/python
[1.678s] -- Up-to-date: /home/vinayak/ws_moveit2/install/moveit_task_constructor_core/include/moveit/python/task_constructor
[1.678s] -- Up-to-date: /home/vinayak/ws_moveit2/install/moveit_task_constructor_core/include/moveit/python/task_constructor/properties.h
[1.678s] -- Up-to-date: /home/vinayak/ws_moveit2/install/moveit_task_constructor_core/include/moveit/task_constructor
[1.678s] -- Up-to-date: /home/vinayak/ws_moveit2/install/moveit_task_constructor_core/include/moveit/task_constructor/container.h
[1.678s] -- Up-to-date: /home/vinayak/ws_moveit2/install/moveit_task_constructor_core/include/moveit/task_constructor/cost_terms.h
[1.678s] -- Up-to-date: /home/vinayak/ws_moveit2/install/moveit_task_constructor_core/include/moveit/task_constructor/stages.h
[1.678s] -- Up-to-date: /home/vinayak/ws_moveit2/install/moveit_task_constructor_core/include/moveit/task_constructor/utils.h
[1.679s] -- Up-to-date: /home/vinayak/ws_moveit2/install/moveit_task_constructor_core/include/moveit/task_constructor/task.h
[1.679s] -- Up-to-date: /home/vinayak/ws_moveit2/install/moveit_task_constructor_core/include/moveit/task_constructor/moveit_compat.h
[1.679s] -- Up-to-date: /home/vinayak/ws_moveit2/install/moveit_task_constructor_core/include/moveit/task_constructor/solvers.h
[1.679s] -- Up-to-date: /home/vinayak/ws_moveit2/install/moveit_task_constructor_core/include/moveit/task_constructor/type_traits.h
[1.679s] -- Up-to-date: /home/vinayak/ws_moveit2/install/moveit_task_constructor_core/include/moveit/task_constructor/stages
[1.679s] -- Up-to-date: /home/vinayak/ws_moveit2/install/moveit_task_constructor_core/include/moveit/task_constructor/stages/generate_place_pose.h
[1.679s] -- Up-to-date: /home/vinayak/ws_moveit2/install/moveit_task_constructor_core/include/moveit/task_constructor/stages/simple_grasp.h
[1.679s] -- Up-to-date: /home/vinayak/ws_moveit2/install/moveit_task_constructor_core/include/moveit/task_constructor/stages/modify_planning_scene.h
[1.679s] -- Up-to-date: /home/vinayak/ws_moveit2/install/moveit_task_constructor_core/include/moveit/task_constructor/stages/connect.h
[1.680s] -- Up-to-date: /home/vinayak/ws_moveit2/install/moveit_task_constructor_core/include/moveit/task_constructor/stages/fixed_state.h
[1.680s] -- Up-to-date: /home/vinayak/ws_moveit2/install/moveit_task_constructor_core/include/moveit/task_constructor/stages/pick.h
[1.680s] -- Up-to-date: /home/vinayak/ws_moveit2/install/moveit_task_constructor_core/include/moveit/task_constructor/stages/fix_collision_objects.h
[1.680s] -- Up-to-date: /home/vinayak/ws_moveit2/install/moveit_task_constructor_core/include/moveit/task_constructor/stages/move_relative.h
[1.680s] -- Up-to-date: /home/vinayak/ws_moveit2/install/moveit_task_constructor_core/include/moveit/task_constructor/stages/generate_pose.h
[1.680s] -- Up-to-date: /home/vinayak/ws_moveit2/install/moveit_task_constructor_core/include/moveit/task_constructor/stages/predicate_filter.h
[1.680s] -- Up-to-date: /home/vinayak/ws_moveit2/install/moveit_task_constructor_core/include/moveit/task_constructor/stages/noop.h
[1.680s] -- Up-to-date: /home/vinayak/ws_moveit2/install/moveit_task_constructor_core/include/moveit/task_constructor/stages/fixed_cartesian_poses.h
[1.680s] -- Up-to-date: /home/vinayak/ws_moveit2/install/moveit_task_constructor_core/include/moveit/task_constructor/stages/generate_grasp_pose.h
[1.680s] -- Up-to-date: /home/vinayak/ws_moveit2/install/moveit_task_constructor_core/include/moveit/task_constructor/stages/generate_random_pose.h
[1.680s] -- Up-to-date: /home/vinayak/ws_moveit2/install/moveit_task_constructor_core/include/moveit/task_constructor/stages/current_state.h
[1.681s] -- Up-to-date: /home/vinayak/ws_moveit2/install/moveit_task_constructor_core/include/moveit/task_constructor/stages/move_to.h
[1.681s] -- Up-to-date: /home/vinayak/ws_moveit2/install/moveit_task_constructor_core/include/moveit/task_constructor/stages/compute_ik.h
[1.681s] -- Up-to-date: /home/vinayak/ws_moveit2/install/moveit_task_constructor_core/include/moveit/task_constructor/stages/passthrough.h
[1.681s] -- Up-to-date: /home/vinayak/ws_moveit2/install/moveit_task_constructor_core/include/moveit/task_constructor/merge.h
[1.681s] -- Up-to-date: /home/vinayak/ws_moveit2/install/moveit_task_constructor_core/include/moveit/task_constructor/properties.h
[1.681s] -- Up-to-date: /home/vinayak/ws_moveit2/install/moveit_task_constructor_core/include/moveit/task_constructor/solvers
[1.681s] -- Up-to-date: /home/vinayak/ws_moveit2/install/moveit_task_constructor_core/include/moveit/task_constructor/solvers/joint_interpolation.h
[1.681s] -- Up-to-date: /home/vinayak/ws_moveit2/install/moveit_task_constructor_core/include/moveit/task_constructor/solvers/multi_planner.h
[1.681s] -- Up-to-date: /home/vinayak/ws_moveit2/install/moveit_task_constructor_core/include/moveit/task_constructor/solvers/pipeline_planner.h
[1.681s] -- Up-to-date: /home/vinayak/ws_moveit2/install/moveit_task_constructor_core/include/moveit/task_constructor/solvers/planner_interface.h
[1.681s] -- Up-to-date: /home/vinayak/ws_moveit2/install/moveit_task_constructor_core/include/moveit/task_constructor/solvers/cartesian_path.h
[1.681s] -- Up-to-date: /home/vinayak/ws_moveit2/install/moveit_task_constructor_core/include/moveit/task_constructor/storage.h
[1.682s] -- Up-to-date: /home/vinayak/ws_moveit2/install/moveit_task_constructor_core/include/moveit/task_constructor/trajectory_execution_info.h
[1.682s] -- Up-to-date: /home/vinayak/ws_moveit2/install/moveit_task_constructor_core/include/moveit/task_constructor/introspection.h
[1.682s] -- Up-to-date: /home/vinayak/ws_moveit2/install/moveit_task_constructor_core/include/moveit/task_constructor/marker_tools.h
[1.682s] -- Up-to-date: /home/vinayak/ws_moveit2/install/moveit_task_constructor_core/include/moveit/task_constructor/stage.h
[1.682s] -- Up-to-date: /home/vinayak/ws_moveit2/install/moveit_task_constructor_core/include/moveit/task_constructor/cost_queue.h
[1.682s] -- Up-to-date: /home/vinayak/ws_moveit2/install/moveit_task_constructor_core/share/moveit_task_constructor_core/motion_planning_stages_plugin_description.xml
[1.682s] -- Up-to-date: /home/vinayak/ws_moveit2/install/moveit_task_constructor_core/share/moveit_task_constructor_core/environment/library_path.sh
[1.682s] -- Up-to-date: /home/vinayak/ws_moveit2/install/moveit_task_constructor_core/share/moveit_task_constructor_core/environment/library_path.dsv
[1.683s] -- Up-to-date: /home/vinayak/ws_moveit2/install/moveit_task_constructor_core/share/ament_index/resource_index/package_run_dependencies/moveit_task_constructor_core
[1.683s] -- Up-to-date: /home/vinayak/ws_moveit2/install/moveit_task_constructor_core/share/ament_index/resource_index/parent_prefix_path/moveit_task_constructor_core
[1.683s] -- Up-to-date: /home/vinayak/ws_moveit2/install/moveit_task_constructor_core/share/moveit_task_constructor_core/environment/ament_prefix_path.sh
[1.683s] -- Up-to-date: /home/vinayak/ws_moveit2/install/moveit_task_constructor_core/share/moveit_task_constructor_core/environment/ament_prefix_path.dsv
[1.683s] -- Up-to-date: /home/vinayak/ws_moveit2/install/moveit_task_constructor_core/share/moveit_task_constructor_core/environment/path.sh
[1.683s] -- Up-to-date: /home/vinayak/ws_moveit2/install/moveit_task_constructor_core/share/moveit_task_constructor_core/environment/path.dsv
[1.683s] -- Up-to-date: /home/vinayak/ws_moveit2/install/moveit_task_constructor_core/share/moveit_task_constructor_core/local_setup.bash
[1.683s] -- Up-to-date: /home/vinayak/ws_moveit2/install/moveit_task_constructor_core/share/moveit_task_constructor_core/local_setup.sh
[1.683s] -- Up-to-date: /home/vinayak/ws_moveit2/install/moveit_task_constructor_core/share/moveit_task_constructor_core/local_setup.zsh
[1.683s] -- Up-to-date: /home/vinayak/ws_moveit2/install/moveit_task_constructor_core/share/moveit_task_constructor_core/local_setup.dsv
[1.683s] -- Installing: /home/vinayak/ws_moveit2/install/moveit_task_constructor_core/share/moveit_task_constructor_core/package.dsv
[1.684s] -- Up-to-date: /home/vinayak/ws_moveit2/install/moveit_task_constructor_core/share/ament_index/resource_index/packages/moveit_task_constructor_core
[1.684s] -- Up-to-date: /home/vinayak/ws_moveit2/install/moveit_task_constructor_core/share/ament_index/resource_index/moveit_task_constructor_core__pluginlib__plugin/moveit_task_constructor_core
[1.684s] -- Up-to-date: /home/vinayak/ws_moveit2/install/moveit_task_constructor_core/share/moveit_task_constructor_core/cmake/moveit_task_constructor_coreTargetsExport.cmake
[1.684s] -- Up-to-date: /home/vinayak/ws_moveit2/install/moveit_task_constructor_core/share/moveit_task_constructor_core/cmake/moveit_task_constructor_coreTargetsExport-release.cmake
[1.684s] -- Up-to-date: /home/vinayak/ws_moveit2/install/moveit_task_constructor_core/share/moveit_task_constructor_core/cmake/ament_cmake_export_targets-extras.cmake
[1.684s] -- Up-to-date: /home/vinayak/ws_moveit2/install/moveit_task_constructor_core/share/moveit_task_constructor_core/cmake/ament_cmake_export_dependencies-extras.cmake
[1.684s] -- Up-to-date: /home/vinayak/ws_moveit2/install/moveit_task_constructor_core/share/moveit_task_constructor_core/cmake/moveit_task_constructor_coreConfig.cmake
[1.684s] -- Up-to-date: /home/vinayak/ws_moveit2/install/moveit_task_constructor_core/share/moveit_task_constructor_core/cmake/moveit_task_constructor_coreConfig-version.cmake
[1.684s] -- Up-to-date: /home/vinayak/ws_moveit2/install/moveit_task_constructor_core/share/moveit_task_constructor_core/package.xml
[1.684s] -- Up-to-date: /home/vinayak/ws_moveit2/install/moveit_task_constructor_core/lib/libmoveit_task_constructor_core.so
[1.684s] -- Up-to-date: /home/vinayak/ws_moveit2/install/moveit_task_constructor_core/lib/libmoveit_task_constructor_core_stages.so
[1.684s] -- Up-to-date: /home/vinayak/ws_moveit2/install/moveit_task_constructor_core/lib/libmoveit_task_constructor_core_stage_plugins.so
[1.685s] -- Up-to-date: /home/vinayak/ws_moveit2/install/moveit_task_constructor_core/include/moveit/python/pybind11
[1.685s] -- Up-to-date: /home/vinayak/ws_moveit2/install/moveit_task_constructor_core/include/moveit/python/pybind11/numpy.h
[1.685s] -- Up-to-date: /home/vinayak/ws_moveit2/install/moveit_task_constructor_core/include/moveit/python/pybind11/typing.h
[1.685s] -- Up-to-date: /home/vinayak/ws_moveit2/install/moveit_task_constructor_core/include/moveit/python/pybind11/gil.h
[1.685s] -- Up-to-date: /home/vinayak/ws_moveit2/install/moveit_task_constructor_core/include/moveit/python/pybind11/trampoline_self_life_support.h
[1.685s] -- Up-to-date: /home/vinayak/ws_moveit2/install/moveit_task_constructor_core/include/moveit/python/pybind11/eval.h
[1.685s] -- Up-to-date: /home/vinayak/ws_moveit2/install/moveit_task_constructor_core/include/moveit/python/pybind11/chrono.h
[1.685s] -- Up-to-date: /home/vinayak/ws_moveit2/install/moveit_task_constructor_core/include/moveit/python/pybind11/type_caster_pyobject_ptr.h
[1.685s] -- Up-to-date: /home/vinayak/ws_moveit2/install/moveit_task_constructor_core/include/moveit/python/pybind11/pybind11.h
[1.686s] -- Up-to-date: /home/vinayak/ws_moveit2/install/moveit_task_constructor_core/include/moveit/python/pybind11/complex.h
[1.686s] -- Up-to-date: /home/vinayak/ws_moveit2/install/moveit_task_constructor_core/include/moveit/python/pybind11/eigen
[1.686s] -- Up-to-date: /home/vinayak/ws_moveit2/install/moveit_task_constructor_core/include/moveit/python/pybind11/eigen/common.h
[1.686s] -- Up-to-date: /home/vinayak/ws_moveit2/install/moveit_task_constructor_core/include/moveit/python/pybind11/eigen/matrix.h
[1.686s] -- Up-to-date: /home/vinayak/ws_moveit2/install/moveit_task_constructor_core/include/moveit/python/pybind11/eigen/tensor.h
[1.686s] -- Up-to-date: /home/vinayak/ws_moveit2/install/moveit_task_constructor_core/include/moveit/python/pybind11/iostream.h
[1.686s] -- Up-to-date: /home/vinayak/ws_moveit2/install/moveit_task_constructor_core/include/moveit/python/pybind11/eigen.h
[1.686s] -- Up-to-date: /home/vinayak/ws_moveit2/install/moveit_task_constructor_core/include/moveit/python/pybind11/buffer_info.h
[1.686s] -- Up-to-date: /home/vinayak/ws_moveit2/install/moveit_task_constructor_core/include/moveit/python/pybind11/smart_holder.h
[1.687s] -- Up-to-date: /home/vinayak/ws_moveit2/install/moveit_task_constructor_core/include/moveit/python/pybind11/gil_safe_call_once.h
[1.687s] -- Up-to-date: /home/vinayak/ws_moveit2/install/moveit_task_constructor_core/include/moveit/python/pybind11/stl
[1.687s] -- Up-to-date: /home/vinayak/ws_moveit2/install/moveit_task_constructor_core/include/moveit/python/pybind11/stl/filesystem.h
[1.687s] -- Up-to-date: /home/vinayak/ws_moveit2/install/moveit_task_constructor_core/include/moveit/python/pybind11/embed.h
[1.687s] -- Up-to-date: /home/vinayak/ws_moveit2/install/moveit_task_constructor_core/include/moveit/python/pybind11/common.h
[1.687s] -- Up-to-date: /home/vinayak/ws_moveit2/install/moveit_task_constructor_core/include/moveit/python/pybind11/cast.h
[1.687s] -- Up-to-date: /home/vinayak/ws_moveit2/install/moveit_task_constructor_core/include/moveit/python/pybind11/pytypes.h
[1.687s] -- Up-to-date: /home/vinayak/ws_moveit2/install/moveit_task_constructor_core/include/moveit/python/pybind11/functional.h
[1.687s] -- Up-to-date: /home/vinayak/ws_moveit2/install/moveit_task_constructor_core/include/moveit/python/pybind11/detail
[1.687s] -- Up-to-date: /home/vinayak/ws_moveit2/install/moveit_task_constructor_core/include/moveit/python/pybind11/detail/typeid.h
[1.687s] -- Up-to-date: /home/vinayak/ws_moveit2/install/moveit_task_constructor_core/include/moveit/python/pybind11/detail/type_caster_odr_guard.h
[1.687s] -- Up-to-date: /home/vinayak/ws_moveit2/install/moveit_task_constructor_core/include/moveit/python/pybind11/detail/dynamic_raw_ptr_cast_if_possible.h
[1.687s] -- Up-to-date: /home/vinayak/ws_moveit2/install/moveit_task_constructor_core/include/moveit/python/pybind11/detail/smart_holder_type_casters.h
[1.687s] -- Up-to-date: /home/vinayak/ws_moveit2/install/moveit_task_constructor_core/include/moveit/python/pybind11/detail/type_caster_base.h
[1.687s] -- Up-to-date: /home/vinayak/ws_moveit2/install/moveit_task_constructor_core/include/moveit/python/pybind11/detail/class.h
[1.687s] -- Up-to-date: /home/vinayak/ws_moveit2/install/moveit_task_constructor_core/include/moveit/python/pybind11/detail/smart_holder_poc.h
[1.688s] -- Up-to-date: /home/vinayak/ws_moveit2/install/moveit_task_constructor_core/include/moveit/python/pybind11/detail/descr.h
[1.688s] -- Up-to-date: /home/vinayak/ws_moveit2/install/moveit_task_constructor_core/include/moveit/python/pybind11/detail/common.h
[1.688s] -- Up-to-date: /home/vinayak/ws_moveit2/install/moveit_task_constructor_core/include/moveit/python/pybind11/detail/init.h
[1.688s] -- Up-to-date: /home/vinayak/ws_moveit2/install/moveit_task_constructor_core/include/moveit/python/pybind11/detail/internals.h
[1.689s] -- Up-to-date: /home/vinayak/ws_moveit2/install/moveit_task_constructor_core/include/moveit/python/pybind11/detail/smart_holder_sfinae_hooks_only.h
[1.689s] -- Up-to-date: /home/vinayak/ws_moveit2/install/moveit_task_constructor_core/include/moveit/python/pybind11/options.h
[1.689s] -- Up-to-date: /home/vinayak/ws_moveit2/install/moveit_task_constructor_core/include/moveit/python/pybind11/stl.h
[1.689s] -- Up-to-date: /home/vinayak/ws_moveit2/install/moveit_task_constructor_core/include/moveit/python/pybind11/stl_bind.h
[1.689s] -- Up-to-date: /home/vinayak/ws_moveit2/install/moveit_task_constructor_core/include/moveit/python/pybind11/attr.h
[1.689s] -- Up-to-date: /home/vinayak/ws_moveit2/install/moveit_task_constructor_core/include/moveit/python/pybind11/operators.h
[1.689s] -- Up-to-date: /home/vinayak/ws_moveit2/install/moveit_task_constructor_core/share/moveit_task_constructor_core/cmake/pybind11Config.cmake
[1.689s] -- Up-to-date: /home/vinayak/ws_moveit2/install/moveit_task_constructor_core/share/moveit_task_constructor_core/cmake/pybind11ConfigVersion.cmake
[1.689s] -- Up-to-date: /home/vinayak/ws_moveit2/install/moveit_task_constructor_core/share/moveit_task_constructor_core/cmake/FindPythonLibsNew.cmake
[1.689s] -- Up-to-date: /home/vinayak/ws_moveit2/install/moveit_task_constructor_core/share/moveit_task_constructor_core/cmake/pybind11Common.cmake
[1.689s] -- Up-to-date: /home/vinayak/ws_moveit2/install/moveit_task_constructor_core/share/moveit_task_constructor_core/cmake/pybind11Tools.cmake
[1.689s] -- Up-to-date: /home/vinayak/ws_moveit2/install/moveit_task_constructor_core/share/moveit_task_constructor_core/cmake/pybind11NewTools.cmake
[1.689s] -- Up-to-date: /home/vinayak/ws_moveit2/install/moveit_task_constructor_core/share/moveit_task_constructor_core/cmake/pybind11Targets.cmake
[1.690s] -- Up-to-date: /home/vinayak/ws_moveit2/install/moveit_task_constructor_core/share/pkgconfig/pybind11.pc
[1.690s] -- Up-to-date: /home/vinayak/ws_moveit2/install/moveit_task_constructor_core/local/lib/python3.10/dist-packages/pymoveit_mtc.cpython-310-x86_64-linux-gnu.so
[1.690s] Invoked command in '/home/vinayak/ws_moveit2/build/moveit_task_constructor_core' returned '0': AMENT_PREFIX_PATH=/home/vinayak/ws_moveit2/install/moveit_planners:/home/vinayak/ws_moveit2/install/pilz_industrial_motion_planner:/home/vinayak/ws_moveit2/install/moveit_resources_prbt_pg70_support:/home/vinayak/ws_moveit2/install/moveit_ros_planning_interface:/home/vinayak/ws_moveit2/install/moveit_resources_prbt_moveit_config:/home/vinayak/ws_moveit2/install/moveit_ros_move_group:/home/vinayak/ws_moveit2/install/moveit_ros_warehouse:/home/vinayak/ws_moveit2/install/moveit_planners_ompl:/home/vinayak/ws_moveit2/install/moveit_configs_utils:/home/vinayak/ws_moveit2/install/launch_param_builder:/home/vinayak/ws_moveit2/install/ur_calibration:/home/vinayak/ws_moveit2/install/ur_robot_driver:/home/vinayak/ws_moveit2/install/ur_bringup:/home/vinayak/ws_moveit2/install/ur_controllers:/home/vinayak/ws_moveit2/install/ur_dashboard_msgs:/home/vinayak/ws_moveit2/install/ur3e_motion_package:/home/vinayak/ws_moveit2/install/ur3e:/home/vinayak/ws_moveit2/install/pilz_industrial_motion_planner_testutils:/home/vinayak/ws_moveit2/install/moveit_ros_control_interface:/home/vinayak/ws_moveit2/install/moveit_plugins:/home/vinayak/ws_moveit2/install/moveit_simple_controller_manager:/home/vinayak/ws_moveit2/install/moveit_ros_planning:/home/vinayak/ws_moveit2/install/moveit_ros_occupancy_map_monitor:/home/vinayak/ws_moveit2/install/moveit_resources_prbt_ikfast_manipulator_plugin:/home/vinayak/ws_moveit2/install/moveit_planners_chomp:/home/vinayak/ws_moveit2/install/moveit_kinematics:/home/vinayak/ws_moveit2/install/moveit_chomp_optimizer_adapter:/home/vinayak/ws_moveit2/install/chomp_motion_planner:/home/vinayak/ws_moveit2/install/moveit_core:/home/vinayak/ws_moveit2/install/srdfdom:/home/vinayak/ws_moveit2/install/rviz_marker_tools:/home/vinayak/ws_moveit2/install/rosparam_shortcuts:/home/vinayak/ws_moveit2/install/moveit_task_constructor_msgs:/home/vinayak/ws_moveit2/install/moveit_resources_prbt_support:/home/vinayak/ws_moveit2/install/moveit_resources:/home/vinayak/ws_moveit2/install/moveit_resources_pr2_description:/home/vinayak/ws_moveit2/install/moveit_resources_panda_moveit_config:/home/vinayak/ws_moveit2/install/moveit_resources_panda_description:/home/vinayak/ws_moveit2/install/moveit_resources_fanuc_moveit_config:/home/vinayak/ws_moveit2/install/moveit_resources_fanuc_description:/home/vinayak/ws_moveit2/install/moveit_common:/opt/ros/humble CMAKE_PREFIX_PATH=/home/vinayak/ws_moveit2/install/moveit_planners:/home/vinayak/ws_moveit2/install/pilz_industrial_motion_planner:/home/vinayak/ws_moveit2/install/moveit_resources_prbt_pg70_support:/home/vinayak/ws_moveit2/install/moveit_ros_planning_interface:/home/vinayak/ws_moveit2/install/moveit_resources_prbt_moveit_config:/home/vinayak/ws_moveit2/install/moveit_ros_move_group:/home/vinayak/ws_moveit2/install/moveit_ros_warehouse:/home/vinayak/ws_moveit2/install/moveit_planners_ompl:/home/vinayak/ws_moveit2/install/moveit_kinematics:/home/vinayak/ws_moveit2/install/moveit_ros_planning:/home/vinayak/ws_moveit2/install/pilz_industrial_motion_planner_testutils:/home/vinayak/ws_moveit2/install/moveit_simple_controller_manager:/home/vinayak/ws_moveit2/install/moveit_ros_occupancy_map_monitor:/home/vinayak/ws_moveit2/install/moveit_resources_prbt_ikfast_manipulator_plugin:/home/vinayak/ws_moveit2/install/moveit_core:/home/vinayak/ws_moveit2/install/rviz_marker_tools:/home/vinayak/ws_moveit2/install/moveit_resources_panda_moveit_config:/home/vinayak/ws_moveit2/install/moveit_resources_fanuc_moveit_config:/home/vinayak/ws_moveit2/install/srdfdom:/home/vinayak/ws_moveit2/install/moveit_task_constructor_msgs:/home/vinayak/ws_moveit2/install/moveit_resources_prbt_support:/home/vinayak/ws_moveit2/install/moveit_resources_pr2_description:/home/vinayak/ws_moveit2/install/moveit_resources_panda_description:/home/vinayak/ws_moveit2/install/moveit_resources_fanuc_description:/home/vinayak/ws_moveit2/install/moveit_common:/home/vinayak/ws_moveit2/install/ur_calibration:/home/vinayak/ws_moveit2/install/ur_robot_driver:/home/vinayak/ws_moveit2/install/ur_bringup:/home/vinayak/ws_moveit2/install/ur_controllers:/home/vinayak/ws_moveit2/install/ur_dashboard_msgs:/home/vinayak/ws_moveit2/install/ur3e:/home/vinayak/ws_moveit2/install/moveit_ros_control_interface:/home/vinayak/ws_moveit2/install/moveit_plugins:/home/vinayak/ws_moveit2/install/moveit_planners_chomp:/home/vinayak/ws_moveit2/install/moveit_chomp_optimizer_adapter:/home/vinayak/ws_moveit2/install/chomp_motion_planner:/home/vinayak/ws_moveit2/install/rosparam_shortcuts:/home/vinayak/ws_moveit2/install/moveit_resources:/home/vinayak/ws_moveit2/install/ur3e_motion_package:/home/vinayak/ws_moveit2/install/moveit_configs_utils:/home/vinayak/ws_moveit2/install/launch_param_builder:/opt/ros/humble LD_LIBRARY_PATH=/home/vinayak/ws_moveit2/install/pilz_industrial_motion_planner/lib:/home/vinayak/ws_moveit2/install/moveit_ros_planning_interface/lib:/home/vinayak/ws_moveit2/install/moveit_ros_move_group/lib:/home/vinayak/ws_moveit2/install/moveit_ros_warehouse/lib:/home/vinayak/ws_moveit2/install/moveit_planners_ompl/lib:/home/vinayak/ws_moveit2/install/moveit_kinematics/lib:/home/vinayak/ws_moveit2/install/moveit_ros_planning/lib:/home/vinayak/ws_moveit2/install/pilz_industrial_motion_planner_testutils/lib:/home/vinayak/ws_moveit2/install/moveit_simple_controller_manager/lib:/home/vinayak/ws_moveit2/install/moveit_ros_occupancy_map_monitor/lib:/home/vinayak/ws_moveit2/install/moveit_resources_prbt_ikfast_manipulator_plugin/lib:/home/vinayak/ws_moveit2/install/moveit_core/lib:/home/vinayak/ws_moveit2/install/rviz_marker_tools/lib:/home/vinayak/ws_moveit2/install/srdfdom/lib:/home/vinayak/ws_moveit2/install/moveit_task_constructor_msgs/lib:/home/vinayak/ws_moveit2/install/ur_robot_driver/lib:/home/vinayak/ws_moveit2/install/ur_controllers/lib:/home/vinayak/ws_moveit2/install/ur_dashboard_msgs/lib:/home/vinayak/ws_moveit2/install/moveit_ros_control_interface/lib:/home/vinayak/ws_moveit2/install/moveit_planners_chomp/lib:/home/vinayak/ws_moveit2/install/moveit_chomp_optimizer_adapter/lib:/home/vinayak/ws_moveit2/install/chomp_motion_planner/lib:/home/vinayak/ws_moveit2/install/rosparam_shortcuts/lib:/usr/lib/x86_64-linux-gnu/gazebo-11/plugins:/opt/ros/humble/opt/rviz_ogre_vendor/lib:/opt/ros/humble/lib/x86_64-linux-gnu:/opt/ros/humble/lib:/usr/local/cuda-12.4/lib64 PATH=/home/vinayak/ws_moveit2/install/moveit_core/bin:/home/vinayak/ws_moveit2/install/ur_robot_driver/bin:/opt/ros/humble/bin:/usr/local/cuda-12.4/bin:/home/vinayak/.local/bin:/usr/local/sbin:/usr/local/bin:/usr/sbin:/usr/bin:/sbin:/bin:/usr/games:/usr/local/games:/snap/bin:/snap/bin PYTHONPATH=/home/vinayak/ws_moveit2/install/moveit_configs_utils/lib/python3.10/site-packages:/home/vinayak/ws_moveit2/install/launch_param_builder/lib/python3.10/site-packages:/home/vinayak/ws_moveit2/install/ur_robot_driver/local/lib/python3.10/dist-packages:/home/vinayak/ws_moveit2/install/ur_dashboard_msgs/local/lib/python3.10/dist-packages:/home/vinayak/ws_moveit2/install/ur3e_motion_package/lib/python3.10/site-packages:/home/vinayak/ws_moveit2/install/srdfdom/local/lib/python3.10/dist-packages:/home/vinayak/ws_moveit2/install/moveit_task_constructor_msgs/local/lib/python3.10/dist-packages:/opt/ros/humble/lib/python3.10/site-packages:/opt/ros/humble/local/lib/python3.10/dist-packages /usr/bin/cmake --install /home/vinayak/ws_moveit2/build/moveit_task_constructor_core
