[0.032s] Invoking command in '/home/vinayak/ws_moveit2/build/srdfdom': CMAKE_PREFIX_PATH=${CMAKE_PREFIX_PATH}:/home/vinayak/ws_moveit2/install/ur3e_rl:/home/vinayak/ws_moveit2/install/ur3e_motion_package:/home/vinayak/ws_moveit2/install/moveit_configs_utils:/home/vinayak/ws_moveit2/install/launch_param_builder:/opt/ros/humble /usr/bin/cmake /home/vinayak/ws_moveit2/src/srdfdom -DCMAKE_INSTALL_PREFIX=/home/vinayak/ws_moveit2/install/srdfdom
[0.416s] -- The CXX compiler identification is GNU 11.4.0
[0.416s] -- Detecting CXX compiler ABI info
[0.417s] -- Detecting CXX compiler ABI info - done
[0.417s] -- Check for working CXX compiler: /usr/bin/c++ - skipped
[0.417s] -- Detecting CXX compile features
[0.417s] -- Detecting CXX compile features - done
[0.417s] -- Found Boost: /usr/lib/x86_64-linux-gnu/cmake/Boost-1.74.0/BoostConfig.cmake (found version "1.74.0")  
[0.417s] -- Found ament_cmake: 1.3.11 (/opt/ros/humble/share/ament_cmake/cmake)
[0.642s] -- Found Python3: /usr/bin/python3 (found version "3.10.12") found components: Interpreter 
[0.808s] -- Found urdf: 2.6.1 (/opt/ros/humble/share/urdf/cmake)
[0.892s] -- Found TinyXML2 via Config file: TinyXML2_DIR-NOTFOUND
[1.058s] -- Found ament_cmake_gtest: 1.3.11 (/opt/ros/humble/share/ament_cmake_gtest/cmake)
[1.062s] -- Found ament_cmake_pytest: 1.3.11 (/opt/ros/humble/share/ament_cmake_pytest/cmake)
[4.537s] -- Found gtest sources under '/opt/ros/humble/src/gtest_vendor': C++ tests using 'Google Test' will be built
[4.582s] -- The C compiler identification is GNU 11.4.0
[4.589s] -- Detecting C compiler ABI info
[4.696s] -- Detecting C compiler ABI info - done
[4.709s] -- Check for working C compiler: /usr/bin/cc - skipped
[4.710s] -- Detecting C compile features
[4.710s] -- Detecting C compile features - done
[4.714s] -- Looking for C++ include pthread.h
[4.844s] -- Looking for C++ include pthread.h - found
[4.844s] -- Performing Test CMAKE_HAVE_LIBC_PTHREAD
[5.103s] -- Performing Test CMAKE_HAVE_LIBC_PTHREAD - Success
[5.105s] -- Found Threads: TRUE  
[5.113s] -- Found ament_lint_auto: 0.12.11 (/opt/ros/humble/share/ament_lint_auto/cmake)
[5.145s] -- Configuring done
[5.183s] -- Generating done
[5.189s] -- Build files have been written to: /home/vinayak/ws_moveit2/build/srdfdom
[5.206s] Invoked command in '/home/vinayak/ws_moveit2/build/srdfdom' returned '0': CMAKE_PREFIX_PATH=${CMAKE_PREFIX_PATH}:/home/vinayak/ws_moveit2/install/ur3e_rl:/home/vinayak/ws_moveit2/install/ur3e_motion_package:/home/vinayak/ws_moveit2/install/moveit_configs_utils:/home/vinayak/ws_moveit2/install/launch_param_builder:/opt/ros/humble /usr/bin/cmake /home/vinayak/ws_moveit2/src/srdfdom -DCMAKE_INSTALL_PREFIX=/home/vinayak/ws_moveit2/install/srdfdom
[5.210s] Invoking command in '/home/vinayak/ws_moveit2/build/srdfdom': CMAKE_PREFIX_PATH=${CMAKE_PREFIX_PATH}:/home/vinayak/ws_moveit2/install/ur3e_rl:/home/vinayak/ws_moveit2/install/ur3e_motion_package:/home/vinayak/ws_moveit2/install/moveit_configs_utils:/home/vinayak/ws_moveit2/install/launch_param_builder:/opt/ros/humble /usr/bin/cmake --build /home/vinayak/ws_moveit2/build/srdfdom -- -j8 -l8
[5.371s] [  9%] [32mBuilding CXX object CMakeFiles/srdfdom.dir/src/model.cpp.o[0m
[5.373s] [ 18%] [32mBuilding CXX object CMakeFiles/srdfdom.dir/src/srdf_writer.cpp.o[0m
[5.384s] [ 27%] [32mBuilding CXX object gtest/CMakeFiles/gtest_main.dir/src/gtest_main.cc.o[0m
[5.388s] [ 27%] Built target ament_cmake_python_copy_srdfdom
[5.398s] [ 36%] [32mBuilding CXX object gtest/CMakeFiles/gtest.dir/src/gtest-all.cc.o[0m
[6.595s] running egg_info
[6.596s] creating srdfdom.egg-info
[6.596s] writing srdfdom.egg-info/PKG-INFO
[6.607s] writing dependency_links to srdfdom.egg-info/dependency_links.txt
[6.607s] writing top-level names to srdfdom.egg-info/top_level.txt
[6.607s] writing manifest file 'srdfdom.egg-info/SOURCES.txt'
[6.620s] reading manifest file 'srdfdom.egg-info/SOURCES.txt'
[6.620s] writing manifest file 'srdfdom.egg-info/SOURCES.txt'
[6.758s] [ 36%] Built target ament_cmake_python_build_srdfdom_egg
[8.542s] [ 45%] [32m[1mLinking CXX static library libgtest_main.a[0m
[8.818s] [ 45%] Built target gtest_main
[11.769s] [ 54%] [32m[1mLinking CXX shared library libsrdfdom.so[0m
[12.604s] [ 54%] Built target srdfdom
[18.521s] [ 63%] [32m[1mLinking CXX static library libgtest.a[0m
[18.923s] [ 63%] Built target gtest
[19.006s] [ 72%] [32mBuilding CXX object CMakeFiles/test_cpp_C.dir/test/test_parser.cpp.o[0m
[19.019s] [ 81%] [32mBuilding CXX object CMakeFiles/test_cpp_nl_NL.UTF-8.dir/test/test_parser.cpp.o[0m
[23.947s] [ 90%] [32m[1mLinking CXX executable test_cpp_C[0m
[24.369s] [ 90%] Built target test_cpp_C
[27.533s] [100%] [32m[1mLinking CXX executable test_cpp_nl_NL.UTF-8[0m
[28.184s] [100%] Built target test_cpp_nl_NL.UTF-8
[28.223s] Invoked command in '/home/vinayak/ws_moveit2/build/srdfdom' returned '0': CMAKE_PREFIX_PATH=${CMAKE_PREFIX_PATH}:/home/vinayak/ws_moveit2/install/ur3e_rl:/home/vinayak/ws_moveit2/install/ur3e_motion_package:/home/vinayak/ws_moveit2/install/moveit_configs_utils:/home/vinayak/ws_moveit2/install/launch_param_builder:/opt/ros/humble /usr/bin/cmake --build /home/vinayak/ws_moveit2/build/srdfdom -- -j8 -l8
[28.230s] Invoking command in '/home/vinayak/ws_moveit2/build/srdfdom': CMAKE_PREFIX_PATH=${CMAKE_PREFIX_PATH}:/home/vinayak/ws_moveit2/install/ur3e_rl:/home/vinayak/ws_moveit2/install/ur3e_motion_package:/home/vinayak/ws_moveit2/install/moveit_configs_utils:/home/vinayak/ws_moveit2/install/launch_param_builder:/opt/ros/humble /usr/bin/cmake --install /home/vinayak/ws_moveit2/build/srdfdom
[28.254s] -- Install configuration: ""
[28.254s] -- Installing: /home/vinayak/ws_moveit2/install/srdfdom/lib/libsrdfdom.so.2.0.7
[28.261s] -- Set runtime path of "/home/vinayak/ws_moveit2/install/srdfdom/lib/libsrdfdom.so.2.0.7" to ""
[28.262s] -- Installing: /home/vinayak/ws_moveit2/install/srdfdom/lib/libsrdfdom.so
[28.263s] -- Installing: /home/vinayak/ws_moveit2/install/srdfdom/include/srdfdom
[28.263s] -- Installing: /home/vinayak/ws_moveit2/install/srdfdom/include/srdfdom/srdfdom
[28.263s] -- Installing: /home/vinayak/ws_moveit2/install/srdfdom/include/srdfdom/srdfdom/visibility_control.h
[28.263s] -- Installing: /home/vinayak/ws_moveit2/install/srdfdom/include/srdfdom/srdfdom/model.h
[28.263s] -- Installing: /home/vinayak/ws_moveit2/install/srdfdom/include/srdfdom/srdfdom/srdf_writer.h
[28.265s] -- Installing: /home/vinayak/ws_moveit2/install/srdfdom/lib/srdfdom/display_srdf
[28.271s] -- Installing: /home/vinayak/ws_moveit2/install/srdfdom/share/srdfdom/environment/pythonpath.sh
[28.272s] -- Installing: /home/vinayak/ws_moveit2/install/srdfdom/share/srdfdom/environment/pythonpath.dsv
[28.272s] -- Installing: /home/vinayak/ws_moveit2/install/srdfdom/local/lib/python3.10/dist-packages/srdfdom-2.0.7-py3.10.egg-info
[28.272s] -- Installing: /home/vinayak/ws_moveit2/install/srdfdom/local/lib/python3.10/dist-packages/srdfdom-2.0.7-py3.10.egg-info/dependency_links.txt
[28.272s] -- Installing: /home/vinayak/ws_moveit2/install/srdfdom/local/lib/python3.10/dist-packages/srdfdom-2.0.7-py3.10.egg-info/top_level.txt
[28.272s] -- Installing: /home/vinayak/ws_moveit2/install/srdfdom/local/lib/python3.10/dist-packages/srdfdom-2.0.7-py3.10.egg-info/SOURCES.txt
[28.272s] -- Installing: /home/vinayak/ws_moveit2/install/srdfdom/local/lib/python3.10/dist-packages/srdfdom-2.0.7-py3.10.egg-info/PKG-INFO
[28.272s] -- Installing: /home/vinayak/ws_moveit2/install/srdfdom/local/lib/python3.10/dist-packages/srdfdom
[28.272s] -- Installing: /home/vinayak/ws_moveit2/install/srdfdom/local/lib/python3.10/dist-packages/srdfdom/__init__.py
[28.272s] -- Installing: /home/vinayak/ws_moveit2/install/srdfdom/local/lib/python3.10/dist-packages/srdfdom/srdf.py
[28.403s] Listing '/home/vinayak/ws_moveit2/install/srdfdom/local/lib/python3.10/dist-packages/srdfdom'...
[28.404s] Compiling '/home/vinayak/ws_moveit2/install/srdfdom/local/lib/python3.10/dist-packages/srdfdom/__init__.py'...
[28.404s] Compiling '/home/vinayak/ws_moveit2/install/srdfdom/local/lib/python3.10/dist-packages/srdfdom/srdf.py'...
[28.411s] -- Installing: /home/vinayak/ws_moveit2/install/srdfdom/share/srdfdom/environment/library_path.sh
[28.411s] -- Installing: /home/vinayak/ws_moveit2/install/srdfdom/share/srdfdom/environment/library_path.dsv
[28.412s] -- Installing: /home/vinayak/ws_moveit2/install/srdfdom/share/ament_index/resource_index/package_run_dependencies/srdfdom
[28.412s] -- Installing: /home/vinayak/ws_moveit2/install/srdfdom/share/ament_index/resource_index/parent_prefix_path/srdfdom
[28.413s] -- Installing: /home/vinayak/ws_moveit2/install/srdfdom/share/srdfdom/environment/ament_prefix_path.sh
[28.413s] -- Installing: /home/vinayak/ws_moveit2/install/srdfdom/share/srdfdom/environment/ament_prefix_path.dsv
[28.414s] -- Installing: /home/vinayak/ws_moveit2/install/srdfdom/share/srdfdom/environment/path.sh
[28.415s] -- Installing: /home/vinayak/ws_moveit2/install/srdfdom/share/srdfdom/environment/path.dsv
[28.415s] -- Installing: /home/vinayak/ws_moveit2/install/srdfdom/share/srdfdom/local_setup.bash
[28.416s] -- Installing: /home/vinayak/ws_moveit2/install/srdfdom/share/srdfdom/local_setup.sh
[28.419s] -- Installing: /home/vinayak/ws_moveit2/install/srdfdom/share/srdfdom/local_setup.zsh
[28.420s] -- Installing: /home/vinayak/ws_moveit2/install/srdfdom/share/srdfdom/local_setup.dsv
[28.420s] -- Installing: /home/vinayak/ws_moveit2/install/srdfdom/share/srdfdom/package.dsv
[28.427s] -- Installing: /home/vinayak/ws_moveit2/install/srdfdom/share/ament_index/resource_index/packages/srdfdom
[28.428s] -- Installing: /home/vinayak/ws_moveit2/install/srdfdom/share/srdfdom/cmake/srdfdomTargetsExport.cmake
[28.428s] -- Installing: /home/vinayak/ws_moveit2/install/srdfdom/share/srdfdom/cmake/srdfdomTargetsExport-noconfig.cmake
[28.428s] -- Installing: /home/vinayak/ws_moveit2/install/srdfdom/share/srdfdom/cmake/ament_cmake_export_targets-extras.cmake
[28.428s] -- Installing: /home/vinayak/ws_moveit2/install/srdfdom/share/srdfdom/cmake/ament_cmake_export_dependencies-extras.cmake
[28.428s] -- Installing: /home/vinayak/ws_moveit2/install/srdfdom/share/srdfdom/cmake/srdfdomConfig.cmake
[28.428s] -- Installing: /home/vinayak/ws_moveit2/install/srdfdom/share/srdfdom/cmake/srdfdomConfig-version.cmake
[28.428s] -- Installing: /home/vinayak/ws_moveit2/install/srdfdom/share/srdfdom/package.xml
[28.439s] Invoked command in '/home/vinayak/ws_moveit2/build/srdfdom' returned '0': CMAKE_PREFIX_PATH=${CMAKE_PREFIX_PATH}:/home/vinayak/ws_moveit2/install/ur3e_rl:/home/vinayak/ws_moveit2/install/ur3e_motion_package:/home/vinayak/ws_moveit2/install/moveit_configs_utils:/home/vinayak/ws_moveit2/install/launch_param_builder:/opt/ros/humble /usr/bin/cmake --install /home/vinayak/ws_moveit2/build/srdfdom
