[1.537s] Invoking command in '/home/vinayak/ws_moveit2/src/ur3e_motion_package': PYTHONPATH=/home/vinayak/ws_moveit2/build/ur3e_motion_package/prefix_override:/usr/lib/python3/dist-packages/colcon_core/task/python/colcon_distutils_commands:/home/vinayak/ws_moveit2/install/ur3e_motion_package/lib/python3.10/site-packages:${PYTHONPATH} /usr/bin/python3 -W ignore:setup.py install is deprecated -W ignore:easy_install command is deprecated setup.py egg_info --egg-base ../../build/ur3e_motion_package build --build-base /home/vinayak/ws_moveit2/build/ur3e_motion_package/build install --record /home/vinayak/ws_moveit2/build/ur3e_motion_package/install.log --single-version-externally-managed install_data
[2.931s] running egg_info
[2.931s] creating ../../build/ur3e_motion_package/ur3e_motion_package.egg-info
[2.931s] writing ../../build/ur3e_motion_package/ur3e_motion_package.egg-info/PKG-INFO
[2.932s] writing dependency_links to ../../build/ur3e_motion_package/ur3e_motion_package.egg-info/dependency_links.txt
[2.939s] writing entry points to ../../build/ur3e_motion_package/ur3e_motion_package.egg-info/entry_points.txt
[2.939s] writing requirements to ../../build/ur3e_motion_package/ur3e_motion_package.egg-info/requires.txt
[2.939s] writing top-level names to ../../build/ur3e_motion_package/ur3e_motion_package.egg-info/top_level.txt
[2.939s] writing manifest file '../../build/ur3e_motion_package/ur3e_motion_package.egg-info/SOURCES.txt'
[2.939s] reading manifest file '../../build/ur3e_motion_package/ur3e_motion_package.egg-info/SOURCES.txt'
[2.948s] writing manifest file '../../build/ur3e_motion_package/ur3e_motion_package.egg-info/SOURCES.txt'
[2.948s] running build
[2.948s] running build_py
[2.948s] creating /home/vinayak/ws_moveit2/build/ur3e_motion_package/build
[2.948s] creating /home/vinayak/ws_moveit2/build/ur3e_motion_package/build/lib
[2.949s] creating /home/vinayak/ws_moveit2/build/ur3e_motion_package/build/lib/ur3e_motion_package
[2.949s] copying ur3e_motion_package/ur3e_motion.py -> /home/vinayak/ws_moveit2/build/ur3e_motion_package/build/lib/ur3e_motion_package
[2.949s] copying ur3e_motion_package/__init__.py -> /home/vinayak/ws_moveit2/build/ur3e_motion_package/build/lib/ur3e_motion_package
[2.950s] running install
[2.950s] running install_lib
[2.952s] creating /home/vinayak/ws_moveit2/install/ur3e_motion_package/lib/python3.10/site-packages/ur3e_motion_package
[2.955s] copying /home/vinayak/ws_moveit2/build/ur3e_motion_package/build/lib/ur3e_motion_package/ur3e_motion.py -> /home/vinayak/ws_moveit2/install/ur3e_motion_package/lib/python3.10/site-packages/ur3e_motion_package
[2.955s] copying /home/vinayak/ws_moveit2/build/ur3e_motion_package/build/lib/ur3e_motion_package/__init__.py -> /home/vinayak/ws_moveit2/install/ur3e_motion_package/lib/python3.10/site-packages/ur3e_motion_package
[2.956s] byte-compiling /home/vinayak/ws_moveit2/install/ur3e_motion_package/lib/python3.10/site-packages/ur3e_motion_package/ur3e_motion.py to ur3e_motion.cpython-310.pyc
[2.961s] byte-compiling /home/vinayak/ws_moveit2/install/ur3e_motion_package/lib/python3.10/site-packages/ur3e_motion_package/__init__.py to __init__.cpython-310.pyc
[2.961s] running install_data
[2.962s] creating /home/vinayak/ws_moveit2/install/ur3e_motion_package/share/ament_index
[2.962s] creating /home/vinayak/ws_moveit2/install/ur3e_motion_package/share/ament_index/resource_index
[2.962s] creating /home/vinayak/ws_moveit2/install/ur3e_motion_package/share/ament_index/resource_index/packages
[2.962s] copying resource/ur3e_motion_package -> /home/vinayak/ws_moveit2/install/ur3e_motion_package/share/ament_index/resource_index/packages
[2.962s] copying package.xml -> /home/vinayak/ws_moveit2/install/ur3e_motion_package/share/ur3e_motion_package
[2.962s] running install_egg_info
[2.972s] Copying ../../build/ur3e_motion_package/ur3e_motion_package.egg-info to /home/vinayak/ws_moveit2/install/ur3e_motion_package/lib/python3.10/site-packages/ur3e_motion_package-0.0.0-py3.10.egg-info
[2.980s] running install_scripts
[3.059s] Installing ur3e_motion script to /home/vinayak/ws_moveit2/install/ur3e_motion_package/lib/ur3e_motion_package
[3.059s] writing list of installed files to '/home/vinayak/ws_moveit2/build/ur3e_motion_package/install.log'
[3.200s] Invoked command in '/home/vinayak/ws_moveit2/src/ur3e_motion_package' returned '0': PYTHONPATH=/home/vinayak/ws_moveit2/build/ur3e_motion_package/prefix_override:/usr/lib/python3/dist-packages/colcon_core/task/python/colcon_distutils_commands:/home/vinayak/ws_moveit2/install/ur3e_motion_package/lib/python3.10/site-packages:${PYTHONPATH} /usr/bin/python3 -W ignore:setup.py install is deprecated -W ignore:easy_install command is deprecated setup.py egg_info --egg-base ../../build/ur3e_motion_package build --build-base /home/vinayak/ws_moveit2/build/ur3e_motion_package/build install --record /home/vinayak/ws_moveit2/build/ur3e_motion_package/install.log --single-version-externally-managed install_data
