[0.034s] Invoking command in '/home/vinayak/ws_moveit2/build/moveit_ros_perception': AMENT_PREFIX_PATH=/home/vinayak/ws_moveit2/install/moveit_ros_planning:/home/vinayak/ws_moveit2/install/moveit_ros_occupancy_map_monitor:/home/vinayak/ws_moveit2/install/moveit_core:/home/vinayak/ws_moveit2/install/moveit_resources_panda_moveit_config:/home/vinayak/ws_moveit2/install/moveit_configs_utils:/home/vinayak/ws_moveit2/install/srdfdom:/home/vinayak/ws_moveit2/install/moveit_resources_pr2_description:/home/vinayak/ws_moveit2/install/moveit_resources_panda_description:/home/vinayak/ws_moveit2/install/moveit_common:/home/vinayak/ws_moveit2/install/launch_param_builder:${AMENT_PREFIX_PATH} CMAKE_PREFIX_PATH=/home/vinayak/ws_moveit2/install/moveit_ros_planning:/home/vinayak/ws_moveit2/install/moveit_ros_occupancy_map_monitor:/home/vinayak/ws_moveit2/install/moveit_core:/home/vinayak/ws_moveit2/install/moveit_resources_panda_moveit_config:/home/vinayak/ws_moveit2/install/srdfdom:/home/vinayak/ws_moveit2/install/moveit_resources_pr2_description:/home/vinayak/ws_moveit2/install/moveit_resources_panda_description:/home/vinayak/ws_moveit2/install/moveit_common:/opt/ros/humble LD_LIBRARY_PATH=/home/vinayak/ws_moveit2/install/moveit_ros_planning/lib:/home/vinayak/ws_moveit2/install/moveit_ros_occupancy_map_monitor/lib:/home/vinayak/ws_moveit2/install/moveit_core/lib:/home/vinayak/ws_moveit2/install/srdfdom/lib:${LD_LIBRARY_PATH} PATH=/home/vinayak/ws_moveit2/install/moveit_core/bin:${PATH} PYTHONPATH=/home/vinayak/ws_moveit2/install/moveit_configs_utils/lib/python3.10/site-packages:/home/vinayak/ws_moveit2/install/srdfdom/local/lib/python3.10/dist-packages:/home/vinayak/ws_moveit2/install/launch_param_builder/lib/python3.10/site-packages:${PYTHONPATH} /usr/bin/cmake --build /home/vinayak/ws_moveit2/build/moveit_ros_perception -- -j8 -l8
[0.182s] [ 10%] Built target moveit_lazy_free_space_updater
[0.194s] [ 20%] Built target moveit_point_containment_filter
[0.329s] [ 30%] Built target moveit_semantic_world
[0.371s] [ 60%] Built target moveit_mesh_filter
[0.625s] [ 70%] Built target moveit_pointcloud_octomap_updater_core
[0.736s] [ 80%] Built target moveit_depth_image_octomap_updater_core
[0.958s] [ 90%] Built target moveit_pointcloud_octomap_updater
[1.037s] [100%] Built target moveit_depth_image_octomap_updater
[1.328s] Invoked command in '/home/vinayak/ws_moveit2/build/moveit_ros_perception' returned '0': AMENT_PREFIX_PATH=/home/vinayak/ws_moveit2/install/moveit_ros_planning:/home/vinayak/ws_moveit2/install/moveit_ros_occupancy_map_monitor:/home/vinayak/ws_moveit2/install/moveit_core:/home/vinayak/ws_moveit2/install/moveit_resources_panda_moveit_config:/home/vinayak/ws_moveit2/install/moveit_configs_utils:/home/vinayak/ws_moveit2/install/srdfdom:/home/vinayak/ws_moveit2/install/moveit_resources_pr2_description:/home/vinayak/ws_moveit2/install/moveit_resources_panda_description:/home/vinayak/ws_moveit2/install/moveit_common:/home/vinayak/ws_moveit2/install/launch_param_builder:${AMENT_PREFIX_PATH} CMAKE_PREFIX_PATH=/home/vinayak/ws_moveit2/install/moveit_ros_planning:/home/vinayak/ws_moveit2/install/moveit_ros_occupancy_map_monitor:/home/vinayak/ws_moveit2/install/moveit_core:/home/vinayak/ws_moveit2/install/moveit_resources_panda_moveit_config:/home/vinayak/ws_moveit2/install/srdfdom:/home/vinayak/ws_moveit2/install/moveit_resources_pr2_description:/home/vinayak/ws_moveit2/install/moveit_resources_panda_description:/home/vinayak/ws_moveit2/install/moveit_common:/opt/ros/humble LD_LIBRARY_PATH=/home/vinayak/ws_moveit2/install/moveit_ros_planning/lib:/home/vinayak/ws_moveit2/install/moveit_ros_occupancy_map_monitor/lib:/home/vinayak/ws_moveit2/install/moveit_core/lib:/home/vinayak/ws_moveit2/install/srdfdom/lib:${LD_LIBRARY_PATH} PATH=/home/vinayak/ws_moveit2/install/moveit_core/bin:${PATH} PYTHONPATH=/home/vinayak/ws_moveit2/install/moveit_configs_utils/lib/python3.10/site-packages:/home/vinayak/ws_moveit2/install/srdfdom/local/lib/python3.10/dist-packages:/home/vinayak/ws_moveit2/install/launch_param_builder/lib/python3.10/site-packages:${PYTHONPATH} /usr/bin/cmake --build /home/vinayak/ws_moveit2/build/moveit_ros_perception -- -j8 -l8
[1.345s] Invoking command in '/home/vinayak/ws_moveit2/build/moveit_ros_perception': AMENT_PREFIX_PATH=/home/vinayak/ws_moveit2/install/moveit_ros_planning:/home/vinayak/ws_moveit2/install/moveit_ros_occupancy_map_monitor:/home/vinayak/ws_moveit2/install/moveit_core:/home/vinayak/ws_moveit2/install/moveit_resources_panda_moveit_config:/home/vinayak/ws_moveit2/install/moveit_configs_utils:/home/vinayak/ws_moveit2/install/srdfdom:/home/vinayak/ws_moveit2/install/moveit_resources_pr2_description:/home/vinayak/ws_moveit2/install/moveit_resources_panda_description:/home/vinayak/ws_moveit2/install/moveit_common:/home/vinayak/ws_moveit2/install/launch_param_builder:${AMENT_PREFIX_PATH} CMAKE_PREFIX_PATH=/home/vinayak/ws_moveit2/install/moveit_ros_planning:/home/vinayak/ws_moveit2/install/moveit_ros_occupancy_map_monitor:/home/vinayak/ws_moveit2/install/moveit_core:/home/vinayak/ws_moveit2/install/moveit_resources_panda_moveit_config:/home/vinayak/ws_moveit2/install/srdfdom:/home/vinayak/ws_moveit2/install/moveit_resources_pr2_description:/home/vinayak/ws_moveit2/install/moveit_resources_panda_description:/home/vinayak/ws_moveit2/install/moveit_common:/opt/ros/humble LD_LIBRARY_PATH=/home/vinayak/ws_moveit2/install/moveit_ros_planning/lib:/home/vinayak/ws_moveit2/install/moveit_ros_occupancy_map_monitor/lib:/home/vinayak/ws_moveit2/install/moveit_core/lib:/home/vinayak/ws_moveit2/install/srdfdom/lib:${LD_LIBRARY_PATH} PATH=/home/vinayak/ws_moveit2/install/moveit_core/bin:${PATH} PYTHONPATH=/home/vinayak/ws_moveit2/install/moveit_configs_utils/lib/python3.10/site-packages:/home/vinayak/ws_moveit2/install/srdfdom/local/lib/python3.10/dist-packages:/home/vinayak/ws_moveit2/install/launch_param_builder/lib/python3.10/site-packages:${PYTHONPATH} /usr/bin/cmake --install /home/vinayak/ws_moveit2/build/moveit_ros_perception
[1.385s] -- Install configuration: "Release"
[1.386s] -- Up-to-date: /home/vinayak/ws_moveit2/install/moveit_ros_perception/include
[1.387s] -- Up-to-date: /home/vinayak/ws_moveit2/install/moveit_ros_perception/include/moveit
[1.388s] -- Up-to-date: /home/vinayak/ws_moveit2/install/moveit_ros_perception/include/moveit/lazy_free_space_updater
[1.389s] -- Up-to-date: /home/vinayak/ws_moveit2/install/moveit_ros_perception/include/moveit/lazy_free_space_updater/lazy_free_space_updater.h
[1.390s] -- Up-to-date: /home/vinayak/ws_moveit2/install/moveit_ros_perception/include
[1.391s] -- Up-to-date: /home/vinayak/ws_moveit2/install/moveit_ros_perception/include/moveit
[1.393s] -- Up-to-date: /home/vinayak/ws_moveit2/install/moveit_ros_perception/include/moveit/point_containment_filter
[1.394s] -- Up-to-date: /home/vinayak/ws_moveit2/install/moveit_ros_perception/include/moveit/point_containment_filter/shape_mask.h
[1.394s] -- Up-to-date: /home/vinayak/ws_moveit2/install/moveit_ros_perception/include
[1.395s] -- Up-to-date: /home/vinayak/ws_moveit2/install/moveit_ros_perception/include/moveit
[1.396s] -- Up-to-date: /home/vinayak/ws_moveit2/install/moveit_ros_perception/include/moveit/pointcloud_octomap_updater
[1.396s] -- Up-to-date: /home/vinayak/ws_moveit2/install/moveit_ros_perception/include/moveit/pointcloud_octomap_updater/pointcloud_octomap_updater.h
[1.397s] -- Up-to-date: /home/vinayak/ws_moveit2/install/moveit_ros_perception/include
[1.398s] -- Up-to-date: /home/vinayak/ws_moveit2/install/moveit_ros_perception/include/moveit
[1.398s] -- Up-to-date: /home/vinayak/ws_moveit2/install/moveit_ros_perception/include/moveit/mesh_filter
[1.398s] -- Up-to-date: /home/vinayak/ws_moveit2/install/moveit_ros_perception/include/moveit/mesh_filter/mesh_filter.h
[1.399s] -- Up-to-date: /home/vinayak/ws_moveit2/install/moveit_ros_perception/include/moveit/mesh_filter/gl_renderer.h
[1.401s] -- Up-to-date: /home/vinayak/ws_moveit2/install/moveit_ros_perception/include/moveit/mesh_filter/sensor_model.h
[1.402s] -- Up-to-date: /home/vinayak/ws_moveit2/install/moveit_ros_perception/include/moveit/mesh_filter/depth_self_filter_nodelet.h
[1.402s] -- Up-to-date: /home/vinayak/ws_moveit2/install/moveit_ros_perception/include/moveit/mesh_filter/gl_mesh.h
[1.403s] -- Up-to-date: /home/vinayak/ws_moveit2/install/moveit_ros_perception/include/moveit/mesh_filter/transform_provider.h
[1.403s] -- Up-to-date: /home/vinayak/ws_moveit2/install/moveit_ros_perception/include/moveit/mesh_filter/stereo_camera_model.h
[1.404s] -- Up-to-date: /home/vinayak/ws_moveit2/install/moveit_ros_perception/include/moveit/mesh_filter/mesh_filter_base.h
[1.406s] -- Up-to-date: /home/vinayak/ws_moveit2/install/moveit_ros_perception/include/moveit/mesh_filter/filter_job.h
[1.408s] -- Up-to-date: /home/vinayak/ws_moveit2/install/moveit_ros_perception/include/moveit_mesh_filter_export.h
[1.408s] -- Up-to-date: /home/vinayak/ws_moveit2/install/moveit_ros_perception/include
[1.409s] -- Up-to-date: /home/vinayak/ws_moveit2/install/moveit_ros_perception/include/moveit
[1.409s] -- Up-to-date: /home/vinayak/ws_moveit2/install/moveit_ros_perception/include/moveit/depth_image_octomap_updater
[1.410s] -- Up-to-date: /home/vinayak/ws_moveit2/install/moveit_ros_perception/include/moveit/depth_image_octomap_updater/depth_image_octomap_updater.h
[1.411s] -- Up-to-date: /home/vinayak/ws_moveit2/install/moveit_ros_perception/include
[1.411s] -- Up-to-date: /home/vinayak/ws_moveit2/install/moveit_ros_perception/include/moveit
[1.412s] -- Up-to-date: /home/vinayak/ws_moveit2/install/moveit_ros_perception/include/moveit/semantic_world
[1.413s] -- Up-to-date: /home/vinayak/ws_moveit2/install/moveit_ros_perception/include/moveit/semantic_world/semantic_world.h
[1.413s] -- Up-to-date: /home/vinayak/ws_moveit2/install/moveit_ros_perception/lib/libmoveit_depth_image_octomap_updater.so.2.5.6
[1.415s] -- Up-to-date: /home/vinayak/ws_moveit2/install/moveit_ros_perception/lib/libmoveit_depth_image_octomap_updater.so
[1.416s] -- Up-to-date: /home/vinayak/ws_moveit2/install/moveit_ros_perception/lib/libmoveit_depth_image_octomap_updater_core.so.2.5.6
[1.417s] -- Up-to-date: /home/vinayak/ws_moveit2/install/moveit_ros_perception/lib/libmoveit_depth_image_octomap_updater_core.so
[1.417s] -- Up-to-date: /home/vinayak/ws_moveit2/install/moveit_ros_perception/lib/libmoveit_lazy_free_space_updater.so.2.5.6
[1.418s] -- Up-to-date: /home/vinayak/ws_moveit2/install/moveit_ros_perception/lib/libmoveit_lazy_free_space_updater.so
[1.426s] -- Up-to-date: /home/vinayak/ws_moveit2/install/moveit_ros_perception/lib/libmoveit_mesh_filter.so.2.5.6
[1.435s] -- Up-to-date: /home/vinayak/ws_moveit2/install/moveit_ros_perception/lib/libmoveit_mesh_filter.so
[1.446s] -- Up-to-date: /home/vinayak/ws_moveit2/install/moveit_ros_perception/lib/libmoveit_point_containment_filter.so.2.5.6
[1.447s] -- Up-to-date: /home/vinayak/ws_moveit2/install/moveit_ros_perception/lib/libmoveit_point_containment_filter.so
[1.447s] -- Up-to-date: /home/vinayak/ws_moveit2/install/moveit_ros_perception/lib/libmoveit_pointcloud_octomap_updater.so.2.5.6
[1.450s] -- Up-to-date: /home/vinayak/ws_moveit2/install/moveit_ros_perception/lib/libmoveit_pointcloud_octomap_updater.so
[1.451s] -- Up-to-date: /home/vinayak/ws_moveit2/install/moveit_ros_perception/lib/libmoveit_pointcloud_octomap_updater_core.so.2.5.6
[1.451s] -- Up-to-date: /home/vinayak/ws_moveit2/install/moveit_ros_perception/lib/libmoveit_pointcloud_octomap_updater_core.so
[1.452s] -- Up-to-date: /home/vinayak/ws_moveit2/install/moveit_ros_perception/lib/libmoveit_semantic_world.so.2.5.6
[1.453s] -- Up-to-date: /home/vinayak/ws_moveit2/install/moveit_ros_perception/lib/libmoveit_semantic_world.so
[1.454s] -- Up-to-date: /home/vinayak/ws_moveit2/install/moveit_ros_perception/share/moveit_ros_perception/environment/library_path.sh
[1.455s] -- Up-to-date: /home/vinayak/ws_moveit2/install/moveit_ros_perception/share/moveit_ros_perception/environment/library_path.dsv
[1.456s] -- Up-to-date: /home/vinayak/ws_moveit2/install/moveit_ros_perception/share/moveit_ros_perception/pointcloud_octomap_updater_plugin_description.xml
[1.458s] -- Up-to-date: /home/vinayak/ws_moveit2/install/moveit_ros_perception/share/moveit_ros_perception/depth_image_octomap_updater_plugin_description.xml
[1.459s] -- Up-to-date: /home/vinayak/ws_moveit2/install/moveit_ros_perception/share/ament_index/resource_index/package_run_dependencies/moveit_ros_perception
[1.472s] -- Up-to-date: /home/vinayak/ws_moveit2/install/moveit_ros_perception/share/ament_index/resource_index/parent_prefix_path/moveit_ros_perception
[1.472s] -- Up-to-date: /home/vinayak/ws_moveit2/install/moveit_ros_perception/share/moveit_ros_perception/environment/ament_prefix_path.sh
[1.473s] -- Up-to-date: /home/vinayak/ws_moveit2/install/moveit_ros_perception/share/moveit_ros_perception/environment/ament_prefix_path.dsv
[1.478s] -- Up-to-date: /home/vinayak/ws_moveit2/install/moveit_ros_perception/share/moveit_ros_perception/environment/path.sh
[1.478s] -- Up-to-date: /home/vinayak/ws_moveit2/install/moveit_ros_perception/share/moveit_ros_perception/environment/path.dsv
[1.479s] -- Up-to-date: /home/vinayak/ws_moveit2/install/moveit_ros_perception/share/moveit_ros_perception/local_setup.bash
[1.479s] -- Up-to-date: /home/vinayak/ws_moveit2/install/moveit_ros_perception/share/moveit_ros_perception/local_setup.sh
[1.480s] -- Up-to-date: /home/vinayak/ws_moveit2/install/moveit_ros_perception/share/moveit_ros_perception/local_setup.zsh
[1.480s] -- Up-to-date: /home/vinayak/ws_moveit2/install/moveit_ros_perception/share/moveit_ros_perception/local_setup.dsv
[1.481s] -- Installing: /home/vinayak/ws_moveit2/install/moveit_ros_perception/share/moveit_ros_perception/package.dsv
[1.481s] -- Up-to-date: /home/vinayak/ws_moveit2/install/moveit_ros_perception/share/ament_index/resource_index/packages/moveit_ros_perception
[1.482s] -- Up-to-date: /home/vinayak/ws_moveit2/install/moveit_ros_perception/share/ament_index/resource_index/moveit_ros_occupancy_map_monitor__pluginlib__plugin/moveit_ros_perception
[1.482s] -- Up-to-date: /home/vinayak/ws_moveit2/install/moveit_ros_perception/share/moveit_ros_perception/cmake/export_moveit_ros_perceptionExport.cmake
[1.483s] -- Up-to-date: /home/vinayak/ws_moveit2/install/moveit_ros_perception/share/moveit_ros_perception/cmake/export_moveit_ros_perceptionExport-release.cmake
[1.484s] -- Up-to-date: /home/vinayak/ws_moveit2/install/moveit_ros_perception/share/moveit_ros_perception/cmake/ConfigExtras.cmake
[1.485s] -- Up-to-date: /home/vinayak/ws_moveit2/install/moveit_ros_perception/share/moveit_ros_perception/cmake/ament_cmake_export_targets-extras.cmake
[1.485s] -- Up-to-date: /home/vinayak/ws_moveit2/install/moveit_ros_perception/share/moveit_ros_perception/cmake/ament_cmake_export_dependencies-extras.cmake
[1.486s] -- Up-to-date: /home/vinayak/ws_moveit2/install/moveit_ros_perception/share/moveit_ros_perception/cmake/moveit_ros_perceptionConfig.cmake
[1.486s] -- Up-to-date: /home/vinayak/ws_moveit2/install/moveit_ros_perception/share/moveit_ros_perception/cmake/moveit_ros_perceptionConfig-version.cmake
[1.487s] -- Up-to-date: /home/vinayak/ws_moveit2/install/moveit_ros_perception/share/moveit_ros_perception/package.xml
[1.543s] Invoked command in '/home/vinayak/ws_moveit2/build/moveit_ros_perception' returned '0': AMENT_PREFIX_PATH=/home/vinayak/ws_moveit2/install/moveit_ros_planning:/home/vinayak/ws_moveit2/install/moveit_ros_occupancy_map_monitor:/home/vinayak/ws_moveit2/install/moveit_core:/home/vinayak/ws_moveit2/install/moveit_resources_panda_moveit_config:/home/vinayak/ws_moveit2/install/moveit_configs_utils:/home/vinayak/ws_moveit2/install/srdfdom:/home/vinayak/ws_moveit2/install/moveit_resources_pr2_description:/home/vinayak/ws_moveit2/install/moveit_resources_panda_description:/home/vinayak/ws_moveit2/install/moveit_common:/home/vinayak/ws_moveit2/install/launch_param_builder:${AMENT_PREFIX_PATH} CMAKE_PREFIX_PATH=/home/vinayak/ws_moveit2/install/moveit_ros_planning:/home/vinayak/ws_moveit2/install/moveit_ros_occupancy_map_monitor:/home/vinayak/ws_moveit2/install/moveit_core:/home/vinayak/ws_moveit2/install/moveit_resources_panda_moveit_config:/home/vinayak/ws_moveit2/install/srdfdom:/home/vinayak/ws_moveit2/install/moveit_resources_pr2_description:/home/vinayak/ws_moveit2/install/moveit_resources_panda_description:/home/vinayak/ws_moveit2/install/moveit_common:/opt/ros/humble LD_LIBRARY_PATH=/home/vinayak/ws_moveit2/install/moveit_ros_planning/lib:/home/vinayak/ws_moveit2/install/moveit_ros_occupancy_map_monitor/lib:/home/vinayak/ws_moveit2/install/moveit_core/lib:/home/vinayak/ws_moveit2/install/srdfdom/lib:${LD_LIBRARY_PATH} PATH=/home/vinayak/ws_moveit2/install/moveit_core/bin:${PATH} PYTHONPATH=/home/vinayak/ws_moveit2/install/moveit_configs_utils/lib/python3.10/site-packages:/home/vinayak/ws_moveit2/install/srdfdom/local/lib/python3.10/dist-packages:/home/vinayak/ws_moveit2/install/launch_param_builder/lib/python3.10/site-packages:${PYTHONPATH} /usr/bin/cmake --install /home/vinayak/ws_moveit2/build/moveit_ros_perception
