[1.205s] Invoking command in '/home/vinayak/ws_moveit2/src/moveit2/moveit_configs_utils': AMENT_PREFIX_PATH=/home/vinayak/ws_moveit2/install/srdfdom:/home/vinayak/ws_moveit2/install/launch_param_builder:${AMENT_PREFIX_PATH} CMAKE_PREFIX_PATH=/home/vinayak/ws_moveit2/install/srdfdom LD_LIBRARY_PATH=/home/vinayak/ws_moveit2/install/srdfdom/lib:${LD_LIBRARY_PATH} PYTHONPATH=/home/vinayak/ws_moveit2/build/moveit_configs_utils/prefix_override:/usr/lib/python3/dist-packages/colcon_core/task/python/colcon_distutils_commands:/home/vinayak/ws_moveit2/install/moveit_configs_utils/lib/python3.10/site-packages:/home/vinayak/ws_moveit2/install/srdfdom/local/lib/python3.10/dist-packages:/home/vinayak/ws_moveit2/install/launch_param_builder/lib/python3.10/site-packages:${PYTHONPATH} /usr/bin/python3 -W ignore:setup.py install is deprecated -W ignore:easy_install command is deprecated setup.py egg_info --egg-base ../../../build/moveit_configs_utils build --build-base /home/vinayak/ws_moveit2/build/moveit_configs_utils/build install --record /home/vinayak/ws_moveit2/build/moveit_configs_utils/install.log --single-version-externally-managed install_data
[1.496s] running egg_info
[1.497s] writing ../../../build/moveit_configs_utils/moveit_configs_utils.egg-info/PKG-INFO
[1.497s] writing dependency_links to ../../../build/moveit_configs_utils/moveit_configs_utils.egg-info/dependency_links.txt
[1.497s] writing entry points to ../../../build/moveit_configs_utils/moveit_configs_utils.egg-info/entry_points.txt
[1.497s] writing requirements to ../../../build/moveit_configs_utils/moveit_configs_utils.egg-info/requires.txt
[1.497s] writing top-level names to ../../../build/moveit_configs_utils/moveit_configs_utils.egg-info/top_level.txt
[1.499s] reading manifest file '../../../build/moveit_configs_utils/moveit_configs_utils.egg-info/SOURCES.txt'
[1.500s] writing manifest file '../../../build/moveit_configs_utils/moveit_configs_utils.egg-info/SOURCES.txt'
[1.500s] running build
[1.500s] running build_py
[1.500s] running install
[1.501s] running install_lib
[1.502s] running install_data
[1.502s] running install_egg_info
[1.504s] removing '/home/vinayak/ws_moveit2/install/moveit_configs_utils/lib/python3.10/site-packages/moveit_configs_utils-2.5.6-py3.10.egg-info' (and everything under it)
[1.504s] Copying ../../../build/moveit_configs_utils/moveit_configs_utils.egg-info to /home/vinayak/ws_moveit2/install/moveit_configs_utils/lib/python3.10/site-packages/moveit_configs_utils-2.5.6-py3.10.egg-info
[1.505s] running install_scripts
[1.523s] writing list of installed files to '/home/vinayak/ws_moveit2/build/moveit_configs_utils/install.log'
[1.543s] Invoked command in '/home/vinayak/ws_moveit2/src/moveit2/moveit_configs_utils' returned '0': AMENT_PREFIX_PATH=/home/vinayak/ws_moveit2/install/srdfdom:/home/vinayak/ws_moveit2/install/launch_param_builder:${AMENT_PREFIX_PATH} CMAKE_PREFIX_PATH=/home/vinayak/ws_moveit2/install/srdfdom LD_LIBRARY_PATH=/home/vinayak/ws_moveit2/install/srdfdom/lib:${LD_LIBRARY_PATH} PYTHONPATH=/home/vinayak/ws_moveit2/build/moveit_configs_utils/prefix_override:/usr/lib/python3/dist-packages/colcon_core/task/python/colcon_distutils_commands:/home/vinayak/ws_moveit2/install/moveit_configs_utils/lib/python3.10/site-packages:/home/vinayak/ws_moveit2/install/srdfdom/local/lib/python3.10/dist-packages:/home/vinayak/ws_moveit2/install/launch_param_builder/lib/python3.10/site-packages:${PYTHONPATH} /usr/bin/python3 -W ignore:setup.py install is deprecated -W ignore:easy_install command is deprecated setup.py egg_info --egg-base ../../../build/moveit_configs_utils build --build-base /home/vinayak/ws_moveit2/build/moveit_configs_utils/build install --record /home/vinayak/ws_moveit2/build/moveit_configs_utils/install.log --single-version-externally-managed install_data
